Archive member included to satisfy reference by file (symbol)

build/cooja/mtype916.a(simEnvChange.o)
                              build/cooja/mtype916.o (simDontFallAsleep)
build/cooja/mtype916.a(cooja_mt.o)
                              build/cooja/mtype916.o (cooja_mt_start)
build/cooja/mtype916.a(cooja_mtarch.o)
                              build/cooja/mtype916.a(cooja_mt.o) (cooja_mtarch_start)
build/cooja/mtype916.a(rtimer-arch.o)
                              build/cooja/mtype916.o (rtimer_arch_check)
build/cooja/mtype916.a(beep.o)
                              build/cooja/mtype916.o (beep_interface)
build/cooja/mtype916.a(leds-arch.o)
                              build/cooja/mtype916.o (leds_interface)
build/cooja/mtype916.a(moteid.o)
                              build/cooja/mtype916.o (moteid_interface)
build/cooja/mtype916.a(pir-sensor.o)
                              build/cooja/mtype916.o (pir_interface)
build/cooja/mtype916.a(rs232.o)
                              build/cooja/mtype916.o (rs232_interface)
build/cooja/mtype916.a(vib-sensor.o)
                              build/cooja/mtype916.o (vib_interface)
build/cooja/mtype916.a(clock.o)
                              build/cooja/mtype916.o (clock_interface)
build/cooja/mtype916.a(cooja-log.o)
                              build/cooja/mtype916.o (simlog_interface)
build/cooja/mtype916.a(cfs-cooja.o)
                              build/cooja/mtype916.o (cfs_interface)
build/cooja/mtype916.a(cooja-radio.o)
                              build/cooja/mtype916.o (radio_interface)
build/cooja/mtype916.a(eeprom.o)
                              build/cooja/mtype916.o (eeprom_interface)
build/cooja/mtype916.a(random.o)
                              build/cooja/mtype916.a(moteid.o) (random_init)
build/cooja/mtype916.a(sensors.o)
                              build/cooja/mtype916.a(pir-sensor.o) (sensors_changed)
build/cooja/mtype916.a(leds.o)
                              coap_server_sprinkler.o (leds_toggle)
build/cooja/mtype916.a(gpio-hal-arch.o)
                              build/cooja/mtype916.a(leds-arch.o) (gpio_hal_arch_register_pin_callback)
build/cooja/mtype916.a(buttons.o)
                              build/cooja/mtype916.o (button_interface)
build/cooja/mtype916.a(res-temp.o)
                              coap_server_sprinkler.o (temp_value)
build/cooja/mtype916.a(res-sprinkler.o)
                              coap_server_sprinkler.o (POST_EVENT)
build/cooja/mtype916.a(res-hum.o)
                              coap_server_sprinkler.o (hum_value)
build/cooja/mtype916.a(coap-engine.o)
                              coap_server_sprinkler.o (coap_activate_resource)
build/cooja/mtype916.a(coap-res-well-k)
                              build/cooja/mtype916.a(coap-engine.o) (res_well_known_core)
build/cooja/mtype916.a(coap-observe.o)
                              build/cooja/mtype916.a(coap-engine.o) (coap_remove_observer_by_mid)
build/cooja/mtype916.a(coap-uip.o)
                              build/cooja/mtype916.a(coap-observe.o) (coap_endpoint_copy)
build/cooja/mtype916.a(coap-timer.o)
                              build/cooja/mtype916.a(coap-engine.o) (coap_timer_set)
build/cooja/mtype916.a(coap-transactio)
                              build/cooja/mtype916.a(coap-engine.o) (coap_send_transaction)
build/cooja/mtype916.a(coap.o)
                              build/cooja/mtype916.a(coap-engine.o) (coap_status_code)
build/cooja/mtype916.a(contiki-main.o)
                              build/cooja/mtype916.o (main)
build/cooja/mtype916.a(autostart.o)
                              build/cooja/mtype916.a(contiki-main.o) (autostart_start)
build/cooja/mtype916.a(ctimer.o)
                              build/cooja/mtype916.a(contiki-main.o) (ctimer_init)
build/cooja/mtype916.a(log.o)
                              build/cooja/mtype916.a(contiki-main.o) (curr_log_level_main)
build/cooja/mtype916.a(energest.o)
                              build/cooja/mtype916.a(contiki-main.o) (energest_init)
build/cooja/mtype916.a(etimer.o)
                              build/cooja/mtype916.a(contiki-main.o) (etimer_process)
build/cooja/mtype916.a(node-id.o)
                              build/cooja/mtype916.a(contiki-main.o) (node_id)
build/cooja/mtype916.a(rtimer.o)
                              build/cooja/mtype916.a(contiki-main.o) (rtimer_init)
build/cooja/mtype916.a(process.o)
                              build/cooja/mtype916.a(ctimer.o) (process_current)
build/cooja/mtype916.a(timer.o)
                              build/cooja/mtype916.a(etimer.o) (timer_set)
build/cooja/mtype916.a(list.o)
                              build/cooja/mtype916.a(coap-engine.o) (list_init)
build/cooja/mtype916.a(memb.o)
                              build/cooja/mtype916.a(coap-observe.o) (memb_alloc)
build/cooja/mtype916.a(button-hal.o)
                              build/cooja/mtype916.o (button_hal_init)
build/cooja/mtype916.a(serial-line.o)
[...]
Memory Configuration

Name             Origin             Length             Attributes
*default*        0x0000000000000000 0xffffffffffffffff

Linker script and memory map

LOAD /usr/lib/gcc/i686-linux-gnu/5/../../../i386-linux-gnu/crti.o
LOAD /usr/lib/gcc/i686-linux-gnu/5/crtbeginS.o
LOAD coap_server_sprinkler.o
LOAD build/cooja/mtype916.o
LOAD build/cooja/mtype916.a
LOAD /usr/lib/gcc/i686-linux-gnu/5/libgcc.a
LOAD /usr/lib/gcc/i686-linux-gnu/5/libgcc_s.so
LOAD /usr/lib/gcc/i686-linux-gnu/5/../../../i386-linux-gnu/libc.so
START GROUP
LOAD /lib/i386-linux-gnu/libc.so.6
LOAD /usr/lib/i386-linux-gnu/libc_nonshared.a
LOAD /lib/i386-linux-gnu/ld-linux.so.2
END GROUP
LOAD /usr/lib/gcc/i686-linux-gnu/5/libgcc.a
LOAD /usr/lib/gcc/i686-linux-gnu/5/libgcc_s.so
LOAD /usr/lib/gcc/i686-linux-gnu/5/crtendS.o
LOAD /usr/lib/gcc/i686-linux-gnu/5/../../../i386-linux-gnu/crtn.o
                0x0000000000000114                . = (0x0 + SIZEOF_HEADERS)

.note.gnu.build-id
                0x0000000000000114       0x24
 *(.note.gnu.build-id)
 .note.gnu.build-id
                0x0000000000000114       0x24 /usr/lib/gcc/i686-linux-gnu/5/../../../i386-linux-gnu/crti.o

.hash
 *(.hash)

.gnu.hash       0x0000000000000138     0x15b0
 *(.gnu.hash)
 .gnu.hash      0x0000000000000138     0x15b0 /usr/lib/gcc/i686-linux-gnu/5/../../../i386-linux-gnu/crti.o

.dynsym         0x00000000000016e8     0x2f40
 *(.dynsym)
 .dynsym        0x00000000000016e8     0x2f40 /usr/lib/gcc/i686-linux-gnu/5/../../../i386-linux-gnu/crti.o

.dynstr         0x0000000000004628     0x36ad
 *(.dynstr)
 .dynstr        0x0000000000004628     0x36ad /usr/lib/gcc/i686-linux-gnu/5/../../../i386-linux-gnu/crti.o

.gnu.version    0x0000000000007cd6      0x5e8
 *(.gnu.version)
 .gnu.version   0x0000000000007cd6      0x5e8 /usr/lib/gcc/i686-linux-gnu/5/../../../i386-linux-gnu/crti.o

.gnu.version_d  0x00000000000082c0        0x0
 *(.gnu.version_d)
 .gnu.version_d
                0x00000000000082c0        0x0 /usr/lib/gcc/i686-linux-gnu/5/../../../i386-linux-gnu/crti.o

.gnu.version_r  0x00000000000082c0       0x40
 *(.gnu.version_r)
 .gnu.version_r
                0x00000000000082c0       0x40 /usr/lib/gcc/i686-linux-gnu/5/../../../i386-linux-gnu/crti.o

.rel.dyn        0x0000000000008300     0x95f0
 *(.rel.init)
 .rel.init      0x0000000000008300        0x0 /usr/lib/gcc/i686-linux-gnu/5/../../../i386-linux-gnu/crti.o
 *(.rel.text .rel.text.* .rel.gnu.linkonce.t.*)
 .rel.text      0x0000000000008300     0x8bf8 /usr/lib/gcc/i686-linux-gnu/5/../../../i386-linux-gnu/crti.o
 *(.rel.fini)
 .rel.fini      0x0000000000010ef8        0x0 /usr/lib/gcc/i686-linux-gnu/5/../../../i386-linux-gnu/crti.o
 *(.rel.rodata .rel.rodata.* .rel.gnu.linkonce.r.*)
 .rel.rodata    0x0000000000010ef8      0x588 /usr/lib/gcc/i686-linux-gnu/5/../../../i386-linux-gnu/crti.o
 *(.rel.data.rel.ro .rel.data.rel.ro.* .rel.gnu.linkonce.d.rel.ro.*)
 *(.rel.data .rel.data.* .rel.gnu.linkonce.d.*)
 .rel.data.rel.local
                0x0000000000011480        0x8 /usr/lib/gcc/i686-linux-gnu/5/../../../i386-linux-gnu/crti.o
 .rel.data      0x0000000000011488      0x430 /usr/lib/gcc/i686-linux-gnu/5/../../../i386-linux-gnu/crti.o
 *(.rel.tdata .rel.tdata.* .rel.gnu.linkonce.td.*)
 *(.rel.tbss .rel.tbss.* .rel.gnu.linkonce.tb.*)
 *(.rel.ctors)
 *(.rel.dtors)
 *(.rel.got)
 .rel.got       0x00000000000118b8       0x28 /usr/lib/gcc/i686-linux-gnu/5/../../../i386-linux-gnu/crti.o
 *(.rel.bss .rel.bss.* .rel.gnu.linkonce.b.*)
 *(.rel.ifunc)
 .rel.ifunc     0x00000000000118e0        0x0 /usr/lib/gcc/i686-linux-gnu/5/../../../i386-linux-gnu/crti.o
 .rel.fini_array
                0x00000000000118e0        0x8 /usr/lib/gcc/i686-linux-gnu/5/../../../i386-linux-gnu/crti.o
 .rel.init_array
                0x00000000000118e8        0x8 /usr/lib/gcc/i686-linux-gnu/5/../../../i386-linux-gnu/crti.o

.rel.plt        0x00000000000118f0        0x0
 *(.rel.plt)
 .rel.plt       0x00000000000118f0        0x0 /usr/lib/gcc/i686-linux-gnu/5/../../../i386-linux-gnu/crti.o
 *(.rel.iplt)

.init           0x00000000000118f0       0x23
 *(SORT(.init))
 .init          0x00000000000118f0       0x1e /usr/lib/gcc/i686-linux-gnu/5/../../../i386-linux-gnu/crti.o
                0x00000000000118f0                _init
 .init          0x000000000001190e        0x5 /usr/lib/gcc/i686-linux-gnu/5/../../../i386-linux-gnu/crtn.o

.plt            0x0000000000011920       0x10
 *(.plt)
 .plt           0x0000000000011920       0x10 /usr/lib/gcc/i686-linux-gnu/5/../../../i386-linux-gnu/crti.o
 *(.iplt)

.plt.got        0x0000000000011930       0x10
 *(.plt.got)
 .plt.got       0x0000000000011930       0x10 /usr/lib/gcc/i686-linux-gnu/5/../../../i386-linux-gnu/crti.o

.text           0x0000000000011940    0x18ac2
 *(.text.unlikely .text.*_unlikely .text.unlikely.*)
 .text.unlikely
                0x0000000000011940        0x0 /usr/lib/gcc/i686-linux-gnu/5/crtbeginS.o
 .text.unlikely
                0x0000000000011940        0x0 /usr/lib/gcc/i686-linux-gnu/5/libgcc.a(_udivdi3.o)
 *(.text.exit .text.exit.*)
 *(.text.startup .text.startup.*)
 *(.text.hot .text.hot.*)
 *(.text .stub .text.* .gnu.linkonce.t.*)
 .text          0x0000000000011940        0x0 /usr/lib/gcc/i686-linux-gnu/5/../../../i386-linux-gnu/crti.o
 .gnu.linkonce.t.__x86.get_pc_thunk.bx
                0x0000000000011940        0x4 /usr/lib/gcc/i686-linux-gnu/5/../../../i386-linux-gnu/crti.o
                0x0000000000011940                __x86.get_pc_thunk.bx
 *fill*         0x0000000000011944        0xc 
 .text          0x0000000000011950      0x11c /usr/lib/gcc/i686-linux-gnu/5/crtbeginS.o
 .text.__x86.get_pc_thunk.dx
                0x0000000000011a6c        0x4 /usr/lib/gcc/i686-linux-gnu/5/crtbeginS.o
                0x0000000000011a6c                __x86.get_pc_thunk.dx
 .text          0x0000000000011a70      0x443 coap_server_sprinkler.o
                0x0000000000011a70                client_chunk_handler
 .text          0x0000000000011eb3      0x283 build/cooja/mtype916.o
                0x0000000000011f45                platform_init_stage_one
                0x0000000000011f58                platform_init_stage_two
                0x0000000000011f6b                platform_init_stage_three
                0x0000000000011f7e                platform_main_loop
                0x0000000000011ff1                Java_org_contikios_cooja_corecomm_Lib2_init
                0x0000000000012028                Java_org_contikios_cooja_corecomm_Lib2_getMemory
                0x000000000001205b                Java_org_contikios_cooja_corecomm_Lib2_setMemory
                0x00000000000120bb                Java_org_contikios_cooja_corecomm_Lib2_tick
                0x0000000000012123                Java_org_contikios_cooja_corecomm_Lib2_setReferenceAddress
 .text          0x0000000000012136       0x65 build/cooja/mtype916.a(simEnvChange.o)
                0x0000000000012136                doActionsBeforeTick
                0x0000000000012168                doActionsAfterTick
 .text          0x000000000001219b       0x83 build/cooja/mtype916.a(cooja_mt.o)
                0x000000000001219b                cooja_mt_start
                0x00000000000121c5                cooja_mt_exec
                0x00000000000121fb                cooja_mt_yield
 .text          0x000000000001221e       0xbe build/cooja/mtype916.a(cooja_mtarch.o)
                0x000000000001221e                cooja_mtarch_start
                0x0000000000012291                cooja_sw
                0x00000000000122b4                cooja_mtarch_exec
                0x00000000000122d1                cooja_mtarch_yield
 .text          0x00000000000122dc       0xc5 build/cooja/mtype916.a(rtimer-arch.o)
                0x00000000000122dc                rtimer_arch_init
                0x0000000000012300                rtimer_arch_schedule
                0x0000000000012330                rtimer_arch_next
                0x0000000000012340                rtimer_arch_pending
                0x000000000001234a                rtimer_arch_check
                0x0000000000012391                rtimer_arch_now
 .text          0x00000000000123a1       0x81 build/cooja/mtype916.a(beep.o)
                0x00000000000123a1                beep_alarm
                0x00000000000123ae                beep_beep
                0x00000000000123bb                beep
                0x00000000000123c8                beep_down
                0x00000000000123d5                beep_on
                0x00000000000123e2                beep_off
                0x00000000000123ef                beep_spinup
                0x00000000000123fc                beep_quick
                0x0000000000012409                beep_long
 .text          0x0000000000012422       0x65 build/cooja/mtype916.a(leds-arch.o)
                0x0000000000012435                leds_arch_init
 .text          0x0000000000012487       0x35 build/cooja/mtype916.a(moteid.o)
 .text          0x00000000000124bc       0xb7 build/cooja/mtype916.a(pir-sensor.o)
 .text          0x0000000000012573      0x148 build/cooja/mtype916.a(rs232.o)
                0x0000000000012573                rs232_init
                0x0000000000012579                rs232_set_speed
                0x0000000000012588                rs232_set_input
                0x0000000000012596                rs232_send
                0x00000000000125ba                rs232_print
                0x00000000000125d6                slip_arch_writeb
 .text          0x00000000000126bb       0xb7 build/cooja/mtype916.a(vib-sensor.o)
 .text          0x0000000000012772       0x38 build/cooja/mtype916.a(clock.o)
                0x0000000000012772                clock_init
                0x0000000000012778                clock_time
                0x0000000000012782                clock_seconds
                0x0000000000012798                clock_delay
 .text          0x00000000000127aa      0x219 build/cooja/mtype916.a(cooja-log.o)
                0x00000000000127aa                simlog_char
                0x00000000000127ed                simlog
                0x0000000000012863                log_message
                0x0000000000012894                log_set_putchar_with_slip
                0x00000000000128a2                log_putchar
                0x000000000001291d                log_puts
                0x0000000000012945                log_printf
 .text          0x00000000000129c3      0x2b9 build/cooja/mtype916.a(cfs-cooja.o)
                0x00000000000129c3                cfs_open
                0x0000000000012a2c                cfs_close
                0x0000000000012a39                cfs_read
                0x0000000000012ace                cfs_write
                0x0000000000012baa                cfs_seek
                0x0000000000012c32                cfs_remove
                0x0000000000012c56                cfs_opendir
                0x0000000000012c60                cfs_readdir
                0x0000000000012c6a                cfs_closedir
 .text          0x0000000000012c7c      0x620 build/cooja/mtype916.a(cooja-radio.o)
                0x0000000000012cbe                radio_set_channel
                0x0000000000012ccc                radio_set_txpower
                0x0000000000012ce4                radio_signal_strength_last
                0x0000000000012cee                radio_signal_strength_current
                0x0000000000012cf8                radio_LQI
 .text          0x000000000001329c       0xee build/cooja/mtype916.a(eeprom.o)
                0x000000000001329c                eeprom_init
                0x00000000000132a2                eeprom_read
                0x0000000000013310                eeprom_write
 .text          0x000000000001338a       0x2d build/cooja/mtype916.a(random.o)
                0x000000000001338a                random_init
                0x00000000000133aa                random_rand
 .text          0x00000000000133b7      0x29c build/cooja/mtype916.a(sensors.o)
                0x00000000000133f2                sensors_first
                0x00000000000133fc                sensors_next
                0x0000000000013416                sensors_changed
                0x000000000001344a                sensors_find
 .text          0x0000000000013653      0x349 build/cooja/mtype916.a(leds.o)
                0x0000000000013653                leds_init
                0x000000000001369a                leds_single_on
                0x00000000000136f9                leds_single_off
                0x0000000000013758                leds_single_toggle
                0x000000000001378a                leds_on
                0x000000000001380c                leds_off
                0x000000000001388e                leds_toggle
                0x00000000000138e3                leds_set
                0x000000000001390f                leds_get
 .text          0x000000000001399c      0x343 build/cooja/mtype916.a(gpio-hal-arch.o)
                0x000000000001399c                gpio_hal_arch_register_pin_callback
                0x0000000000013a08                gpio_hal_arch_init
                0x0000000000013a4d                gpio_hal_arch_no_port_interrupt_enable
                0x0000000000013a7d                gpio_hal_arch_no_port_interrupt_disable
                0x0000000000013aad                gpio_hal_arch_no_port_pin_cfg_set
                0x0000000000013ad2                gpio_hal_arch_no_port_pin_cfg_get
                0x0000000000013af8                gpio_hal_arch_no_port_pin_set_input
                0x0000000000013b0a                gpio_hal_arch_no_port_pin_set_output
                0x0000000000013b1c                gpio_hal_arch_no_port_set_pin
                0x0000000000013b3d                gpio_hal_arch_no_port_clear_pin
                0x0000000000013b5e                gpio_hal_arch_no_port_read_pin
                0x0000000000013b84                gpio_hal_arch_no_port_write_pin
                0x0000000000013bae                gpio_hal_arch_no_port_set_pins
                0x0000000000013bf5                gpio_hal_arch_no_port_clear_pins
                0x0000000000013c3c                gpio_hal_arch_no_port_read_pins
                0x0000000000013c7f                gpio_hal_arch_no_port_write_pins
 .text          0x0000000000013cdf       0x89 build/cooja/mtype916.a(buttons.o)
 .text          0x0000000000013d68      0x20d build/cooja/mtype916.a(res-temp.o)
 .text          0x0000000000013f75      0x420 build/cooja/mtype916.a(res-sprinkler.o)
 .text          0x0000000000014395      0x20d build/cooja/mtype916.a(res-hum.o)
 .text          0x00000000000145a2      0xbea build/cooja/mtype916.a(coap-engine.o)
                0x0000000000014637                coap_add_handler
                0x0000000000014654                coap_remove_handler
                0x0000000000014671                coap_call_handlers
                0x0000000000014779                coap_receive
                0x0000000000014d74                coap_engine_init
                0x0000000000014dd2                coap_activate_resource
                0x0000000000014e7d                coap_get_first_resource
                0x0000000000014e96                coap_get_next_resource
 .text          0x000000000001518c      0x2d9 build/cooja/mtype916.a(coap-res-well-k)
 .text          0x0000000000015465      0x96a build/cooja/mtype916.a(coap-observe.o)
                0x000000000001557a                coap_remove_observer
                0x00000000000155aa                coap_remove_observer_by_client
                0x0000000000015612                coap_remove_observer_by_token
                0x00000000000156a5                coap_remove_observer_by_uri
                0x000000000001574c                coap_remove_observer_by_mid
                0x00000000000157c8                coap_notify_observers
                0x00000000000157e1                coap_notify_observers_sub
                0x0000000000015c4b                coap_observe_handler
                0x0000000000015d66                coap_has_observers
 .text          0x0000000000015dcf      0x733 build/cooja/mtype916.a(coap-uip.o)
                0x0000000000015dcf                coap_endpoint_log
                0x0000000000015e55                coap_endpoint_print
                0x0000000000015edb                coap_endpoint_snprint
                0x000000000001600e                coap_endpoint_copy
                0x000000000001604b                coap_endpoint_cmp
                0x0000000000016159                coap_endpoint_parse
                0x0000000000016344                coap_endpoint_is_secure
                0x0000000000016353                coap_endpoint_is_connected
                0x0000000000016387                coap_endpoint_connect
                0x00000000000163a3                coap_endpoint_disconnect
                0x00000000000163a9                coap_databuf
                0x00000000000163b3                coap_transport_init
                0x0000000000016403                coap_sendto
 .text          0x0000000000016502      0x324 build/cooja/mtype916.a(coap-timer.o)
                0x00000000000165ff                coap_timer_stop
                0x000000000001662a                coap_timer_set
                0x000000000001666d                coap_timer_reset
                0x00000000000166b0                coap_timer_time_to_next_expiration
                0x000000000001671c                coap_timer_run
                0x00000000000167e8                coap_timer_init
 .text          0x0000000000016826      0x2c6 build/cooja/mtype916.a(coap-transactio)
                0x000000000001688c                coap_new_transaction
                0x00000000000168f2                coap_send_transaction
                0x0000000000016a53                coap_clear_transaction
                0x0000000000016a9b                coap_get_transaction_by_mid
 .text          0x0000000000016aec     0x1c53 build/cooja/mtype916.a(coap.o)
                0x0000000000017059                coap_init_connection
                0x000000000001706d                coap_get_mid
                0x0000000000017089                coap_init_message
                0x00000000000170d2                coap_serialize_message
                0x0000000000017754                coap_parse_message
                0x0000000000017dbb                coap_get_query_variable
                0x0000000000017dfd                coap_get_post_variable
                0x0000000000017e41                coap_set_status_code
                0x0000000000017e66                coap_set_token
                0x0000000000017ead                coap_get_header_content_format
                0x0000000000017ede                coap_set_header_content_format
                0x0000000000017f01                coap_get_header_accept
                0x0000000000017f32                coap_set_header_accept
                0x0000000000017f55                coap_get_header_max_age
                0x0000000000017f86                coap_set_header_max_age
                0x0000000000017fa6                coap_get_header_etag
                0x0000000000017fd8                coap_set_header_etag
                0x000000000001802f                coap_get_header_if_match
                0x0000000000018061                coap_set_header_if_match
                0x00000000000180b8                coap_get_header_if_none_match
                0x00000000000180d2                coap_set_header_if_none_match
                0x00000000000180e9                coap_get_header_proxy_uri
                0x0000000000018117                coap_set_header_proxy_uri
                0x0000000000018154                coap_get_header_uri_host
                0x0000000000018182                coap_set_header_uri_host
                0x00000000000181bf                coap_get_header_uri_path
                0x00000000000181ed                coap_set_header_uri_path
                0x000000000001823a                coap_get_header_uri_query
                0x000000000001826e                coap_set_header_uri_query
                0x00000000000182c4                coap_get_header_location_path
                0x00000000000182f2                coap_set_header_location_path
                0x000000000001838b                coap_get_header_location_query
                0x00000000000183b9                coap_set_header_location_query
                0x0000000000018406                coap_get_header_observe
                0x0000000000018435                coap_set_header_observe
                0x0000000000018455                coap_get_header_block2
                0x00000000000184c1                coap_set_header_block2
                0x0000000000018538                coap_get_header_block1
                0x00000000000185ad                coap_set_header_block1
                0x0000000000018628                coap_get_header_size2
                0x0000000000018658                coap_set_header_size2
                0x000000000001867b                coap_get_header_size1
                0x00000000000186ab                coap_set_header_size1
                0x00000000000186ce                coap_get_payload
                0x0000000000018708                coap_set_payload
 .text          0x000000000001873f      0x332 build/cooja/mtype916.a(contiki-main.o)
                0x000000000001873f                main
 .text          0x0000000000018a71       0x92 build/cooja/mtype916.a(autostart.o)
                0x0000000000018a71                autostart_start
                0x0000000000018abb                autostart_exit
 .text          0x0000000000018b03      0x355 build/cooja/mtype916.a(ctimer.o)
                0x0000000000018c2b                ctimer_init
                0x0000000000018c5e                ctimer_set
                0x0000000000018c84                ctimer_set_with_process
                0x0000000000018d01                ctimer_reset
                0x0000000000018d55                ctimer_restart
                0x0000000000018da9                ctimer_stop
                0x0000000000018df9                ctimer_expired
 .text          0x0000000000018e58      0x394 build/cooja/mtype916.a(log.o)
                0x0000000000018e58                log_6addr
                0x0000000000018eab                log_6addr_compact_snprint
                0x0000000000018f49                log_6addr_compact
                0x0000000000018f9c                log_lladdr
                0x000000000001900e                log_lladdr_compact
                0x0000000000019076                log_set_level
                0x0000000000019131                log_get_level
                0x00000000000191aa                log_level_to_str
 .text          0x00000000000191ec       0x1b build/cooja/mtype916.a(energest.o)
                0x00000000000191ec                energest_init
                0x00000000000191f2                energest_flush
                0x00000000000191f8                energest_get_total_time
 .text          0x0000000000019207      0x43f build/cooja/mtype916.a(etimer.o)
                0x000000000001942b                etimer_request_poll
                0x00000000000194b4                etimer_set
                0x00000000000194dd                etimer_reset_with_new_interval
                0x000000000001950c                etimer_reset
                0x0000000000019532                etimer_restart
                0x0000000000019558                etimer_adjust
                0x0000000000019575                etimer_expired
                0x0000000000019588                etimer_expiration_time
                0x000000000001959a                etimer_start_time
                0x00000000000195a4                etimer_pending
                0x00000000000195b6                etimer_next_expiration_time
                0x00000000000195d0                etimer_stop
 .text          0x0000000000019646       0x25 build/cooja/mtype916.a(node-id.o)
                0x0000000000019646                node_id_init
 .text          0x000000000001966b       0xeb build/cooja/mtype916.a(rtimer.o)
                0x000000000001966b                rtimer_init
                0x0000000000019679                rtimer_set
                0x00000000000196f4                rtimer_run_next
 .text          0x0000000000019756      0x4fb build/cooja/mtype916.a(process.o)
                0x0000000000019756                process_alloc_event
                0x000000000001976b                process_start
                0x0000000000019945                process_exit
                0x0000000000019962                process_init
                0x0000000000019af7                process_run
                0x0000000000019b2a                process_nevents
                0x0000000000019b45                process_post
                0x0000000000019bd8                process_post_synch
                0x0000000000019c0d                process_poll
                0x0000000000019c3d                process_is_running
 .text          0x0000000000019c51       0xb1 build/cooja/mtype916.a(timer.o)
                0x0000000000019c51                timer_set
                0x0000000000019c6f                timer_reset
                0x0000000000019c9c                timer_restart
                0x0000000000019cb1                timer_expired
                0x0000000000019cde                timer_remaining
 .text          0x0000000000019d02      0x28f build/cooja/mtype916.a(list.o)
                0x0000000000019d02                list_init
                0x0000000000019d11                list_head
                0x0000000000019d1b                list_copy
                0x0000000000019d2b                list_tail
                0x0000000000019d61                list_add
                0x0000000000019dad                list_push
                0x0000000000019dd9                list_chop
                0x0000000000019e43                list_pop
                0x0000000000019e6b                list_remove
                0x0000000000019ed3                list_length
                0x0000000000019f01                list_insert
                0x0000000000019f46                list_item_next
                0x0000000000019f5d                list_contains
 .text          0x0000000000019f91      0x1b5 build/cooja/mtype916.a(memb.o)
                0x0000000000019f91                memb_init
                0x0000000000019fe6                memb_alloc
                0x000000000001a049                memb_free
                0x000000000001a0c0                memb_inmemb
                0x000000000001a0ff                memb_numfree
 .text          0x000000000001a146      0x41c build/cooja/mtype916.a(button-hal.o)
                0x000000000001a2bf                button_hal_get_by_id
                0x000000000001a2fd                button_hal_get_by_index
                0x000000000001a329                button_hal_get_state
                0x000000000001a37b                button_hal_init
 .text          0x000000000001a562      0x1f3 build/cooja/mtype916.a(serial-line.o)
                0x000000000001a562                serial_line_input_byte
                0x000000000001a720                serial_line_init
 .text          0x000000000001a755      0x168 build/cooja/mtype916.a(gpio-hal.o)
                0x000000000001a755                gpio_hal_register_handler
                0x000000000001a772                gpio_hal_event_handler
                0x000000000001a7ce                gpio_hal_init
                0x000000000001a7ed                gpio_hal_arch_port_toggle_pin
                0x000000000001a829                gpio_hal_arch_port_toggle_pins
                0x000000000001a857                gpio_hal_arch_no_port_toggle_pin
                0x000000000001a895                gpio_hal_arch_no_port_toggle_pins
 .text          0x000000000001a8bd      0x2e7 build/cooja/mtype916.a(queuebuf.o)
                0x000000000001a8c7                queuebuf_init
                0x000000000001a8f0                queuebuf_numfree
                0x000000000001a908                queuebuf_new_from_packetbuf
                0x000000000001a9a7                queuebuf_update_attr_from_packetbuf
                0x000000000001a9dc                queuebuf_update_from_packetbuf
                0x000000000001aa2c                queuebuf_free
                0x000000000001aa75                queuebuf_to_packetbuf
                0x000000000001aae1                queuebuf_dataptr
                0x000000000001ab1b                queuebuf_datalen
                0x000000000001ab3e                queuebuf_addr
                0x000000000001ab73                queuebuf_attr
                0x000000000001ab9e                queuebuf_debug_print
 .text          0x000000000001aba4      0x407 build/cooja/mtype916.a(packetbuf.o)
                0x000000000001aba4                packetbuf_clear
                0x000000000001abcf                packetbuf_copyfrom
                0x000000000001ac1e                packetbuf_copyto
                0x000000000001acb1                packetbuf_hdralloc
                0x000000000001ad2d                packetbuf_hdrreduce
                0x000000000001ad73                packetbuf_set_datalen
                0x000000000001ad8d                packetbuf_dataptr
                0x000000000001adaa                packetbuf_hdrptr
                0x000000000001adb4                packetbuf_datalen
                0x000000000001adc0                packetbuf_hdrlen
                0x000000000001add7                packetbuf_totlen
                0x000000000001aded                packetbuf_remaininglen
                0x000000000001ae00                packetbuf_attr_clear
                0x000000000001ae4c                packetbuf_attr_copyto
                0x000000000001aea4                packetbuf_attr_copyfrom
                0x000000000001aefc                packetbuf_set_attr
                0x000000000001af26                packetbuf_attr
                0x000000000001af40                packetbuf_set_addr
                0x000000000001af71                packetbuf_addr
                0x000000000001af8e                packetbuf_holds_broadcast
 .text          0x000000000001afab       0xef build/cooja/mtype916.a(netstack.o)
                0x000000000001afab                netstack_process_ip_callback
                0x000000000001b03c                netstack_ip_packet_processor_add
                0x000000000001b05f                uip_ds6_ip_packet_processor_rm
                0x000000000001b07c                netstack_init
 .text          0x000000000001b09a       0x4f build/cooja/mtype916.a(linkaddr.o)
                0x000000000001b09a                linkaddr_copy
                0x000000000001b0b0                linkaddr_cmp
                0x000000000001b0d3                linkaddr_set_node_addr
 .text          0x000000000001b0e9      0x1f6 build/cooja/mtype916.a(csma.o)
 .text          0x000000000001b2df      0x95d build/cooja/mtype916.a(csma-output.o)
                0x000000000001b976                csma_output_packet
                0x000000000001bc03                csma_output_init
 .text          0x000000000001bc3c      0xc11 build/cooja/mtype916.a(uip-ds6.o)
                0x000000000001bc3c                uip_ds6_default_prefix
                0x000000000001bc46                uip_ds6_set_default_prefix
                0x000000000001bc71                uip_ds6_init
                0x000000000001bed3                uip_ds6_periodic
                0x000000000001bf5a                uip_ds6_list_loop
                0x000000000001c01a                uip_ds6_prefix_add
                0x000000000001c0c6                uip_ds6_prefix_rm
                0x000000000001c0d9                uip_ds6_prefix_lookup
                0x000000000001c118                uip_ds6_is_addr_onlink
                0x000000000001c18b                uip_ds6_addr_add
                0x000000000001c2ab                uip_ds6_addr_rm
                0x000000000001c354                uip_ds6_addr_lookup
                0x000000000001c38d                uip_ds6_get_link_local
                0x000000000001c40e                uip_ds6_get_global
                0x000000000001c48f                uip_ds6_maddr_add
                0x000000000001c4ef                uip_ds6_maddr_rm
                0x000000000001c502                uip_ds6_maddr_lookup
                0x000000000001c53b                uip_ds6_aaddr_add
                0x000000000001c59b                uip_ds6_aaddr_rm
                0x000000000001c5ae                uip_ds6_aaddr_lookup
                0x000000000001c5e7                uip_ds6_select_src
                0x000000000001c730                uip_ds6_set_addr_iid
                0x000000000001c75b                uip_ds6_set_lladdr_from_iid
                0x000000000001c784                get_match_length
                0x000000000001c815                uip_ds6_compute_reachable_time
 .text          0x000000000001c84d      0x128 build/cooja/mtype916.a(uip-udp-packet.)
                0x000000000001c84d                uip_udp_packet_send
                0x000000000001c8a8                uip_udp_packet_sendto
 .text          0x000000000001c975      0x35b build/cooja/mtype916.a(uip-ds6-route.o)
                0x000000000001c9c6                uip_ds6_route_init
                0x000000000001c9f0                uip_ds6_route_nexthop
                0x000000000001c9fa                uip_ds6_route_head
                0x000000000001ca04                uip_ds6_route_next
                0x000000000001ca0e                uip_ds6_route_is_nexthop
                0x000000000001ca18                uip_ds6_route_num_routes
                0x000000000001ca22                uip_ds6_route_lookup
                0x000000000001ca2c                uip_ds6_route_add
                0x000000000001ca3f                uip_ds6_route_rm
                0x000000000001ca45                uip_ds6_route_rm_by_nexthop
                0x000000000001ca4b                uip_ds6_defrt_head
                0x000000000001ca64                uip_ds6_defrt_add
                0x000000000001cb12                uip_ds6_defrt_rm
                0x000000000001cb78                uip_ds6_defrt_lookup
                0x000000000001cbdf                uip_ds6_defrt_choose
                0x000000000001cc55                uip_ds6_defrt_periodic
 .text          0x000000000001ccd0      0x6f7 build/cooja/mtype916.a(tcpip.o)
                0x000000000001ccea                tcpip_output
                0x000000000001cd69                udp_attach
                0x000000000001cd81                udp_new
                0x000000000001cdcb                udp_broadcast_new
                0x000000000001cf3d                tcpip_input
                0x000000000001d0cd                tcpip_ipv6_output
                0x000000000001d2c1                tcpip_poll_udp
                0x000000000001d2df                tcpip_uipcall
 .text          0x000000000001d3c7     0x1205 build/cooja/mtype916.a(uip6.o)
                0x000000000001d476                uip_chksum
                0x000000000001d54d                uip_icmp6chksum
                0x000000000001d562                uip_udpchksum
                0x000000000001d577                uip_init
                0x000000000001d5c0                uip_remove_ext_hdr
                0x000000000001d69a                uip_udp_new
                0x000000000001d9ae                uip_process
                0x000000000001e4a6                uip_htons
                0x000000000001e4c8                uip_htonl
                0x000000000001e506                uip_send
 .text          0x000000000001e5cc      0x369 build/cooja/mtype916.a(uip-ds6-nbr.o)
                0x000000000001e5cc                uip_ds6_neighbors_init
                0x000000000001e5f0                uip_ds6_nbr_add
                0x000000000001e676                uip_ds6_nbr_rm
                0x000000000001e6c1                uip_ds6_nbr_update_ll
                0x000000000001e7af                uip_ds6_nbr_get_ipaddr
                0x000000000001e7c4                uip_ds6_nbr_get_ll
                0x000000000001e7e0                uip_ds6_nbr_num
                0x000000000001e829                uip_ds6_nbr_head
                0x000000000001e842                uip_ds6_nbr_next
                0x000000000001e85e                uip_ds6_nbr_lookup
                0x000000000001e8b6                uip_ds6_nbr_ll_lookup
                0x000000000001e8d2                uip_ds6_nbr_ipaddr_from_lladdr
                0x000000000001e8fb                uip_ds6_nbr_lladdr_from_ipaddr
                0x000000000001e92f                uip_ds6_link_callback
 .text          0x000000000001e935      0x6a7 build/cooja/mtype916.a(uip-nd6.o)
                0x000000000001efc3                uip_nd6_init
 .text          0x000000000001efdc     0x2c17 build/cooja/mtype916.a(sicslowpan.o)
                0x000000000001f5e3                netstack_sniffer_add
                0x000000000001f5f1                netstack_sniffer_remove
                0x0000000000021bc7                sicslowpan_init
                0x0000000000021be9                sicslowpan_get_last_rssi
 .text          0x0000000000021bf3      0x4d1 build/cooja/mtype916.a(uiplib.o)
                0x0000000000021bf3                uiplib_ip6addrconv
                0x0000000000021dab                uiplib_ip4addrconv
                0x0000000000021e6e                uiplib_ipaddr_print
                0x0000000000021ec1                uiplib_ipaddr_snprint
 .text          0x00000000000220c4      0x4c9 build/cooja/mtype916.a(rpl.o)
                0x00000000000220c4                rpl_lollipop_greater_than
                0x000000000002211e                rpl_get_global_address
                0x0000000000022216                rpl_link_callback
                0x000000000002225a                rpl_has_joined
                0x000000000002227f                rpl_is_reachable
                0x0000000000022300                rpl_reset_prefix
                0x000000000002236a                rpl_set_prefix_from_addr
                0x000000000002244f                rpl_set_prefix
                0x0000000000022569                rpl_set_leaf_only
                0x0000000000022581                rpl_get_leaf_only
 .text          0x000000000002258d     0x138c build/cooja/mtype916.a(rpl-icmp6.o)
                0x00000000000226b2                rpl_icmp6_update_nbr_table
                0x000000000002273b                rpl_icmp6_dis_output
                0x0000000000022d81                rpl_icmp6_dio_output
                0x000000000002357f                rpl_icmp6_dao_output
                0x0000000000023860                rpl_icmp6_dao_ack_output
                0x00000000000238d0                rpl_icmp6_init
 .text          0x0000000000023919      0x264 build/cooja/mtype916.a(rpl-dag-root.o)
                0x0000000000023919                rpl_dag_root_print_links
                0x0000000000023a45                rpl_dag_root_set_prefix
                0x0000000000023a71                rpl_dag_root_start
                0x0000000000023b4e                rpl_dag_root_is_root
 .text          0x0000000000023b7d       0x30 build/cooja/mtype916.a(watchdog.o)
                0x0000000000023b7d                watchdog_init
                0x0000000000023b83                watchdog_start
                0x0000000000023b89                watchdog_periodic
                0x0000000000023ba1                watchdog_stop
                0x0000000000023ba7                watchdog_reboot
 .text          0x0000000000023bad       0x4a build/cooja/mtype916.a(int-master.o)
                0x0000000000023bad                int_master_enable
                0x0000000000023bbd                int_master_read_and_disable
                0x0000000000023bda                int_master_status_set
                0x0000000000023be8                int_master_is_enabled
 .text          0x0000000000023bf7      0x226 build/cooja/mtype916.a(coap-timer-defa)
 .text          0x0000000000023e1d       0xc7 build/cooja/mtype916.a(stimer.o)
                0x0000000000023e1d                stimer_set
                0x0000000000023e3b                stimer_reset
                0x0000000000023e68                stimer_restart
                0x0000000000023e7d                stimer_expired
                0x0000000000023ea8                stimer_remaining
                0x0000000000023ecc                stimer_elapsed
 .text          0x0000000000023ee4      0x156 build/cooja/mtype916.a(ringbuf.o)
                0x0000000000023ee4                ringbuf_init
                0x0000000000023f16                ringbuf_put
                0x0000000000023f94                ringbuf_get
                0x0000000000024001                ringbuf_size
                0x0000000000024013                ringbuf_elements
 .text          0x000000000002403a       0x1f build/cooja/mtype916.a(assert.o)
                0x000000000002403a                _xassert
 .text          0x0000000000024059      0x79b build/cooja/mtype916.a(nbr-table.o)
                0x00000000000244d2                nbr_table_register
                0x000000000002453f                nbr_table_is_registered
                0x000000000002457a                nbr_table_head
                0x00000000000245d5                nbr_table_next
                0x0000000000024636                nbr_table_add_lladdr
                0x0000000000024710                nbr_table_get_from_lladdr
                0x000000000002475c                nbr_table_remove
                0x0000000000024794                nbr_table_lock
                0x00000000000247ae                nbr_table_unlock
                0x00000000000247c8                nbr_table_get_lladdr
 .text          0x00000000000247f4      0x3a5 build/cooja/mtype916.a(link-stats.o)
                0x00000000000247f4                link_stats_from_lladdr
                0x0000000000024810                link_stats_get_lladdr
                0x000000000002482c                link_stats_is_fresh
                0x0000000000024868                guess_etx_from_rssi
                0x00000000000248e4                link_stats_packet_sent
                0x0000000000024a04                link_stats_input_callback
                0x0000000000024b14                link_stats_reset
                0x0000000000024b64                link_stats_init
 .text          0x0000000000024b99      0x187 build/cooja/mtype916.a(mac-sequence.o)
                0x0000000000024b99                mac_sequence_is_duplicate
                0x0000000000024c39                mac_sequence_register_seqno
 .text          0x0000000000024d20       0x23 build/cooja/mtype916.a(mac.o)
                0x0000000000024d20                mac_call_sent_callback
 .text          0x0000000000024d43      0x432 build/cooja/mtype916.a(framer-802154.o)
                0x0000000000024ed2                framer_802154_setup_params
 .text          0x0000000000025175      0xb6f build/cooja/mtype916.a(frame802154.o)
                0x00000000000251a6                frame802154_get_pan_id
                0x00000000000251b2                frame802154_set_pan_id
                0x00000000000251cc                frame802154_has_panid
                0x000000000002537b                frame802154_check_dest_panid
                0x0000000000025403                frame802154_is_broadcast_addr
                0x0000000000025450                frame802154_extract_linkaddr
                0x00000000000256b5                frame802154_hdrlen
                0x0000000000025728                frame802154_create_fcf
                0x00000000000257e0                frame802154_create
                0x0000000000025955                frame802154_parse_fcf
                0x0000000000025a37                frame802154_parse
 .text          0x0000000000025ce4       0x2d build/cooja/mtype916.a(csma-security.o)
                0x0000000000025ce4                csma_security_create_frame
                0x0000000000025d02                csma_security_parse_frame
 .text          0x0000000000025d11      0x4e4 build/cooja/mtype916.a(uipbuf.o)
                0x0000000000025d11                uipbuf_clear
                0x0000000000025d38                uipbuf_add_ext_hdr
                0x0000000000025db8                uipbuf_set_len
                0x0000000000025de5                uipbuf_set_len_field
                0x0000000000025e11                uipbuf_get_len_field
                0x0000000000025e31                uipbuf_get_next_header
                0x0000000000025f63                uipbuf_get_last_header
                0x0000000000025fdc                uipbuf_search_header
                0x0000000000026092                uipbuf_get_attr
                0x00000000000260b9                uipbuf_set_attr
                0x00000000000260f0                uipbuf_set_default_attr
                0x0000000000026127                uipbuf_clear_attr
                0x000000000002614b                uipbuf_set_attr_flag
                0x000000000002616c                uipbuf_clr_attr_flag
                0x0000000000026193                uipbuf_is_attr_flag
                0x00000000000261b7                uipbuf_init
 .text          0x00000000000261f5      0x73f build/cooja/mtype916.a(uip-icmp6.o)
                0x000000000002626a                uip_icmp6_input
                0x00000000000262c1                uip_icmp6_register_input_handler
                0x0000000000026414                uip_icmp6_error_output
                0x00000000000266c5                uip_icmp6_send
                0x00000000000268bc                uip_icmp6_echo_reply_callback_add
                0x00000000000268ee                uip_icmp6_echo_reply_callback_rm
                0x000000000002690b                uip_icmp6_init
 .text          0x0000000000026934      0x69b build/cooja/mtype916.a(uip-sr.o)
                0x0000000000026934                uip_sr_num_nodes
                0x00000000000269c2                uip_sr_get_node
                0x0000000000026a19                uip_sr_is_addr_reachable
                0x0000000000026ac7                uip_sr_expire_parent
                0x0000000000026b10                uip_sr_update_node
                0x0000000000026c40                uip_sr_init
                0x0000000000026c74                uip_sr_node_head
                0x0000000000026c8d                uip_sr_node_next
                0x0000000000026ca3                uip_sr_periodic
                0x0000000000026da9                uip_sr_free_all
                0x0000000000026e19                uip_sr_link_snprint
 .text          0x0000000000026fcf      0x146 build/cooja/mtype916.a(uip-packetqueue)
                0x0000000000026ffd                uip_packetqueue_new
                0x000000000002700c                uip_packetqueue_alloc
                0x0000000000027067                uip_packetqueue_free
                0x00000000000270ae                uip_packetqueue_buf
                0x00000000000270cb                uip_packetqueue_buflen
                0x00000000000270ec                uip_packetqueue_set_buflen
 .text          0x0000000000027115      0x1b0 build/cooja/mtype916.a(rpl-nbr-policy.)
                0x0000000000027282                rpl_nbr_policy_find_removable
 .text          0x00000000000272c5      0x915 build/cooja/mtype916.a(rpl-neighbor.o)
                0x0000000000027341                rpl_neighbor_snprint
                0x00000000000275f4                rpl_neighbor_print_list
                0x00000000000276a9                rpl_neighbor_count
                0x0000000000027750                rpl_neighbor_get_from_lladdr
                0x000000000002776c                rpl_neighbor_is_acceptable_parent
                0x00000000000277a0                rpl_neighbor_get_link_metric
                0x00000000000277d4                rpl_neighbor_rank_via_nbr
                0x0000000000027808                rpl_neighbor_get_lladdr
                0x0000000000027824                rpl_neighbor_get_ipaddr
                0x000000000002784b                rpl_neighbor_get_link_stats
                0x0000000000027872                rpl_neighbor_is_fresh
                0x0000000000027899                rpl_neighbor_is_reachable
                0x00000000000278e4                rpl_neighbor_is_parent
                0x000000000002790e                rpl_neighbor_set_preferred_parent
                0x00000000000279a5                rpl_neighbor_remove_all
                0x0000000000027a01                rpl_neighbor_get_from_ipaddr
                0x0000000000027b0f                rpl_neighbor_select_best
                0x0000000000027bbb                rpl_neighbor_init
 .text          0x0000000000027bda      0xe69 build/cooja/mtype916.a(rpl-dag.o)
                0x0000000000027bda                rpl_dag_state_to_str
                0x0000000000027c19                rpl_dag_get_root_ipaddr
                0x0000000000027c61                rpl_dag_leave
                0x0000000000027cea                rpl_dag_poison_and_leave
                0x0000000000027d02                rpl_dag_periodic
                0x0000000000027d8a                rpl_is_addr_in_our_dag
                0x0000000000027dce                rpl_get_default_instance
                0x0000000000027dea                rpl_get_any_dag
                0x0000000000027e43                rpl_refresh_routes
                0x0000000000027e83                rpl_global_repair
                0x0000000000027f1c                rpl_local_repair
                0x0000000000027f66                rpl_dag_ready_to_advertise
                0x0000000000027fa9                rpl_dag_update_state
                0x00000000000286d6                rpl_process_dio
                0x0000000000028754                rpl_process_dis
                0x0000000000028799                rpl_process_dao
                0x0000000000028828                rpl_process_dao_ack
                0x00000000000288bf                rpl_process_hbh
                0x000000000002890f                rpl_dag_init_root
                0x0000000000028a23                rpl_dag_init
 .text          0x0000000000028a43      0x9e7 build/cooja/mtype916.a(rpl-timers.o)
                0x0000000000028a43                rpl_timers_schedule_periodic_dis
                0x0000000000028b91                rpl_timers_dio_reset
                0x0000000000028c9f                rpl_timers_schedule_unicast_dio
                0x0000000000028df3                rpl_timers_schedule_dao
                0x0000000000028eb2                rpl_timers_schedule_dao_ack
                0x0000000000028f38                rpl_timers_notify_dao_ack
                0x0000000000028f96                get_probing_delay
                0x0000000000028fca                get_probing_target
                0x00000000000291b4                rpl_schedule_probing
                0x00000000000291e2                rpl_schedule_probing_now
                0x000000000002924c                rpl_timers_unschedule_leaving
                0x0000000000029284                rpl_timers_schedule_leaving
                0x00000000000292c5                rpl_timers_init
                0x0000000000029355                rpl_timers_stop_dag_timers
                0x00000000000293ce                rpl_timers_unschedule_state_update
                0x00000000000293f2                rpl_timers_schedule_state_update
 .text          0x000000000002942a      0xb8e build/cooja/mtype916.a(rpl-ext-header.)
                0x000000000002942a                rpl_ext_header_srh_get_next_hop
                0x0000000000029511                rpl_ext_header_srh_update
                0x0000000000029a7d                rpl_ext_header_hbh_update
                0x0000000000029d7d                rpl_ext_header_update
                0x0000000000029e06                rpl_ext_header_remove
 .text          0x0000000000029fb8      0x31b build/cooja/mtype916.a(rpl-mrhof.o)
 *fill*         0x000000000002a2d3        0xd 
 .text          0x000000000002a2e0      0x122 /usr/lib/gcc/i686-linux-gnu/5/libgcc.a(_udivdi3.o)
                0x000000000002a2e0                __udivdi3
 .text          0x000000000002a402        0x0 /usr/lib/gcc/i686-linux-gnu/5/crtendS.o
 .text          0x000000000002a402        0x0 /usr/lib/gcc/i686-linux-gnu/5/../../../i386-linux-gnu/crtn.o
 *(.gnu.warning)

.fini           0x000000000002a404       0x14
 *(SORT(.fini))
 .fini          0x000000000002a404        0xf /usr/lib/gcc/i686-linux-gnu/5/../../../i386-linux-gnu/crti.o
                0x000000000002a404                _fini
 .fini          0x000000000002a413        0x5 /usr/lib/gcc/i686-linux-gnu/5/../../../i386-linux-gnu/crtn.o
                [!provide]                        PROVIDE (__etext, .)
                [!provide]                        PROVIDE (_etext, .)
                [!provide]                        PROVIDE (etext, .)

.rodata         0x000000000002a420      0xd6b
 *(.rodata .rodata.* .gnu.linkonce.r.*)
 .rodata        0x000000000002a420       0xed coap_server_sprinkler.o
                0x000000000002a438                autostart_processes
 *fill*         0x000000000002a50d        0x3 
 .rodata        0x000000000002a510        0x8 build/cooja/mtype916.a(beep.o)
                0x000000000002a510                beep_interface
 .rodata        0x000000000002a518        0xe build/cooja/mtype916.a(leds-arch.o)
                0x000000000002a518                leds_interface
                0x000000000002a520                leds_arch_leds
 *fill*         0x000000000002a526        0x2 
 .rodata        0x000000000002a528        0x8 build/cooja/mtype916.a(moteid.o)
                0x000000000002a528                moteid_interface
 .rodata        0x000000000002a530       0x1c build/cooja/mtype916.a(pir-sensor.o)
                0x000000000002a530                pir_interface
                0x000000000002a53c                pir_sensor
 .rodata        0x000000000002a54c        0xe build/cooja/mtype916.a(rs232.o)
                0x000000000002a54c                rs232_interface
 *fill*         0x000000000002a55a        0x2 
 .rodata        0x000000000002a55c       0x24 build/cooja/mtype916.a(vib-sensor.o)
                0x000000000002a55c                vib_interface
                0x000000000002a570                vib_sensor
 .rodata        0x000000000002a580        0x8 build/cooja/mtype916.a(clock.o)
                0x000000000002a580                clock_interface
 .rodata        0x000000000002a588        0x8 build/cooja/mtype916.a(cooja-log.o)
                0x000000000002a588                simlog_interface
 .rodata        0x000000000002a590       0x2f build/cooja/mtype916.a(cfs-cooja.o)
                0x000000000002a590                cfs_interface
 *fill*         0x000000000002a5bf        0x1 
 .rodata        0x000000000002a5c0       0xb8 build/cooja/mtype916.a(cooja-radio.o)
                0x000000000002a5c0                radio_interface
                0x000000000002a640                cooja_radio_driver
 .rodata        0x000000000002a678        0x8 build/cooja/mtype916.a(eeprom.o)
                0x000000000002a678                eeprom_interface
 .rodata        0x000000000002a680        0x8 build/cooja/mtype916.a(sensors.o)
 .rodata        0x000000000002a688       0x2c build/cooja/mtype916.a(buttons.o)
                0x000000000002a688                button_interface
                0x000000000002a69c                button_hal_button_count
                0x000000000002a6a4                button_sensor
 .rodata        0x000000000002a6b4       0xe4 build/cooja/mtype916.a(res-temp.o)
 .rodata        0x000000000002a798      0x154 build/cooja/mtype916.a(res-sprinkler.o)
 .rodata        0x000000000002a8ec       0xe4 build/cooja/mtype916.a(res-hum.o)
 .rodata        0x000000000002a9d0       0x41 build/cooja/mtype916.a(coap-engine.o)
 .rodata        0x000000000002aa11       0x19 build/cooja/mtype916.a(coap-res-well-k)
 .rodata        0x000000000002aa2a       0x11 build/cooja/mtype916.a(coap-observe.o)
 .rodata        0x000000000002aa3b       0x35 build/cooja/mtype916.a(coap-uip.o)
 .rodata        0x000000000002aa70      0x1ac build/cooja/mtype916.a(coap.o)
 .rodata        0x000000000002ac1c       0xf8 build/cooja/mtype916.a(contiki-main.o)
 .rodata        0x000000000002ad14        0xf build/cooja/mtype916.a(ctimer.o)
 *fill*         0x000000000002ad23        0x1 
 .rodata        0x000000000002ad24       0xc4 build/cooja/mtype916.a(log.o)
 .rodata        0x000000000002ade8        0xc build/cooja/mtype916.a(etimer.o)
 .rodata        0x000000000002adf4       0x13 build/cooja/mtype916.a(button-hal.o)
 .rodata        0x000000000002ae07        0xe build/cooja/mtype916.a(serial-line.o)
 *fill*         0x000000000002ae15        0x3 
 .rodata        0x000000000002ae18        0x8 build/cooja/mtype916.a(linkaddr.o)
                0x000000000002ae18                linkaddr_null
 .rodata        0x000000000002ae20       0x24 build/cooja/mtype916.a(csma.o)
                0x000000000002ae28                csma_driver
 .rodata        0x000000000002ae44       0x32 build/cooja/mtype916.a(csma-output.o)
 *fill*         0x000000000002ae76        0x2 
 .rodata        0x000000000002ae78       0x4d build/cooja/mtype916.a(uip-ds6-route.o)
 .rodata        0x000000000002aec5        0xd build/cooja/mtype916.a(tcpip.o)
 *fill*         0x000000000002aed2        0x2 
 .rodata        0x000000000002aed4       0x30 build/cooja/mtype916.a(sicslowpan.o)
                0x000000000002aed4                unc_llconf
                0x000000000002aed8                unc_ctxconf
                0x000000000002aedc                unc_mxconf
                0x000000000002aee0                llprefix
                0x000000000002aef4                sicslowpan_driver
 .rodata        0x000000000002af04       0x2d build/cooja/mtype916.a(uiplib.o)
 *fill*         0x000000000002af31        0xf 
 .rodata        0x000000000002af40       0x74 build/cooja/mtype916.a(rpl.o)
                0x000000000002af60                rpl_lite_driver
 .rodata        0x000000000002afb4       0x20 build/cooja/mtype916.a(coap-timer-defa)
                0x000000000002afc8                coap_timer_default_driver
 .rodata        0x000000000002afd4       0x25 build/cooja/mtype916.a(assert.o)
 *fill*         0x000000000002aff9        0x3 
 .rodata        0x000000000002affc        0xc build/cooja/mtype916.a(framer-802154.o)
                0x000000000002affc                framer_802154
 .rodata        0x000000000002b008       0x44 build/cooja/mtype916.a(uip-sr.o)
 .rodata        0x000000000002b04c       0x58 build/cooja/mtype916.a(rpl-neighbor.o)
 .rodata        0x000000000002b0a4       0xdb build/cooja/mtype916.a(rpl-dag.o)
 .rodata        0x000000000002b17f        0xc build/cooja/mtype916.a(rpl-timers.o)

.rodata1
 *(.rodata1)

.eh_frame_hdr   0x000000000002b18c     0x19ec
 *(.eh_frame_hdr)
 .eh_frame_hdr  0x000000000002b18c     0x19ec coap_server_sprinkler.o
                0x000000000002b18c                __GNU_EH_FRAME_HDR
 *(.eh_frame_entry .eh_frame_entry.*)

.eh_frame       0x000000000002cb78     0x6928
 *(.eh_frame)
 .eh_frame      0x000000000002cb78       0x3c /usr/lib/gcc/i686-linux-gnu/5/../../../i386-linux-gnu/crti.o
                                         0x40 (size before relaxing)
 .eh_frame      0x000000000002cbb4       0x44 coap_server_sprinkler.o
                                         0x5c (size before relaxing)
 .eh_frame      0x000000000002cbf8      0x178 build/cooja/mtype916.o
                                        0x190 (size before relaxing)
 .eh_frame      0x000000000002cd70       0x40 build/cooja/mtype916.a(simEnvChange.o)
                                         0x58 (size before relaxing)
 .eh_frame      0x000000000002cdb0       0x60 build/cooja/mtype916.a(cooja_mt.o)
                                         0x78 (size before relaxing)
 .eh_frame      0x000000000002ce10       0x80 build/cooja/mtype916.a(cooja_mtarch.o)
                                         0x98 (size before relaxing)
 .eh_frame      0x000000000002ce90       0xc8 build/cooja/mtype916.a(rtimer-arch.o)
                                         0xe0 (size before relaxing)
 .eh_frame      0x000000000002cf58      0x160 build/cooja/mtype916.a(beep.o)
                                        0x178 (size before relaxing)
 .eh_frame      0x000000000002d0b8       0x80 build/cooja/mtype916.a(leds-arch.o)
                                         0x98 (size before relaxing)
 .eh_frame      0x000000000002d138       0x40 build/cooja/mtype916.a(moteid.o)
                                         0x58 (size before relaxing)
 .eh_frame      0x000000000002d178       0xa0 build/cooja/mtype916.a(pir-sensor.o)
                                         0xb8 (size before relaxing)
 .eh_frame      0x000000000002d218      0x100 build/cooja/mtype916.a(rs232.o)
                                        0x118 (size before relaxing)
 .eh_frame      0x000000000002d318       0xa0 build/cooja/mtype916.a(vib-sensor.o)
                                         0xb8 (size before relaxing)
 .eh_frame      0x000000000002d3b8       0xc0 build/cooja/mtype916.a(clock.o)
                                         0xd8 (size before relaxing)
 .eh_frame      0x000000000002d478      0x120 build/cooja/mtype916.a(cooja-log.o)
                                        0x138 (size before relaxing)
 .eh_frame      0x000000000002d598      0x160 build/cooja/mtype916.a(cfs-cooja.o)
                                        0x178 (size before relaxing)
 .eh_frame      0x000000000002d6f8      0x340 build/cooja/mtype916.a(cooja-radio.o)
                                        0x358 (size before relaxing)
 .eh_frame      0x000000000002da38       0xa0 build/cooja/mtype916.a(eeprom.o)
                                         0xb8 (size before relaxing)
 .eh_frame      0x000000000002dad8       0x40 build/cooja/mtype916.a(random.o)
                                         0x58 (size before relaxing)
 .eh_frame      0x000000000002db18       0xc0 build/cooja/mtype916.a(sensors.o)
                                         0xd8 (size before relaxing)
 .eh_frame      0x000000000002dbd8      0x120 build/cooja/mtype916.a(leds.o)
                                        0x138 (size before relaxing)
 .eh_frame      0x000000000002dcf8      0x220 build/cooja/mtype916.a(gpio-hal-arch.o)
                                        0x238 (size before relaxing)
 .eh_frame      0x000000000002df18       0xa0 build/cooja/mtype916.a(buttons.o)
                                         0xb8 (size before relaxing)
 .eh_frame      0x000000000002dfb8       0x40 build/cooja/mtype916.a(res-temp.o)
                                         0x58 (size before relaxing)
 .eh_frame      0x000000000002dff8       0x60 build/cooja/mtype916.a(res-sprinkler.o)
                                         0x78 (size before relaxing)
 .eh_frame      0x000000000002e058       0x40 build/cooja/mtype916.a(res-hum.o)
                                         0x58 (size before relaxing)
 .eh_frame      0x000000000002e098      0x220 build/cooja/mtype916.a(coap-engine.o)
                                        0x238 (size before relaxing)
 .eh_frame      0x000000000002e2b8       0x24 build/cooja/mtype916.a(coap-res-well-k)
                                         0x3c (size before relaxing)
 .eh_frame      0x000000000002e2dc      0x188 build/cooja/mtype916.a(coap-observe.o)
                                        0x1a0 (size before relaxing)
 .eh_frame      0x000000000002e464      0x250 build/cooja/mtype916.a(coap-uip.o)
                                        0x268 (size before relaxing)
 .eh_frame      0x000000000002e6b4      0x114 build/cooja/mtype916.a(coap-timer.o)
                                        0x12c (size before relaxing)
 .eh_frame      0x000000000002e7c8      0x100 build/cooja/mtype916.a(coap-transactio)
                                        0x118 (size before relaxing)
 .eh_frame      0x000000000002e8c8      0x6ec build/cooja/mtype916.a(coap.o)
                                        0x704 (size before relaxing)
 .eh_frame      0x000000000002efb4       0x30 build/cooja/mtype916.a(contiki-main.o)
                                         0x48 (size before relaxing)
 .eh_frame      0x000000000002efe4       0x40 build/cooja/mtype916.a(autostart.o)
                                         0x58 (size before relaxing)
 .eh_frame      0x000000000002f024      0x100 build/cooja/mtype916.a(ctimer.o)
                                        0x118 (size before relaxing)
 .eh_frame      0x000000000002f124      0x100 build/cooja/mtype916.a(log.o)
                                        0x118 (size before relaxing)
 .eh_frame      0x000000000002f224       0x60 build/cooja/mtype916.a(energest.o)
                                         0x78 (size before relaxing)
 .eh_frame      0x000000000002f284      0x1e0 build/cooja/mtype916.a(etimer.o)
                                        0x1f8 (size before relaxing)
 .eh_frame      0x000000000002f464       0x20 build/cooja/mtype916.a(node-id.o)
                                         0x38 (size before relaxing)
 .eh_frame      0x000000000002f484       0x60 build/cooja/mtype916.a(rtimer.o)
                                         0x78 (size before relaxing)
 .eh_frame      0x000000000002f4e4      0x1c4 build/cooja/mtype916.a(process.o)
                                        0x1dc (size before relaxing)
 .eh_frame      0x000000000002f6a8       0xa4 build/cooja/mtype916.a(timer.o)
                                         0xbc (size before relaxing)
 .eh_frame      0x000000000002f74c      0x1a0 build/cooja/mtype916.a(list.o)
                                        0x1b8 (size before relaxing)
 .eh_frame      0x000000000002f8ec       0xa0 build/cooja/mtype916.a(memb.o)
                                         0xb8 (size before relaxing)
 .eh_frame      0x000000000002f98c      0x144 build/cooja/mtype916.a(button-hal.o)
                                        0x15c (size before relaxing)
 .eh_frame      0x000000000002fad0       0x60 build/cooja/mtype916.a(serial-line.o)
                                         0x78 (size before relaxing)
 .eh_frame      0x000000000002fb30       0xe0 build/cooja/mtype916.a(gpio-hal.o)
                                         0xf8 (size before relaxing)
 .eh_frame      0x000000000002fc10      0x1a0 build/cooja/mtype916.a(queuebuf.o)
                                        0x1b8 (size before relaxing)
 .eh_frame      0x000000000002fdb0      0x28c build/cooja/mtype916.a(packetbuf.o)
                                        0x2a4 (size before relaxing)
 .eh_frame      0x000000000003003c       0x80 build/cooja/mtype916.a(netstack.o)
                                         0x98 (size before relaxing)
 .eh_frame      0x00000000000300bc       0x60 build/cooja/mtype916.a(linkaddr.o)
                                         0x78 (size before relaxing)
 .eh_frame      0x000000000003011c       0xe0 build/cooja/mtype916.a(csma.o)
                                         0xf8 (size before relaxing)
 .eh_frame      0x00000000000301fc      0x1d0 build/cooja/mtype916.a(csma-output.o)
                                        0x1e8 (size before relaxing)
 .eh_frame      0x00000000000303cc      0x328 build/cooja/mtype916.a(uip-ds6.o)
                                        0x340 (size before relaxing)
 .eh_frame      0x00000000000306f4       0x40 build/cooja/mtype916.a(uip-udp-packet.)
                                         0x58 (size before relaxing)
 .eh_frame      0x0000000000030734      0x220 build/cooja/mtype916.a(uip-ds6-route.o)
                                        0x238 (size before relaxing)
 .eh_frame      0x0000000000030954      0x244 build/cooja/mtype916.a(tcpip.o)
                                        0x25c (size before relaxing)
 .eh_frame      0x0000000000030b98      0x1e8 build/cooja/mtype916.a(uip6.o)
                                        0x200 (size before relaxing)
 .eh_frame      0x0000000000030d80      0x1c0 build/cooja/mtype916.a(uip-ds6-nbr.o)
                                        0x1d8 (size before relaxing)
 .eh_frame      0x0000000000030f40       0x84 build/cooja/mtype916.a(uip-nd6.o)
                                         0x9c (size before relaxing)
 .eh_frame      0x0000000000030fc4      0x2f8 build/cooja/mtype916.a(sicslowpan.o)
                                        0x310 (size before relaxing)
 .eh_frame      0x00000000000312bc       0x88 build/cooja/mtype916.a(uiplib.o)
                                         0xa0 (size before relaxing)
 .eh_frame      0x0000000000031344      0x1e0 build/cooja/mtype916.a(rpl.o)
                                        0x1f8 (size before relaxing)
 .eh_frame      0x0000000000031524      0x1c4 build/cooja/mtype916.a(rpl-icmp6.o)
                                        0x1dc (size before relaxing)
 .eh_frame      0x00000000000316e8       0xa0 build/cooja/mtype916.a(rpl-dag-root.o)
                                         0xb8 (size before relaxing)
 .eh_frame      0x0000000000031788       0xa0 build/cooja/mtype916.a(watchdog.o)
                                         0xb8 (size before relaxing)
 .eh_frame      0x0000000000031828       0x80 build/cooja/mtype916.a(int-master.o)
                                         0x98 (size before relaxing)
 .eh_frame      0x00000000000318a8       0xa4 build/cooja/mtype916.a(coap-timer-defa)
                                         0xbc (size before relaxing)
 .eh_frame      0x000000000003194c       0xc4 build/cooja/mtype916.a(stimer.o)
                                         0xdc (size before relaxing)
 .eh_frame      0x0000000000031a10       0xa0 build/cooja/mtype916.a(ringbuf.o)
                                         0xb8 (size before relaxing)
 .eh_frame      0x0000000000031ab0       0x20 build/cooja/mtype916.a(assert.o)
                                         0x38 (size before relaxing)
 .eh_frame      0x0000000000031ad0      0x2ac build/cooja/mtype916.a(nbr-table.o)
                                        0x2c4 (size before relaxing)
 .eh_frame      0x0000000000031d7c      0x120 build/cooja/mtype916.a(link-stats.o)
                                        0x138 (size before relaxing)
 .eh_frame      0x0000000000031e9c       0x48 build/cooja/mtype916.a(mac-sequence.o)
                                         0x60 (size before relaxing)
 .eh_frame      0x0000000000031ee4       0x20 build/cooja/mtype916.a(mac.o)
                                         0x38 (size before relaxing)
 .eh_frame      0x0000000000031f04       0xa4 build/cooja/mtype916.a(framer-802154.o)
                                         0xbc (size before relaxing)
 .eh_frame      0x0000000000031fa8      0x1a4 build/cooja/mtype916.a(frame802154.o)
                                        0x1bc (size before relaxing)
 .eh_frame      0x000000000003214c       0x40 build/cooja/mtype916.a(csma-security.o)
                                         0x58 (size before relaxing)
 .eh_frame      0x000000000003218c      0x200 build/cooja/mtype916.a(uipbuf.o)
                                        0x218 (size before relaxing)
 .eh_frame      0x000000000003238c      0x150 build/cooja/mtype916.a(uip-icmp6.o)
                                        0x168 (size before relaxing)
 .eh_frame      0x00000000000324dc      0x184 build/cooja/mtype916.a(uip-sr.o)
                                        0x19c (size before relaxing)
 .eh_frame      0x0000000000032660       0xe0 build/cooja/mtype916.a(uip-packetqueue)
                                         0xf8 (size before relaxing)
 .eh_frame      0x0000000000032740       0x80 build/cooja/mtype916.a(rpl-nbr-policy.)
                                         0x98 (size before relaxing)
 .eh_frame      0x00000000000327c0      0x2d4 build/cooja/mtype916.a(rpl-neighbor.o)
                                        0x2ec (size before relaxing)
 .eh_frame      0x0000000000032a94      0x370 build/cooja/mtype916.a(rpl-dag.o)
                                        0x388 (size before relaxing)
 .eh_frame      0x0000000000032e04      0x3a8 build/cooja/mtype916.a(rpl-timers.o)
                                        0x3c0 (size before relaxing)
 .eh_frame      0x00000000000331ac      0x124 build/cooja/mtype916.a(rpl-ext-header.)
                                        0x13c (size before relaxing)
 .eh_frame      0x00000000000332d0      0x148 build/cooja/mtype916.a(rpl-mrhof.o)
                                        0x160 (size before relaxing)
 .eh_frame      0x0000000000033418       0x84 /usr/lib/gcc/i686-linux-gnu/5/libgcc.a(_udivdi3.o)
                                         0x9c (size before relaxing)
 .eh_frame      0x000000000003349c        0x4 /usr/lib/gcc/i686-linux-gnu/5/crtendS.o
 *(.eh_frame.*)

.gcc_except_table
 *(.gcc_except_table .gcc_except_table.*)

.gnu_extab
 *(.gnu_extab*)

.exception_ranges
 *(.exception_ranges .exception_ranges*)
                0x0000000000034f10                . = DATA_SEGMENT_ALIGN (0x1000, 0x1000)

.eh_frame
 *(.eh_frame)
 *(.eh_frame.*)

.gnu_extab
 *(.gnu_extab)

.gcc_except_table
 *(.gcc_except_table .gcc_except_table.*)

.exception_ranges
 *(.exception_ranges .exception_ranges*)

.tdata
 *(.tdata .tdata.* .gnu.linkonce.td.*)

.tbss
 *(.tbss .tbss.* .gnu.linkonce.tb.*)
 *(.tcommon)

.preinit_array
 *(.preinit_array)

.init_array     0x0000000000034f10        0x4
 *(SORT(.init_array.*) SORT(.ctors.*))
 *(.init_array EXCLUDE_FILE(*crtend?.o *crtend.o *crtbegin?.o *crtbegin.o) .ctors)
 .init_array    0x0000000000034f10        0x4 /usr/lib/gcc/i686-linux-gnu/5/crtbeginS.o

.fini_array     0x0000000000034f14        0x4
 *(SORT(.fini_array.*) SORT(.dtors.*))
 *(.fini_array EXCLUDE_FILE(*crtend?.o *crtend.o *crtbegin?.o *crtbegin.o) .dtors)
 .fini_array    0x0000000000034f14        0x4 /usr/lib/gcc/i686-linux-gnu/5/crtbeginS.o

.ctors
 *crtbegin.o(.ctors)
 *crtbegin?.o(.ctors)
 *(EXCLUDE_FILE(*crtend?.o *crtend.o) .ctors)
 *(SORT(.ctors.*))
 *(.ctors)

.dtors
 *crtbegin.o(.dtors)
 *crtbegin?.o(.dtors)
 *(EXCLUDE_FILE(*crtend?.o *crtend.o) .dtors)
 *(SORT(.dtors.*))
 *(.dtors)

.jcr            0x0000000000034f18        0x4
 *(.jcr)
 .jcr           0x0000000000034f18        0x0 /usr/lib/gcc/i686-linux-gnu/5/crtbeginS.o
 .jcr           0x0000000000034f18        0x4 /usr/lib/gcc/i686-linux-gnu/5/crtendS.o

.data.rel.ro
 *(.data.rel.ro.local* .gnu.linkonce.d.rel.ro.local.*)
 *(.data.rel.ro .data.rel.ro.* .gnu.linkonce.d.rel.ro.*)

.dynamic        0x0000000000034f1c       0xd0
 *(.dynamic)
 .dynamic       0x0000000000034f1c       0xd0 /usr/lib/gcc/i686-linux-gnu/5/../../../i386-linux-gnu/crti.o
                0x0000000000034f1c                _DYNAMIC

.got            0x0000000000034fec       0x14
 *(.got)
 .got           0x0000000000034fec       0x14 /usr/lib/gcc/i686-linux-gnu/5/../../../i386-linux-gnu/crti.o
 *(.igot)
                0x0000000000035ff4                . = DATA_SEGMENT_RELRO_END (., (SIZEOF (.got.plt) >= 0xc)?0xc:0x0)

.got.plt        0x0000000000035000        0xc
 *(.got.plt)
 .got.plt       0x0000000000035000        0xc /usr/lib/gcc/i686-linux-gnu/5/../../../i386-linux-gnu/crti.o
                0x0000000000035000                _GLOBAL_OFFSET_TABLE_
 *(.igot.plt)

.data           0x0000000000035020      0x524
 *(.data .data.* .gnu.linkonce.d.*)
 .data          0x0000000000035020        0x0 /usr/lib/gcc/i686-linux-gnu/5/../../../i386-linux-gnu/crti.o
 .data          0x0000000000035020        0x0 /usr/lib/gcc/i686-linux-gnu/5/crtbeginS.o
 .data.rel.local
                0x0000000000035020        0x4 /usr/lib/gcc/i686-linux-gnu/5/crtbeginS.o
                0x0000000000035020                __dso_handle
 .data          0x0000000000035024       0x1c coap_server_sprinkler.o
                0x0000000000035024                service_registration
                0x0000000000035030                sprinkler_node
 .data          0x0000000000035040       0x44 build/cooja/mtype916.o
                0x0000000000035040                simInterfaces
                0x0000000000035074                sensors
 .data          0x0000000000035084        0x0 build/cooja/mtype916.a(simEnvChange.o)
 .data          0x0000000000035084        0x0 build/cooja/mtype916.a(cooja_mt.o)
 .data          0x0000000000035084        0x0 build/cooja/mtype916.a(cooja_mtarch.o)
 .data          0x0000000000035084        0x0 build/cooja/mtype916.a(rtimer-arch.o)
 .data          0x0000000000035084        0x0 build/cooja/mtype916.a(beep.o)
 .data          0x0000000000035084        0x0 build/cooja/mtype916.a(leds-arch.o)
 .data          0x0000000000035084        0x0 build/cooja/mtype916.a(moteid.o)
 .data          0x0000000000035084        0x0 build/cooja/mtype916.a(pir-sensor.o)
 .data          0x0000000000035084        0x0 build/cooja/mtype916.a(rs232.o)
 .data          0x0000000000035084        0x0 build/cooja/mtype916.a(vib-sensor.o)
 .data          0x0000000000035084        0x0 build/cooja/mtype916.a(clock.o)
 .data          0x0000000000035084        0x0 build/cooja/mtype916.a(cooja-log.o)
 .data          0x0000000000035084        0x0 build/cooja/mtype916.a(cfs-cooja.o)
 .data          0x0000000000035084       0x2c build/cooja/mtype916.a(cooja-radio.o)
                0x0000000000035084                simRadioHWOn
                0x0000000000035088                simSignalStrength
                0x000000000003508c                simLastSignalStrength
                0x0000000000035090                simPower
                0x0000000000035094                simRadioChannel
                0x0000000000035098                simLQI
                0x00000000000350a0                cooja_radio_process
 .data          0x00000000000350b0        0x0 build/cooja/mtype916.a(eeprom.o)
 .data          0x00000000000350b0        0x0 build/cooja/mtype916.a(random.o)
 .data          0x00000000000350b0       0x10 build/cooja/mtype916.a(sensors.o)
                0x00000000000350b0                sensors_process
 .data          0x00000000000350c0        0x0 build/cooja/mtype916.a(leds.o)
 .data          0x00000000000350c0        0x0 build/cooja/mtype916.a(gpio-hal-arch.o)
 .data          0x00000000000350c0       0x78 build/cooja/mtype916.a(buttons.o)
                0x00000000000350c0                simButtonIsActive
                0x0000000000035130                button_hal_buttons
 *fill*         0x0000000000035138        0x8 
 .data          0x0000000000035140       0x44 build/cooja/mtype916.a(res-temp.o)
                0x0000000000035140                temp_value
                0x0000000000035160                res_temp
 *fill*         0x0000000000035184       0x1c 
 .data          0x00000000000351a0       0x44 build/cooja/mtype916.a(res-sprinkler.o)
                0x00000000000351a0                is_on
                0x00000000000351c0                res_spri
 *fill*         0x00000000000351e4       0x1c 
 .data          0x0000000000035200       0x44 build/cooja/mtype916.a(res-hum.o)
                0x0000000000035200                hum_value
                0x0000000000035220                res_hum
 .data          0x0000000000035244        0x8 build/cooja/mtype916.a(coap-engine.o)
 *fill*         0x000000000003524c       0x14 
 .data          0x0000000000035260       0x24 build/cooja/mtype916.a(coap-res-well-k)
                0x0000000000035260                res_well_known_core
 .data          0x0000000000035284       0x10 build/cooja/mtype916.a(coap-observe.o)
 .data          0x0000000000035294       0x10 build/cooja/mtype916.a(coap-uip.o)
                0x0000000000035294                coap_engine
 .data          0x00000000000352a4        0x4 build/cooja/mtype916.a(coap-timer.o)
 .data          0x00000000000352a8       0x10 build/cooja/mtype916.a(coap-transactio)
 .data          0x00000000000352b8        0x4 build/cooja/mtype916.a(coap.o)
                0x00000000000352b8                coap_error_message
 .data          0x00000000000352bc        0x0 build/cooja/mtype916.a(contiki-main.o)
 .data          0x00000000000352bc        0x0 build/cooja/mtype916.a(autostart.o)
 .data          0x00000000000352bc       0x14 build/cooja/mtype916.a(ctimer.o)
                0x00000000000352c0                ctimer_process
 *fill*         0x00000000000352d0       0x10 
 .data          0x00000000000352e0       0xbc build/cooja/mtype916.a(log.o)
                0x00000000000352e0                curr_log_level_main
                0x0000000000035300                all_modules
 .data          0x000000000003539c        0x0 build/cooja/mtype916.a(energest.o)
 .data          0x000000000003539c       0x10 build/cooja/mtype916.a(etimer.o)
                0x000000000003539c                etimer_process
 .data          0x00000000000353ac        0x0 build/cooja/mtype916.a(node-id.o)
 .data          0x00000000000353ac        0x0 build/cooja/mtype916.a(rtimer.o)
 .data          0x00000000000353ac        0x0 build/cooja/mtype916.a(process.o)
 .data          0x00000000000353ac        0x0 build/cooja/mtype916.a(timer.o)
 .data          0x00000000000353ac        0x0 build/cooja/mtype916.a(list.o)
 .data          0x00000000000353ac        0x0 build/cooja/mtype916.a(memb.o)
 .data          0x00000000000353ac       0x10 build/cooja/mtype916.a(button-hal.o)
                0x00000000000353ac                button_hal_process
 .data          0x00000000000353bc       0x10 build/cooja/mtype916.a(serial-line.o)
                0x00000000000353bc                serial_line_process
 .data          0x00000000000353cc        0x4 build/cooja/mtype916.a(gpio-hal.o)
 .data          0x00000000000353d0       0x18 build/cooja/mtype916.a(queuebuf.o)
 .data          0x00000000000353e8        0x4 build/cooja/mtype916.a(packetbuf.o)
 .data          0x00000000000353ec        0x4 build/cooja/mtype916.a(netstack.o)
 .data          0x00000000000353f0        0x0 build/cooja/mtype916.a(linkaddr.o)
 .data          0x00000000000353f0        0x0 build/cooja/mtype916.a(csma.o)
 .data          0x00000000000353f0       0x28 build/cooja/mtype916.a(csma-output.o)
 .data          0x0000000000035418        0x0 build/cooja/mtype916.a(uip-ds6.o)
 .data          0x0000000000035418        0x0 build/cooja/mtype916.a(uip-udp-packet.)
 .data          0x0000000000035418       0x10 build/cooja/mtype916.a(uip-ds6-route.o)
 .data          0x0000000000035428       0x10 build/cooja/mtype916.a(tcpip.o)
                0x0000000000035428                tcpip_process
 .data          0x0000000000035438        0x0 build/cooja/mtype916.a(uip6.o)
 .data          0x0000000000035438       0x14 build/cooja/mtype916.a(uip-ds6-nbr.o)
 .data          0x000000000003544c        0xc build/cooja/mtype916.a(uip-nd6.o)
 .data          0x0000000000035458        0x0 build/cooja/mtype916.a(sicslowpan.o)
 .data          0x0000000000035458        0x0 build/cooja/mtype916.a(uiplib.o)
 .data          0x0000000000035458        0x0 build/cooja/mtype916.a(rpl.o)
 .data          0x0000000000035458       0x30 build/cooja/mtype916.a(rpl-icmp6.o)
 .data          0x0000000000035488        0x0 build/cooja/mtype916.a(rpl-dag-root.o)
 .data          0x0000000000035488        0x0 build/cooja/mtype916.a(watchdog.o)
 .data          0x0000000000035488        0x0 build/cooja/mtype916.a(int-master.o)
 .data          0x0000000000035488       0x10 build/cooja/mtype916.a(coap-timer-defa)
                0x0000000000035488                coap_timer_process
 .data          0x0000000000035498        0x0 build/cooja/mtype916.a(stimer.o)
 .data          0x0000000000035498        0x0 build/cooja/mtype916.a(ringbuf.o)
 .data          0x0000000000035498        0x0 build/cooja/mtype916.a(assert.o)
 .data          0x0000000000035498       0x10 build/cooja/mtype916.a(nbr-table.o)
 .data          0x00000000000354a8       0x14 build/cooja/mtype916.a(link-stats.o)
 .data          0x00000000000354bc        0x0 build/cooja/mtype916.a(mac-sequence.o)
 .data          0x00000000000354bc        0x0 build/cooja/mtype916.a(mac.o)
 .data          0x00000000000354bc        0x0 build/cooja/mtype916.a(framer-802154.o)
 .data          0x00000000000354bc        0x2 build/cooja/mtype916.a(frame802154.o)
 .data          0x00000000000354be        0x0 build/cooja/mtype916.a(csma-security.o)
 .data          0x00000000000354be        0x0 build/cooja/mtype916.a(uipbuf.o)
 *fill*         0x00000000000354be        0x2 
 .data          0x00000000000354c0       0x20 build/cooja/mtype916.a(uip-icmp6.o)
 .data          0x00000000000354e0       0x10 build/cooja/mtype916.a(uip-sr.o)
 .data          0x00000000000354f0        0xc build/cooja/mtype916.a(uip-packetqueue)
 .data          0x00000000000354fc        0x0 build/cooja/mtype916.a(rpl-nbr-policy.)
 .data          0x00000000000354fc       0x14 build/cooja/mtype916.a(rpl-neighbor.o)
                0x000000000003550c                rpl_neighbors
 .data          0x0000000000035510        0x0 build/cooja/mtype916.a(rpl-dag.o)
 .data          0x0000000000035510        0x0 build/cooja/mtype916.a(rpl-timers.o)
 .data          0x0000000000035510        0x0 build/cooja/mtype916.a(rpl-ext-header.)
 *fill*         0x0000000000035510       0x10 
 .data          0x0000000000035520       0x24 build/cooja/mtype916.a(rpl-mrhof.o)
                0x0000000000035520                rpl_mrhof
 .data          0x0000000000035544        0x0 /usr/lib/gcc/i686-linux-gnu/5/libgcc.a(_udivdi3.o)
 .data          0x0000000000035544        0x0 /usr/lib/gcc/i686-linux-gnu/5/crtendS.o
 .data          0x0000000000035544        0x0 /usr/lib/gcc/i686-linux-gnu/5/../../../i386-linux-gnu/crtn.o

.tm_clone_table
                0x0000000000035544        0x0
 .tm_clone_table
                0x0000000000035544        0x0 /usr/lib/gcc/i686-linux-gnu/5/crtbeginS.o
 .tm_clone_table
                0x0000000000035544        0x0 /usr/lib/gcc/i686-linux-gnu/5/crtendS.o

.data1
 *(.data1)
                0x0000000000035544                _edata = .
                [!provide]                        PROVIDE (edata, .)
                0x0000000000035544                . = .
                0x0000000000035544                __bss_start = .

.bss            0x0000000000035560    0x13f44
 *(.dynbss)
 .dynbss        0x0000000000035560        0x0 /usr/lib/gcc/i686-linux-gnu/5/../../../i386-linux-gnu/crti.o
 *(.bss .bss.* .gnu.linkonce.b.*)
 .bss           0x0000000000035560        0x0 /usr/lib/gcc/i686-linux-gnu/5/../../../i386-linux-gnu/crti.o
 .bss           0x0000000000035560        0x1 /usr/lib/gcc/i686-linux-gnu/5/crtbeginS.o
 *fill*         0x0000000000035561       0x1f 
 .bss           0x0000000000035580       0xf0 coap_server_sprinkler.o
                0x0000000000035580                registered
 *fill*         0x0000000000035670       0x10 
 .bss           0x0000000000035680     0x2030 build/cooja/mtype916.o
 .bss           0x00000000000376b0        0x1 build/cooja/mtype916.a(simEnvChange.o)
                0x00000000000376b0                simDontFallAsleep
 *fill*         0x00000000000376b1        0x3 
 .bss           0x00000000000376b4        0x4 build/cooja/mtype916.a(cooja_mt.o)
 .bss           0x00000000000376b8        0x4 build/cooja/mtype916.a(cooja_mtarch.o)
 .bss           0x00000000000376bc        0x0 build/cooja/mtype916.a(rtimer-arch.o)
 .bss           0x00000000000376bc        0x0 build/cooja/mtype916.a(beep.o)
 .bss           0x00000000000376bc        0x1 build/cooja/mtype916.a(leds-arch.o)
                0x00000000000376bc                simLedsValue
 .bss           0x00000000000376bd        0x0 build/cooja/mtype916.a(moteid.o)
 .bss           0x00000000000376bd        0x1 build/cooja/mtype916.a(pir-sensor.o)
                0x00000000000376bd                simPirValue
 *fill*         0x00000000000376be        0x2 
 .bss           0x00000000000376c0        0x4 build/cooja/mtype916.a(rs232.o)
 .bss           0x00000000000376c4        0x1 build/cooja/mtype916.a(vib-sensor.o)
                0x00000000000376c4                simVibValue
 .bss           0x00000000000376c5        0x0 build/cooja/mtype916.a(clock.o)
 *fill*         0x00000000000376c5       0x1b 
 .bss           0x00000000000376e0     0x2020 build/cooja/mtype916.a(cooja-log.o)
 .bss           0x0000000000039700      0xfc0 build/cooja/mtype916.a(cfs-cooja.o)
                0x0000000000039700                simCFSData
                0x000000000003a6a0                simCFSSize
                0x000000000003a6a4                simCFSChanged
                0x000000000003a6a8                simCFSRead
                0x000000000003a6ac                simCFSWritten
 .bss           0x000000000003a6c0       0x24 build/cooja/mtype916.a(cooja-radio.o)
                0x000000000003a6c0                simReceiving
                0x000000000003a6c4                simInSize
                0x000000000003a6c8                simLastPacketTimestamp
                0x000000000003a6d0                simOutSize
 .bss           0x000000000003a6e4        0xc build/cooja/mtype916.a(eeprom.o)
                0x000000000003a6e4                simEEPROMChanged
                0x000000000003a6e8                simEEPROMRead
                0x000000000003a6ec                simEEPROMWritten
 .bss           0x000000000003a6f0        0x0 build/cooja/mtype916.a(random.o)
 .bss           0x000000000003a6f0        0xc build/cooja/mtype916.a(sensors.o)
 .bss           0x000000000003a6fc        0x0 build/cooja/mtype916.a(leds.o)
 .bss           0x000000000003a6fc       0x24 build/cooja/mtype916.a(gpio-hal-arch.o)
 .bss           0x000000000003a720        0x0 build/cooja/mtype916.a(buttons.o)
 .bss           0x000000000003a720        0x1 build/cooja/mtype916.a(res-temp.o)
                0x000000000003a720                ideal_temp
 *fill*         0x000000000003a721        0x3 
 .bss           0x000000000003a724        0x4 build/cooja/mtype916.a(res-sprinkler.o)
                0x000000000003a724                success
 .bss           0x000000000003a728        0x1 build/cooja/mtype916.a(res-hum.o)
                0x000000000003a728                ideal_hum
 *fill*         0x000000000003a729       0x17 
 .bss           0x000000000003a740      0x190 build/cooja/mtype916.a(coap-engine.o)
 .bss           0x000000000003a8d0        0x0 build/cooja/mtype916.a(coap-res-well-k)
 *fill*         0x000000000003a8d0       0x10 
 .bss           0x000000000003a8e0      0x120 build/cooja/mtype916.a(coap-observe.o)
 .bss           0x000000000003aa00       0x18 build/cooja/mtype916.a(coap-uip.o)
 .bss           0x000000000003aa18        0x5 build/cooja/mtype916.a(coap-timer.o)
 *fill*         0x000000000003aa1d        0x3 
 .bss           0x000000000003aa20      0x334 build/cooja/mtype916.a(coap-transactio)
 .bss           0x000000000003ad54        0x6 build/cooja/mtype916.a(coap.o)
                0x000000000003ad54                coap_status_code
 .bss           0x000000000003ad5a        0x0 build/cooja/mtype916.a(contiki-main.o)
 .bss           0x000000000003ad5a        0x0 build/cooja/mtype916.a(autostart.o)
 *fill*         0x000000000003ad5a        0x2 
 .bss           0x000000000003ad5c        0x5 build/cooja/mtype916.a(ctimer.o)
 *fill*         0x000000000003ad61        0x3 
 .bss           0x000000000003ad64       0x2c build/cooja/mtype916.a(log.o)
                0x000000000003ad64                curr_log_level_rpl
                0x000000000003ad68                curr_log_level_tcpip
                0x000000000003ad6c                curr_log_level_ipv6
                0x000000000003ad70                curr_log_level_6lowpan
                0x000000000003ad74                curr_log_level_nullnet
                0x000000000003ad78                curr_log_level_mac
                0x000000000003ad7c                curr_log_level_framer
                0x000000000003ad80                curr_log_level_6top
                0x000000000003ad84                curr_log_level_coap
                0x000000000003ad88                curr_log_level_snmp
                0x000000000003ad8c                curr_log_level_lwm2m
 .bss           0x000000000003ad90        0x0 build/cooja/mtype916.a(energest.o)
 .bss           0x000000000003ad90        0x8 build/cooja/mtype916.a(etimer.o)
 .bss           0x000000000003ad98        0x2 build/cooja/mtype916.a(node-id.o)
                0x000000000003ad98                node_id
 *fill*         0x000000000003ad9a        0x2 
 .bss           0x000000000003ad9c        0x4 build/cooja/mtype916.a(rtimer.o)
 .bss           0x000000000003ada0      0x1a1 build/cooja/mtype916.a(process.o)
                0x000000000003ada0                process_list
                0x000000000003ada4                process_current
 .bss           0x000000000003af41        0x0 build/cooja/mtype916.a(timer.o)
 .bss           0x000000000003af41        0x0 build/cooja/mtype916.a(list.o)
 .bss           0x000000000003af41        0x0 build/cooja/mtype916.a(memb.o)
 *fill*         0x000000000003af41        0x3 
 .bss           0x000000000003af44       0x10 build/cooja/mtype916.a(button-hal.o)
 *fill*         0x000000000003af54        0xc 
 .bss           0x000000000003af60      0x140 build/cooja/mtype916.a(serial-line.o)
 .bss           0x000000000003b0a0        0x4 build/cooja/mtype916.a(gpio-hal.o)
 *fill*         0x000000000003b0a4       0x1c 
 .bss           0x000000000003b0c0     0x2c80 build/cooja/mtype916.a(queuebuf.o)
 .bss           0x000000000003dd40       0xa0 build/cooja/mtype916.a(packetbuf.o)
 .bss           0x000000000003dde0        0x4 build/cooja/mtype916.a(netstack.o)
 .bss           0x000000000003dde4        0x0 build/cooja/mtype916.a(linkaddr.o)
 .bss           0x000000000003dde4        0x0 build/cooja/mtype916.a(csma.o)
 *fill*         0x000000000003dde4       0x1c 
 .bss           0x000000000003de00      0x726 build/cooja/mtype916.a(csma-output.o)
 *fill*         0x000000000003e526        0x2 
 .bss           0x000000000003e528       0x30 build/cooja/mtype916.a(uip-ds6.o)
 .bss           0x000000000003e558        0x0 build/cooja/mtype916.a(uip-udp-packet.)
 *fill*         0x000000000003e558        0x8 
 .bss           0x000000000003e560       0x60 build/cooja/mtype916.a(uip-ds6-route.o)