Archive member included to satisfy reference by file (symbol)

build/cooja/mtype325.a(simEnvChange.o)
                              build/cooja/mtype325.o (simDontFallAsleep)
build/cooja/mtype325.a(cooja_mt.o)
                              build/cooja/mtype325.o (cooja_mt_start)
build/cooja/mtype325.a(cooja_mtarch.o)
                              build/cooja/mtype325.a(cooja_mt.o) (cooja_mtarch_start)
build/cooja/mtype325.a(rtimer-arch.o)
                              build/cooja/mtype325.o (rtimer_arch_check)
build/cooja/mtype325.a(beep.o)
                              build/cooja/mtype325.o (beep_interface)
build/cooja/mtype325.a(leds-arch.o)
                              build/cooja/mtype325.o (leds_interface)
build/cooja/mtype325.a(moteid.o)
                              build/cooja/mtype325.o (moteid_interface)
build/cooja/mtype325.a(pir-sensor.o)
                              build/cooja/mtype325.o (pir_interface)
build/cooja/mtype325.a(rs232.o)
                              build/cooja/mtype325.o (rs232_interface)
build/cooja/mtype325.a(vib-sensor.o)
                              build/cooja/mtype325.o (vib_interface)
build/cooja/mtype325.a(clock.o)
                              build/cooja/mtype325.o (clock_interface)
build/cooja/mtype325.a(cooja-log.o)
                              build/cooja/mtype325.o (simlog_interface)
build/cooja/mtype325.a(cfs-cooja.o)
                              build/cooja/mtype325.o (cfs_interface)
build/cooja/mtype325.a(cooja-radio.o)
                              build/cooja/mtype325.o (radio_interface)
build/cooja/mtype325.a(eeprom.o)
                              build/cooja/mtype325.o (eeprom_interface)
build/cooja/mtype325.a(random.o)
                              build/cooja/mtype325.a(moteid.o) (random_init)
build/cooja/mtype325.a(sensors.o)
                              build/cooja/mtype325.a(pir-sensor.o) (sensors_changed)
build/cooja/mtype325.a(leds.o)
                              coap_server_sprinkler.o (leds_set)
build/cooja/mtype325.a(gpio-hal-arch.o)
                              build/cooja/mtype325.a(leds-arch.o) (gpio_hal_arch_register_pin_callback)
build/cooja/mtype325.a(buttons.o)
                              build/cooja/mtype325.o (button_interface)
build/cooja/mtype325.a(res-temp.o)
                              coap_server_sprinkler.o (temp_value)
build/cooja/mtype325.a(res-sprinkler.o)
                              coap_server_sprinkler.o (is_on)
build/cooja/mtype325.a(res-hum.o)
                              coap_server_sprinkler.o (hum_value)
build/cooja/mtype325.a(coap-blocking-a)
                              coap_server_sprinkler.o (coap_blocking_request)
build/cooja/mtype325.a(coap-engine.o)
                              coap_server_sprinkler.o (coap_activate_resource)
build/cooja/mtype325.a(coap-res-well-k)
                              build/cooja/mtype325.a(coap-engine.o) (res_well_known_core)
build/cooja/mtype325.a(coap-observe.o)
                              build/cooja/mtype325.a(coap-engine.o) (coap_remove_observer_by_mid)
build/cooja/mtype325.a(coap-uip.o)
                              build/cooja/mtype325.a(coap-observe.o) (coap_endpoint_copy)
build/cooja/mtype325.a(coap-timer.o)
                              build/cooja/mtype325.a(coap-engine.o) (coap_timer_set)
build/cooja/mtype325.a(coap-transactio)
                              build/cooja/mtype325.a(coap-blocking-a) (coap_send_transaction)
build/cooja/mtype325.a(coap.o)
                              build/cooja/mtype325.a(coap-engine.o) (coap_status_code)
build/cooja/mtype325.a(contiki-main.o)
                              build/cooja/mtype325.o (main)
build/cooja/mtype325.a(autostart.o)
                              build/cooja/mtype325.a(contiki-main.o) (autostart_start)
build/cooja/mtype325.a(ctimer.o)
                              build/cooja/mtype325.a(contiki-main.o) (ctimer_init)
build/cooja/mtype325.a(log.o)
                              build/cooja/mtype325.a(contiki-main.o) (curr_log_level_main)
build/cooja/mtype325.a(energest.o)
                              build/cooja/mtype325.a(contiki-main.o) (energest_init)
build/cooja/mtype325.a(etimer.o)
                              build/cooja/mtype325.a(contiki-main.o) (etimer_process)
build/cooja/mtype325.a(node-id.o)
                              build/cooja/mtype325.a(contiki-main.o) (node_id)
build/cooja/mtype325.a(rtimer.o)
                              build/cooja/mtype325.a(contiki-main.o) (rtimer_init)
build/cooja/mtype325.a(process.o)
                              build/cooja/mtype325.a(coap-blocking-a) (process_current)
build/cooja/mtype325.a(timer.o)
                              build/cooja/mtype325.a(etimer.o) (timer_set)
build/cooja/mtype325.a(list.o)
                              build/cooja/mtype325.a(coap-engine.o) (list_init)
build/cooja/mtype325.a(memb.o)
                              build/cooja/mtype325.a(coap-observe.o) (memb_alloc)
build/cooja/mtype325.a(button-hal.o)
[...]
Memory Configuration

Name             Origin             Length             Attributes
*default*        0x0000000000000000 0xffffffffffffffff

Linker script and memory map

LOAD /usr/lib/gcc/i686-linux-gnu/5/../../../i386-linux-gnu/crti.o
LOAD /usr/lib/gcc/i686-linux-gnu/5/crtbeginS.o
LOAD coap_server_sprinkler.o
LOAD build/cooja/mtype325.o
LOAD build/cooja/mtype325.a
LOAD /usr/lib/gcc/i686-linux-gnu/5/libgcc.a
LOAD /usr/lib/gcc/i686-linux-gnu/5/libgcc_s.so
LOAD /usr/lib/gcc/i686-linux-gnu/5/../../../i386-linux-gnu/libc.so
START GROUP
LOAD /lib/i386-linux-gnu/libc.so.6
LOAD /usr/lib/i386-linux-gnu/libc_nonshared.a
LOAD /lib/i386-linux-gnu/ld-linux.so.2
END GROUP
LOAD /usr/lib/gcc/i686-linux-gnu/5/libgcc.a
LOAD /usr/lib/gcc/i686-linux-gnu/5/libgcc_s.so
LOAD /usr/lib/gcc/i686-linux-gnu/5/crtendS.o
LOAD /usr/lib/gcc/i686-linux-gnu/5/../../../i386-linux-gnu/crtn.o
                0x0000000000000114                . = (0x0 + SIZEOF_HEADERS)

.note.gnu.build-id
                0x0000000000000114       0x24
 *(.note.gnu.build-id)
 .note.gnu.build-id
                0x0000000000000114       0x24 /usr/lib/gcc/i686-linux-gnu/5/../../../i386-linux-gnu/crti.o

.hash
 *(.hash)

.gnu.hash       0x0000000000000138     0x15bc
 *(.gnu.hash)
 .gnu.hash      0x0000000000000138     0x15bc /usr/lib/gcc/i686-linux-gnu/5/../../../i386-linux-gnu/crti.o

.dynsym         0x00000000000016f4     0x2f90
 *(.dynsym)
 .dynsym        0x00000000000016f4     0x2f90 /usr/lib/gcc/i686-linux-gnu/5/../../../i386-linux-gnu/crti.o

.dynstr         0x0000000000004684     0x36fe
 *(.dynstr)
 .dynstr        0x0000000000004684     0x36fe /usr/lib/gcc/i686-linux-gnu/5/../../../i386-linux-gnu/crti.o

.gnu.version    0x0000000000007d82      0x5f2
 *(.gnu.version)
 .gnu.version   0x0000000000007d82      0x5f2 /usr/lib/gcc/i686-linux-gnu/5/../../../i386-linux-gnu/crti.o

.gnu.version_d  0x0000000000008374        0x0
 *(.gnu.version_d)
 .gnu.version_d
                0x0000000000008374        0x0 /usr/lib/gcc/i686-linux-gnu/5/../../../i386-linux-gnu/crti.o

.gnu.version_r  0x0000000000008374       0x40
 *(.gnu.version_r)
 .gnu.version_r
                0x0000000000008374       0x40 /usr/lib/gcc/i686-linux-gnu/5/../../../i386-linux-gnu/crti.o

.rel.dyn        0x00000000000083b4     0x9708
 *(.rel.init)
 .rel.init      0x00000000000083b4        0x0 /usr/lib/gcc/i686-linux-gnu/5/../../../i386-linux-gnu/crti.o
 *(.rel.text .rel.text.* .rel.gnu.linkonce.t.*)
 .rel.text      0x00000000000083b4     0x8d00 /usr/lib/gcc/i686-linux-gnu/5/../../../i386-linux-gnu/crti.o
 *(.rel.fini)
 .rel.fini      0x00000000000110b4        0x0 /usr/lib/gcc/i686-linux-gnu/5/../../../i386-linux-gnu/crti.o
 *(.rel.rodata .rel.rodata.* .rel.gnu.linkonce.r.*)
 .rel.rodata    0x00000000000110b4      0x588 /usr/lib/gcc/i686-linux-gnu/5/../../../i386-linux-gnu/crti.o
 *(.rel.data.rel.ro .rel.data.rel.ro.* .rel.gnu.linkonce.d.rel.ro.*)
 *(.rel.data .rel.data.* .rel.gnu.linkonce.d.*)
 .rel.data.rel.local
                0x000000000001163c        0x8 /usr/lib/gcc/i686-linux-gnu/5/../../../i386-linux-gnu/crti.o
 .rel.data      0x0000000000011644      0x440 /usr/lib/gcc/i686-linux-gnu/5/../../../i386-linux-gnu/crti.o
 *(.rel.tdata .rel.tdata.* .rel.gnu.linkonce.td.*)
 *(.rel.tbss .rel.tbss.* .rel.gnu.linkonce.tb.*)
 *(.rel.ctors)
 *(.rel.dtors)
 *(.rel.got)
 .rel.got       0x0000000000011a84       0x28 /usr/lib/gcc/i686-linux-gnu/5/../../../i386-linux-gnu/crti.o
 *(.rel.bss .rel.bss.* .rel.gnu.linkonce.b.*)
 *(.rel.ifunc)
 .rel.ifunc     0x0000000000011aac        0x0 /usr/lib/gcc/i686-linux-gnu/5/../../../i386-linux-gnu/crti.o
 .rel.fini_array
                0x0000000000011aac        0x8 /usr/lib/gcc/i686-linux-gnu/5/../../../i386-linux-gnu/crti.o
 .rel.init_array
                0x0000000000011ab4        0x8 /usr/lib/gcc/i686-linux-gnu/5/../../../i386-linux-gnu/crti.o

.rel.plt        0x0000000000011abc        0x0
 *(.rel.plt)
 .rel.plt       0x0000000000011abc        0x0 /usr/lib/gcc/i686-linux-gnu/5/../../../i386-linux-gnu/crti.o
 *(.rel.iplt)

.init           0x0000000000011abc       0x23
 *(SORT(.init))
 .init          0x0000000000011abc       0x1e /usr/lib/gcc/i686-linux-gnu/5/../../../i386-linux-gnu/crti.o
                0x0000000000011abc                _init
 .init          0x0000000000011ada        0x5 /usr/lib/gcc/i686-linux-gnu/5/../../../i386-linux-gnu/crtn.o

.plt            0x0000000000011ae0       0x10
 *(.plt)
 .plt           0x0000000000011ae0       0x10 /usr/lib/gcc/i686-linux-gnu/5/../../../i386-linux-gnu/crti.o
 *(.iplt)

.plt.got        0x0000000000011af0       0x10
 *(.plt.got)
 .plt.got       0x0000000000011af0       0x10 /usr/lib/gcc/i686-linux-gnu/5/../../../i386-linux-gnu/crti.o

.text           0x0000000000011b00    0x18e92
 *(.text.unlikely .text.*_unlikely .text.unlikely.*)
 .text.unlikely
                0x0000000000011b00        0x0 /usr/lib/gcc/i686-linux-gnu/5/crtbeginS.o
 .text.unlikely
                0x0000000000011b00        0x0 /usr/lib/gcc/i686-linux-gnu/5/libgcc.a(_udivdi3.o)
 *(.text.exit .text.exit.*)
 *(.text.startup .text.startup.*)
 *(.text.hot .text.hot.*)
 *(.text .stub .text.* .gnu.linkonce.t.*)
 .text          0x0000000000011b00        0x0 /usr/lib/gcc/i686-linux-gnu/5/../../../i386-linux-gnu/crti.o
 .gnu.linkonce.t.__x86.get_pc_thunk.bx
                0x0000000000011b00        0x4 /usr/lib/gcc/i686-linux-gnu/5/../../../i386-linux-gnu/crti.o
                0x0000000000011b00                __x86.get_pc_thunk.bx
 *fill*         0x0000000000011b04        0xc 
 .text          0x0000000000011b10      0x11c /usr/lib/gcc/i686-linux-gnu/5/crtbeginS.o
 .text.__x86.get_pc_thunk.dx
                0x0000000000011c2c        0x4 /usr/lib/gcc/i686-linux-gnu/5/crtbeginS.o
                0x0000000000011c2c                __x86.get_pc_thunk.dx
 .text          0x0000000000011c30      0x400 coap_server_sprinkler.o
                0x0000000000011c30                client_chunk_handler
 .text          0x0000000000012030      0x283 build/cooja/mtype325.o
                0x00000000000120c2                platform_init_stage_one
                0x00000000000120d5                platform_init_stage_two
                0x00000000000120e8                platform_init_stage_three
                0x00000000000120fb                platform_main_loop
                0x000000000001216e                Java_org_contikios_cooja_corecomm_Lib2_init
                0x00000000000121a5                Java_org_contikios_cooja_corecomm_Lib2_getMemory
                0x00000000000121d8                Java_org_contikios_cooja_corecomm_Lib2_setMemory
                0x0000000000012238                Java_org_contikios_cooja_corecomm_Lib2_tick
                0x00000000000122a0                Java_org_contikios_cooja_corecomm_Lib2_setReferenceAddress
 .text          0x00000000000122b3       0x65 build/cooja/mtype325.a(simEnvChange.o)
                0x00000000000122b3                doActionsBeforeTick
                0x00000000000122e5                doActionsAfterTick
 .text          0x0000000000012318       0x83 build/cooja/mtype325.a(cooja_mt.o)
                0x0000000000012318                cooja_mt_start
                0x0000000000012342                cooja_mt_exec
                0x0000000000012378                cooja_mt_yield
 .text          0x000000000001239b       0xbe build/cooja/mtype325.a(cooja_mtarch.o)
                0x000000000001239b                cooja_mtarch_start
                0x000000000001240e                cooja_sw
                0x0000000000012431                cooja_mtarch_exec
                0x000000000001244e                cooja_mtarch_yield
 .text          0x0000000000012459       0xc5 build/cooja/mtype325.a(rtimer-arch.o)
                0x0000000000012459                rtimer_arch_init
                0x000000000001247d                rtimer_arch_schedule
                0x00000000000124ad                rtimer_arch_next
                0x00000000000124bd                rtimer_arch_pending
                0x00000000000124c7                rtimer_arch_check
                0x000000000001250e                rtimer_arch_now
 .text          0x000000000001251e       0x81 build/cooja/mtype325.a(beep.o)
                0x000000000001251e                beep_alarm
                0x000000000001252b                beep_beep
                0x0000000000012538                beep
                0x0000000000012545                beep_down
                0x0000000000012552                beep_on
                0x000000000001255f                beep_off
                0x000000000001256c                beep_spinup
                0x0000000000012579                beep_quick
                0x0000000000012586                beep_long
 .text          0x000000000001259f       0x65 build/cooja/mtype325.a(leds-arch.o)
                0x00000000000125b2                leds_arch_init
 .text          0x0000000000012604       0x35 build/cooja/mtype325.a(moteid.o)
 .text          0x0000000000012639       0xb7 build/cooja/mtype325.a(pir-sensor.o)
 .text          0x00000000000126f0      0x148 build/cooja/mtype325.a(rs232.o)
                0x00000000000126f0                rs232_init
                0x00000000000126f6                rs232_set_speed
                0x0000000000012705                rs232_set_input
                0x0000000000012713                rs232_send
                0x0000000000012737                rs232_print
                0x0000000000012753                slip_arch_writeb
 .text          0x0000000000012838       0xb7 build/cooja/mtype325.a(vib-sensor.o)
 .text          0x00000000000128ef       0x38 build/cooja/mtype325.a(clock.o)
                0x00000000000128ef                clock_init
                0x00000000000128f5                clock_time
                0x00000000000128ff                clock_seconds
                0x0000000000012915                clock_delay
 .text          0x0000000000012927      0x219 build/cooja/mtype325.a(cooja-log.o)
                0x0000000000012927                simlog_char
                0x000000000001296a                simlog
                0x00000000000129e0                log_message
                0x0000000000012a11                log_set_putchar_with_slip
                0x0000000000012a1f                log_putchar
                0x0000000000012a9a                log_puts
                0x0000000000012ac2                log_printf
 .text          0x0000000000012b40      0x2b9 build/cooja/mtype325.a(cfs-cooja.o)
                0x0000000000012b40                cfs_open
                0x0000000000012ba9                cfs_close
                0x0000000000012bb6                cfs_read
                0x0000000000012c4b                cfs_write
                0x0000000000012d27                cfs_seek
                0x0000000000012daf                cfs_remove
                0x0000000000012dd3                cfs_opendir
                0x0000000000012ddd                cfs_readdir
                0x0000000000012de7                cfs_closedir
 .text          0x0000000000012df9      0x620 build/cooja/mtype325.a(cooja-radio.o)
                0x0000000000012e3b                radio_set_channel
                0x0000000000012e49                radio_set_txpower
                0x0000000000012e61                radio_signal_strength_last
                0x0000000000012e6b                radio_signal_strength_current
                0x0000000000012e75                radio_LQI
 .text          0x0000000000013419       0xee build/cooja/mtype325.a(eeprom.o)
                0x0000000000013419                eeprom_init
                0x000000000001341f                eeprom_read
                0x000000000001348d                eeprom_write
 .text          0x0000000000013507       0x2d build/cooja/mtype325.a(random.o)
                0x0000000000013507                random_init
                0x0000000000013527                random_rand
 .text          0x0000000000013534      0x29c build/cooja/mtype325.a(sensors.o)
                0x000000000001356f                sensors_first
                0x0000000000013579                sensors_next
                0x0000000000013593                sensors_changed
                0x00000000000135c7                sensors_find
 .text          0x00000000000137d0      0x349 build/cooja/mtype325.a(leds.o)
                0x00000000000137d0                leds_init
                0x0000000000013817                leds_single_on
                0x0000000000013876                leds_single_off
                0x00000000000138d5                leds_single_toggle
                0x0000000000013907                leds_on
                0x0000000000013989                leds_off
                0x0000000000013a0b                leds_toggle
                0x0000000000013a60                leds_set
                0x0000000000013a8c                leds_get
 .text          0x0000000000013b19      0x343 build/cooja/mtype325.a(gpio-hal-arch.o)
                0x0000000000013b19                gpio_hal_arch_register_pin_callback
                0x0000000000013b85                gpio_hal_arch_init
                0x0000000000013bca                gpio_hal_arch_no_port_interrupt_enable
                0x0000000000013bfa                gpio_hal_arch_no_port_interrupt_disable
                0x0000000000013c2a                gpio_hal_arch_no_port_pin_cfg_set
                0x0000000000013c4f                gpio_hal_arch_no_port_pin_cfg_get
                0x0000000000013c75                gpio_hal_arch_no_port_pin_set_input
                0x0000000000013c87                gpio_hal_arch_no_port_pin_set_output
                0x0000000000013c99                gpio_hal_arch_no_port_set_pin
                0x0000000000013cba                gpio_hal_arch_no_port_clear_pin
                0x0000000000013cdb                gpio_hal_arch_no_port_read_pin
                0x0000000000013d01                gpio_hal_arch_no_port_write_pin
                0x0000000000013d2b                gpio_hal_arch_no_port_set_pins
                0x0000000000013d72                gpio_hal_arch_no_port_clear_pins
                0x0000000000013db9                gpio_hal_arch_no_port_read_pins
                0x0000000000013dfc                gpio_hal_arch_no_port_write_pins
 .text          0x0000000000013e5c       0x89 build/cooja/mtype325.a(buttons.o)
 .text          0x0000000000013ee5      0x3c9 build/cooja/mtype325.a(res-temp.o)
 .text          0x00000000000142ae      0x403 build/cooja/mtype325.a(res-sprinkler.o)
 .text          0x00000000000146b1      0x20d build/cooja/mtype325.a(res-hum.o)
 .text          0x00000000000148be      0x27b build/cooja/mtype325.a(coap-blocking-a)
                0x00000000000148be                coap_blocking_request_callback
                0x00000000000148e8                coap_blocking_request
 .text          0x0000000000014b39      0xbea build/cooja/mtype325.a(coap-engine.o)
                0x0000000000014bce                coap_add_handler
                0x0000000000014beb                coap_remove_handler
                0x0000000000014c08                coap_call_handlers
                0x0000000000014d10                coap_receive
                0x000000000001530b                coap_engine_init
                0x0000000000015369                coap_activate_resource
                0x0000000000015414                coap_get_first_resource
                0x000000000001542d                coap_get_next_resource
 .text          0x0000000000015723      0x2d9 build/cooja/mtype325.a(coap-res-well-k)
 .text          0x00000000000159fc      0x96a build/cooja/mtype325.a(coap-observe.o)
                0x0000000000015b11                coap_remove_observer
                0x0000000000015b41                coap_remove_observer_by_client
                0x0000000000015ba9                coap_remove_observer_by_token
                0x0000000000015c3c                coap_remove_observer_by_uri
                0x0000000000015ce3                coap_remove_observer_by_mid
                0x0000000000015d5f                coap_notify_observers
                0x0000000000015d78                coap_notify_observers_sub
                0x00000000000161e2                coap_observe_handler
                0x00000000000162fd                coap_has_observers
 .text          0x0000000000016366      0x733 build/cooja/mtype325.a(coap-uip.o)
                0x0000000000016366                coap_endpoint_log
                0x00000000000163ec                coap_endpoint_print
                0x0000000000016472                coap_endpoint_snprint
                0x00000000000165a5                coap_endpoint_copy
                0x00000000000165e2                coap_endpoint_cmp
                0x00000000000166f0                coap_endpoint_parse
                0x00000000000168db                coap_endpoint_is_secure
                0x00000000000168ea                coap_endpoint_is_connected
                0x000000000001691e                coap_endpoint_connect
                0x000000000001693a                coap_endpoint_disconnect
                0x0000000000016940                coap_databuf
                0x000000000001694a                coap_transport_init
                0x000000000001699a                coap_sendto
 .text          0x0000000000016a99      0x324 build/cooja/mtype325.a(coap-timer.o)
                0x0000000000016b96                coap_timer_stop
                0x0000000000016bc1                coap_timer_set
                0x0000000000016c04                coap_timer_reset
                0x0000000000016c47                coap_timer_time_to_next_expiration
                0x0000000000016cb3                coap_timer_run
                0x0000000000016d7f                coap_timer_init
 .text          0x0000000000016dbd      0x2c6 build/cooja/mtype325.a(coap-transactio)
                0x0000000000016e23                coap_new_transaction
                0x0000000000016e89                coap_send_transaction
                0x0000000000016fea                coap_clear_transaction
                0x0000000000017032                coap_get_transaction_by_mid
 .text          0x0000000000017083     0x1c53 build/cooja/mtype325.a(coap.o)
                0x00000000000175f0                coap_init_connection
                0x0000000000017604                coap_get_mid
                0x0000000000017620                coap_init_message
                0x0000000000017669                coap_serialize_message
                0x0000000000017ceb                coap_parse_message
                0x0000000000018352                coap_get_query_variable
                0x0000000000018394                coap_get_post_variable
                0x00000000000183d8                coap_set_status_code
                0x00000000000183fd                coap_set_token
                0x0000000000018444                coap_get_header_content_format
                0x0000000000018475                coap_set_header_content_format
                0x0000000000018498                coap_get_header_accept
                0x00000000000184c9                coap_set_header_accept
                0x00000000000184ec                coap_get_header_max_age
                0x000000000001851d                coap_set_header_max_age
                0x000000000001853d                coap_get_header_etag
                0x000000000001856f                coap_set_header_etag
                0x00000000000185c6                coap_get_header_if_match
                0x00000000000185f8                coap_set_header_if_match
                0x000000000001864f                coap_get_header_if_none_match
                0x0000000000018669                coap_set_header_if_none_match
                0x0000000000018680                coap_get_header_proxy_uri
                0x00000000000186ae                coap_set_header_proxy_uri
                0x00000000000186eb                coap_get_header_uri_host
                0x0000000000018719                coap_set_header_uri_host
                0x0000000000018756                coap_get_header_uri_path
                0x0000000000018784                coap_set_header_uri_path
                0x00000000000187d1                coap_get_header_uri_query
                0x0000000000018805                coap_set_header_uri_query
                0x000000000001885b                coap_get_header_location_path
                0x0000000000018889                coap_set_header_location_path
                0x0000000000018922                coap_get_header_location_query
                0x0000000000018950                coap_set_header_location_query
                0x000000000001899d                coap_get_header_observe
                0x00000000000189cc                coap_set_header_observe
                0x00000000000189ec                coap_get_header_block2
                0x0000000000018a58                coap_set_header_block2
                0x0000000000018acf                coap_get_header_block1
                0x0000000000018b44                coap_set_header_block1
                0x0000000000018bbf                coap_get_header_size2
                0x0000000000018bef                coap_set_header_size2
                0x0000000000018c12                coap_get_header_size1
                0x0000000000018c42                coap_set_header_size1
                0x0000000000018c65                coap_get_payload
                0x0000000000018c9f                coap_set_payload
 .text          0x0000000000018cd6      0x332 build/cooja/mtype325.a(contiki-main.o)
                0x0000000000018cd6                main
 .text          0x0000000000019008       0x92 build/cooja/mtype325.a(autostart.o)
                0x0000000000019008                autostart_start
                0x0000000000019052                autostart_exit
 .text          0x000000000001909a      0x355 build/cooja/mtype325.a(ctimer.o)
                0x00000000000191c2                ctimer_init
                0x00000000000191f5                ctimer_set
                0x000000000001921b                ctimer_set_with_process
                0x0000000000019298                ctimer_reset
                0x00000000000192ec                ctimer_restart
                0x0000000000019340                ctimer_stop
                0x0000000000019390                ctimer_expired
 .text          0x00000000000193ef      0x394 build/cooja/mtype325.a(log.o)
                0x00000000000193ef                log_6addr
                0x0000000000019442                log_6addr_compact_snprint
                0x00000000000194e0                log_6addr_compact
                0x0000000000019533                log_lladdr
                0x00000000000195a5                log_lladdr_compact
                0x000000000001960d                log_set_level
                0x00000000000196c8                log_get_level
                0x0000000000019741                log_level_to_str
 .text          0x0000000000019783       0x1b build/cooja/mtype325.a(energest.o)
                0x0000000000019783                energest_init
                0x0000000000019789                energest_flush
                0x000000000001978f                energest_get_total_time
 .text          0x000000000001979e      0x43f build/cooja/mtype325.a(etimer.o)
                0x00000000000199c2                etimer_request_poll
                0x0000000000019a4b                etimer_set
                0x0000000000019a74                etimer_reset_with_new_interval
                0x0000000000019aa3                etimer_reset
                0x0000000000019ac9                etimer_restart
                0x0000000000019aef                etimer_adjust
                0x0000000000019b0c                etimer_expired
                0x0000000000019b1f                etimer_expiration_time
                0x0000000000019b31                etimer_start_time
                0x0000000000019b3b                etimer_pending
                0x0000000000019b4d                etimer_next_expiration_time
                0x0000000000019b67                etimer_stop
 .text          0x0000000000019bdd       0x25 build/cooja/mtype325.a(node-id.o)
                0x0000000000019bdd                node_id_init
 .text          0x0000000000019c02       0xeb build/cooja/mtype325.a(rtimer.o)
                0x0000000000019c02                rtimer_init
                0x0000000000019c10                rtimer_set
                0x0000000000019c8b                rtimer_run_next
 .text          0x0000000000019ced      0x4fb build/cooja/mtype325.a(process.o)
                0x0000000000019ced                process_alloc_event
                0x0000000000019d02                process_start
                0x0000000000019edc                process_exit
                0x0000000000019ef9                process_init
                0x000000000001a08e                process_run
                0x000000000001a0c1                process_nevents
                0x000000000001a0dc                process_post
                0x000000000001a16f                process_post_synch
                0x000000000001a1a4                process_poll
                0x000000000001a1d4                process_is_running
 .text          0x000000000001a1e8       0xb1 build/cooja/mtype325.a(timer.o)
                0x000000000001a1e8                timer_set
                0x000000000001a206                timer_reset
                0x000000000001a233                timer_restart
                0x000000000001a248                timer_expired
                0x000000000001a275                timer_remaining
 .text          0x000000000001a299      0x28f build/cooja/mtype325.a(list.o)
                0x000000000001a299                list_init
                0x000000000001a2a8                list_head
                0x000000000001a2b2                list_copy
                0x000000000001a2c2                list_tail
                0x000000000001a2f8                list_add
                0x000000000001a344                list_push
                0x000000000001a370                list_chop
                0x000000000001a3da                list_pop
                0x000000000001a402                list_remove
                0x000000000001a46a                list_length
                0x000000000001a498                list_insert
                0x000000000001a4dd                list_item_next
                0x000000000001a4f4                list_contains
 .text          0x000000000001a528      0x1b5 build/cooja/mtype325.a(memb.o)
                0x000000000001a528                memb_init
                0x000000000001a57d                memb_alloc
                0x000000000001a5e0                memb_free
                0x000000000001a657                memb_inmemb
                0x000000000001a696                memb_numfree
 .text          0x000000000001a6dd      0x41c build/cooja/mtype325.a(button-hal.o)
                0x000000000001a856                button_hal_get_by_id
                0x000000000001a894                button_hal_get_by_index
                0x000000000001a8c0                button_hal_get_state
                0x000000000001a912                button_hal_init
 .text          0x000000000001aaf9      0x1f3 build/cooja/mtype325.a(serial-line.o)
                0x000000000001aaf9                serial_line_input_byte
                0x000000000001acb7                serial_line_init
 .text          0x000000000001acec      0x168 build/cooja/mtype325.a(gpio-hal.o)
                0x000000000001acec                gpio_hal_register_handler
                0x000000000001ad09                gpio_hal_event_handler
                0x000000000001ad65                gpio_hal_init
                0x000000000001ad84                gpio_hal_arch_port_toggle_pin
                0x000000000001adc0                gpio_hal_arch_port_toggle_pins
                0x000000000001adee                gpio_hal_arch_no_port_toggle_pin
                0x000000000001ae2c                gpio_hal_arch_no_port_toggle_pins
 .text          0x000000000001ae54      0x2e7 build/cooja/mtype325.a(queuebuf.o)
                0x000000000001ae5e                queuebuf_init
                0x000000000001ae87                queuebuf_numfree
                0x000000000001ae9f                queuebuf_new_from_packetbuf
                0x000000000001af3e                queuebuf_update_attr_from_packetbuf
                0x000000000001af73                queuebuf_update_from_packetbuf
                0x000000000001afc3                queuebuf_free
                0x000000000001b00c                queuebuf_to_packetbuf
                0x000000000001b078                queuebuf_dataptr
                0x000000000001b0b2                queuebuf_datalen
                0x000000000001b0d5                queuebuf_addr
                0x000000000001b10a                queuebuf_attr
                0x000000000001b135                queuebuf_debug_print
 .text          0x000000000001b13b      0x407 build/cooja/mtype325.a(packetbuf.o)
                0x000000000001b13b                packetbuf_clear
                0x000000000001b166                packetbuf_copyfrom
                0x000000000001b1b5                packetbuf_copyto
                0x000000000001b248                packetbuf_hdralloc
                0x000000000001b2c4                packetbuf_hdrreduce
                0x000000000001b30a                packetbuf_set_datalen
                0x000000000001b324                packetbuf_dataptr
                0x000000000001b341                packetbuf_hdrptr
                0x000000000001b34b                packetbuf_datalen
                0x000000000001b357                packetbuf_hdrlen
                0x000000000001b36e                packetbuf_totlen
                0x000000000001b384                packetbuf_remaininglen
                0x000000000001b397                packetbuf_attr_clear
                0x000000000001b3e3                packetbuf_attr_copyto
                0x000000000001b43b                packetbuf_attr_copyfrom
                0x000000000001b493                packetbuf_set_attr
                0x000000000001b4bd                packetbuf_attr
                0x000000000001b4d7                packetbuf_set_addr
                0x000000000001b508                packetbuf_addr
                0x000000000001b525                packetbuf_holds_broadcast
 .text          0x000000000001b542       0xef build/cooja/mtype325.a(netstack.o)
                0x000000000001b542                netstack_process_ip_callback
                0x000000000001b5d3                netstack_ip_packet_processor_add
                0x000000000001b5f6                uip_ds6_ip_packet_processor_rm
                0x000000000001b613                netstack_init
 .text          0x000000000001b631       0x4f build/cooja/mtype325.a(linkaddr.o)
                0x000000000001b631                linkaddr_copy
                0x000000000001b647                linkaddr_cmp
                0x000000000001b66a                linkaddr_set_node_addr
 .text          0x000000000001b680      0x1f6 build/cooja/mtype325.a(csma.o)
 .text          0x000000000001b876      0x95d build/cooja/mtype325.a(csma-output.o)
                0x000000000001bf0d                csma_output_packet
                0x000000000001c19a                csma_output_init
 .text          0x000000000001c1d3      0xc11 build/cooja/mtype325.a(uip-ds6.o)
                0x000000000001c1d3                uip_ds6_default_prefix
                0x000000000001c1dd                uip_ds6_set_default_prefix
                0x000000000001c208                uip_ds6_init
                0x000000000001c46a                uip_ds6_periodic
                0x000000000001c4f1                uip_ds6_list_loop
                0x000000000001c5b1                uip_ds6_prefix_add
                0x000000000001c65d                uip_ds6_prefix_rm
                0x000000000001c670                uip_ds6_prefix_lookup
                0x000000000001c6af                uip_ds6_is_addr_onlink
                0x000000000001c722                uip_ds6_addr_add
                0x000000000001c842                uip_ds6_addr_rm
                0x000000000001c8eb                uip_ds6_addr_lookup
                0x000000000001c924                uip_ds6_get_link_local
                0x000000000001c9a5                uip_ds6_get_global
                0x000000000001ca26                uip_ds6_maddr_add
                0x000000000001ca86                uip_ds6_maddr_rm
                0x000000000001ca99                uip_ds6_maddr_lookup
                0x000000000001cad2                uip_ds6_aaddr_add
                0x000000000001cb32                uip_ds6_aaddr_rm
                0x000000000001cb45                uip_ds6_aaddr_lookup
                0x000000000001cb7e                uip_ds6_select_src
                0x000000000001ccc7                uip_ds6_set_addr_iid
                0x000000000001ccf2                uip_ds6_set_lladdr_from_iid
                0x000000000001cd1b                get_match_length
                0x000000000001cdac                uip_ds6_compute_reachable_time
 .text          0x000000000001cde4      0x128 build/cooja/mtype325.a(uip-udp-packet.)
                0x000000000001cde4                uip_udp_packet_send
                0x000000000001ce3f                uip_udp_packet_sendto
 .text          0x000000000001cf0c      0x35b build/cooja/mtype325.a(uip-ds6-route.o)
                0x000000000001cf5d                uip_ds6_route_init
                0x000000000001cf87                uip_ds6_route_nexthop
                0x000000000001cf91                uip_ds6_route_head
                0x000000000001cf9b                uip_ds6_route_next
                0x000000000001cfa5                uip_ds6_route_is_nexthop
                0x000000000001cfaf                uip_ds6_route_num_routes
                0x000000000001cfb9                uip_ds6_route_lookup
                0x000000000001cfc3                uip_ds6_route_add
                0x000000000001cfd6                uip_ds6_route_rm
                0x000000000001cfdc                uip_ds6_route_rm_by_nexthop
                0x000000000001cfe2                uip_ds6_defrt_head
                0x000000000001cffb                uip_ds6_defrt_add
                0x000000000001d0a9                uip_ds6_defrt_rm
                0x000000000001d10f                uip_ds6_defrt_lookup
                0x000000000001d176                uip_ds6_defrt_choose
                0x000000000001d1ec                uip_ds6_defrt_periodic
 .text          0x000000000001d267      0x6f7 build/cooja/mtype325.a(tcpip.o)
                0x000000000001d281                tcpip_output
                0x000000000001d300                udp_attach
                0x000000000001d318                udp_new
                0x000000000001d362                udp_broadcast_new
                0x000000000001d4d4                tcpip_input
                0x000000000001d664                tcpip_ipv6_output
                0x000000000001d858                tcpip_poll_udp
                0x000000000001d876                tcpip_uipcall
 .text          0x000000000001d95e     0x1205 build/cooja/mtype325.a(uip6.o)
                0x000000000001da0d                uip_chksum
                0x000000000001dae4                uip_icmp6chksum
                0x000000000001daf9                uip_udpchksum
                0x000000000001db0e                uip_init
                0x000000000001db57                uip_remove_ext_hdr
                0x000000000001dc31                uip_udp_new
                0x000000000001df45                uip_process
                0x000000000001ea3d                uip_htons
                0x000000000001ea5f                uip_htonl
                0x000000000001ea9d                uip_send
 .text          0x000000000001eb63      0x369 build/cooja/mtype325.a(uip-ds6-nbr.o)
                0x000000000001eb63                uip_ds6_neighbors_init
                0x000000000001eb87                uip_ds6_nbr_add
                0x000000000001ec0d                uip_ds6_nbr_rm
                0x000000000001ec58                uip_ds6_nbr_update_ll
                0x000000000001ed46                uip_ds6_nbr_get_ipaddr
                0x000000000001ed5b                uip_ds6_nbr_get_ll
                0x000000000001ed77                uip_ds6_nbr_num
                0x000000000001edc0                uip_ds6_nbr_head
                0x000000000001edd9                uip_ds6_nbr_next
                0x000000000001edf5                uip_ds6_nbr_lookup
                0x000000000001ee4d                uip_ds6_nbr_ll_lookup
                0x000000000001ee69                uip_ds6_nbr_ipaddr_from_lladdr
                0x000000000001ee92                uip_ds6_nbr_lladdr_from_ipaddr
                0x000000000001eec6                uip_ds6_link_callback
 .text          0x000000000001eecc      0x6a7 build/cooja/mtype325.a(uip-nd6.o)
                0x000000000001f55a                uip_nd6_init
 .text          0x000000000001f573     0x2c17 build/cooja/mtype325.a(sicslowpan.o)
                0x000000000001fb7a                netstack_sniffer_add
                0x000000000001fb88                netstack_sniffer_remove
                0x000000000002215e                sicslowpan_init
                0x0000000000022180                sicslowpan_get_last_rssi
 .text          0x000000000002218a      0x4d1 build/cooja/mtype325.a(uiplib.o)
                0x000000000002218a                uiplib_ip6addrconv
                0x0000000000022342                uiplib_ip4addrconv
                0x0000000000022405                uiplib_ipaddr_print
                0x0000000000022458                uiplib_ipaddr_snprint
 .text          0x000000000002265b      0x4c9 build/cooja/mtype325.a(rpl.o)
                0x000000000002265b                rpl_lollipop_greater_than
                0x00000000000226b5                rpl_get_global_address
                0x00000000000227ad                rpl_link_callback
                0x00000000000227f1                rpl_has_joined
                0x0000000000022816                rpl_is_reachable
                0x0000000000022897                rpl_reset_prefix
                0x0000000000022901                rpl_set_prefix_from_addr
                0x00000000000229e6                rpl_set_prefix
                0x0000000000022b00                rpl_set_leaf_only
                0x0000000000022b18                rpl_get_leaf_only
 .text          0x0000000000022b24     0x138c build/cooja/mtype325.a(rpl-icmp6.o)
                0x0000000000022c49                rpl_icmp6_update_nbr_table
                0x0000000000022cd2                rpl_icmp6_dis_output
                0x0000000000023318                rpl_icmp6_dio_output
                0x0000000000023b16                rpl_icmp6_dao_output
                0x0000000000023df7                rpl_icmp6_dao_ack_output
                0x0000000000023e67                rpl_icmp6_init
 .text          0x0000000000023eb0      0x264 build/cooja/mtype325.a(rpl-dag-root.o)
                0x0000000000023eb0                rpl_dag_root_print_links
                0x0000000000023fdc                rpl_dag_root_set_prefix
                0x0000000000024008                rpl_dag_root_start
                0x00000000000240e5                rpl_dag_root_is_root
 .text          0x0000000000024114       0x30 build/cooja/mtype325.a(watchdog.o)
                0x0000000000024114                watchdog_init
                0x000000000002411a                watchdog_start
                0x0000000000024120                watchdog_periodic
                0x0000000000024138                watchdog_stop
                0x000000000002413e                watchdog_reboot
 .text          0x0000000000024144       0x4a build/cooja/mtype325.a(int-master.o)
                0x0000000000024144                int_master_enable
                0x0000000000024154                int_master_read_and_disable
                0x0000000000024171                int_master_status_set
                0x000000000002417f                int_master_is_enabled
 .text          0x000000000002418e      0x226 build/cooja/mtype325.a(coap-timer-defa)
 .text          0x00000000000243b4       0xc7 build/cooja/mtype325.a(stimer.o)
                0x00000000000243b4                stimer_set
                0x00000000000243d2                stimer_reset
                0x00000000000243ff                stimer_restart
                0x0000000000024414                stimer_expired
                0x000000000002443f                stimer_remaining
                0x0000000000024463                stimer_elapsed
 .text          0x000000000002447b      0x156 build/cooja/mtype325.a(ringbuf.o)
                0x000000000002447b                ringbuf_init
                0x00000000000244ad                ringbuf_put
                0x000000000002452b                ringbuf_get
                0x0000000000024598                ringbuf_size
                0x00000000000245aa                ringbuf_elements
 .text          0x00000000000245d1       0x1f build/cooja/mtype325.a(assert.o)
                0x00000000000245d1                _xassert
 .text          0x00000000000245f0      0x79b build/cooja/mtype325.a(nbr-table.o)
                0x0000000000024a69                nbr_table_register
                0x0000000000024ad6                nbr_table_is_registered
                0x0000000000024b11                nbr_table_head
                0x0000000000024b6c                nbr_table_next
                0x0000000000024bcd                nbr_table_add_lladdr
                0x0000000000024ca7                nbr_table_get_from_lladdr
                0x0000000000024cf3                nbr_table_remove
                0x0000000000024d2b                nbr_table_lock
                0x0000000000024d45                nbr_table_unlock
                0x0000000000024d5f                nbr_table_get_lladdr
 .text          0x0000000000024d8b      0x3a5 build/cooja/mtype325.a(link-stats.o)
                0x0000000000024d8b                link_stats_from_lladdr
                0x0000000000024da7                link_stats_get_lladdr
                0x0000000000024dc3                link_stats_is_fresh
                0x0000000000024dff                guess_etx_from_rssi
                0x0000000000024e7b                link_stats_packet_sent
                0x0000000000024f9b                link_stats_input_callback
                0x00000000000250ab                link_stats_reset
                0x00000000000250fb                link_stats_init
 .text          0x0000000000025130      0x187 build/cooja/mtype325.a(mac-sequence.o)
                0x0000000000025130                mac_sequence_is_duplicate
                0x00000000000251d0                mac_sequence_register_seqno
 .text          0x00000000000252b7       0x23 build/cooja/mtype325.a(mac.o)
                0x00000000000252b7                mac_call_sent_callback
 .text          0x00000000000252da      0x432 build/cooja/mtype325.a(framer-802154.o)
                0x0000000000025469                framer_802154_setup_params
 .text          0x000000000002570c      0xb6f build/cooja/mtype325.a(frame802154.o)
                0x000000000002573d                frame802154_get_pan_id
                0x0000000000025749                frame802154_set_pan_id
                0x0000000000025763                frame802154_has_panid
                0x0000000000025912                frame802154_check_dest_panid
                0x000000000002599a                frame802154_is_broadcast_addr
                0x00000000000259e7                frame802154_extract_linkaddr
                0x0000000000025c4c                frame802154_hdrlen
                0x0000000000025cbf                frame802154_create_fcf
                0x0000000000025d77                frame802154_create
                0x0000000000025eec                frame802154_parse_fcf
                0x0000000000025fce                frame802154_parse
 .text          0x000000000002627b       0x2d build/cooja/mtype325.a(csma-security.o)
                0x000000000002627b                csma_security_create_frame
                0x0000000000026299                csma_security_parse_frame
 .text          0x00000000000262a8      0x4e4 build/cooja/mtype325.a(uipbuf.o)
                0x00000000000262a8                uipbuf_clear
                0x00000000000262cf                uipbuf_add_ext_hdr
                0x000000000002634f                uipbuf_set_len
                0x000000000002637c                uipbuf_set_len_field
                0x00000000000263a8                uipbuf_get_len_field
                0x00000000000263c8                uipbuf_get_next_header
                0x00000000000264fa                uipbuf_get_last_header
                0x0000000000026573                uipbuf_search_header
                0x0000000000026629                uipbuf_get_attr
                0x0000000000026650                uipbuf_set_attr
                0x0000000000026687                uipbuf_set_default_attr
                0x00000000000266be                uipbuf_clear_attr
                0x00000000000266e2                uipbuf_set_attr_flag
                0x0000000000026703                uipbuf_clr_attr_flag
                0x000000000002672a                uipbuf_is_attr_flag
                0x000000000002674e                uipbuf_init
 .text          0x000000000002678c      0x73f build/cooja/mtype325.a(uip-icmp6.o)
                0x0000000000026801                uip_icmp6_input
                0x0000000000026858                uip_icmp6_register_input_handler
                0x00000000000269ab                uip_icmp6_error_output
                0x0000000000026c5c                uip_icmp6_send
                0x0000000000026e53                uip_icmp6_echo_reply_callback_add
                0x0000000000026e85                uip_icmp6_echo_reply_callback_rm
                0x0000000000026ea2                uip_icmp6_init
 .text          0x0000000000026ecb      0x69b build/cooja/mtype325.a(uip-sr.o)
                0x0000000000026ecb                uip_sr_num_nodes
                0x0000000000026f59                uip_sr_get_node
                0x0000000000026fb0                uip_sr_is_addr_reachable
                0x000000000002705e                uip_sr_expire_parent
                0x00000000000270a7                uip_sr_update_node
                0x00000000000271d7                uip_sr_init
                0x000000000002720b                uip_sr_node_head
                0x0000000000027224                uip_sr_node_next
                0x000000000002723a                uip_sr_periodic
                0x0000000000027340                uip_sr_free_all
                0x00000000000273b0                uip_sr_link_snprint
 .text          0x0000000000027566      0x146 build/cooja/mtype325.a(uip-packetqueue)
                0x0000000000027594                uip_packetqueue_new
                0x00000000000275a3                uip_packetqueue_alloc
                0x00000000000275fe                uip_packetqueue_free
                0x0000000000027645                uip_packetqueue_buf
                0x0000000000027662                uip_packetqueue_buflen
                0x0000000000027683                uip_packetqueue_set_buflen
 .text          0x00000000000276ac      0x1b0 build/cooja/mtype325.a(rpl-nbr-policy.)
                0x0000000000027819                rpl_nbr_policy_find_removable
 .text          0x000000000002785c      0x915 build/cooja/mtype325.a(rpl-neighbor.o)
                0x00000000000278d8                rpl_neighbor_snprint
                0x0000000000027b8b                rpl_neighbor_print_list
                0x0000000000027c40                rpl_neighbor_count
                0x0000000000027ce7                rpl_neighbor_get_from_lladdr
                0x0000000000027d03                rpl_neighbor_is_acceptable_parent
                0x0000000000027d37                rpl_neighbor_get_link_metric
                0x0000000000027d6b                rpl_neighbor_rank_via_nbr
                0x0000000000027d9f                rpl_neighbor_get_lladdr
                0x0000000000027dbb                rpl_neighbor_get_ipaddr
                0x0000000000027de2                rpl_neighbor_get_link_stats
                0x0000000000027e09                rpl_neighbor_is_fresh
                0x0000000000027e30                rpl_neighbor_is_reachable
                0x0000000000027e7b                rpl_neighbor_is_parent
                0x0000000000027ea5                rpl_neighbor_set_preferred_parent
                0x0000000000027f3c                rpl_neighbor_remove_all
                0x0000000000027f98                rpl_neighbor_get_from_ipaddr
                0x00000000000280a6                rpl_neighbor_select_best
                0x0000000000028152                rpl_neighbor_init
 .text          0x0000000000028171      0xe69 build/cooja/mtype325.a(rpl-dag.o)
                0x0000000000028171                rpl_dag_state_to_str
                0x00000000000281b0                rpl_dag_get_root_ipaddr
                0x00000000000281f8                rpl_dag_leave
                0x0000000000028281                rpl_dag_poison_and_leave
                0x0000000000028299                rpl_dag_periodic
                0x0000000000028321                rpl_is_addr_in_our_dag
                0x0000000000028365                rpl_get_default_instance
                0x0000000000028381                rpl_get_any_dag
                0x00000000000283da                rpl_refresh_routes
                0x000000000002841a                rpl_global_repair
                0x00000000000284b3                rpl_local_repair
                0x00000000000284fd                rpl_dag_ready_to_advertise
                0x0000000000028540                rpl_dag_update_state
                0x0000000000028c6d                rpl_process_dio
                0x0000000000028ceb                rpl_process_dis
                0x0000000000028d30                rpl_process_dao
                0x0000000000028dbf                rpl_process_dao_ack
                0x0000000000028e56                rpl_process_hbh
                0x0000000000028ea6                rpl_dag_init_root
                0x0000000000028fba                rpl_dag_init
 .text          0x0000000000028fda      0x9e7 build/cooja/mtype325.a(rpl-timers.o)
                0x0000000000028fda                rpl_timers_schedule_periodic_dis
                0x0000000000029128                rpl_timers_dio_reset
                0x0000000000029236                rpl_timers_schedule_unicast_dio
                0x000000000002938a                rpl_timers_schedule_dao
                0x0000000000029449                rpl_timers_schedule_dao_ack
                0x00000000000294cf                rpl_timers_notify_dao_ack
                0x000000000002952d                get_probing_delay
                0x0000000000029561                get_probing_target
                0x000000000002974b                rpl_schedule_probing
                0x0000000000029779                rpl_schedule_probing_now
                0x00000000000297e3                rpl_timers_unschedule_leaving
                0x000000000002981b                rpl_timers_schedule_leaving
                0x000000000002985c                rpl_timers_init
                0x00000000000298ec                rpl_timers_stop_dag_timers
                0x0000000000029965                rpl_timers_unschedule_state_update
                0x0000000000029989                rpl_timers_schedule_state_update
 .text          0x00000000000299c1      0xb8e build/cooja/mtype325.a(rpl-ext-header.)
                0x00000000000299c1                rpl_ext_header_srh_get_next_hop
                0x0000000000029aa8                rpl_ext_header_srh_update
                0x000000000002a014                rpl_ext_header_hbh_update
                0x000000000002a314                rpl_ext_header_update
                0x000000000002a39d                rpl_ext_header_remove
 .text          0x000000000002a54f      0x31b build/cooja/mtype325.a(rpl-mrhof.o)
 *fill*         0x000000000002a86a        0x6 
 .text          0x000000000002a870      0x122 /usr/lib/gcc/i686-linux-gnu/5/libgcc.a(_udivdi3.o)
                0x000000000002a870                __udivdi3
 .text          0x000000000002a992        0x0 /usr/lib/gcc/i686-linux-gnu/5/crtendS.o
 .text          0x000000000002a992        0x0 /usr/lib/gcc/i686-linux-gnu/5/../../../i386-linux-gnu/crtn.o
 *(.gnu.warning)

.fini           0x000000000002a994       0x14
 *(SORT(.fini))
 .fini          0x000000000002a994        0xf /usr/lib/gcc/i686-linux-gnu/5/../../../i386-linux-gnu/crti.o
                0x000000000002a994                _fini
 .fini          0x000000000002a9a3        0x5 /usr/lib/gcc/i686-linux-gnu/5/../../../i386-linux-gnu/crtn.o
                [!provide]                        PROVIDE (__etext, .)
                [!provide]                        PROVIDE (_etext, .)
                [!provide]                        PROVIDE (etext, .)

.rodata         0x000000000002a9c0      0xe0b
 *(.rodata .rodata.* .gnu.linkonce.r.*)
 .rodata        0x000000000002a9c0       0xed coap_server_sprinkler.o
                0x000000000002a9d8                autostart_processes
 *fill*         0x000000000002aaad        0x3 
 .rodata        0x000000000002aab0        0x8 build/cooja/mtype325.a(beep.o)
                0x000000000002aab0                beep_interface
 .rodata        0x000000000002aab8        0xe build/cooja/mtype325.a(leds-arch.o)
                0x000000000002aab8                leds_interface
                0x000000000002aac0                leds_arch_leds
 *fill*         0x000000000002aac6        0x2 
 .rodata        0x000000000002aac8        0x8 build/cooja/mtype325.a(moteid.o)
                0x000000000002aac8                moteid_interface
 .rodata        0x000000000002aad0       0x1c build/cooja/mtype325.a(pir-sensor.o)
                0x000000000002aad0                pir_interface
                0x000000000002aadc                pir_sensor
 .rodata        0x000000000002aaec        0xe build/cooja/mtype325.a(rs232.o)
                0x000000000002aaec                rs232_interface
 *fill*         0x000000000002aafa        0x2 
 .rodata        0x000000000002aafc       0x24 build/cooja/mtype325.a(vib-sensor.o)
                0x000000000002aafc                vib_interface
                0x000000000002ab10                vib_sensor
 .rodata        0x000000000002ab20        0x8 build/cooja/mtype325.a(clock.o)
                0x000000000002ab20                clock_interface
 .rodata        0x000000000002ab28        0x8 build/cooja/mtype325.a(cooja-log.o)
                0x000000000002ab28                simlog_interface
 .rodata        0x000000000002ab30       0x2f build/cooja/mtype325.a(cfs-cooja.o)
                0x000000000002ab30                cfs_interface
 *fill*         0x000000000002ab5f        0x1 
 .rodata        0x000000000002ab60       0xb8 build/cooja/mtype325.a(cooja-radio.o)
                0x000000000002ab60                radio_interface
                0x000000000002abe0                cooja_radio_driver
 .rodata        0x000000000002ac18        0x8 build/cooja/mtype325.a(eeprom.o)
                0x000000000002ac18                eeprom_interface
 .rodata        0x000000000002ac20        0x8 build/cooja/mtype325.a(sensors.o)
 .rodata        0x000000000002ac28       0x2c build/cooja/mtype325.a(buttons.o)
                0x000000000002ac28                button_interface
                0x000000000002ac3c                button_hal_button_count
                0x000000000002ac44                button_sensor
 .rodata        0x000000000002ac54      0x16c build/cooja/mtype325.a(res-temp.o)
 .rodata        0x000000000002adc0      0x15c build/cooja/mtype325.a(res-sprinkler.o)
 .rodata        0x000000000002af1c       0xe8 build/cooja/mtype325.a(res-hum.o)
 .rodata        0x000000000002b004       0x41 build/cooja/mtype325.a(coap-engine.o)
 .rodata        0x000000000002b045       0x19 build/cooja/mtype325.a(coap-res-well-k)
 .rodata        0x000000000002b05e       0x11 build/cooja/mtype325.a(coap-observe.o)
 .rodata        0x000000000002b06f       0x35 build/cooja/mtype325.a(coap-uip.o)
 .rodata        0x000000000002b0a4      0x1ac build/cooja/mtype325.a(coap.o)
 .rodata        0x000000000002b250       0xf8 build/cooja/mtype325.a(contiki-main.o)
 .rodata        0x000000000002b348        0xf build/cooja/mtype325.a(ctimer.o)
 *fill*         0x000000000002b357        0x1 
 .rodata        0x000000000002b358       0xc4 build/cooja/mtype325.a(log.o)
 .rodata        0x000000000002b41c        0xc build/cooja/mtype325.a(etimer.o)
 .rodata        0x000000000002b428       0x13 build/cooja/mtype325.a(button-hal.o)
 .rodata        0x000000000002b43b        0xe build/cooja/mtype325.a(serial-line.o)
 *fill*         0x000000000002b449        0x3 
 .rodata        0x000000000002b44c        0x8 build/cooja/mtype325.a(linkaddr.o)
                0x000000000002b44c                linkaddr_null
 .rodata        0x000000000002b454       0x24 build/cooja/mtype325.a(csma.o)
                0x000000000002b45c                csma_driver
 .rodata        0x000000000002b478       0x32 build/cooja/mtype325.a(csma-output.o)
 *fill*         0x000000000002b4aa        0x2 
 .rodata        0x000000000002b4ac       0x4d build/cooja/mtype325.a(uip-ds6-route.o)
 .rodata        0x000000000002b4f9        0xd build/cooja/mtype325.a(tcpip.o)
 *fill*         0x000000000002b506        0x2 
 .rodata        0x000000000002b508       0x30 build/cooja/mtype325.a(sicslowpan.o)
                0x000000000002b508                unc_llconf
                0x000000000002b50c                unc_ctxconf
                0x000000000002b510                unc_mxconf
                0x000000000002b514                llprefix
                0x000000000002b528                sicslowpan_driver
 .rodata        0x000000000002b538       0x2d build/cooja/mtype325.a(uiplib.o)
 *fill*         0x000000000002b565       0x1b 
 .rodata        0x000000000002b580       0x74 build/cooja/mtype325.a(rpl.o)
                0x000000000002b5a0                rpl_lite_driver
 .rodata        0x000000000002b5f4       0x20 build/cooja/mtype325.a(coap-timer-defa)
                0x000000000002b608                coap_timer_default_driver
 .rodata        0x000000000002b614       0x25 build/cooja/mtype325.a(assert.o)
 *fill*         0x000000000002b639        0x3 
 .rodata        0x000000000002b63c        0xc build/cooja/mtype325.a(framer-802154.o)
                0x000000000002b63c                framer_802154
 .rodata        0x000000000002b648       0x44 build/cooja/mtype325.a(uip-sr.o)
 .rodata        0x000000000002b68c       0x58 build/cooja/mtype325.a(rpl-neighbor.o)
 .rodata        0x000000000002b6e4       0xdb build/cooja/mtype325.a(rpl-dag.o)
 .rodata        0x000000000002b7bf        0xc build/cooja/mtype325.a(rpl-timers.o)

.rodata1
 *(.rodata1)

.eh_frame_hdr   0x000000000002b7cc     0x1a04
 *(.eh_frame_hdr)
 .eh_frame_hdr  0x000000000002b7cc     0x1a04 coap_server_sprinkler.o
                0x000000000002b7cc                __GNU_EH_FRAME_HDR
 *(.eh_frame_entry .eh_frame_entry.*)

.eh_frame       0x000000000002d1d0     0x698c
 *(.eh_frame)
 .eh_frame      0x000000000002d1d0       0x3c /usr/lib/gcc/i686-linux-gnu/5/../../../i386-linux-gnu/crti.o
                                         0x40 (size before relaxing)
 .eh_frame      0x000000000002d20c       0x44 coap_server_sprinkler.o
                                         0x5c (size before relaxing)
 .eh_frame      0x000000000002d250      0x178 build/cooja/mtype325.o
                                        0x190 (size before relaxing)
 .eh_frame      0x000000000002d3c8       0x40 build/cooja/mtype325.a(simEnvChange.o)
                                         0x58 (size before relaxing)
 .eh_frame      0x000000000002d408       0x60 build/cooja/mtype325.a(cooja_mt.o)
                                         0x78 (size before relaxing)
 .eh_frame      0x000000000002d468       0x80 build/cooja/mtype325.a(cooja_mtarch.o)
                                         0x98 (size before relaxing)
 .eh_frame      0x000000000002d4e8       0xc8 build/cooja/mtype325.a(rtimer-arch.o)
                                         0xe0 (size before relaxing)
 .eh_frame      0x000000000002d5b0      0x160 build/cooja/mtype325.a(beep.o)
                                        0x178 (size before relaxing)
 .eh_frame      0x000000000002d710       0x80 build/cooja/mtype325.a(leds-arch.o)
                                         0x98 (size before relaxing)
 .eh_frame      0x000000000002d790       0x40 build/cooja/mtype325.a(moteid.o)
                                         0x58 (size before relaxing)
 .eh_frame      0x000000000002d7d0       0xa0 build/cooja/mtype325.a(pir-sensor.o)
                                         0xb8 (size before relaxing)
 .eh_frame      0x000000000002d870      0x100 build/cooja/mtype325.a(rs232.o)
                                        0x118 (size before relaxing)
 .eh_frame      0x000000000002d970       0xa0 build/cooja/mtype325.a(vib-sensor.o)
                                         0xb8 (size before relaxing)
 .eh_frame      0x000000000002da10       0xc0 build/cooja/mtype325.a(clock.o)
                                         0xd8 (size before relaxing)
 .eh_frame      0x000000000002dad0      0x120 build/cooja/mtype325.a(cooja-log.o)
                                        0x138 (size before relaxing)
 .eh_frame      0x000000000002dbf0      0x160 build/cooja/mtype325.a(cfs-cooja.o)
                                        0x178 (size before relaxing)
 .eh_frame      0x000000000002dd50      0x340 build/cooja/mtype325.a(cooja-radio.o)
                                        0x358 (size before relaxing)
 .eh_frame      0x000000000002e090       0xa0 build/cooja/mtype325.a(eeprom.o)
                                         0xb8 (size before relaxing)
 .eh_frame      0x000000000002e130       0x40 build/cooja/mtype325.a(random.o)
                                         0x58 (size before relaxing)
 .eh_frame      0x000000000002e170       0xc0 build/cooja/mtype325.a(sensors.o)
                                         0xd8 (size before relaxing)
 .eh_frame      0x000000000002e230      0x120 build/cooja/mtype325.a(leds.o)
                                        0x138 (size before relaxing)
 .eh_frame      0x000000000002e350      0x220 build/cooja/mtype325.a(gpio-hal-arch.o)
                                        0x238 (size before relaxing)
 .eh_frame      0x000000000002e570       0xa0 build/cooja/mtype325.a(buttons.o)
                                         0xb8 (size before relaxing)
 .eh_frame      0x000000000002e610       0x60 build/cooja/mtype325.a(res-temp.o)
                                         0x78 (size before relaxing)
 .eh_frame      0x000000000002e670       0x60 build/cooja/mtype325.a(res-sprinkler.o)
                                         0x78 (size before relaxing)
 .eh_frame      0x000000000002e6d0       0x40 build/cooja/mtype325.a(res-hum.o)
                                         0x58 (size before relaxing)
 .eh_frame      0x000000000002e710       0x44 build/cooja/mtype325.a(coap-blocking-a)
                                         0x5c (size before relaxing)
 .eh_frame      0x000000000002e754      0x220 build/cooja/mtype325.a(coap-engine.o)
                                        0x238 (size before relaxing)
 .eh_frame      0x000000000002e974       0x24 build/cooja/mtype325.a(coap-res-well-k)
                                         0x3c (size before relaxing)
 .eh_frame      0x000000000002e998      0x188 build/cooja/mtype325.a(coap-observe.o)
                                        0x1a0 (size before relaxing)
 .eh_frame      0x000000000002eb20      0x250 build/cooja/mtype325.a(coap-uip.o)
                                        0x268 (size before relaxing)
 .eh_frame      0x000000000002ed70      0x114 build/cooja/mtype325.a(coap-timer.o)
                                        0x12c (size before relaxing)
 .eh_frame      0x000000000002ee84      0x100 build/cooja/mtype325.a(coap-transactio)
                                        0x118 (size before relaxing)
 .eh_frame      0x000000000002ef84      0x6ec build/cooja/mtype325.a(coap.o)
                                        0x704 (size before relaxing)
 .eh_frame      0x000000000002f670       0x30 build/cooja/mtype325.a(contiki-main.o)
                                         0x48 (size before relaxing)
 .eh_frame      0x000000000002f6a0       0x40 build/cooja/mtype325.a(autostart.o)
                                         0x58 (size before relaxing)
 .eh_frame      0x000000000002f6e0      0x100 build/cooja/mtype325.a(ctimer.o)
                                        0x118 (size before relaxing)
 .eh_frame      0x000000000002f7e0      0x100 build/cooja/mtype325.a(log.o)
                                        0x118 (size before relaxing)
 .eh_frame      0x000000000002f8e0       0x60 build/cooja/mtype325.a(energest.o)
                                         0x78 (size before relaxing)
 .eh_frame      0x000000000002f940      0x1e0 build/cooja/mtype325.a(etimer.o)
                                        0x1f8 (size before relaxing)
 .eh_frame      0x000000000002fb20       0x20 build/cooja/mtype325.a(node-id.o)
                                         0x38 (size before relaxing)
 .eh_frame      0x000000000002fb40       0x60 build/cooja/mtype325.a(rtimer.o)
                                         0x78 (size before relaxing)
 .eh_frame      0x000000000002fba0      0x1c4 build/cooja/mtype325.a(process.o)
                                        0x1dc (size before relaxing)
 .eh_frame      0x000000000002fd64       0xa4 build/cooja/mtype325.a(timer.o)
                                         0xbc (size before relaxing)
 .eh_frame      0x000000000002fe08      0x1a0 build/cooja/mtype325.a(list.o)
                                        0x1b8 (size before relaxing)
 .eh_frame      0x000000000002ffa8       0xa0 build/cooja/mtype325.a(memb.o)
                                         0xb8 (size before relaxing)
 .eh_frame      0x0000000000030048      0x144 build/cooja/mtype325.a(button-hal.o)
                                        0x15c (size before relaxing)
 .eh_frame      0x000000000003018c       0x60 build/cooja/mtype325.a(serial-line.o)
                                         0x78 (size before relaxing)
 .eh_frame      0x00000000000301ec       0xe0 build/cooja/mtype325.a(gpio-hal.o)
                                         0xf8 (size before relaxing)
 .eh_frame      0x00000000000302cc      0x1a0 build/cooja/mtype325.a(queuebuf.o)
                                        0x1b8 (size before relaxing)
 .eh_frame      0x000000000003046c      0x28c build/cooja/mtype325.a(packetbuf.o)
                                        0x2a4 (size before relaxing)
 .eh_frame      0x00000000000306f8       0x80 build/cooja/mtype325.a(netstack.o)
                                         0x98 (size before relaxing)
 .eh_frame      0x0000000000030778       0x60 build/cooja/mtype325.a(linkaddr.o)
                                         0x78 (size before relaxing)
 .eh_frame      0x00000000000307d8       0xe0 build/cooja/mtype325.a(csma.o)
                                         0xf8 (size before relaxing)
 .eh_frame      0x00000000000308b8      0x1d0 build/cooja/mtype325.a(csma-output.o)
                                        0x1e8 (size before relaxing)
 .eh_frame      0x0000000000030a88      0x328 build/cooja/mtype325.a(uip-ds6.o)
                                        0x340 (size before relaxing)
 .eh_frame      0x0000000000030db0       0x40 build/cooja/mtype325.a(uip-udp-packet.)
                                         0x58 (size before relaxing)
 .eh_frame      0x0000000000030df0      0x220 build/cooja/mtype325.a(uip-ds6-route.o)
                                        0x238 (size before relaxing)
 .eh_frame      0x0000000000031010      0x244 build/cooja/mtype325.a(tcpip.o)
                                        0x25c (size before relaxing)
 .eh_frame      0x0000000000031254      0x1e8 build/cooja/mtype325.a(uip6.o)
                                        0x200 (size before relaxing)
 .eh_frame      0x000000000003143c      0x1c0 build/cooja/mtype325.a(uip-ds6-nbr.o)
                                        0x1d8 (size before relaxing)
 .eh_frame      0x00000000000315fc       0x84 build/cooja/mtype325.a(uip-nd6.o)
                                         0x9c (size before relaxing)
 .eh_frame      0x0000000000031680      0x2f8 build/cooja/mtype325.a(sicslowpan.o)
                                        0x310 (size before relaxing)
 .eh_frame      0x0000000000031978       0x88 build/cooja/mtype325.a(uiplib.o)
                                         0xa0 (size before relaxing)
 .eh_frame      0x0000000000031a00      0x1e0 build/cooja/mtype325.a(rpl.o)
                                        0x1f8 (size before relaxing)
 .eh_frame      0x0000000000031be0      0x1c4 build/cooja/mtype325.a(rpl-icmp6.o)
                                        0x1dc (size before relaxing)
 .eh_frame      0x0000000000031da4       0xa0 build/cooja/mtype325.a(rpl-dag-root.o)
                                         0xb8 (size before relaxing)
 .eh_frame      0x0000000000031e44       0xa0 build/cooja/mtype325.a(watchdog.o)
                                         0xb8 (size before relaxing)
 .eh_frame      0x0000000000031ee4       0x80 build/cooja/mtype325.a(int-master.o)
                                         0x98 (size before relaxing)
 .eh_frame      0x0000000000031f64       0xa4 build/cooja/mtype325.a(coap-timer-defa)
                                         0xbc (size before relaxing)
 .eh_frame      0x0000000000032008       0xc4 build/cooja/mtype325.a(stimer.o)
                                         0xdc (size before relaxing)
 .eh_frame      0x00000000000320cc       0xa0 build/cooja/mtype325.a(ringbuf.o)
                                         0xb8 (size before relaxing)
 .eh_frame      0x000000000003216c       0x20 build/cooja/mtype325.a(assert.o)
                                         0x38 (size before relaxing)
 .eh_frame      0x000000000003218c      0x2ac build/cooja/mtype325.a(nbr-table.o)
                                        0x2c4 (size before relaxing)
 .eh_frame      0x0000000000032438      0x120 build/cooja/mtype325.a(link-stats.o)
                                        0x138 (size before relaxing)
 .eh_frame      0x0000000000032558       0x48 build/cooja/mtype325.a(mac-sequence.o)
                                         0x60 (size before relaxing)
 .eh_frame      0x00000000000325a0       0x20 build/cooja/mtype325.a(mac.o)
                                         0x38 (size before relaxing)
 .eh_frame      0x00000000000325c0       0xa4 build/cooja/mtype325.a(framer-802154.o)
                                         0xbc (size before relaxing)
 .eh_frame      0x0000000000032664      0x1a4 build/cooja/mtype325.a(frame802154.o)
                                        0x1bc (size before relaxing)
 .eh_frame      0x0000000000032808       0x40 build/cooja/mtype325.a(csma-security.o)
                                         0x58 (size before relaxing)
 .eh_frame      0x0000000000032848      0x200 build/cooja/mtype325.a(uipbuf.o)
                                        0x218 (size before relaxing)
 .eh_frame      0x0000000000032a48      0x150 build/cooja/mtype325.a(uip-icmp6.o)
                                        0x168 (size before relaxing)
 .eh_frame      0x0000000000032b98      0x184 build/cooja/mtype325.a(uip-sr.o)
                                        0x19c (size before relaxing)
 .eh_frame      0x0000000000032d1c       0xe0 build/cooja/mtype325.a(uip-packetqueue)
                                         0xf8 (size before relaxing)
 .eh_frame      0x0000000000032dfc       0x80 build/cooja/mtype325.a(rpl-nbr-policy.)
                                         0x98 (size before relaxing)
 .eh_frame      0x0000000000032e7c      0x2d4 build/cooja/mtype325.a(rpl-neighbor.o)
                                        0x2ec (size before relaxing)
 .eh_frame      0x0000000000033150      0x370 build/cooja/mtype325.a(rpl-dag.o)
                                        0x388 (size before relaxing)
 .eh_frame      0x00000000000334c0      0x3a8 build/cooja/mtype325.a(rpl-timers.o)
                                        0x3c0 (size before relaxing)
 .eh_frame      0x0000000000033868      0x124 build/cooja/mtype325.a(rpl-ext-header.)
                                        0x13c (size before relaxing)
 .eh_frame      0x000000000003398c      0x148 build/cooja/mtype325.a(rpl-mrhof.o)
                                        0x160 (size before relaxing)
 .eh_frame      0x0000000000033ad4       0x84 /usr/lib/gcc/i686-linux-gnu/5/libgcc.a(_udivdi3.o)
                                         0x9c (size before relaxing)
 .eh_frame      0x0000000000033b58        0x4 /usr/lib/gcc/i686-linux-gnu/5/crtendS.o
 *(.eh_frame.*)

.gcc_except_table
 *(.gcc_except_table .gcc_except_table.*)

.gnu_extab
 *(.gnu_extab*)

.exception_ranges
 *(.exception_ranges .exception_ranges*)
                0x0000000000034f10                . = DATA_SEGMENT_ALIGN (0x1000, 0x1000)

.eh_frame
 *(.eh_frame)
 *(.eh_frame.*)

.gnu_extab
 *(.gnu_extab)

.gcc_except_table
 *(.gcc_except_table .gcc_except_table.*)

.exception_ranges
 *(.exception_ranges .exception_ranges*)

.tdata
 *(.tdata .tdata.* .gnu.linkonce.td.*)

.tbss
 *(.tbss .tbss.* .gnu.linkonce.tb.*)
 *(.tcommon)

.preinit_array
 *(.preinit_array)

.init_array     0x0000000000034f10        0x4
 *(SORT(.init_array.*) SORT(.ctors.*))
 *(.init_array EXCLUDE_FILE(*crtend?.o *crtend.o *crtbegin?.o *crtbegin.o) .ctors)
 .init_array    0x0000000000034f10        0x4 /usr/lib/gcc/i686-linux-gnu/5/crtbeginS.o

.fini_array     0x0000000000034f14        0x4
 *(SORT(.fini_array.*) SORT(.dtors.*))
 *(.fini_array EXCLUDE_FILE(*crtend?.o *crtend.o *crtbegin?.o *crtbegin.o) .dtors)
 .fini_array    0x0000000000034f14        0x4 /usr/lib/gcc/i686-linux-gnu/5/crtbeginS.o

.ctors
 *crtbegin.o(.ctors)
 *crtbegin?.o(.ctors)
 *(EXCLUDE_FILE(*crtend?.o *crtend.o) .ctors)
 *(SORT(.ctors.*))
 *(.ctors)

.dtors
 *crtbegin.o(.dtors)
 *crtbegin?.o(.dtors)
 *(EXCLUDE_FILE(*crtend?.o *crtend.o) .dtors)
 *(SORT(.dtors.*))
 *(.dtors)

.jcr            0x0000000000034f18        0x4
 *(.jcr)
 .jcr           0x0000000000034f18        0x0 /usr/lib/gcc/i686-linux-gnu/5/crtbeginS.o
 .jcr           0x0000000000034f18        0x4 /usr/lib/gcc/i686-linux-gnu/5/crtendS.o

.data.rel.ro
 *(.data.rel.ro.local* .gnu.linkonce.d.rel.ro.local.*)
 *(.data.rel.ro .data.rel.ro.* .gnu.linkonce.d.rel.ro.*)

.dynamic        0x0000000000034f1c       0xd0
 *(.dynamic)
 .dynamic       0x0000000000034f1c       0xd0 /usr/lib/gcc/i686-linux-gnu/5/../../../i386-linux-gnu/crti.o
                0x0000000000034f1c                _DYNAMIC

.got            0x0000000000034fec       0x14
 *(.got)
 .got           0x0000000000034fec       0x14 /usr/lib/gcc/i686-linux-gnu/5/../../../i386-linux-gnu/crti.o
 *(.igot)
                0x0000000000035ff4                . = DATA_SEGMENT_RELRO_END (., (SIZEOF (.got.plt) >= 0xc)?0xc:0x0)

.got.plt        0x0000000000035000        0xc
 *(.got.plt)
 .got.plt       0x0000000000035000        0xc /usr/lib/gcc/i686-linux-gnu/5/../../../i386-linux-gnu/crti.o
                0x0000000000035000                _GLOBAL_OFFSET_TABLE_
 *(.igot.plt)

.data           0x0000000000035020      0x524
 *(.data .data.* .gnu.linkonce.d.*)
 .data          0x0000000000035020        0x0 /usr/lib/gcc/i686-linux-gnu/5/../../../i386-linux-gnu/crti.o
 .data          0x0000000000035020        0x0 /usr/lib/gcc/i686-linux-gnu/5/crtbeginS.o
 .data.rel.local
                0x0000000000035020        0x4 /usr/lib/gcc/i686-linux-gnu/5/crtbeginS.o
                0x0000000000035020                __dso_handle
 .data          0x0000000000035024       0x1c coap_server_sprinkler.o
                0x0000000000035024                service_registration
                0x0000000000035030                sprinkler_node
 .data          0x0000000000035040       0x44 build/cooja/mtype325.o
                0x0000000000035040                simInterfaces
                0x0000000000035074                sensors
 .data          0x0000000000035084        0x0 build/cooja/mtype325.a(simEnvChange.o)
 .data          0x0000000000035084        0x0 build/cooja/mtype325.a(cooja_mt.o)
 .data          0x0000000000035084        0x0 build/cooja/mtype325.a(cooja_mtarch.o)
 .data          0x0000000000035084        0x0 build/cooja/mtype325.a(rtimer-arch.o)
 .data          0x0000000000035084        0x0 build/cooja/mtype325.a(beep.o)
 .data          0x0000000000035084        0x0 build/cooja/mtype325.a(leds-arch.o)
 .data          0x0000000000035084        0x0 build/cooja/mtype325.a(moteid.o)
 .data          0x0000000000035084        0x0 build/cooja/mtype325.a(pir-sensor.o)
 .data          0x0000000000035084        0x0 build/cooja/mtype325.a(rs232.o)
 .data          0x0000000000035084        0x0 build/cooja/mtype325.a(vib-sensor.o)
 .data          0x0000000000035084        0x0 build/cooja/mtype325.a(clock.o)
 .data          0x0000000000035084        0x0 build/cooja/mtype325.a(cooja-log.o)
 .data          0x0000000000035084        0x0 build/cooja/mtype325.a(cfs-cooja.o)
 .data          0x0000000000035084       0x2c build/cooja/mtype325.a(cooja-radio.o)
                0x0000000000035084                simRadioHWOn
                0x0000000000035088                simSignalStrength
                0x000000000003508c                simLastSignalStrength
                0x0000000000035090                simPower
                0x0000000000035094                simRadioChannel
                0x0000000000035098                simLQI
                0x00000000000350a0                cooja_radio_process
 .data          0x00000000000350b0        0x0 build/cooja/mtype325.a(eeprom.o)
 .data          0x00000000000350b0        0x0 build/cooja/mtype325.a(random.o)
 .data          0x00000000000350b0       0x10 build/cooja/mtype325.a(sensors.o)
                0x00000000000350b0                sensors_process
 .data          0x00000000000350c0        0x0 build/cooja/mtype325.a(leds.o)
 .data          0x00000000000350c0        0x0 build/cooja/mtype325.a(gpio-hal-arch.o)
 .data          0x00000000000350c0       0x78 build/cooja/mtype325.a(buttons.o)
                0x00000000000350c0                simButtonIsActive
                0x0000000000035130                button_hal_buttons
 *fill*         0x0000000000035138        0x8 
 .data          0x0000000000035140       0x44 build/cooja/mtype325.a(res-temp.o)
                0x0000000000035140                temp_value
                0x0000000000035144                threshold_temp
                0x0000000000035160                res_temp
 *fill*         0x0000000000035184       0x1c 
 .data          0x00000000000351a0       0x44 build/cooja/mtype325.a(res-sprinkler.o)
                0x00000000000351a0                is_on
                0x00000000000351c0                res_spri
 *fill*         0x00000000000351e4       0x1c 
 .data          0x0000000000035200       0x44 build/cooja/mtype325.a(res-hum.o)
                0x0000000000035200                hum_value
                0x0000000000035220                res_hum
 .data          0x0000000000035244        0x0 build/cooja/mtype325.a(coap-blocking-a)
 .data          0x0000000000035244        0x8 build/cooja/mtype325.a(coap-engine.o)
 *fill*         0x000000000003524c       0x14 
 .data          0x0000000000035260       0x24 build/cooja/mtype325.a(coap-res-well-k)
                0x0000000000035260                res_well_known_core
 .data          0x0000000000035284       0x10 build/cooja/mtype325.a(coap-observe.o)
 .data          0x0000000000035294       0x10 build/cooja/mtype325.a(coap-uip.o)
                0x0000000000035294                coap_engine
 .data          0x00000000000352a4        0x4 build/cooja/mtype325.a(coap-timer.o)
 .data          0x00000000000352a8       0x10 build/cooja/mtype325.a(coap-transactio)
 .data          0x00000000000352b8        0x4 build/cooja/mtype325.a(coap.o)
                0x00000000000352b8                coap_error_message
 .data          0x00000000000352bc        0x0 build/cooja/mtype325.a(contiki-main.o)
 .data          0x00000000000352bc        0x0 build/cooja/mtype325.a(autostart.o)
 .data          0x00000000000352bc       0x14 build/cooja/mtype325.a(ctimer.o)
                0x00000000000352c0                ctimer_process
 *fill*         0x00000000000352d0       0x10 
 .data          0x00000000000352e0       0xbc build/cooja/mtype325.a(log.o)
                0x00000000000352e0                curr_log_level_main
                0x0000000000035300                all_modules
 .data          0x000000000003539c        0x0 build/cooja/mtype325.a(energest.o)
 .data          0x000000000003539c       0x10 build/cooja/mtype325.a(etimer.o)
                0x000000000003539c                etimer_process
 .data          0x00000000000353ac        0x0 build/cooja/mtype325.a(node-id.o)
 .data          0x00000000000353ac        0x0 build/cooja/mtype325.a(rtimer.o)
 .data          0x00000000000353ac        0x0 build/cooja/mtype325.a(process.o)
 .data          0x00000000000353ac        0x0 build/cooja/mtype325.a(timer.o)
 .data          0x00000000000353ac        0x0 build/cooja/mtype325.a(list.o)
 .data          0x00000000000353ac        0x0 build/cooja/mtype325.a(memb.o)
 .data          0x00000000000353ac       0x10 build/cooja/mtype325.a(button-hal.o)
                0x00000000000353ac                button_hal_process
 .data          0x00000000000353bc       0x10 build/cooja/mtype325.a(serial-line.o)
                0x00000000000353bc                serial_line_process
 .data          0x00000000000353cc        0x4 build/cooja/mtype325.a(gpio-hal.o)
 .data          0x00000000000353d0       0x18 build/cooja/mtype325.a(queuebuf.o)
 .data          0x00000000000353e8        0x4 build/cooja/mtype325.a(packetbuf.o)
 .data          0x00000000000353ec        0x4 build/cooja/mtype325.a(netstack.o)
 .data          0x00000000000353f0        0x0 build/cooja/mtype325.a(linkaddr.o)
 .data          0x00000000000353f0        0x0 build/cooja/mtype325.a(csma.o)
 .data          0x00000000000353f0       0x28 build/cooja/mtype325.a(csma-output.o)
 .data          0x0000000000035418        0x0 build/cooja/mtype325.a(uip-ds6.o)
 .data          0x0000000000035418        0x0 build/cooja/mtype325.a(uip-udp-packet.)
 .data          0x0000000000035418       0x10 build/cooja/mtype325.a(uip-ds6-route.o)
 .data          0x0000000000035428       0x10 build/cooja/mtype325.a(tcpip.o)
                0x0000000000035428                tcpip_process
 .data          0x0000000000035438        0x0 build/cooja/mtype325.a(uip6.o)
 .data          0x0000000000035438       0x14 build/cooja/mtype325.a(uip-ds6-nbr.o)
 .data          0x000000000003544c        0xc build/cooja/mtype325.a(uip-nd6.o)
 .data          0x0000000000035458        0x0 build/cooja/mtype325.a(sicslowpan.o)
 .data          0x0000000000035458        0x0 build/cooja/mtype325.a(uiplib.o)
 .data          0x0000000000035458        0x0 build/cooja/mtype325.a(rpl.o)
 .data          0x0000000000035458       0x30 build/cooja/mtype325.a(rpl-icmp6.o)
 .data          0x0000000000035488        0x0 build/cooja/mtype325.a(rpl-dag-root.o)
 .data          0x0000000000035488        0x0 build/cooja/mtype325.a(watchdog.o)
 .data          0x0000000000035488        0x0 build/cooja/mtype325.a(int-master.o)
 .data          0x0000000000035488       0x10 build/cooja/mtype325.a(coap-timer-defa)
                0x0000000000035488                coap_timer_process
 .data          0x0000000000035498        0x0 build/cooja/mtype325.a(stimer.o)
 .data          0x0000000000035498        0x0 build/cooja/mtype325.a(ringbuf.o)
 .data          0x0000000000035498        0x0 build/cooja/mtype325.a(assert.o)
 .data          0x0000000000035498       0x10 build/cooja/mtype325.a(nbr-table.o)
 .data          0x00000000000354a8       0x14 build/cooja/mtype325.a(link-stats.o)
 .data          0x00000000000354bc        0x0 build/cooja/mtype325.a(mac-sequence.o)
 .data          0x00000000000354bc        0x0 build/cooja/mtype325.a(mac.o)
 .data          0x00000000000354bc        0x0 build/cooja/mtype325.a(framer-802154.o)
 .data          0x00000000000354bc        0x2 build/cooja/mtype325.a(frame802154.o)
 .data          0x00000000000354be        0x0 build/cooja/mtype325.a(csma-security.o)
 .data          0x00000000000354be        0x0 build/cooja/mtype325.a(uipbuf.o)
 *fill*         0x00000000000354be        0x2 
 .data          0x00000000000354c0       0x20 build/cooja/mtype325.a(uip-icmp6.o)
 .data          0x00000000000354e0       0x10 build/cooja/mtype325.a(uip-sr.o)
 .data          0x00000000000354f0        0xc build/cooja/mtype325.a(uip-packetqueue)
 .data          0x00000000000354fc        0x0 build/cooja/mtype325.a(rpl-nbr-policy.)
 .data          0x00000000000354fc       0x14 build/cooja/mtype325.a(rpl-neighbor.o)
                0x000000000003550c                rpl_neighbors
 .data          0x0000000000035510        0x0 build/cooja/mtype325.a(rpl-dag.o)
 .data          0x0000000000035510        0x0 build/cooja/mtype325.a(rpl-timers.o)
 .data          0x0000000000035510        0x0 build/cooja/mtype325.a(rpl-ext-header.)
 *fill*         0x0000000000035510       0x10 
 .data          0x0000000000035520       0x24 build/cooja/mtype325.a(rpl-mrhof.o)
                0x0000000000035520                rpl_mrhof
 .data          0x0000000000035544        0x0 /usr/lib/gcc/i686-linux-gnu/5/libgcc.a(_udivdi3.o)
 .data          0x0000000000035544        0x0 /usr/lib/gcc/i686-linux-gnu/5/crtendS.o
 .data          0x0000000000035544        0x0 /usr/lib/gcc/i686-linux-gnu/5/../../../i386-linux-gnu/crtn.o

.tm_clone_table
                0x0000000000035544        0x0
 .tm_clone_table
                0x0000000000035544        0x0 /usr/lib/gcc/i686-linux-gnu/5/crtbeginS.o
 .tm_clone_table
                0x0000000000035544        0x0 /usr/lib/gcc/i686-linux-gnu/5/crtendS.o

.data1
 *(.data1)
                0x0000000000035544                _edata = .
                [!provide]                        PROVIDE (edata, .)
                0x0000000000035544                . = .
                0x0000000000035544                __bss_start = .

.bss            0x0000000000035560    0x13f84
 *(.dynbss)
 .dynbss        0x0000000000035560        0x0 /usr/lib/gcc/i686-linux-gnu/5/../../../i386-linux-gnu/crti.o
 *(.bss .bss.* .gnu.linkonce.b.*)
 .bss           0x0000000000035560        0x0 /usr/lib/gcc/i686-linux-gnu/5/../../../i386-linux-gnu/crti.o
 .bss           0x0000000000035560        0x1 /usr/lib/gcc/i686-linux-gnu/5/crtbeginS.o
 *fill*         0x0000000000035561       0x1f 
 .bss           0x0000000000035580      0x12c coap_server_sprinkler.o
                0x0000000000035580                registered
 *fill*         0x00000000000356ac       0x14 
 .bss           0x00000000000356c0     0x2030 build/cooja/mtype325.o
 .bss           0x00000000000376f0        0x1 build/cooja/mtype325.a(simEnvChange.o)
                0x00000000000376f0                simDontFallAsleep
 *fill*         0x00000000000376f1        0x3 
 .bss           0x00000000000376f4        0x4 build/cooja/mtype325.a(cooja_mt.o)
 .bss           0x00000000000376f8        0x4 build/cooja/mtype325.a(cooja_mtarch.o)
 .bss           0x00000000000376fc        0x0 build/cooja/mtype325.a(rtimer-arch.o)
 .bss           0x00000000000376fc        0x0 build/cooja/mtype325.a(beep.o)
 .bss           0x00000000000376fc        0x1 build/cooja/mtype325.a(leds-arch.o)
                0x00000000000376fc                simLedsValue
 .bss           0x00000000000376fd        0x0 build/cooja/mtype325.a(moteid.o)
 .bss           0x00000000000376fd        0x1 build/cooja/mtype325.a(pir-sensor.o)
                0x00000000000376fd                simPirValue
 *fill*         0x00000000000376fe        0x2 
 .bss           0x0000000000037700        0x4 build/cooja/mtype325.a(rs232.o)
 .bss           0x0000000000037704        0x1 build/cooja/mtype325.a(vib-sensor.o)
                0x0000000000037704                simVibValue
 .bss           0x0000000000037705        0x0 build/cooja/mtype325.a(clock.o)
 *fill*         0x0000000000037705       0x1b 
 .bss           0x0000000000037720     0x2020 build/cooja/mtype325.a(cooja-log.o)
 .bss           0x0000000000039740      0xfc0 build/cooja/mtype325.a(cfs-cooja.o)
                0x0000000000039740                simCFSData
                0x000000000003a6e0                simCFSSize
                0x000000000003a6e4                simCFSChanged
                0x000000000003a6e8                simCFSRead
                0x000000000003a6ec                simCFSWritten
 .bss           0x000000000003a700       0x24 build/cooja/mtype325.a(cooja-radio.o)
                0x000000000003a700                simReceiving
                0x000000000003a704                simInSize
                0x000000000003a708                simLastPacketTimestamp
                0x000000000003a710                simOutSize
 .bss           0x000000000003a724        0xc build/cooja/mtype325.a(eeprom.o)
                0x000000000003a724                simEEPROMChanged
                0x000000000003a728                simEEPROMRead
                0x000000000003a72c                simEEPROMWritten
 .bss           0x000000000003a730        0x0 build/cooja/mtype325.a(random.o)
 .bss           0x000000000003a730        0xc build/cooja/mtype325.a(sensors.o)
 .bss           0x000000000003a73c        0x0 build/cooja/mtype325.a(leds.o)
 .bss           0x000000000003a73c       0x24 build/cooja/mtype325.a(gpio-hal-arch.o)
 .bss           0x000000000003a760        0x0 build/cooja/mtype325.a(buttons.o)
 .bss           0x000000000003a760        0x8 build/cooja/mtype325.a(res-temp.o)
                0x000000000003a760                ideal_temp
                0x000000000003a764                success
 .bss           0x000000000003a768        0x4 build/cooja/mtype325.a(res-sprinkler.o)
 .bss           0x000000000003a76c        0x1 build/cooja/mtype325.a(res-hum.o)
                0x000000000003a76c                ideal_hum
 .bss           0x000000000003a76d        0x0 build/cooja/mtype325.a(coap-blocking-a)
 *fill*         0x000000000003a76d       0x13 
 .bss           0x000000000003a780      0x190 build/cooja/mtype325.a(coap-engine.o)
 .bss           0x000000000003a910        0x0 build/cooja/mtype325.a(coap-res-well-k)
 *fill*         0x000000000003a910       0x10 
 .bss           0x000000000003a920      0x120 build/cooja/mtype325.a(coap-observe.o)
 .bss           0x000000000003aa40       0x18 build/cooja/mtype325.a(coap-uip.o)
 .bss           0x000000000003aa58        0x5 build/cooja/mtype325.a(coap-timer.o)
 *fill*         0x000000000003aa5d        0x3 
 .bss           0x000000000003aa60      0x334 build/cooja/mtype325.a(coap-transactio)
 .bss           0x000000000003ad94        0x6 build/cooja/mtype325.a(coap.o)
                0x000000000003ad94                coap_status_code
 .bss           0x000000000003ad9a        0x0 build/cooja/mtype325.a(contiki-main.o)
 .bss           0x000000000003ad9a        0x0 build/cooja/mtype325.a(autostart.o)
 *fill*         0x000000000003ad9a        0x2 
 .bss           0x000000000003ad9c        0x5 build/cooja/mtype325.a(ctimer.o)
 *fill*         0x000000000003ada1        0x3 
 .bss           0x000000000003ada4       0x2c build/cooja/mtype325.a(log.o)
                0x000000000003ada4                curr_log_level_rpl
                0x000000000003ada8                curr_log_level_tcpip
                0x000000000003adac                curr_log_level_ipv6
                0x000000000003adb0                curr_log_level_6lowpan
                0x000000000003adb4                curr_log_level_nullnet
                0x000000000003adb8                curr_log_level_mac
                0x000000000003adbc                curr_log_level_framer
                0x000000000003adc0                curr_log_level_6top
                0x000000000003adc4                curr_log_level_coap
                0x000000000003adc8                curr_log_level_snmp
                0x000000000003adcc                curr_log_level_lwm2m
 .bss           0x000000000003add0        0x0 build/cooja/mtype325.a(energest.o)
 .bss           0x000000000003add0        0x8 build/cooja/mtype325.a(etimer.o)
 .bss           0x000000000003add8        0x2 build/cooja/mtype325.a(node-id.o)
                0x000000000003add8                node_id
 *fill*         0x000000000003adda        0x2 
 .bss           0x000000000003addc        0x4 build/cooja/mtype325.a(rtimer.o)
 .bss           0x000000000003ade0      0x1a1 build/cooja/mtype325.a(process.o)
                0x000000000003ade0                process_list
                0x000000000003ade4                process_current
 .bss           0x000000000003af81        0x0 build/cooja/mtype325.a(timer.o)
 .bss           0x000000000003af81        0x0 build/cooja/mtype325.a(list.o)
 .bss           0x000000000003af81        0x0 build/cooja/mtype325.a(memb.o)
 *fill*         0x000000000003af81        0x3 
 .bss           0x000000000003af84       0x10 build/cooja/mtype325.a(button-hal.o)
 *fill*         0x000000000003af94        0xc 
 .bss           0x000000000003afa0      0x140 build/cooja/mtype325.a(serial-line.o)
 .bss           0x000000000003b0e0        0x4 build/cooja/mtype325.a(gpio-hal.o)
 *fill*         0x000000000003b0e4       0x1c 
 .bss           0x000000000003b100     0x2c80 build/cooja/mtype325.a(queuebuf.o)
 .bss           0x000000000003dd80       0xa0 build/cooja/mtype325.a(packetbuf.o)
 .bss           0x000000000003de20        0x4 build/cooja/mtype325.a(netstack.o)
 .bss           0x000000000003de24        0x0 build/cooja/mtype325.a(linkaddr.o)