Archive member included to satisfy reference by file (symbol)

build/cooja/mtype539.a(simEnvChange.o)
                              build/cooja/mtype539.o (simDontFallAsleep)
build/cooja/mtype539.a(cooja_mt.o)
                              build/cooja/mtype539.o (cooja_mt_start)
build/cooja/mtype539.a(cooja_mtarch.o)
                              build/cooja/mtype539.a(cooja_mt.o) (cooja_mtarch_start)
build/cooja/mtype539.a(rtimer-arch.o)
                              build/cooja/mtype539.o (rtimer_arch_check)
build/cooja/mtype539.a(beep.o)
                              build/cooja/mtype539.o (beep_interface)
build/cooja/mtype539.a(leds-arch.o)
                              build/cooja/mtype539.o (leds_interface)
build/cooja/mtype539.a(moteid.o)
                              build/cooja/mtype539.o (moteid_interface)
build/cooja/mtype539.a(pir-sensor.o)
                              build/cooja/mtype539.o (pir_interface)
build/cooja/mtype539.a(rs232.o)
                              build/cooja/mtype539.o (rs232_interface)
build/cooja/mtype539.a(vib-sensor.o)
                              build/cooja/mtype539.o (vib_interface)
build/cooja/mtype539.a(clock.o)
                              build/cooja/mtype539.o (clock_interface)
build/cooja/mtype539.a(cooja-log.o)
                              build/cooja/mtype539.o (simlog_interface)
build/cooja/mtype539.a(cfs-cooja.o)
                              build/cooja/mtype539.o (cfs_interface)
build/cooja/mtype539.a(cooja-radio.o)
                              build/cooja/mtype539.o (radio_interface)
build/cooja/mtype539.a(eeprom.o)
                              build/cooja/mtype539.o (eeprom_interface)
build/cooja/mtype539.a(random.o)
                              build/cooja/mtype539.a(moteid.o) (random_init)
build/cooja/mtype539.a(sensors.o)
                              build/cooja/mtype539.a(pir-sensor.o) (sensors_changed)
build/cooja/mtype539.a(leds.o)
                              coap_server_sprinkler.o (leds_set)
build/cooja/mtype539.a(gpio-hal-arch.o)
                              build/cooja/mtype539.a(leds-arch.o) (gpio_hal_arch_register_pin_callback)
build/cooja/mtype539.a(buttons.o)
                              build/cooja/mtype539.o (button_interface)
build/cooja/mtype539.a(res-temp.o)
                              coap_server_sprinkler.o (temp_value)
build/cooja/mtype539.a(res-sprinkler.o)
                              coap_server_sprinkler.o (is_on)
build/cooja/mtype539.a(res-hum.o)
                              coap_server_sprinkler.o (hum_value)
build/cooja/mtype539.a(coap-engine.o)
                              coap_server_sprinkler.o (coap_activate_resource)
build/cooja/mtype539.a(coap-res-well-k)
                              build/cooja/mtype539.a(coap-engine.o) (res_well_known_core)
build/cooja/mtype539.a(coap-observe.o)
                              build/cooja/mtype539.a(coap-engine.o) (coap_remove_observer_by_mid)
build/cooja/mtype539.a(coap-uip.o)
                              build/cooja/mtype539.a(coap-observe.o) (coap_endpoint_copy)
build/cooja/mtype539.a(coap-timer.o)
                              build/cooja/mtype539.a(coap-engine.o) (coap_timer_set)
build/cooja/mtype539.a(coap-transactio)
                              build/cooja/mtype539.a(coap-engine.o) (coap_send_transaction)
build/cooja/mtype539.a(coap.o)
                              build/cooja/mtype539.a(coap-engine.o) (coap_status_code)
build/cooja/mtype539.a(contiki-main.o)
                              build/cooja/mtype539.o (main)
build/cooja/mtype539.a(autostart.o)
                              build/cooja/mtype539.a(contiki-main.o) (autostart_start)
build/cooja/mtype539.a(ctimer.o)
                              build/cooja/mtype539.a(contiki-main.o) (ctimer_init)
build/cooja/mtype539.a(log.o)
                              build/cooja/mtype539.a(contiki-main.o) (curr_log_level_main)
build/cooja/mtype539.a(energest.o)
                              build/cooja/mtype539.a(contiki-main.o) (energest_init)
build/cooja/mtype539.a(etimer.o)
                              build/cooja/mtype539.a(contiki-main.o) (etimer_process)
build/cooja/mtype539.a(node-id.o)
                              build/cooja/mtype539.a(contiki-main.o) (node_id)
build/cooja/mtype539.a(rtimer.o)
                              build/cooja/mtype539.a(contiki-main.o) (rtimer_init)
build/cooja/mtype539.a(process.o)
                              build/cooja/mtype539.a(ctimer.o) (process_current)
build/cooja/mtype539.a(timer.o)
                              build/cooja/mtype539.a(etimer.o) (timer_set)
build/cooja/mtype539.a(list.o)
                              build/cooja/mtype539.a(coap-engine.o) (list_init)
build/cooja/mtype539.a(memb.o)
                              build/cooja/mtype539.a(coap-observe.o) (memb_alloc)
build/cooja/mtype539.a(button-hal.o)
                              build/cooja/mtype539.o (button_hal_init)
build/cooja/mtype539.a(serial-line.o)
[...]
Memory Configuration

Name             Origin             Length             Attributes
*default*        0x0000000000000000 0xffffffffffffffff

Linker script and memory map

LOAD /usr/lib/gcc/i686-linux-gnu/5/../../../i386-linux-gnu/crti.o
LOAD /usr/lib/gcc/i686-linux-gnu/5/crtbeginS.o
LOAD coap_server_sprinkler.o
LOAD build/cooja/mtype539.o
LOAD build/cooja/mtype539.a
LOAD /usr/lib/gcc/i686-linux-gnu/5/libgcc.a
LOAD /usr/lib/gcc/i686-linux-gnu/5/libgcc_s.so
LOAD /usr/lib/gcc/i686-linux-gnu/5/../../../i386-linux-gnu/libc.so
START GROUP
LOAD /lib/i386-linux-gnu/libc.so.6
LOAD /usr/lib/i386-linux-gnu/libc_nonshared.a
LOAD /lib/i386-linux-gnu/ld-linux.so.2
END GROUP
LOAD /usr/lib/gcc/i686-linux-gnu/5/libgcc.a
LOAD /usr/lib/gcc/i686-linux-gnu/5/libgcc_s.so
LOAD /usr/lib/gcc/i686-linux-gnu/5/crtendS.o
LOAD /usr/lib/gcc/i686-linux-gnu/5/../../../i386-linux-gnu/crtn.o
                0x0000000000000114                . = (0x0 + SIZEOF_HEADERS)

.note.gnu.build-id
                0x0000000000000114       0x24
 *(.note.gnu.build-id)
 .note.gnu.build-id
                0x0000000000000114       0x24 /usr/lib/gcc/i686-linux-gnu/5/../../../i386-linux-gnu/crti.o

.hash
 *(.hash)

.gnu.hash       0x0000000000000138     0x15bc
 *(.gnu.hash)
 .gnu.hash      0x0000000000000138     0x15bc /usr/lib/gcc/i686-linux-gnu/5/../../../i386-linux-gnu/crti.o

.dynsym         0x00000000000016f4     0x2f90
 *(.dynsym)
 .dynsym        0x00000000000016f4     0x2f90 /usr/lib/gcc/i686-linux-gnu/5/../../../i386-linux-gnu/crti.o

.dynstr         0x0000000000004684     0x36e5
 *(.dynstr)
 .dynstr        0x0000000000004684     0x36e5 /usr/lib/gcc/i686-linux-gnu/5/../../../i386-linux-gnu/crti.o

.gnu.version    0x0000000000007d6a      0x5f2
 *(.gnu.version)
 .gnu.version   0x0000000000007d6a      0x5f2 /usr/lib/gcc/i686-linux-gnu/5/../../../i386-linux-gnu/crti.o

.gnu.version_d  0x000000000000835c        0x0
 *(.gnu.version_d)
 .gnu.version_d
                0x000000000000835c        0x0 /usr/lib/gcc/i686-linux-gnu/5/../../../i386-linux-gnu/crti.o

.gnu.version_r  0x000000000000835c       0x40
 *(.gnu.version_r)
 .gnu.version_r
                0x000000000000835c       0x40 /usr/lib/gcc/i686-linux-gnu/5/../../../i386-linux-gnu/crti.o

.rel.dyn        0x000000000000839c     0x97d8
 *(.rel.init)
 .rel.init      0x000000000000839c        0x0 /usr/lib/gcc/i686-linux-gnu/5/../../../i386-linux-gnu/crti.o
 *(.rel.text .rel.text.* .rel.gnu.linkonce.t.*)
 .rel.text      0x000000000000839c     0x8dc0 /usr/lib/gcc/i686-linux-gnu/5/../../../i386-linux-gnu/crti.o
 *(.rel.fini)
 .rel.fini      0x000000000001115c        0x0 /usr/lib/gcc/i686-linux-gnu/5/../../../i386-linux-gnu/crti.o
 *(.rel.rodata .rel.rodata.* .rel.gnu.linkonce.r.*)
 .rel.rodata    0x000000000001115c      0x588 /usr/lib/gcc/i686-linux-gnu/5/../../../i386-linux-gnu/crti.o
 *(.rel.data.rel.ro .rel.data.rel.ro.* .rel.gnu.linkonce.d.rel.ro.*)
 *(.rel.data .rel.data.* .rel.gnu.linkonce.d.*)
 .rel.data.rel.local
                0x00000000000116e4        0x8 /usr/lib/gcc/i686-linux-gnu/5/../../../i386-linux-gnu/crti.o
 .rel.data      0x00000000000116ec      0x450 /usr/lib/gcc/i686-linux-gnu/5/../../../i386-linux-gnu/crti.o
 *(.rel.tdata .rel.tdata.* .rel.gnu.linkonce.td.*)
 *(.rel.tbss .rel.tbss.* .rel.gnu.linkonce.tb.*)
 *(.rel.ctors)
 *(.rel.dtors)
 *(.rel.got)
 .rel.got       0x0000000000011b3c       0x28 /usr/lib/gcc/i686-linux-gnu/5/../../../i386-linux-gnu/crti.o
 *(.rel.bss .rel.bss.* .rel.gnu.linkonce.b.*)
 *(.rel.ifunc)
 .rel.ifunc     0x0000000000011b64        0x0 /usr/lib/gcc/i686-linux-gnu/5/../../../i386-linux-gnu/crti.o
 .rel.fini_array
                0x0000000000011b64        0x8 /usr/lib/gcc/i686-linux-gnu/5/../../../i386-linux-gnu/crti.o
 .rel.init_array
                0x0000000000011b6c        0x8 /usr/lib/gcc/i686-linux-gnu/5/../../../i386-linux-gnu/crti.o

.rel.plt        0x0000000000011b74        0x0
 *(.rel.plt)
 .rel.plt       0x0000000000011b74        0x0 /usr/lib/gcc/i686-linux-gnu/5/../../../i386-linux-gnu/crti.o
 *(.rel.iplt)

.init           0x0000000000011b74       0x23
 *(SORT(.init))
 .init          0x0000000000011b74       0x1e /usr/lib/gcc/i686-linux-gnu/5/../../../i386-linux-gnu/crti.o
                0x0000000000011b74                _init
 .init          0x0000000000011b92        0x5 /usr/lib/gcc/i686-linux-gnu/5/../../../i386-linux-gnu/crtn.o

.plt            0x0000000000011ba0       0x10
 *(.plt)
 .plt           0x0000000000011ba0       0x10 /usr/lib/gcc/i686-linux-gnu/5/../../../i386-linux-gnu/crti.o
 *(.iplt)

.plt.got        0x0000000000011bb0       0x10
 *(.plt.got)
 .plt.got       0x0000000000011bb0       0x10 /usr/lib/gcc/i686-linux-gnu/5/../../../i386-linux-gnu/crti.o

.text           0x0000000000011bc0    0x18e32
 *(.text.unlikely .text.*_unlikely .text.unlikely.*)
 .text.unlikely
                0x0000000000011bc0        0x0 /usr/lib/gcc/i686-linux-gnu/5/crtbeginS.o
 .text.unlikely
                0x0000000000011bc0        0x0 /usr/lib/gcc/i686-linux-gnu/5/libgcc.a(_udivdi3.o)
 *(.text.exit .text.exit.*)
 *(.text.startup .text.startup.*)
 *(.text.hot .text.hot.*)
 *(.text .stub .text.* .gnu.linkonce.t.*)
 .text          0x0000000000011bc0        0x0 /usr/lib/gcc/i686-linux-gnu/5/../../../i386-linux-gnu/crti.o
 .gnu.linkonce.t.__x86.get_pc_thunk.bx
                0x0000000000011bc0        0x4 /usr/lib/gcc/i686-linux-gnu/5/../../../i386-linux-gnu/crti.o
                0x0000000000011bc0                __x86.get_pc_thunk.bx
 *fill*         0x0000000000011bc4        0xc 
 .text          0x0000000000011bd0      0x11c /usr/lib/gcc/i686-linux-gnu/5/crtbeginS.o
 .text.__x86.get_pc_thunk.dx
                0x0000000000011cec        0x4 /usr/lib/gcc/i686-linux-gnu/5/crtbeginS.o
                0x0000000000011cec                __x86.get_pc_thunk.dx
 .text          0x0000000000011cf0      0x3bd coap_server_sprinkler.o
                0x0000000000011cf0                client_chunk_handler
 .text          0x00000000000120ad      0x283 build/cooja/mtype539.o
                0x000000000001213f                platform_init_stage_one
                0x0000000000012152                platform_init_stage_two
                0x0000000000012165                platform_init_stage_three
                0x0000000000012178                platform_main_loop
                0x00000000000121eb                Java_org_contikios_cooja_corecomm_Lib4_init
                0x0000000000012222                Java_org_contikios_cooja_corecomm_Lib4_getMemory
                0x0000000000012255                Java_org_contikios_cooja_corecomm_Lib4_setMemory
                0x00000000000122b5                Java_org_contikios_cooja_corecomm_Lib4_tick
                0x000000000001231d                Java_org_contikios_cooja_corecomm_Lib4_setReferenceAddress
 .text          0x0000000000012330       0x65 build/cooja/mtype539.a(simEnvChange.o)
                0x0000000000012330                doActionsBeforeTick
                0x0000000000012362                doActionsAfterTick
 .text          0x0000000000012395       0x83 build/cooja/mtype539.a(cooja_mt.o)
                0x0000000000012395                cooja_mt_start
                0x00000000000123bf                cooja_mt_exec
                0x00000000000123f5                cooja_mt_yield
 .text          0x0000000000012418       0xbe build/cooja/mtype539.a(cooja_mtarch.o)
                0x0000000000012418                cooja_mtarch_start
                0x000000000001248b                cooja_sw
                0x00000000000124ae                cooja_mtarch_exec
                0x00000000000124cb                cooja_mtarch_yield
 .text          0x00000000000124d6       0xc5 build/cooja/mtype539.a(rtimer-arch.o)
                0x00000000000124d6                rtimer_arch_init
                0x00000000000124fa                rtimer_arch_schedule
                0x000000000001252a                rtimer_arch_next
                0x000000000001253a                rtimer_arch_pending
                0x0000000000012544                rtimer_arch_check
                0x000000000001258b                rtimer_arch_now
 .text          0x000000000001259b       0x81 build/cooja/mtype539.a(beep.o)
                0x000000000001259b                beep_alarm
                0x00000000000125a8                beep_beep
                0x00000000000125b5                beep
                0x00000000000125c2                beep_down
                0x00000000000125cf                beep_on
                0x00000000000125dc                beep_off
                0x00000000000125e9                beep_spinup
                0x00000000000125f6                beep_quick
                0x0000000000012603                beep_long
 .text          0x000000000001261c       0x65 build/cooja/mtype539.a(leds-arch.o)
                0x000000000001262f                leds_arch_init
 .text          0x0000000000012681       0x35 build/cooja/mtype539.a(moteid.o)
 .text          0x00000000000126b6       0xb7 build/cooja/mtype539.a(pir-sensor.o)
 .text          0x000000000001276d      0x148 build/cooja/mtype539.a(rs232.o)
                0x000000000001276d                rs232_init
                0x0000000000012773                rs232_set_speed
                0x0000000000012782                rs232_set_input
                0x0000000000012790                rs232_send
                0x00000000000127b4                rs232_print
                0x00000000000127d0                slip_arch_writeb
 .text          0x00000000000128b5       0xb7 build/cooja/mtype539.a(vib-sensor.o)
 .text          0x000000000001296c       0x38 build/cooja/mtype539.a(clock.o)
                0x000000000001296c                clock_init
                0x0000000000012972                clock_time
                0x000000000001297c                clock_seconds
                0x0000000000012992                clock_delay
 .text          0x00000000000129a4      0x219 build/cooja/mtype539.a(cooja-log.o)
                0x00000000000129a4                simlog_char
                0x00000000000129e7                simlog
                0x0000000000012a5d                log_message
                0x0000000000012a8e                log_set_putchar_with_slip
                0x0000000000012a9c                log_putchar
                0x0000000000012b17                log_puts
                0x0000000000012b3f                log_printf
 .text          0x0000000000012bbd      0x2b9 build/cooja/mtype539.a(cfs-cooja.o)
                0x0000000000012bbd                cfs_open
                0x0000000000012c26                cfs_close
                0x0000000000012c33                cfs_read
                0x0000000000012cc8                cfs_write
                0x0000000000012da4                cfs_seek
                0x0000000000012e2c                cfs_remove
                0x0000000000012e50                cfs_opendir
                0x0000000000012e5a                cfs_readdir
                0x0000000000012e64                cfs_closedir
 .text          0x0000000000012e76      0x620 build/cooja/mtype539.a(cooja-radio.o)
                0x0000000000012eb8                radio_set_channel
                0x0000000000012ec6                radio_set_txpower
                0x0000000000012ede                radio_signal_strength_last
                0x0000000000012ee8                radio_signal_strength_current
                0x0000000000012ef2                radio_LQI
 .text          0x0000000000013496       0xee build/cooja/mtype539.a(eeprom.o)
                0x0000000000013496                eeprom_init
                0x000000000001349c                eeprom_read
                0x000000000001350a                eeprom_write
 .text          0x0000000000013584       0x2d build/cooja/mtype539.a(random.o)
                0x0000000000013584                random_init
                0x00000000000135a4                random_rand
 .text          0x00000000000135b1      0x29c build/cooja/mtype539.a(sensors.o)
                0x00000000000135ec                sensors_first
                0x00000000000135f6                sensors_next
                0x0000000000013610                sensors_changed
                0x0000000000013644                sensors_find
 .text          0x000000000001384d      0x349 build/cooja/mtype539.a(leds.o)
                0x000000000001384d                leds_init
                0x0000000000013894                leds_single_on
                0x00000000000138f3                leds_single_off
                0x0000000000013952                leds_single_toggle
                0x0000000000013984                leds_on
                0x0000000000013a06                leds_off
                0x0000000000013a88                leds_toggle
                0x0000000000013add                leds_set
                0x0000000000013b09                leds_get
 .text          0x0000000000013b96      0x343 build/cooja/mtype539.a(gpio-hal-arch.o)
                0x0000000000013b96                gpio_hal_arch_register_pin_callback
                0x0000000000013c02                gpio_hal_arch_init
                0x0000000000013c47                gpio_hal_arch_no_port_interrupt_enable
                0x0000000000013c77                gpio_hal_arch_no_port_interrupt_disable
                0x0000000000013ca7                gpio_hal_arch_no_port_pin_cfg_set
                0x0000000000013ccc                gpio_hal_arch_no_port_pin_cfg_get
                0x0000000000013cf2                gpio_hal_arch_no_port_pin_set_input
                0x0000000000013d04                gpio_hal_arch_no_port_pin_set_output
                0x0000000000013d16                gpio_hal_arch_no_port_set_pin
                0x0000000000013d37                gpio_hal_arch_no_port_clear_pin
                0x0000000000013d58                gpio_hal_arch_no_port_read_pin
                0x0000000000013d7e                gpio_hal_arch_no_port_write_pin
                0x0000000000013da8                gpio_hal_arch_no_port_set_pins
                0x0000000000013def                gpio_hal_arch_no_port_clear_pins
                0x0000000000013e36                gpio_hal_arch_no_port_read_pins
                0x0000000000013e79                gpio_hal_arch_no_port_write_pins
 .text          0x0000000000013ed9       0x89 build/cooja/mtype539.a(buttons.o)
 .text          0x0000000000013f62      0x3c9 build/cooja/mtype539.a(res-temp.o)
 .text          0x000000000001432b      0x457 build/cooja/mtype539.a(res-sprinkler.o)
 .text          0x0000000000014782      0x40e build/cooja/mtype539.a(res-hum.o)
 .text          0x0000000000014b90      0xbea build/cooja/mtype539.a(coap-engine.o)
                0x0000000000014c25                coap_add_handler
                0x0000000000014c42                coap_remove_handler
                0x0000000000014c5f                coap_call_handlers
                0x0000000000014d67                coap_receive
                0x0000000000015362                coap_engine_init
                0x00000000000153c0                coap_activate_resource
                0x000000000001546b                coap_get_first_resource
                0x0000000000015484                coap_get_next_resource
 .text          0x000000000001577a      0x2d9 build/cooja/mtype539.a(coap-res-well-k)
 .text          0x0000000000015a53      0x96a build/cooja/mtype539.a(coap-observe.o)
                0x0000000000015b68                coap_remove_observer
                0x0000000000015b98                coap_remove_observer_by_client
                0x0000000000015c00                coap_remove_observer_by_token
                0x0000000000015c93                coap_remove_observer_by_uri
                0x0000000000015d3a                coap_remove_observer_by_mid
                0x0000000000015db6                coap_notify_observers
                0x0000000000015dcf                coap_notify_observers_sub
                0x0000000000016239                coap_observe_handler
                0x0000000000016354                coap_has_observers
 .text          0x00000000000163bd      0x733 build/cooja/mtype539.a(coap-uip.o)
                0x00000000000163bd                coap_endpoint_log
                0x0000000000016443                coap_endpoint_print
                0x00000000000164c9                coap_endpoint_snprint
                0x00000000000165fc                coap_endpoint_copy
                0x0000000000016639                coap_endpoint_cmp
                0x0000000000016747                coap_endpoint_parse
                0x0000000000016932                coap_endpoint_is_secure
                0x0000000000016941                coap_endpoint_is_connected
                0x0000000000016975                coap_endpoint_connect
                0x0000000000016991                coap_endpoint_disconnect
                0x0000000000016997                coap_databuf
                0x00000000000169a1                coap_transport_init
                0x00000000000169f1                coap_sendto
 .text          0x0000000000016af0      0x324 build/cooja/mtype539.a(coap-timer.o)
                0x0000000000016bed                coap_timer_stop
                0x0000000000016c18                coap_timer_set
                0x0000000000016c5b                coap_timer_reset
                0x0000000000016c9e                coap_timer_time_to_next_expiration
                0x0000000000016d0a                coap_timer_run
                0x0000000000016dd6                coap_timer_init
 .text          0x0000000000016e14      0x2c6 build/cooja/mtype539.a(coap-transactio)
                0x0000000000016e7a                coap_new_transaction
                0x0000000000016ee0                coap_send_transaction
                0x0000000000017041                coap_clear_transaction
                0x0000000000017089                coap_get_transaction_by_mid
 .text          0x00000000000170da     0x1c53 build/cooja/mtype539.a(coap.o)
                0x0000000000017647                coap_init_connection
                0x000000000001765b                coap_get_mid
                0x0000000000017677                coap_init_message
                0x00000000000176c0                coap_serialize_message
                0x0000000000017d42                coap_parse_message
                0x00000000000183a9                coap_get_query_variable
                0x00000000000183eb                coap_get_post_variable
                0x000000000001842f                coap_set_status_code
                0x0000000000018454                coap_set_token
                0x000000000001849b                coap_get_header_content_format
                0x00000000000184cc                coap_set_header_content_format
                0x00000000000184ef                coap_get_header_accept
                0x0000000000018520                coap_set_header_accept
                0x0000000000018543                coap_get_header_max_age
                0x0000000000018574                coap_set_header_max_age
                0x0000000000018594                coap_get_header_etag
                0x00000000000185c6                coap_set_header_etag
                0x000000000001861d                coap_get_header_if_match
                0x000000000001864f                coap_set_header_if_match
                0x00000000000186a6                coap_get_header_if_none_match
                0x00000000000186c0                coap_set_header_if_none_match
                0x00000000000186d7                coap_get_header_proxy_uri
                0x0000000000018705                coap_set_header_proxy_uri
                0x0000000000018742                coap_get_header_uri_host
                0x0000000000018770                coap_set_header_uri_host
                0x00000000000187ad                coap_get_header_uri_path
                0x00000000000187db                coap_set_header_uri_path
                0x0000000000018828                coap_get_header_uri_query
                0x000000000001885c                coap_set_header_uri_query
                0x00000000000188b2                coap_get_header_location_path
                0x00000000000188e0                coap_set_header_location_path
                0x0000000000018979                coap_get_header_location_query
                0x00000000000189a7                coap_set_header_location_query
                0x00000000000189f4                coap_get_header_observe
                0x0000000000018a23                coap_set_header_observe
                0x0000000000018a43                coap_get_header_block2
                0x0000000000018aaf                coap_set_header_block2
                0x0000000000018b26                coap_get_header_block1
                0x0000000000018b9b                coap_set_header_block1
                0x0000000000018c16                coap_get_header_size2
                0x0000000000018c46                coap_set_header_size2
                0x0000000000018c69                coap_get_header_size1
                0x0000000000018c99                coap_set_header_size1
                0x0000000000018cbc                coap_get_payload
                0x0000000000018cf6                coap_set_payload
 .text          0x0000000000018d2d      0x332 build/cooja/mtype539.a(contiki-main.o)
                0x0000000000018d2d                main
 .text          0x000000000001905f       0x92 build/cooja/mtype539.a(autostart.o)
                0x000000000001905f                autostart_start
                0x00000000000190a9                autostart_exit
 .text          0x00000000000190f1      0x355 build/cooja/mtype539.a(ctimer.o)
                0x0000000000019219                ctimer_init
                0x000000000001924c                ctimer_set
                0x0000000000019272                ctimer_set_with_process
                0x00000000000192ef                ctimer_reset
                0x0000000000019343                ctimer_restart
                0x0000000000019397                ctimer_stop
                0x00000000000193e7                ctimer_expired
 .text          0x0000000000019446      0x394 build/cooja/mtype539.a(log.o)
                0x0000000000019446                log_6addr
                0x0000000000019499                log_6addr_compact_snprint
                0x0000000000019537                log_6addr_compact
                0x000000000001958a                log_lladdr
                0x00000000000195fc                log_lladdr_compact
                0x0000000000019664                log_set_level
                0x000000000001971f                log_get_level
                0x0000000000019798                log_level_to_str
 .text          0x00000000000197da       0x1b build/cooja/mtype539.a(energest.o)
                0x00000000000197da                energest_init
                0x00000000000197e0                energest_flush
                0x00000000000197e6                energest_get_total_time
 .text          0x00000000000197f5      0x43f build/cooja/mtype539.a(etimer.o)
                0x0000000000019a19                etimer_request_poll
                0x0000000000019aa2                etimer_set
                0x0000000000019acb                etimer_reset_with_new_interval
                0x0000000000019afa                etimer_reset
                0x0000000000019b20                etimer_restart
                0x0000000000019b46                etimer_adjust
                0x0000000000019b63                etimer_expired
                0x0000000000019b76                etimer_expiration_time
                0x0000000000019b88                etimer_start_time
                0x0000000000019b92                etimer_pending
                0x0000000000019ba4                etimer_next_expiration_time
                0x0000000000019bbe                etimer_stop
 .text          0x0000000000019c34       0x25 build/cooja/mtype539.a(node-id.o)
                0x0000000000019c34                node_id_init
 .text          0x0000000000019c59       0xeb build/cooja/mtype539.a(rtimer.o)
                0x0000000000019c59                rtimer_init
                0x0000000000019c67                rtimer_set
                0x0000000000019ce2                rtimer_run_next
 .text          0x0000000000019d44      0x4fb build/cooja/mtype539.a(process.o)
                0x0000000000019d44                process_alloc_event
                0x0000000000019d59                process_start
                0x0000000000019f33                process_exit
                0x0000000000019f50                process_init
                0x000000000001a0e5                process_run
                0x000000000001a118                process_nevents
                0x000000000001a133                process_post
                0x000000000001a1c6                process_post_synch
                0x000000000001a1fb                process_poll
                0x000000000001a22b                process_is_running
 .text          0x000000000001a23f       0xb1 build/cooja/mtype539.a(timer.o)
                0x000000000001a23f                timer_set
                0x000000000001a25d                timer_reset
                0x000000000001a28a                timer_restart
                0x000000000001a29f                timer_expired
                0x000000000001a2cc                timer_remaining
 .text          0x000000000001a2f0      0x28f build/cooja/mtype539.a(list.o)
                0x000000000001a2f0                list_init
                0x000000000001a2ff                list_head
                0x000000000001a309                list_copy
                0x000000000001a319                list_tail
                0x000000000001a34f                list_add
                0x000000000001a39b                list_push
                0x000000000001a3c7                list_chop
                0x000000000001a431                list_pop
                0x000000000001a459                list_remove
                0x000000000001a4c1                list_length
                0x000000000001a4ef                list_insert
                0x000000000001a534                list_item_next
                0x000000000001a54b                list_contains
 .text          0x000000000001a57f      0x1b5 build/cooja/mtype539.a(memb.o)
                0x000000000001a57f                memb_init
                0x000000000001a5d4                memb_alloc
                0x000000000001a637                memb_free
                0x000000000001a6ae                memb_inmemb
                0x000000000001a6ed                memb_numfree
 .text          0x000000000001a734      0x41c build/cooja/mtype539.a(button-hal.o)
                0x000000000001a8ad                button_hal_get_by_id
                0x000000000001a8eb                button_hal_get_by_index
                0x000000000001a917                button_hal_get_state
                0x000000000001a969                button_hal_init
 .text          0x000000000001ab50      0x1f3 build/cooja/mtype539.a(serial-line.o)
                0x000000000001ab50                serial_line_input_byte
                0x000000000001ad0e                serial_line_init
 .text          0x000000000001ad43      0x168 build/cooja/mtype539.a(gpio-hal.o)
                0x000000000001ad43                gpio_hal_register_handler
                0x000000000001ad60                gpio_hal_event_handler
                0x000000000001adbc                gpio_hal_init
                0x000000000001addb                gpio_hal_arch_port_toggle_pin
                0x000000000001ae17                gpio_hal_arch_port_toggle_pins
                0x000000000001ae45                gpio_hal_arch_no_port_toggle_pin
                0x000000000001ae83                gpio_hal_arch_no_port_toggle_pins
 .text          0x000000000001aeab      0x2e7 build/cooja/mtype539.a(queuebuf.o)
                0x000000000001aeb5                queuebuf_init
                0x000000000001aede                queuebuf_numfree
                0x000000000001aef6                queuebuf_new_from_packetbuf
                0x000000000001af95                queuebuf_update_attr_from_packetbuf
                0x000000000001afca                queuebuf_update_from_packetbuf
                0x000000000001b01a                queuebuf_free
                0x000000000001b063                queuebuf_to_packetbuf
                0x000000000001b0cf                queuebuf_dataptr
                0x000000000001b109                queuebuf_datalen
                0x000000000001b12c                queuebuf_addr
                0x000000000001b161                queuebuf_attr
                0x000000000001b18c                queuebuf_debug_print
 .text          0x000000000001b192      0x407 build/cooja/mtype539.a(packetbuf.o)
                0x000000000001b192                packetbuf_clear
                0x000000000001b1bd                packetbuf_copyfrom
                0x000000000001b20c                packetbuf_copyto
                0x000000000001b29f                packetbuf_hdralloc
                0x000000000001b31b                packetbuf_hdrreduce
                0x000000000001b361                packetbuf_set_datalen
                0x000000000001b37b                packetbuf_dataptr
                0x000000000001b398                packetbuf_hdrptr
                0x000000000001b3a2                packetbuf_datalen
                0x000000000001b3ae                packetbuf_hdrlen
                0x000000000001b3c5                packetbuf_totlen
                0x000000000001b3db                packetbuf_remaininglen
                0x000000000001b3ee                packetbuf_attr_clear
                0x000000000001b43a                packetbuf_attr_copyto
                0x000000000001b492                packetbuf_attr_copyfrom
                0x000000000001b4ea                packetbuf_set_attr
                0x000000000001b514                packetbuf_attr
                0x000000000001b52e                packetbuf_set_addr
                0x000000000001b55f                packetbuf_addr
                0x000000000001b57c                packetbuf_holds_broadcast
 .text          0x000000000001b599       0xef build/cooja/mtype539.a(netstack.o)
                0x000000000001b599                netstack_process_ip_callback
                0x000000000001b62a                netstack_ip_packet_processor_add
                0x000000000001b64d                uip_ds6_ip_packet_processor_rm
                0x000000000001b66a                netstack_init
 .text          0x000000000001b688       0x4f build/cooja/mtype539.a(linkaddr.o)
                0x000000000001b688                linkaddr_copy
                0x000000000001b69e                linkaddr_cmp
                0x000000000001b6c1                linkaddr_set_node_addr
 .text          0x000000000001b6d7      0x1f6 build/cooja/mtype539.a(csma.o)
 .text          0x000000000001b8cd      0x95d build/cooja/mtype539.a(csma-output.o)
                0x000000000001bf64                csma_output_packet
                0x000000000001c1f1                csma_output_init
 .text          0x000000000001c22a      0xc11 build/cooja/mtype539.a(uip-ds6.o)
                0x000000000001c22a                uip_ds6_default_prefix
                0x000000000001c234                uip_ds6_set_default_prefix
                0x000000000001c25f                uip_ds6_init
                0x000000000001c4c1                uip_ds6_periodic
                0x000000000001c548                uip_ds6_list_loop
                0x000000000001c608                uip_ds6_prefix_add
                0x000000000001c6b4                uip_ds6_prefix_rm
                0x000000000001c6c7                uip_ds6_prefix_lookup
                0x000000000001c706                uip_ds6_is_addr_onlink
                0x000000000001c779                uip_ds6_addr_add
                0x000000000001c899                uip_ds6_addr_rm
                0x000000000001c942                uip_ds6_addr_lookup
                0x000000000001c97b                uip_ds6_get_link_local
                0x000000000001c9fc                uip_ds6_get_global
                0x000000000001ca7d                uip_ds6_maddr_add
                0x000000000001cadd                uip_ds6_maddr_rm
                0x000000000001caf0                uip_ds6_maddr_lookup
                0x000000000001cb29                uip_ds6_aaddr_add
                0x000000000001cb89                uip_ds6_aaddr_rm
                0x000000000001cb9c                uip_ds6_aaddr_lookup
                0x000000000001cbd5                uip_ds6_select_src
                0x000000000001cd1e                uip_ds6_set_addr_iid
                0x000000000001cd49                uip_ds6_set_lladdr_from_iid
                0x000000000001cd72                get_match_length
                0x000000000001ce03                uip_ds6_compute_reachable_time
 .text          0x000000000001ce3b      0x128 build/cooja/mtype539.a(uip-udp-packet.)
                0x000000000001ce3b                uip_udp_packet_send
                0x000000000001ce96                uip_udp_packet_sendto
 .text          0x000000000001cf63      0x35b build/cooja/mtype539.a(uip-ds6-route.o)
                0x000000000001cfb4                uip_ds6_route_init
                0x000000000001cfde                uip_ds6_route_nexthop
                0x000000000001cfe8                uip_ds6_route_head
                0x000000000001cff2                uip_ds6_route_next
                0x000000000001cffc                uip_ds6_route_is_nexthop
                0x000000000001d006                uip_ds6_route_num_routes
                0x000000000001d010                uip_ds6_route_lookup
                0x000000000001d01a                uip_ds6_route_add
                0x000000000001d02d                uip_ds6_route_rm
                0x000000000001d033                uip_ds6_route_rm_by_nexthop
                0x000000000001d039                uip_ds6_defrt_head
                0x000000000001d052                uip_ds6_defrt_add
                0x000000000001d100                uip_ds6_defrt_rm
                0x000000000001d166                uip_ds6_defrt_lookup
                0x000000000001d1cd                uip_ds6_defrt_choose
                0x000000000001d243                uip_ds6_defrt_periodic
 .text          0x000000000001d2be      0x6f7 build/cooja/mtype539.a(tcpip.o)
                0x000000000001d2d8                tcpip_output
                0x000000000001d357                udp_attach
                0x000000000001d36f                udp_new
                0x000000000001d3b9                udp_broadcast_new
                0x000000000001d52b                tcpip_input
                0x000000000001d6bb                tcpip_ipv6_output
                0x000000000001d8af                tcpip_poll_udp
                0x000000000001d8cd                tcpip_uipcall
 .text          0x000000000001d9b5     0x1205 build/cooja/mtype539.a(uip6.o)
                0x000000000001da64                uip_chksum
                0x000000000001db3b                uip_icmp6chksum
                0x000000000001db50                uip_udpchksum
                0x000000000001db65                uip_init
                0x000000000001dbae                uip_remove_ext_hdr
                0x000000000001dc88                uip_udp_new
                0x000000000001df9c                uip_process
                0x000000000001ea94                uip_htons
                0x000000000001eab6                uip_htonl
                0x000000000001eaf4                uip_send
 .text          0x000000000001ebba      0x369 build/cooja/mtype539.a(uip-ds6-nbr.o)
                0x000000000001ebba                uip_ds6_neighbors_init
                0x000000000001ebde                uip_ds6_nbr_add
                0x000000000001ec64                uip_ds6_nbr_rm
                0x000000000001ecaf                uip_ds6_nbr_update_ll
                0x000000000001ed9d                uip_ds6_nbr_get_ipaddr
                0x000000000001edb2                uip_ds6_nbr_get_ll
                0x000000000001edce                uip_ds6_nbr_num
                0x000000000001ee17                uip_ds6_nbr_head
                0x000000000001ee30                uip_ds6_nbr_next
                0x000000000001ee4c                uip_ds6_nbr_lookup
                0x000000000001eea4                uip_ds6_nbr_ll_lookup
                0x000000000001eec0                uip_ds6_nbr_ipaddr_from_lladdr
                0x000000000001eee9                uip_ds6_nbr_lladdr_from_ipaddr
                0x000000000001ef1d                uip_ds6_link_callback
 .text          0x000000000001ef23      0x6a7 build/cooja/mtype539.a(uip-nd6.o)
                0x000000000001f5b1                uip_nd6_init
 .text          0x000000000001f5ca     0x2c17 build/cooja/mtype539.a(sicslowpan.o)
                0x000000000001fbd1                netstack_sniffer_add
                0x000000000001fbdf                netstack_sniffer_remove
                0x00000000000221b5                sicslowpan_init
                0x00000000000221d7                sicslowpan_get_last_rssi
 .text          0x00000000000221e1      0x4d1 build/cooja/mtype539.a(uiplib.o)
                0x00000000000221e1                uiplib_ip6addrconv
                0x0000000000022399                uiplib_ip4addrconv
                0x000000000002245c                uiplib_ipaddr_print
                0x00000000000224af                uiplib_ipaddr_snprint
 .text          0x00000000000226b2      0x4c9 build/cooja/mtype539.a(rpl.o)
                0x00000000000226b2                rpl_lollipop_greater_than
                0x000000000002270c                rpl_get_global_address
                0x0000000000022804                rpl_link_callback
                0x0000000000022848                rpl_has_joined
                0x000000000002286d                rpl_is_reachable
                0x00000000000228ee                rpl_reset_prefix
                0x0000000000022958                rpl_set_prefix_from_addr
                0x0000000000022a3d                rpl_set_prefix
                0x0000000000022b57                rpl_set_leaf_only
                0x0000000000022b6f                rpl_get_leaf_only
 .text          0x0000000000022b7b     0x138c build/cooja/mtype539.a(rpl-icmp6.o)
                0x0000000000022ca0                rpl_icmp6_update_nbr_table
                0x0000000000022d29                rpl_icmp6_dis_output
                0x000000000002336f                rpl_icmp6_dio_output
                0x0000000000023b6d                rpl_icmp6_dao_output
                0x0000000000023e4e                rpl_icmp6_dao_ack_output
                0x0000000000023ebe                rpl_icmp6_init
 .text          0x0000000000023f07      0x264 build/cooja/mtype539.a(rpl-dag-root.o)
                0x0000000000023f07                rpl_dag_root_print_links
                0x0000000000024033                rpl_dag_root_set_prefix
                0x000000000002405f                rpl_dag_root_start
                0x000000000002413c                rpl_dag_root_is_root
 .text          0x000000000002416b       0x30 build/cooja/mtype539.a(watchdog.o)
                0x000000000002416b                watchdog_init
                0x0000000000024171                watchdog_start
                0x0000000000024177                watchdog_periodic
                0x000000000002418f                watchdog_stop
                0x0000000000024195                watchdog_reboot
 .text          0x000000000002419b       0x4a build/cooja/mtype539.a(int-master.o)
                0x000000000002419b                int_master_enable
                0x00000000000241ab                int_master_read_and_disable
                0x00000000000241c8                int_master_status_set
                0x00000000000241d6                int_master_is_enabled
 .text          0x00000000000241e5      0x226 build/cooja/mtype539.a(coap-timer-defa)
 .text          0x000000000002440b       0xc7 build/cooja/mtype539.a(stimer.o)
                0x000000000002440b                stimer_set
                0x0000000000024429                stimer_reset
                0x0000000000024456                stimer_restart
                0x000000000002446b                stimer_expired
                0x0000000000024496                stimer_remaining
                0x00000000000244ba                stimer_elapsed
 .text          0x00000000000244d2      0x156 build/cooja/mtype539.a(ringbuf.o)
                0x00000000000244d2                ringbuf_init
                0x0000000000024504                ringbuf_put
                0x0000000000024582                ringbuf_get
                0x00000000000245ef                ringbuf_size
                0x0000000000024601                ringbuf_elements
 .text          0x0000000000024628       0x1f build/cooja/mtype539.a(assert.o)
                0x0000000000024628                _xassert
 .text          0x0000000000024647      0x79b build/cooja/mtype539.a(nbr-table.o)
                0x0000000000024ac0                nbr_table_register
                0x0000000000024b2d                nbr_table_is_registered
                0x0000000000024b68                nbr_table_head
                0x0000000000024bc3                nbr_table_next
                0x0000000000024c24                nbr_table_add_lladdr
                0x0000000000024cfe                nbr_table_get_from_lladdr
                0x0000000000024d4a                nbr_table_remove
                0x0000000000024d82                nbr_table_lock
                0x0000000000024d9c                nbr_table_unlock
                0x0000000000024db6                nbr_table_get_lladdr
 .text          0x0000000000024de2      0x3a5 build/cooja/mtype539.a(link-stats.o)
                0x0000000000024de2                link_stats_from_lladdr
                0x0000000000024dfe                link_stats_get_lladdr
                0x0000000000024e1a                link_stats_is_fresh
                0x0000000000024e56                guess_etx_from_rssi
                0x0000000000024ed2                link_stats_packet_sent
                0x0000000000024ff2                link_stats_input_callback
                0x0000000000025102                link_stats_reset
                0x0000000000025152                link_stats_init
 .text          0x0000000000025187      0x187 build/cooja/mtype539.a(mac-sequence.o)
                0x0000000000025187                mac_sequence_is_duplicate
                0x0000000000025227                mac_sequence_register_seqno
 .text          0x000000000002530e       0x23 build/cooja/mtype539.a(mac.o)
                0x000000000002530e                mac_call_sent_callback
 .text          0x0000000000025331      0x432 build/cooja/mtype539.a(framer-802154.o)
                0x00000000000254c0                framer_802154_setup_params
 .text          0x0000000000025763      0xb6f build/cooja/mtype539.a(frame802154.o)
                0x0000000000025794                frame802154_get_pan_id
                0x00000000000257a0                frame802154_set_pan_id
                0x00000000000257ba                frame802154_has_panid
                0x0000000000025969                frame802154_check_dest_panid
                0x00000000000259f1                frame802154_is_broadcast_addr
                0x0000000000025a3e                frame802154_extract_linkaddr
                0x0000000000025ca3                frame802154_hdrlen
                0x0000000000025d16                frame802154_create_fcf
                0x0000000000025dce                frame802154_create
                0x0000000000025f43                frame802154_parse_fcf
                0x0000000000026025                frame802154_parse
 .text          0x00000000000262d2       0x2d build/cooja/mtype539.a(csma-security.o)
                0x00000000000262d2                csma_security_create_frame
                0x00000000000262f0                csma_security_parse_frame
 .text          0x00000000000262ff      0x4e4 build/cooja/mtype539.a(uipbuf.o)
                0x00000000000262ff                uipbuf_clear
                0x0000000000026326                uipbuf_add_ext_hdr
                0x00000000000263a6                uipbuf_set_len
                0x00000000000263d3                uipbuf_set_len_field
                0x00000000000263ff                uipbuf_get_len_field
                0x000000000002641f                uipbuf_get_next_header
                0x0000000000026551                uipbuf_get_last_header
                0x00000000000265ca                uipbuf_search_header
                0x0000000000026680                uipbuf_get_attr
                0x00000000000266a7                uipbuf_set_attr
                0x00000000000266de                uipbuf_set_default_attr
                0x0000000000026715                uipbuf_clear_attr
                0x0000000000026739                uipbuf_set_attr_flag
                0x000000000002675a                uipbuf_clr_attr_flag
                0x0000000000026781                uipbuf_is_attr_flag
                0x00000000000267a5                uipbuf_init
 .text          0x00000000000267e3      0x73f build/cooja/mtype539.a(uip-icmp6.o)
                0x0000000000026858                uip_icmp6_input
                0x00000000000268af                uip_icmp6_register_input_handler
                0x0000000000026a02                uip_icmp6_error_output
                0x0000000000026cb3                uip_icmp6_send
                0x0000000000026eaa                uip_icmp6_echo_reply_callback_add
                0x0000000000026edc                uip_icmp6_echo_reply_callback_rm
                0x0000000000026ef9                uip_icmp6_init
 .text          0x0000000000026f22      0x69b build/cooja/mtype539.a(uip-sr.o)
                0x0000000000026f22                uip_sr_num_nodes
                0x0000000000026fb0                uip_sr_get_node
                0x0000000000027007                uip_sr_is_addr_reachable
                0x00000000000270b5                uip_sr_expire_parent
                0x00000000000270fe                uip_sr_update_node
                0x000000000002722e                uip_sr_init
                0x0000000000027262                uip_sr_node_head
                0x000000000002727b                uip_sr_node_next
                0x0000000000027291                uip_sr_periodic
                0x0000000000027397                uip_sr_free_all
                0x0000000000027407                uip_sr_link_snprint
 .text          0x00000000000275bd      0x146 build/cooja/mtype539.a(uip-packetqueue)
                0x00000000000275eb                uip_packetqueue_new
                0x00000000000275fa                uip_packetqueue_alloc
                0x0000000000027655                uip_packetqueue_free
                0x000000000002769c                uip_packetqueue_buf
                0x00000000000276b9                uip_packetqueue_buflen
                0x00000000000276da                uip_packetqueue_set_buflen
 .text          0x0000000000027703      0x1b0 build/cooja/mtype539.a(rpl-nbr-policy.)
                0x0000000000027870                rpl_nbr_policy_find_removable
 .text          0x00000000000278b3      0x915 build/cooja/mtype539.a(rpl-neighbor.o)
                0x000000000002792f                rpl_neighbor_snprint
                0x0000000000027be2                rpl_neighbor_print_list
                0x0000000000027c97                rpl_neighbor_count
                0x0000000000027d3e                rpl_neighbor_get_from_lladdr
                0x0000000000027d5a                rpl_neighbor_is_acceptable_parent
                0x0000000000027d8e                rpl_neighbor_get_link_metric
                0x0000000000027dc2                rpl_neighbor_rank_via_nbr
                0x0000000000027df6                rpl_neighbor_get_lladdr
                0x0000000000027e12                rpl_neighbor_get_ipaddr
                0x0000000000027e39                rpl_neighbor_get_link_stats
                0x0000000000027e60                rpl_neighbor_is_fresh
                0x0000000000027e87                rpl_neighbor_is_reachable
                0x0000000000027ed2                rpl_neighbor_is_parent
                0x0000000000027efc                rpl_neighbor_set_preferred_parent
                0x0000000000027f93                rpl_neighbor_remove_all
                0x0000000000027fef                rpl_neighbor_get_from_ipaddr
                0x00000000000280fd                rpl_neighbor_select_best
                0x00000000000281a9                rpl_neighbor_init
 .text          0x00000000000281c8      0xe69 build/cooja/mtype539.a(rpl-dag.o)
                0x00000000000281c8                rpl_dag_state_to_str
                0x0000000000028207                rpl_dag_get_root_ipaddr
                0x000000000002824f                rpl_dag_leave
                0x00000000000282d8                rpl_dag_poison_and_leave
                0x00000000000282f0                rpl_dag_periodic
                0x0000000000028378                rpl_is_addr_in_our_dag
                0x00000000000283bc                rpl_get_default_instance
                0x00000000000283d8                rpl_get_any_dag
                0x0000000000028431                rpl_refresh_routes
                0x0000000000028471                rpl_global_repair
                0x000000000002850a                rpl_local_repair
                0x0000000000028554                rpl_dag_ready_to_advertise
                0x0000000000028597                rpl_dag_update_state
                0x0000000000028cc4                rpl_process_dio
                0x0000000000028d42                rpl_process_dis
                0x0000000000028d87                rpl_process_dao
                0x0000000000028e16                rpl_process_dao_ack
                0x0000000000028ead                rpl_process_hbh
                0x0000000000028efd                rpl_dag_init_root
                0x0000000000029011                rpl_dag_init
 .text          0x0000000000029031      0x9e7 build/cooja/mtype539.a(rpl-timers.o)
                0x0000000000029031                rpl_timers_schedule_periodic_dis
                0x000000000002917f                rpl_timers_dio_reset
                0x000000000002928d                rpl_timers_schedule_unicast_dio
                0x00000000000293e1                rpl_timers_schedule_dao
                0x00000000000294a0                rpl_timers_schedule_dao_ack
                0x0000000000029526                rpl_timers_notify_dao_ack
                0x0000000000029584                get_probing_delay
                0x00000000000295b8                get_probing_target
                0x00000000000297a2                rpl_schedule_probing
                0x00000000000297d0                rpl_schedule_probing_now
                0x000000000002983a                rpl_timers_unschedule_leaving
                0x0000000000029872                rpl_timers_schedule_leaving
                0x00000000000298b3                rpl_timers_init
                0x0000000000029943                rpl_timers_stop_dag_timers
                0x00000000000299bc                rpl_timers_unschedule_state_update
                0x00000000000299e0                rpl_timers_schedule_state_update
 .text          0x0000000000029a18      0xb8e build/cooja/mtype539.a(rpl-ext-header.)
                0x0000000000029a18                rpl_ext_header_srh_get_next_hop
                0x0000000000029aff                rpl_ext_header_srh_update
                0x000000000002a06b                rpl_ext_header_hbh_update
                0x000000000002a36b                rpl_ext_header_update
                0x000000000002a3f4                rpl_ext_header_remove
 .text          0x000000000002a5a6      0x31b build/cooja/mtype539.a(rpl-mrhof.o)
 *fill*         0x000000000002a8c1        0xf 
 .text          0x000000000002a8d0      0x122 /usr/lib/gcc/i686-linux-gnu/5/libgcc.a(_udivdi3.o)
                0x000000000002a8d0                __udivdi3
 .text          0x000000000002a9f2        0x0 /usr/lib/gcc/i686-linux-gnu/5/crtendS.o
 .text          0x000000000002a9f2        0x0 /usr/lib/gcc/i686-linux-gnu/5/../../../i386-linux-gnu/crtn.o
 *(.gnu.warning)

.fini           0x000000000002a9f4       0x14
 *(SORT(.fini))
 .fini          0x000000000002a9f4        0xf /usr/lib/gcc/i686-linux-gnu/5/../../../i386-linux-gnu/crti.o
                0x000000000002a9f4                _fini
 .fini          0x000000000002aa03        0x5 /usr/lib/gcc/i686-linux-gnu/5/../../../i386-linux-gnu/crtn.o
                [!provide]                        PROVIDE (__etext, .)
                [!provide]                        PROVIDE (_etext, .)
                [!provide]                        PROVIDE (etext, .)

.rodata         0x000000000002aa20      0xecb
 *(.rodata .rodata.* .gnu.linkonce.r.*)
 .rodata        0x000000000002aa20       0xed coap_server_sprinkler.o
                0x000000000002aa38                autostart_processes
 *fill*         0x000000000002ab0d        0x3 
 .rodata        0x000000000002ab10        0x8 build/cooja/mtype539.a(beep.o)
                0x000000000002ab10                beep_interface
 .rodata        0x000000000002ab18        0xe build/cooja/mtype539.a(leds-arch.o)
                0x000000000002ab18                leds_interface
                0x000000000002ab20                leds_arch_leds
 *fill*         0x000000000002ab26        0x2 
 .rodata        0x000000000002ab28        0x8 build/cooja/mtype539.a(moteid.o)
                0x000000000002ab28                moteid_interface
 .rodata        0x000000000002ab30       0x1c build/cooja/mtype539.a(pir-sensor.o)
                0x000000000002ab30                pir_interface
                0x000000000002ab3c                pir_sensor
 .rodata        0x000000000002ab4c        0xe build/cooja/mtype539.a(rs232.o)
                0x000000000002ab4c                rs232_interface
 *fill*         0x000000000002ab5a        0x2 
 .rodata        0x000000000002ab5c       0x24 build/cooja/mtype539.a(vib-sensor.o)
                0x000000000002ab5c                vib_interface
                0x000000000002ab70                vib_sensor
 .rodata        0x000000000002ab80        0x8 build/cooja/mtype539.a(clock.o)
                0x000000000002ab80                clock_interface
 .rodata        0x000000000002ab88        0x8 build/cooja/mtype539.a(cooja-log.o)
                0x000000000002ab88                simlog_interface
 .rodata        0x000000000002ab90       0x2f build/cooja/mtype539.a(cfs-cooja.o)
                0x000000000002ab90                cfs_interface
 *fill*         0x000000000002abbf        0x1 
 .rodata        0x000000000002abc0       0xb8 build/cooja/mtype539.a(cooja-radio.o)
                0x000000000002abc0                radio_interface
                0x000000000002ac40                cooja_radio_driver
 .rodata        0x000000000002ac78        0x8 build/cooja/mtype539.a(eeprom.o)
                0x000000000002ac78                eeprom_interface
 .rodata        0x000000000002ac80        0x8 build/cooja/mtype539.a(sensors.o)
 .rodata        0x000000000002ac88       0x2c build/cooja/mtype539.a(buttons.o)
                0x000000000002ac88                button_interface
                0x000000000002ac9c                button_hal_button_count
                0x000000000002aca4                button_sensor
 .rodata        0x000000000002acb4      0x16c build/cooja/mtype539.a(res-temp.o)
 .rodata        0x000000000002ae20      0x1bc build/cooja/mtype539.a(res-sprinkler.o)
 .rodata        0x000000000002afdc      0x15d build/cooja/mtype539.a(res-hum.o)
 .rodata        0x000000000002b139       0x41 build/cooja/mtype539.a(coap-engine.o)
 .rodata        0x000000000002b17a       0x19 build/cooja/mtype539.a(coap-res-well-k)
 .rodata        0x000000000002b193       0x11 build/cooja/mtype539.a(coap-observe.o)
 .rodata        0x000000000002b1a4       0x35 build/cooja/mtype539.a(coap-uip.o)
 *fill*         0x000000000002b1d9        0x3 
 .rodata        0x000000000002b1dc      0x1ac build/cooja/mtype539.a(coap.o)
 .rodata        0x000000000002b388       0xf8 build/cooja/mtype539.a(contiki-main.o)
 .rodata        0x000000000002b480        0xf build/cooja/mtype539.a(ctimer.o)
 *fill*         0x000000000002b48f        0x1 
 .rodata        0x000000000002b490       0xc4 build/cooja/mtype539.a(log.o)
 .rodata        0x000000000002b554        0xc build/cooja/mtype539.a(etimer.o)
 .rodata        0x000000000002b560       0x13 build/cooja/mtype539.a(button-hal.o)
 .rodata        0x000000000002b573        0xe build/cooja/mtype539.a(serial-line.o)
 *fill*         0x000000000002b581        0x3 
 .rodata        0x000000000002b584        0x8 build/cooja/mtype539.a(linkaddr.o)
                0x000000000002b584                linkaddr_null
 .rodata        0x000000000002b58c       0x24 build/cooja/mtype539.a(csma.o)
                0x000000000002b594                csma_driver
 .rodata        0x000000000002b5b0       0x32 build/cooja/mtype539.a(csma-output.o)
 *fill*         0x000000000002b5e2        0x2 
 .rodata        0x000000000002b5e4       0x4d build/cooja/mtype539.a(uip-ds6-route.o)
 .rodata        0x000000000002b631        0xd build/cooja/mtype539.a(tcpip.o)
 *fill*         0x000000000002b63e        0x2 
 .rodata        0x000000000002b640       0x30 build/cooja/mtype539.a(sicslowpan.o)
                0x000000000002b640                unc_llconf
                0x000000000002b644                unc_ctxconf
                0x000000000002b648                unc_mxconf
                0x000000000002b64c                llprefix
                0x000000000002b660                sicslowpan_driver
 .rodata        0x000000000002b670       0x2d build/cooja/mtype539.a(uiplib.o)
 *fill*         0x000000000002b69d        0x3 
 .rodata        0x000000000002b6a0       0x74 build/cooja/mtype539.a(rpl.o)
                0x000000000002b6c0                rpl_lite_driver
 .rodata        0x000000000002b714       0x20 build/cooja/mtype539.a(coap-timer-defa)
                0x000000000002b728                coap_timer_default_driver
 .rodata        0x000000000002b734       0x25 build/cooja/mtype539.a(assert.o)
 *fill*         0x000000000002b759        0x3 
 .rodata        0x000000000002b75c        0xc build/cooja/mtype539.a(framer-802154.o)
                0x000000000002b75c                framer_802154
 .rodata        0x000000000002b768       0x44 build/cooja/mtype539.a(uip-sr.o)
 .rodata        0x000000000002b7ac       0x58 build/cooja/mtype539.a(rpl-neighbor.o)
 .rodata        0x000000000002b804       0xdb build/cooja/mtype539.a(rpl-dag.o)
 .rodata        0x000000000002b8df        0xc build/cooja/mtype539.a(rpl-timers.o)

.rodata1
 *(.rodata1)

.eh_frame_hdr   0x000000000002b8ec     0x19fc
 *(.eh_frame_hdr)
 .eh_frame_hdr  0x000000000002b8ec     0x19fc coap_server_sprinkler.o
                0x000000000002b8ec                __GNU_EH_FRAME_HDR
 *(.eh_frame_entry .eh_frame_entry.*)

.eh_frame       0x000000000002d2e8     0x6968
 *(.eh_frame)
 .eh_frame      0x000000000002d2e8       0x3c /usr/lib/gcc/i686-linux-gnu/5/../../../i386-linux-gnu/crti.o
                                         0x40 (size before relaxing)
 .eh_frame      0x000000000002d324       0x44 coap_server_sprinkler.o
                                         0x5c (size before relaxing)
 .eh_frame      0x000000000002d368      0x178 build/cooja/mtype539.o
                                        0x190 (size before relaxing)
 .eh_frame      0x000000000002d4e0       0x40 build/cooja/mtype539.a(simEnvChange.o)
                                         0x58 (size before relaxing)
 .eh_frame      0x000000000002d520       0x60 build/cooja/mtype539.a(cooja_mt.o)
                                         0x78 (size before relaxing)
 .eh_frame      0x000000000002d580       0x80 build/cooja/mtype539.a(cooja_mtarch.o)
                                         0x98 (size before relaxing)
 .eh_frame      0x000000000002d600       0xc8 build/cooja/mtype539.a(rtimer-arch.o)
                                         0xe0 (size before relaxing)
 .eh_frame      0x000000000002d6c8      0x160 build/cooja/mtype539.a(beep.o)
                                        0x178 (size before relaxing)
 .eh_frame      0x000000000002d828       0x80 build/cooja/mtype539.a(leds-arch.o)
                                         0x98 (size before relaxing)
 .eh_frame      0x000000000002d8a8       0x40 build/cooja/mtype539.a(moteid.o)
                                         0x58 (size before relaxing)
 .eh_frame      0x000000000002d8e8       0xa0 build/cooja/mtype539.a(pir-sensor.o)
                                         0xb8 (size before relaxing)
 .eh_frame      0x000000000002d988      0x100 build/cooja/mtype539.a(rs232.o)
                                        0x118 (size before relaxing)
 .eh_frame      0x000000000002da88       0xa0 build/cooja/mtype539.a(vib-sensor.o)
                                         0xb8 (size before relaxing)
 .eh_frame      0x000000000002db28       0xc0 build/cooja/mtype539.a(clock.o)
                                         0xd8 (size before relaxing)
 .eh_frame      0x000000000002dbe8      0x120 build/cooja/mtype539.a(cooja-log.o)
                                        0x138 (size before relaxing)
 .eh_frame      0x000000000002dd08      0x160 build/cooja/mtype539.a(cfs-cooja.o)
                                        0x178 (size before relaxing)
 .eh_frame      0x000000000002de68      0x340 build/cooja/mtype539.a(cooja-radio.o)
                                        0x358 (size before relaxing)
 .eh_frame      0x000000000002e1a8       0xa0 build/cooja/mtype539.a(eeprom.o)
                                         0xb8 (size before relaxing)
 .eh_frame      0x000000000002e248       0x40 build/cooja/mtype539.a(random.o)
                                         0x58 (size before relaxing)
 .eh_frame      0x000000000002e288       0xc0 build/cooja/mtype539.a(sensors.o)
                                         0xd8 (size before relaxing)
 .eh_frame      0x000000000002e348      0x120 build/cooja/mtype539.a(leds.o)
                                        0x138 (size before relaxing)
 .eh_frame      0x000000000002e468      0x220 build/cooja/mtype539.a(gpio-hal-arch.o)
                                        0x238 (size before relaxing)
 .eh_frame      0x000000000002e688       0xa0 build/cooja/mtype539.a(buttons.o)
                                         0xb8 (size before relaxing)
 .eh_frame      0x000000000002e728       0x60 build/cooja/mtype539.a(res-temp.o)
                                         0x78 (size before relaxing)
 .eh_frame      0x000000000002e788       0x60 build/cooja/mtype539.a(res-sprinkler.o)
                                         0x78 (size before relaxing)
 .eh_frame      0x000000000002e7e8       0x60 build/cooja/mtype539.a(res-hum.o)
                                         0x78 (size before relaxing)
 .eh_frame      0x000000000002e848      0x220 build/cooja/mtype539.a(coap-engine.o)
                                        0x238 (size before relaxing)
 .eh_frame      0x000000000002ea68       0x24 build/cooja/mtype539.a(coap-res-well-k)
                                         0x3c (size before relaxing)
 .eh_frame      0x000000000002ea8c      0x188 build/cooja/mtype539.a(coap-observe.o)
                                        0x1a0 (size before relaxing)
 .eh_frame      0x000000000002ec14      0x250 build/cooja/mtype539.a(coap-uip.o)
                                        0x268 (size before relaxing)
 .eh_frame      0x000000000002ee64      0x114 build/cooja/mtype539.a(coap-timer.o)
                                        0x12c (size before relaxing)
 .eh_frame      0x000000000002ef78      0x100 build/cooja/mtype539.a(coap-transactio)
                                        0x118 (size before relaxing)
 .eh_frame      0x000000000002f078      0x6ec build/cooja/mtype539.a(coap.o)
                                        0x704 (size before relaxing)
 .eh_frame      0x000000000002f764       0x30 build/cooja/mtype539.a(contiki-main.o)
                                         0x48 (size before relaxing)
 .eh_frame      0x000000000002f794       0x40 build/cooja/mtype539.a(autostart.o)
                                         0x58 (size before relaxing)
 .eh_frame      0x000000000002f7d4      0x100 build/cooja/mtype539.a(ctimer.o)
                                        0x118 (size before relaxing)
 .eh_frame      0x000000000002f8d4      0x100 build/cooja/mtype539.a(log.o)
                                        0x118 (size before relaxing)
 .eh_frame      0x000000000002f9d4       0x60 build/cooja/mtype539.a(energest.o)
                                         0x78 (size before relaxing)
 .eh_frame      0x000000000002fa34      0x1e0 build/cooja/mtype539.a(etimer.o)
                                        0x1f8 (size before relaxing)
 .eh_frame      0x000000000002fc14       0x20 build/cooja/mtype539.a(node-id.o)
                                         0x38 (size before relaxing)
 .eh_frame      0x000000000002fc34       0x60 build/cooja/mtype539.a(rtimer.o)
                                         0x78 (size before relaxing)
 .eh_frame      0x000000000002fc94      0x1c4 build/cooja/mtype539.a(process.o)
                                        0x1dc (size before relaxing)
 .eh_frame      0x000000000002fe58       0xa4 build/cooja/mtype539.a(timer.o)
                                         0xbc (size before relaxing)
 .eh_frame      0x000000000002fefc      0x1a0 build/cooja/mtype539.a(list.o)
                                        0x1b8 (size before relaxing)
 .eh_frame      0x000000000003009c       0xa0 build/cooja/mtype539.a(memb.o)
                                         0xb8 (size before relaxing)
 .eh_frame      0x000000000003013c      0x144 build/cooja/mtype539.a(button-hal.o)
                                        0x15c (size before relaxing)
 .eh_frame      0x0000000000030280       0x60 build/cooja/mtype539.a(serial-line.o)
                                         0x78 (size before relaxing)
 .eh_frame      0x00000000000302e0       0xe0 build/cooja/mtype539.a(gpio-hal.o)
                                         0xf8 (size before relaxing)
 .eh_frame      0x00000000000303c0      0x1a0 build/cooja/mtype539.a(queuebuf.o)
                                        0x1b8 (size before relaxing)
 .eh_frame      0x0000000000030560      0x28c build/cooja/mtype539.a(packetbuf.o)
                                        0x2a4 (size before relaxing)
 .eh_frame      0x00000000000307ec       0x80 build/cooja/mtype539.a(netstack.o)
                                         0x98 (size before relaxing)
 .eh_frame      0x000000000003086c       0x60 build/cooja/mtype539.a(linkaddr.o)
                                         0x78 (size before relaxing)
 .eh_frame      0x00000000000308cc       0xe0 build/cooja/mtype539.a(csma.o)
                                         0xf8 (size before relaxing)
 .eh_frame      0x00000000000309ac      0x1d0 build/cooja/mtype539.a(csma-output.o)
                                        0x1e8 (size before relaxing)
 .eh_frame      0x0000000000030b7c      0x328 build/cooja/mtype539.a(uip-ds6.o)
                                        0x340 (size before relaxing)
 .eh_frame      0x0000000000030ea4       0x40 build/cooja/mtype539.a(uip-udp-packet.)
                                         0x58 (size before relaxing)
 .eh_frame      0x0000000000030ee4      0x220 build/cooja/mtype539.a(uip-ds6-route.o)
                                        0x238 (size before relaxing)
 .eh_frame      0x0000000000031104      0x244 build/cooja/mtype539.a(tcpip.o)
                                        0x25c (size before relaxing)
 .eh_frame      0x0000000000031348      0x1e8 build/cooja/mtype539.a(uip6.o)
                                        0x200 (size before relaxing)
 .eh_frame      0x0000000000031530      0x1c0 build/cooja/mtype539.a(uip-ds6-nbr.o)
                                        0x1d8 (size before relaxing)
 .eh_frame      0x00000000000316f0       0x84 build/cooja/mtype539.a(uip-nd6.o)
                                         0x9c (size before relaxing)
 .eh_frame      0x0000000000031774      0x2f8 build/cooja/mtype539.a(sicslowpan.o)
                                        0x310 (size before relaxing)
 .eh_frame      0x0000000000031a6c       0x88 build/cooja/mtype539.a(uiplib.o)
                                         0xa0 (size before relaxing)
 .eh_frame      0x0000000000031af4      0x1e0 build/cooja/mtype539.a(rpl.o)
                                        0x1f8 (size before relaxing)
 .eh_frame      0x0000000000031cd4      0x1c4 build/cooja/mtype539.a(rpl-icmp6.o)
                                        0x1dc (size before relaxing)
 .eh_frame      0x0000000000031e98       0xa0 build/cooja/mtype539.a(rpl-dag-root.o)
                                         0xb8 (size before relaxing)
 .eh_frame      0x0000000000031f38       0xa0 build/cooja/mtype539.a(watchdog.o)
                                         0xb8 (size before relaxing)
 .eh_frame      0x0000000000031fd8       0x80 build/cooja/mtype539.a(int-master.o)
                                         0x98 (size before relaxing)
 .eh_frame      0x0000000000032058       0xa4 build/cooja/mtype539.a(coap-timer-defa)
                                         0xbc (size before relaxing)
 .eh_frame      0x00000000000320fc       0xc4 build/cooja/mtype539.a(stimer.o)
                                         0xdc (size before relaxing)
 .eh_frame      0x00000000000321c0       0xa0 build/cooja/mtype539.a(ringbuf.o)
                                         0xb8 (size before relaxing)
 .eh_frame      0x0000000000032260       0x20 build/cooja/mtype539.a(assert.o)
                                         0x38 (size before relaxing)
 .eh_frame      0x0000000000032280      0x2ac build/cooja/mtype539.a(nbr-table.o)
                                        0x2c4 (size before relaxing)
 .eh_frame      0x000000000003252c      0x120 build/cooja/mtype539.a(link-stats.o)
                                        0x138 (size before relaxing)
 .eh_frame      0x000000000003264c       0x48 build/cooja/mtype539.a(mac-sequence.o)
                                         0x60 (size before relaxing)
 .eh_frame      0x0000000000032694       0x20 build/cooja/mtype539.a(mac.o)
                                         0x38 (size before relaxing)
 .eh_frame      0x00000000000326b4       0xa4 build/cooja/mtype539.a(framer-802154.o)
                                         0xbc (size before relaxing)
 .eh_frame      0x0000000000032758      0x1a4 build/cooja/mtype539.a(frame802154.o)
                                        0x1bc (size before relaxing)
 .eh_frame      0x00000000000328fc       0x40 build/cooja/mtype539.a(csma-security.o)
                                         0x58 (size before relaxing)
 .eh_frame      0x000000000003293c      0x200 build/cooja/mtype539.a(uipbuf.o)
                                        0x218 (size before relaxing)
 .eh_frame      0x0000000000032b3c      0x150 build/cooja/mtype539.a(uip-icmp6.o)
                                        0x168 (size before relaxing)
 .eh_frame      0x0000000000032c8c      0x184 build/cooja/mtype539.a(uip-sr.o)
                                        0x19c (size before relaxing)
 .eh_frame      0x0000000000032e10       0xe0 build/cooja/mtype539.a(uip-packetqueue)
                                         0xf8 (size before relaxing)
 .eh_frame      0x0000000000032ef0       0x80 build/cooja/mtype539.a(rpl-nbr-policy.)
                                         0x98 (size before relaxing)
 .eh_frame      0x0000000000032f70      0x2d4 build/cooja/mtype539.a(rpl-neighbor.o)
                                        0x2ec (size before relaxing)
 .eh_frame      0x0000000000033244      0x370 build/cooja/mtype539.a(rpl-dag.o)
                                        0x388 (size before relaxing)
 .eh_frame      0x00000000000335b4      0x3a8 build/cooja/mtype539.a(rpl-timers.o)
                                        0x3c0 (size before relaxing)
 .eh_frame      0x000000000003395c      0x124 build/cooja/mtype539.a(rpl-ext-header.)
                                        0x13c (size before relaxing)
 .eh_frame      0x0000000000033a80      0x148 build/cooja/mtype539.a(rpl-mrhof.o)
                                        0x160 (size before relaxing)
 .eh_frame      0x0000000000033bc8       0x84 /usr/lib/gcc/i686-linux-gnu/5/libgcc.a(_udivdi3.o)
                                         0x9c (size before relaxing)
 .eh_frame      0x0000000000033c4c        0x4 /usr/lib/gcc/i686-linux-gnu/5/crtendS.o
 *(.eh_frame.*)

.gcc_except_table
 *(.gcc_except_table .gcc_except_table.*)

.gnu_extab
 *(.gnu_extab*)

.exception_ranges
 *(.exception_ranges .exception_ranges*)
                0x0000000000034f10                . = DATA_SEGMENT_ALIGN (0x1000, 0x1000)

.eh_frame
 *(.eh_frame)
 *(.eh_frame.*)

.gnu_extab
 *(.gnu_extab)

.gcc_except_table
 *(.gcc_except_table .gcc_except_table.*)

.exception_ranges
 *(.exception_ranges .exception_ranges*)

.tdata
 *(.tdata .tdata.* .gnu.linkonce.td.*)

.tbss
 *(.tbss .tbss.* .gnu.linkonce.tb.*)
 *(.tcommon)

.preinit_array
 *(.preinit_array)

.init_array     0x0000000000034f10        0x4
 *(SORT(.init_array.*) SORT(.ctors.*))
 *(.init_array EXCLUDE_FILE(*crtend?.o *crtend.o *crtbegin?.o *crtbegin.o) .ctors)
 .init_array    0x0000000000034f10        0x4 /usr/lib/gcc/i686-linux-gnu/5/crtbeginS.o

.fini_array     0x0000000000034f14        0x4
 *(SORT(.fini_array.*) SORT(.dtors.*))
 *(.fini_array EXCLUDE_FILE(*crtend?.o *crtend.o *crtbegin?.o *crtbegin.o) .dtors)
 .fini_array    0x0000000000034f14        0x4 /usr/lib/gcc/i686-linux-gnu/5/crtbeginS.o

.ctors
 *crtbegin.o(.ctors)
 *crtbegin?.o(.ctors)
 *(EXCLUDE_FILE(*crtend?.o *crtend.o) .ctors)
 *(SORT(.ctors.*))
 *(.ctors)

.dtors
 *crtbegin.o(.dtors)
 *crtbegin?.o(.dtors)
 *(EXCLUDE_FILE(*crtend?.o *crtend.o) .dtors)
 *(SORT(.dtors.*))
 *(.dtors)

.jcr            0x0000000000034f18        0x4
 *(.jcr)
 .jcr           0x0000000000034f18        0x0 /usr/lib/gcc/i686-linux-gnu/5/crtbeginS.o
 .jcr           0x0000000000034f18        0x4 /usr/lib/gcc/i686-linux-gnu/5/crtendS.o

.data.rel.ro
 *(.data.rel.ro.local* .gnu.linkonce.d.rel.ro.local.*)
 *(.data.rel.ro .data.rel.ro.* .gnu.linkonce.d.rel.ro.*)

.dynamic        0x0000000000034f1c       0xd0
 *(.dynamic)
 .dynamic       0x0000000000034f1c       0xd0 /usr/lib/gcc/i686-linux-gnu/5/../../../i386-linux-gnu/crti.o
                0x0000000000034f1c                _DYNAMIC

.got            0x0000000000034fec       0x14
 *(.got)
 .got           0x0000000000034fec       0x14 /usr/lib/gcc/i686-linux-gnu/5/../../../i386-linux-gnu/crti.o
 *(.igot)
                0x0000000000035ff4                . = DATA_SEGMENT_RELRO_END (., (SIZEOF (.got.plt) >= 0xc)?0xc:0x0)

.got.plt        0x0000000000035000        0xc
 *(.got.plt)
 .got.plt       0x0000000000035000        0xc /usr/lib/gcc/i686-linux-gnu/5/../../../i386-linux-gnu/crti.o
                0x0000000000035000                _GLOBAL_OFFSET_TABLE_
 *(.igot.plt)

.data           0x0000000000035020      0x524
 *(.data .data.* .gnu.linkonce.d.*)
 .data          0x0000000000035020        0x0 /usr/lib/gcc/i686-linux-gnu/5/../../../i386-linux-gnu/crti.o
 .data          0x0000000000035020        0x0 /usr/lib/gcc/i686-linux-gnu/5/crtbeginS.o
 .data.rel.local
                0x0000000000035020        0x4 /usr/lib/gcc/i686-linux-gnu/5/crtbeginS.o
                0x0000000000035020                __dso_handle
 .data          0x0000000000035024       0x1c coap_server_sprinkler.o
                0x0000000000035024                service_registration
                0x0000000000035030                sprinkler_node
 .data          0x0000000000035040       0x44 build/cooja/mtype539.o
                0x0000000000035040                simInterfaces
                0x0000000000035074                sensors
 .data          0x0000000000035084        0x0 build/cooja/mtype539.a(simEnvChange.o)
 .data          0x0000000000035084        0x0 build/cooja/mtype539.a(cooja_mt.o)
 .data          0x0000000000035084        0x0 build/cooja/mtype539.a(cooja_mtarch.o)
 .data          0x0000000000035084        0x0 build/cooja/mtype539.a(rtimer-arch.o)
 .data          0x0000000000035084        0x0 build/cooja/mtype539.a(beep.o)
 .data          0x0000000000035084        0x0 build/cooja/mtype539.a(leds-arch.o)
 .data          0x0000000000035084        0x0 build/cooja/mtype539.a(moteid.o)
 .data          0x0000000000035084        0x0 build/cooja/mtype539.a(pir-sensor.o)
 .data          0x0000000000035084        0x0 build/cooja/mtype539.a(rs232.o)
 .data          0x0000000000035084        0x0 build/cooja/mtype539.a(vib-sensor.o)
 .data          0x0000000000035084        0x0 build/cooja/mtype539.a(clock.o)
 .data          0x0000000000035084        0x0 build/cooja/mtype539.a(cooja-log.o)
 .data          0x0000000000035084        0x0 build/cooja/mtype539.a(cfs-cooja.o)
 .data          0x0000000000035084       0x2c build/cooja/mtype539.a(cooja-radio.o)
                0x0000000000035084                simRadioHWOn
                0x0000000000035088                simSignalStrength
                0x000000000003508c                simLastSignalStrength
                0x0000000000035090                simPower
                0x0000000000035094                simRadioChannel
                0x0000000000035098                simLQI
                0x00000000000350a0                cooja_radio_process
 .data          0x00000000000350b0        0x0 build/cooja/mtype539.a(eeprom.o)
 .data          0x00000000000350b0        0x0 build/cooja/mtype539.a(random.o)
 .data          0x00000000000350b0       0x10 build/cooja/mtype539.a(sensors.o)
                0x00000000000350b0                sensors_process
 .data          0x00000000000350c0        0x0 build/cooja/mtype539.a(leds.o)
 .data          0x00000000000350c0        0x0 build/cooja/mtype539.a(gpio-hal-arch.o)
 .data          0x00000000000350c0       0x78 build/cooja/mtype539.a(buttons.o)
                0x00000000000350c0                simButtonIsActive
                0x0000000000035130                button_hal_buttons
 *fill*         0x0000000000035138        0x8 
 .data          0x0000000000035140       0x44 build/cooja/mtype539.a(res-temp.o)
                0x0000000000035140                temp_value
                0x0000000000035144                threshold_temp
                0x0000000000035160                res_temp
 *fill*         0x0000000000035184       0x1c 
 .data          0x00000000000351a0       0x44 build/cooja/mtype539.a(res-sprinkler.o)
                0x00000000000351a0                is_on
                0x00000000000351c0                res_spri
 *fill*         0x00000000000351e4       0x1c 
 .data          0x0000000000035200       0x44 build/cooja/mtype539.a(res-hum.o)
                0x0000000000035200                hum_value
                0x0000000000035204                threshold_hum
                0x0000000000035220                res_hum
 .data          0x0000000000035244        0x8 build/cooja/mtype539.a(coap-engine.o)
 *fill*         0x000000000003524c       0x14 
 .data          0x0000000000035260       0x24 build/cooja/mtype539.a(coap-res-well-k)
                0x0000000000035260                res_well_known_core
 .data          0x0000000000035284       0x10 build/cooja/mtype539.a(coap-observe.o)
 .data          0x0000000000035294       0x10 build/cooja/mtype539.a(coap-uip.o)
                0x0000000000035294                coap_engine
 .data          0x00000000000352a4        0x4 build/cooja/mtype539.a(coap-timer.o)
 .data          0x00000000000352a8       0x10 build/cooja/mtype539.a(coap-transactio)
 .data          0x00000000000352b8        0x4 build/cooja/mtype539.a(coap.o)
                0x00000000000352b8                coap_error_message
 .data          0x00000000000352bc        0x0 build/cooja/mtype539.a(contiki-main.o)
 .data          0x00000000000352bc        0x0 build/cooja/mtype539.a(autostart.o)
 .data          0x00000000000352bc       0x14 build/cooja/mtype539.a(ctimer.o)
                0x00000000000352c0                ctimer_process
 *fill*         0x00000000000352d0       0x10 
 .data          0x00000000000352e0       0xbc build/cooja/mtype539.a(log.o)
                0x00000000000352e0                curr_log_level_main
                0x0000000000035300                all_modules
 .data          0x000000000003539c        0x0 build/cooja/mtype539.a(energest.o)
 .data          0x000000000003539c       0x10 build/cooja/mtype539.a(etimer.o)
                0x000000000003539c                etimer_process
 .data          0x00000000000353ac        0x0 build/cooja/mtype539.a(node-id.o)
 .data          0x00000000000353ac        0x0 build/cooja/mtype539.a(rtimer.o)
 .data          0x00000000000353ac        0x0 build/cooja/mtype539.a(process.o)
 .data          0x00000000000353ac        0x0 build/cooja/mtype539.a(timer.o)
 .data          0x00000000000353ac        0x0 build/cooja/mtype539.a(list.o)
 .data          0x00000000000353ac        0x0 build/cooja/mtype539.a(memb.o)
 .data          0x00000000000353ac       0x10 build/cooja/mtype539.a(button-hal.o)
                0x00000000000353ac                button_hal_process
 .data          0x00000000000353bc       0x10 build/cooja/mtype539.a(serial-line.o)
                0x00000000000353bc                serial_line_process
 .data          0x00000000000353cc        0x4 build/cooja/mtype539.a(gpio-hal.o)
 .data          0x00000000000353d0       0x18 build/cooja/mtype539.a(queuebuf.o)
 .data          0x00000000000353e8        0x4 build/cooja/mtype539.a(packetbuf.o)
 .data          0x00000000000353ec        0x4 build/cooja/mtype539.a(netstack.o)
 .data          0x00000000000353f0        0x0 build/cooja/mtype539.a(linkaddr.o)
 .data          0x00000000000353f0        0x0 build/cooja/mtype539.a(csma.o)
 .data          0x00000000000353f0       0x28 build/cooja/mtype539.a(csma-output.o)
 .data          0x0000000000035418        0x0 build/cooja/mtype539.a(uip-ds6.o)
 .data          0x0000000000035418        0x0 build/cooja/mtype539.a(uip-udp-packet.)
 .data          0x0000000000035418       0x10 build/cooja/mtype539.a(uip-ds6-route.o)
 .data          0x0000000000035428       0x10 build/cooja/mtype539.a(tcpip.o)
                0x0000000000035428                tcpip_process
 .data          0x0000000000035438        0x0 build/cooja/mtype539.a(uip6.o)
 .data          0x0000000000035438       0x14 build/cooja/mtype539.a(uip-ds6-nbr.o)
 .data          0x000000000003544c        0xc build/cooja/mtype539.a(uip-nd6.o)
 .data          0x0000000000035458        0x0 build/cooja/mtype539.a(sicslowpan.o)
 .data          0x0000000000035458        0x0 build/cooja/mtype539.a(uiplib.o)
 .data          0x0000000000035458        0x0 build/cooja/mtype539.a(rpl.o)
 .data          0x0000000000035458       0x30 build/cooja/mtype539.a(rpl-icmp6.o)
 .data          0x0000000000035488        0x0 build/cooja/mtype539.a(rpl-dag-root.o)
 .data          0x0000000000035488        0x0 build/cooja/mtype539.a(watchdog.o)
 .data          0x0000000000035488        0x0 build/cooja/mtype539.a(int-master.o)
 .data          0x0000000000035488       0x10 build/cooja/mtype539.a(coap-timer-defa)
                0x0000000000035488                coap_timer_process
 .data          0x0000000000035498        0x0 build/cooja/mtype539.a(stimer.o)
 .data          0x0000000000035498        0x0 build/cooja/mtype539.a(ringbuf.o)
 .data          0x0000000000035498        0x0 build/cooja/mtype539.a(assert.o)
 .data          0x0000000000035498       0x10 build/cooja/mtype539.a(nbr-table.o)
 .data          0x00000000000354a8       0x14 build/cooja/mtype539.a(link-stats.o)
 .data          0x00000000000354bc        0x0 build/cooja/mtype539.a(mac-sequence.o)
 .data          0x00000000000354bc        0x0 build/cooja/mtype539.a(mac.o)
 .data          0x00000000000354bc        0x0 build/cooja/mtype539.a(framer-802154.o)
 .data          0x00000000000354bc        0x2 build/cooja/mtype539.a(frame802154.o)
 .data          0x00000000000354be        0x0 build/cooja/mtype539.a(csma-security.o)
 .data          0x00000000000354be        0x0 build/cooja/mtype539.a(uipbuf.o)
 *fill*         0x00000000000354be        0x2 
 .data          0x00000000000354c0       0x20 build/cooja/mtype539.a(uip-icmp6.o)
 .data          0x00000000000354e0       0x10 build/cooja/mtype539.a(uip-sr.o)
 .data          0x00000000000354f0        0xc build/cooja/mtype539.a(uip-packetqueue)
 .data          0x00000000000354fc        0x0 build/cooja/mtype539.a(rpl-nbr-policy.)
 .data          0x00000000000354fc       0x14 build/cooja/mtype539.a(rpl-neighbor.o)
                0x000000000003550c                rpl_neighbors
 .data          0x0000000000035510        0x0 build/cooja/mtype539.a(rpl-dag.o)
 .data          0x0000000000035510        0x0 build/cooja/mtype539.a(rpl-timers.o)
 .data          0x0000000000035510        0x0 build/cooja/mtype539.a(rpl-ext-header.)
 *fill*         0x0000000000035510       0x10 
 .data          0x0000000000035520       0x24 build/cooja/mtype539.a(rpl-mrhof.o)
                0x0000000000035520                rpl_mrhof
 .data          0x0000000000035544        0x0 /usr/lib/gcc/i686-linux-gnu/5/libgcc.a(_udivdi3.o)
 .data          0x0000000000035544        0x0 /usr/lib/gcc/i686-linux-gnu/5/crtendS.o
 .data          0x0000000000035544        0x0 /usr/lib/gcc/i686-linux-gnu/5/../../../i386-linux-gnu/crtn.o

.tm_clone_table
                0x0000000000035544        0x0
 .tm_clone_table
                0x0000000000035544        0x0 /usr/lib/gcc/i686-linux-gnu/5/crtbeginS.o
 .tm_clone_table
                0x0000000000035544        0x0 /usr/lib/gcc/i686-linux-gnu/5/crtendS.o

.data1
 *(.data1)
                0x0000000000035544                _edata = .
                [!provide]                        PROVIDE (edata, .)
                0x0000000000035544                . = .
                0x0000000000035544                __bss_start = .

.bss            0x0000000000035560    0x13f44
 *(.dynbss)
 .dynbss        0x0000000000035560        0x0 /usr/lib/gcc/i686-linux-gnu/5/../../../i386-linux-gnu/crti.o
 *(.bss .bss.* .gnu.linkonce.b.*)
 .bss           0x0000000000035560        0x0 /usr/lib/gcc/i686-linux-gnu/5/../../../i386-linux-gnu/crti.o
 .bss           0x0000000000035560        0x1 /usr/lib/gcc/i686-linux-gnu/5/crtbeginS.o
 *fill*         0x0000000000035561       0x1f 
 .bss           0x0000000000035580       0xf0 coap_server_sprinkler.o
                0x0000000000035580                registered
 *fill*         0x0000000000035670       0x10 
 .bss           0x0000000000035680     0x2030 build/cooja/mtype539.o
 .bss           0x00000000000376b0        0x1 build/cooja/mtype539.a(simEnvChange.o)
                0x00000000000376b0                simDontFallAsleep
 *fill*         0x00000000000376b1        0x3 
 .bss           0x00000000000376b4        0x4 build/cooja/mtype539.a(cooja_mt.o)
 .bss           0x00000000000376b8        0x4 build/cooja/mtype539.a(cooja_mtarch.o)
 .bss           0x00000000000376bc        0x0 build/cooja/mtype539.a(rtimer-arch.o)
 .bss           0x00000000000376bc        0x0 build/cooja/mtype539.a(beep.o)
 .bss           0x00000000000376bc        0x1 build/cooja/mtype539.a(leds-arch.o)
                0x00000000000376bc                simLedsValue
 .bss           0x00000000000376bd        0x0 build/cooja/mtype539.a(moteid.o)
 .bss           0x00000000000376bd        0x1 build/cooja/mtype539.a(pir-sensor.o)
                0x00000000000376bd                simPirValue
 *fill*         0x00000000000376be        0x2 
 .bss           0x00000000000376c0        0x4 build/cooja/mtype539.a(rs232.o)
 .bss           0x00000000000376c4        0x1 build/cooja/mtype539.a(vib-sensor.o)
                0x00000000000376c4                simVibValue
 .bss           0x00000000000376c5        0x0 build/cooja/mtype539.a(clock.o)
 *fill*         0x00000000000376c5       0x1b 
 .bss           0x00000000000376e0     0x2020 build/cooja/mtype539.a(cooja-log.o)
 .bss           0x0000000000039700      0xfc0 build/cooja/mtype539.a(cfs-cooja.o)
                0x0000000000039700                simCFSData
                0x000000000003a6a0                simCFSSize
                0x000000000003a6a4                simCFSChanged
                0x000000000003a6a8                simCFSRead
                0x000000000003a6ac                simCFSWritten
 .bss           0x000000000003a6c0       0x24 build/cooja/mtype539.a(cooja-radio.o)
                0x000000000003a6c0                simReceiving
                0x000000000003a6c4                simInSize
                0x000000000003a6c8                simLastPacketTimestamp
                0x000000000003a6d0                simOutSize
 .bss           0x000000000003a6e4        0xc build/cooja/mtype539.a(eeprom.o)
                0x000000000003a6e4                simEEPROMChanged
                0x000000000003a6e8                simEEPROMRead
                0x000000000003a6ec                simEEPROMWritten
 .bss           0x000000000003a6f0        0x0 build/cooja/mtype539.a(random.o)
 .bss           0x000000000003a6f0        0xc build/cooja/mtype539.a(sensors.o)
 .bss           0x000000000003a6fc        0x0 build/cooja/mtype539.a(leds.o)
 .bss           0x000000000003a6fc       0x24 build/cooja/mtype539.a(gpio-hal-arch.o)
 .bss           0x000000000003a720        0x0 build/cooja/mtype539.a(buttons.o)
 .bss           0x000000000003a720        0x1 build/cooja/mtype539.a(res-temp.o)
                0x000000000003a720                ideal_temp
 *fill*         0x000000000003a721        0x3 
 .bss           0x000000000003a724        0x8 build/cooja/mtype539.a(res-sprinkler.o)
                0x000000000003a724                is_sprinkling
                0x000000000003a728                success
 .bss           0x000000000003a72c        0x1 build/cooja/mtype539.a(res-hum.o)
                0x000000000003a72c                ideal_hum
 *fill*         0x000000000003a72d       0x13 
 .bss           0x000000000003a740      0x190 build/cooja/mtype539.a(coap-engine.o)
 .bss           0x000000000003a8d0        0x0 build/cooja/mtype539.a(coap-res-well-k)
 *fill*         0x000000000003a8d0       0x10 
 .bss           0x000000000003a8e0      0x120 build/cooja/mtype539.a(coap-observe.o)
 .bss           0x000000000003aa00       0x18 build/cooja/mtype539.a(coap-uip.o)
 .bss           0x000000000003aa18        0x5 build/cooja/mtype539.a(coap-timer.o)
 *fill*         0x000000000003aa1d        0x3 
 .bss           0x000000000003aa20      0x334 build/cooja/mtype539.a(coap-transactio)
 .bss           0x000000000003ad54        0x6 build/cooja/mtype539.a(coap.o)
                0x000000000003ad54                coap_status_code
 .bss           0x000000000003ad5a        0x0 build/cooja/mtype539.a(contiki-main.o)
 .bss           0x000000000003ad5a        0x0 build/cooja/mtype539.a(autostart.o)
 *fill*         0x000000000003ad5a        0x2 
 .bss           0x000000000003ad5c        0x5 build/cooja/mtype539.a(ctimer.o)
 *fill*         0x000000000003ad61        0x3 
 .bss           0x000000000003ad64       0x2c build/cooja/mtype539.a(log.o)
                0x000000000003ad64                curr_log_level_rpl
                0x000000000003ad68                curr_log_level_tcpip
                0x000000000003ad6c                curr_log_level_ipv6
                0x000000000003ad70                curr_log_level_6lowpan
                0x000000000003ad74                curr_log_level_nullnet
                0x000000000003ad78                curr_log_level_mac
                0x000000000003ad7c                curr_log_level_framer
                0x000000000003ad80                curr_log_level_6top
                0x000000000003ad84                curr_log_level_coap
                0x000000000003ad88                curr_log_level_snmp
                0x000000000003ad8c                curr_log_level_lwm2m
 .bss           0x000000000003ad90        0x0 build/cooja/mtype539.a(energest.o)
 .bss           0x000000000003ad90        0x8 build/cooja/mtype539.a(etimer.o)
 .bss           0x000000000003ad98        0x2 build/cooja/mtype539.a(node-id.o)
                0x000000000003ad98                node_id
 *fill*         0x000000000003ad9a        0x2 
 .bss           0x000000000003ad9c        0x4 build/cooja/mtype539.a(rtimer.o)
 .bss           0x000000000003ada0      0x1a1 build/cooja/mtype539.a(process.o)
                0x000000000003ada0                process_list
                0x000000000003ada4                process_current
 .bss           0x000000000003af41        0x0 build/cooja/mtype539.a(timer.o)
 .bss           0x000000000003af41        0x0 build/cooja/mtype539.a(list.o)
 .bss           0x000000000003af41        0x0 build/cooja/mtype539.a(memb.o)
 *fill*         0x000000000003af41        0x3 
 .bss           0x000000000003af44       0x10 build/cooja/mtype539.a(button-hal.o)
 *fill*         0x000000000003af54        0xc 
 .bss           0x000000000003af60      0x140 build/cooja/mtype539.a(serial-line.o)
 .bss           0x000000000003b0a0        0x4 build/cooja/mtype539.a(gpio-hal.o)
 *fill*         0x000000000003b0a4       0x1c 
 .bss           0x000000000003b0c0     0x2c80 build/cooja/mtype539.a(queuebuf.o)
 .bss           0x000000000003dd40       0xa0 build/cooja/mtype539.a(packetbuf.o)
 .bss           0x000000000003dde0        0x4 build/cooja/mtype539.a(netstack.o)
 .bss           0x000000000003dde4        0x0 build/cooja/mtype539.a(linkaddr.o)
 .bss           0x000000000003dde4        0x0 build/cooja/mtype539.a(csma.o)
 *fill*         0x000000000003dde4       0x1c 
 .bss           0x000000000003de00      0x726 build/cooja/mtype539.a(csma-output.o)
 *fill*         0x000000000003e526        0x2 
 .bss           0x000000000003e528       0x30 build/cooja/mtype539.a(uip-ds6.o)