Archive member included to satisfy reference by file (symbol)

build/cooja/mtype63.a(simEnvChange.o)
                              build/cooja/mtype63.o (simDontFallAsleep)
build/cooja/mtype63.a(cooja_mt.o)
                              build/cooja/mtype63.o (cooja_mt_start)
build/cooja/mtype63.a(cooja_mtarch.o)
                              build/cooja/mtype63.a(cooja_mt.o) (cooja_mtarch_start)
build/cooja/mtype63.a(rtimer-arch.o)
                              build/cooja/mtype63.o (rtimer_arch_check)
build/cooja/mtype63.a(beep.o)
                              build/cooja/mtype63.o (beep_interface)
build/cooja/mtype63.a(leds-arch.o)
                              build/cooja/mtype63.o (leds_interface)
build/cooja/mtype63.a(moteid.o)
                              build/cooja/mtype63.o (moteid_interface)
build/cooja/mtype63.a(pir-sensor.o)
                              build/cooja/mtype63.o (pir_interface)
build/cooja/mtype63.a(rs232.o)
                              build/cooja/mtype63.o (rs232_interface)
build/cooja/mtype63.a(vib-sensor.o)
                              build/cooja/mtype63.o (vib_interface)
build/cooja/mtype63.a(clock.o)
                              build/cooja/mtype63.o (clock_interface)
build/cooja/mtype63.a(cooja-log.o)
                              build/cooja/mtype63.o (simlog_interface)
build/cooja/mtype63.a(cfs-cooja.o)
                              build/cooja/mtype63.o (cfs_interface)
build/cooja/mtype63.a(cooja-radio.o)
                              build/cooja/mtype63.o (radio_interface)
build/cooja/mtype63.a(eeprom.o)
                              build/cooja/mtype63.o (eeprom_interface)
build/cooja/mtype63.a(random.o)
                              build/cooja/mtype63.a(moteid.o) (random_init)
build/cooja/mtype63.a(sensors.o)
                              build/cooja/mtype63.a(pir-sensor.o) (sensors_changed)
build/cooja/mtype63.a(leds.o)
                              coap_server_sprinkler.o (leds_set)
build/cooja/mtype63.a(gpio-hal-arch.o)
                              build/cooja/mtype63.a(leds-arch.o) (gpio_hal_arch_register_pin_callback)
build/cooja/mtype63.a(buttons.o)
                              build/cooja/mtype63.o (button_interface)
build/cooja/mtype63.a(res-temp.o)
                              coap_server_sprinkler.o (temp_value)
build/cooja/mtype63.a(res-sprinkler.o)
                              coap_server_sprinkler.o (is_on)
build/cooja/mtype63.a(res-hum.o)
                              coap_server_sprinkler.o (hum_value)
build/cooja/mtype63.a(coap-blocking-a)
                              coap_server_sprinkler.o (coap_blocking_request)
build/cooja/mtype63.a(coap-engine.o)
                              coap_server_sprinkler.o (coap_activate_resource)
build/cooja/mtype63.a(coap-res-well-k)
                              build/cooja/mtype63.a(coap-engine.o) (res_well_known_core)
build/cooja/mtype63.a(coap-observe.o)
                              build/cooja/mtype63.a(coap-engine.o) (coap_remove_observer_by_mid)
build/cooja/mtype63.a(coap-uip.o)
                              build/cooja/mtype63.a(coap-observe.o) (coap_endpoint_copy)
build/cooja/mtype63.a(coap-timer.o)
                              build/cooja/mtype63.a(coap-engine.o) (coap_timer_set)
build/cooja/mtype63.a(coap-transactio)
                              build/cooja/mtype63.a(coap-blocking-a) (coap_send_transaction)
build/cooja/mtype63.a(coap.o)
                              build/cooja/mtype63.a(coap-engine.o) (coap_status_code)
build/cooja/mtype63.a(contiki-main.o)
                              build/cooja/mtype63.o (main)
build/cooja/mtype63.a(autostart.o)
                              build/cooja/mtype63.a(contiki-main.o) (autostart_start)
build/cooja/mtype63.a(ctimer.o)
                              build/cooja/mtype63.a(contiki-main.o) (ctimer_init)
build/cooja/mtype63.a(log.o)  build/cooja/mtype63.a(contiki-main.o) (curr_log_level_main)
build/cooja/mtype63.a(energest.o)
                              build/cooja/mtype63.a(contiki-main.o) (energest_init)
build/cooja/mtype63.a(etimer.o)
                              build/cooja/mtype63.a(contiki-main.o) (etimer_process)
build/cooja/mtype63.a(node-id.o)
                              build/cooja/mtype63.a(contiki-main.o) (node_id)
build/cooja/mtype63.a(rtimer.o)
                              build/cooja/mtype63.a(contiki-main.o) (rtimer_init)
build/cooja/mtype63.a(process.o)
                              build/cooja/mtype63.a(coap-blocking-a) (process_current)
build/cooja/mtype63.a(timer.o)
                              build/cooja/mtype63.a(etimer.o) (timer_set)
build/cooja/mtype63.a(list.o)
                              build/cooja/mtype63.a(coap-engine.o) (list_init)
build/cooja/mtype63.a(memb.o)
                              build/cooja/mtype63.a(coap-observe.o) (memb_alloc)
build/cooja/mtype63.a(button-hal.o)
                              build/cooja/mtype63.o (button_hal_init)
build/cooja/mtype63.a(serial-line.o)
[...]
Memory Configuration

Name             Origin             Length             Attributes
*default*        0x0000000000000000 0xffffffffffffffff

Linker script and memory map

LOAD /usr/lib/gcc/i686-linux-gnu/5/../../../i386-linux-gnu/crti.o
LOAD /usr/lib/gcc/i686-linux-gnu/5/crtbeginS.o
LOAD coap_server_sprinkler.o
LOAD build/cooja/mtype63.o
LOAD build/cooja/mtype63.a
LOAD /usr/lib/gcc/i686-linux-gnu/5/libgcc.a
LOAD /usr/lib/gcc/i686-linux-gnu/5/libgcc_s.so
LOAD /usr/lib/gcc/i686-linux-gnu/5/../../../i386-linux-gnu/libc.so
START GROUP
LOAD /lib/i386-linux-gnu/libc.so.6
LOAD /usr/lib/i386-linux-gnu/libc_nonshared.a
LOAD /lib/i386-linux-gnu/ld-linux.so.2
END GROUP
LOAD /usr/lib/gcc/i686-linux-gnu/5/libgcc.a
LOAD /usr/lib/gcc/i686-linux-gnu/5/libgcc_s.so
LOAD /usr/lib/gcc/i686-linux-gnu/5/crtendS.o
LOAD /usr/lib/gcc/i686-linux-gnu/5/../../../i386-linux-gnu/crtn.o
                0x0000000000000114                . = (0x0 + SIZEOF_HEADERS)

.note.gnu.build-id
                0x0000000000000114       0x24
 *(.note.gnu.build-id)
 .note.gnu.build-id
                0x0000000000000114       0x24 /usr/lib/gcc/i686-linux-gnu/5/../../../i386-linux-gnu/crti.o

.hash
 *(.hash)

.gnu.hash       0x0000000000000138     0x15b8
 *(.gnu.hash)
 .gnu.hash      0x0000000000000138     0x15b8 /usr/lib/gcc/i686-linux-gnu/5/../../../i386-linux-gnu/crti.o

.dynsym         0x00000000000016f0     0x2f60
 *(.dynsym)
 .dynsym        0x00000000000016f0     0x2f60 /usr/lib/gcc/i686-linux-gnu/5/../../../i386-linux-gnu/crti.o

.dynstr         0x0000000000004650     0x36e7
 *(.dynstr)
 .dynstr        0x0000000000004650     0x36e7 /usr/lib/gcc/i686-linux-gnu/5/../../../i386-linux-gnu/crti.o

.gnu.version    0x0000000000007d38      0x5ec
 *(.gnu.version)
 .gnu.version   0x0000000000007d38      0x5ec /usr/lib/gcc/i686-linux-gnu/5/../../../i386-linux-gnu/crti.o

.gnu.version_d  0x0000000000008324        0x0
 *(.gnu.version_d)
 .gnu.version_d
                0x0000000000008324        0x0 /usr/lib/gcc/i686-linux-gnu/5/../../../i386-linux-gnu/crti.o

.gnu.version_r  0x0000000000008324       0x40
 *(.gnu.version_r)
 .gnu.version_r
                0x0000000000008324       0x40 /usr/lib/gcc/i686-linux-gnu/5/../../../i386-linux-gnu/crti.o

.rel.dyn        0x0000000000008364     0x9600
 *(.rel.init)
 .rel.init      0x0000000000008364        0x0 /usr/lib/gcc/i686-linux-gnu/5/../../../i386-linux-gnu/crti.o
 *(.rel.text .rel.text.* .rel.gnu.linkonce.t.*)
 .rel.text      0x0000000000008364     0x8c08 /usr/lib/gcc/i686-linux-gnu/5/../../../i386-linux-gnu/crti.o
 *(.rel.fini)
 .rel.fini      0x0000000000010f6c        0x0 /usr/lib/gcc/i686-linux-gnu/5/../../../i386-linux-gnu/crti.o
 *(.rel.rodata .rel.rodata.* .rel.gnu.linkonce.r.*)
 .rel.rodata    0x0000000000010f6c      0x588 /usr/lib/gcc/i686-linux-gnu/5/../../../i386-linux-gnu/crti.o
 *(.rel.data.rel.ro .rel.data.rel.ro.* .rel.gnu.linkonce.d.rel.ro.*)
 *(.rel.data .rel.data.* .rel.gnu.linkonce.d.*)
 .rel.data.rel.local
                0x00000000000114f4        0x8 /usr/lib/gcc/i686-linux-gnu/5/../../../i386-linux-gnu/crti.o
 .rel.data      0x00000000000114fc      0x430 /usr/lib/gcc/i686-linux-gnu/5/../../../i386-linux-gnu/crti.o
 *(.rel.tdata .rel.tdata.* .rel.gnu.linkonce.td.*)
 *(.rel.tbss .rel.tbss.* .rel.gnu.linkonce.tb.*)
 *(.rel.ctors)
 *(.rel.dtors)
 *(.rel.got)
 .rel.got       0x000000000001192c       0x28 /usr/lib/gcc/i686-linux-gnu/5/../../../i386-linux-gnu/crti.o
 *(.rel.bss .rel.bss.* .rel.gnu.linkonce.b.*)
 *(.rel.ifunc)
 .rel.ifunc     0x0000000000011954        0x0 /usr/lib/gcc/i686-linux-gnu/5/../../../i386-linux-gnu/crti.o
 .rel.fini_array
                0x0000000000011954        0x8 /usr/lib/gcc/i686-linux-gnu/5/../../../i386-linux-gnu/crti.o
 .rel.init_array
                0x000000000001195c        0x8 /usr/lib/gcc/i686-linux-gnu/5/../../../i386-linux-gnu/crti.o

.rel.plt        0x0000000000011964        0x0
 *(.rel.plt)
 .rel.plt       0x0000000000011964        0x0 /usr/lib/gcc/i686-linux-gnu/5/../../../i386-linux-gnu/crti.o
 *(.rel.iplt)

.init           0x0000000000011964       0x23
 *(SORT(.init))
 .init          0x0000000000011964       0x1e /usr/lib/gcc/i686-linux-gnu/5/../../../i386-linux-gnu/crti.o
                0x0000000000011964                _init
 .init          0x0000000000011982        0x5 /usr/lib/gcc/i686-linux-gnu/5/../../../i386-linux-gnu/crtn.o

.plt            0x0000000000011990       0x10
 *(.plt)
 .plt           0x0000000000011990       0x10 /usr/lib/gcc/i686-linux-gnu/5/../../../i386-linux-gnu/crti.o
 *(.iplt)

.plt.got        0x00000000000119a0       0x10
 *(.plt.got)
 .plt.got       0x00000000000119a0       0x10 /usr/lib/gcc/i686-linux-gnu/5/../../../i386-linux-gnu/crti.o

.text           0x00000000000119b0    0x18cd2
 *(.text.unlikely .text.*_unlikely .text.unlikely.*)
 .text.unlikely
                0x00000000000119b0        0x0 /usr/lib/gcc/i686-linux-gnu/5/crtbeginS.o
 .text.unlikely
                0x00000000000119b0        0x0 /usr/lib/gcc/i686-linux-gnu/5/libgcc.a(_udivdi3.o)
 *(.text.exit .text.exit.*)
 *(.text.startup .text.startup.*)
 *(.text.hot .text.hot.*)
 *(.text .stub .text.* .gnu.linkonce.t.*)
 .text          0x00000000000119b0        0x0 /usr/lib/gcc/i686-linux-gnu/5/../../../i386-linux-gnu/crti.o
 .gnu.linkonce.t.__x86.get_pc_thunk.bx
                0x00000000000119b0        0x4 /usr/lib/gcc/i686-linux-gnu/5/../../../i386-linux-gnu/crti.o
                0x00000000000119b0                __x86.get_pc_thunk.bx
 *fill*         0x00000000000119b4        0xc 
 .text          0x00000000000119c0      0x11c /usr/lib/gcc/i686-linux-gnu/5/crtbeginS.o
 .text.__x86.get_pc_thunk.dx
                0x0000000000011adc        0x4 /usr/lib/gcc/i686-linux-gnu/5/crtbeginS.o
                0x0000000000011adc                __x86.get_pc_thunk.dx
 .text          0x0000000000011ae0      0x3f6 coap_server_sprinkler.o
                0x0000000000011ae0                client_chunk_handler
 .text          0x0000000000011ed6      0x283 build/cooja/mtype63.o
                0x0000000000011f68                platform_init_stage_one
                0x0000000000011f7b                platform_init_stage_two
                0x0000000000011f8e                platform_init_stage_three
                0x0000000000011fa1                platform_main_loop
                0x0000000000012014                Java_org_contikios_cooja_corecomm_Lib10_init
                0x000000000001204b                Java_org_contikios_cooja_corecomm_Lib10_getMemory
                0x000000000001207e                Java_org_contikios_cooja_corecomm_Lib10_setMemory
                0x00000000000120de                Java_org_contikios_cooja_corecomm_Lib10_tick
                0x0000000000012146                Java_org_contikios_cooja_corecomm_Lib10_setReferenceAddress
 .text          0x0000000000012159       0x65 build/cooja/mtype63.a(simEnvChange.o)
                0x0000000000012159                doActionsBeforeTick
                0x000000000001218b                doActionsAfterTick
 .text          0x00000000000121be       0x83 build/cooja/mtype63.a(cooja_mt.o)
                0x00000000000121be                cooja_mt_start
                0x00000000000121e8                cooja_mt_exec
                0x000000000001221e                cooja_mt_yield
 .text          0x0000000000012241       0xbe build/cooja/mtype63.a(cooja_mtarch.o)
                0x0000000000012241                cooja_mtarch_start
                0x00000000000122b4                cooja_sw
                0x00000000000122d7                cooja_mtarch_exec
                0x00000000000122f4                cooja_mtarch_yield
 .text          0x00000000000122ff       0xc5 build/cooja/mtype63.a(rtimer-arch.o)
                0x00000000000122ff                rtimer_arch_init
                0x0000000000012323                rtimer_arch_schedule
                0x0000000000012353                rtimer_arch_next
                0x0000000000012363                rtimer_arch_pending
                0x000000000001236d                rtimer_arch_check
                0x00000000000123b4                rtimer_arch_now
 .text          0x00000000000123c4       0x81 build/cooja/mtype63.a(beep.o)
                0x00000000000123c4                beep_alarm
                0x00000000000123d1                beep_beep
                0x00000000000123de                beep
                0x00000000000123eb                beep_down
                0x00000000000123f8                beep_on
                0x0000000000012405                beep_off
                0x0000000000012412                beep_spinup
                0x000000000001241f                beep_quick
                0x000000000001242c                beep_long
 .text          0x0000000000012445       0x65 build/cooja/mtype63.a(leds-arch.o)
                0x0000000000012458                leds_arch_init
 .text          0x00000000000124aa       0x35 build/cooja/mtype63.a(moteid.o)
 .text          0x00000000000124df       0xb7 build/cooja/mtype63.a(pir-sensor.o)
 .text          0x0000000000012596      0x148 build/cooja/mtype63.a(rs232.o)
                0x0000000000012596                rs232_init
                0x000000000001259c                rs232_set_speed
                0x00000000000125ab                rs232_set_input
                0x00000000000125b9                rs232_send
                0x00000000000125dd                rs232_print
                0x00000000000125f9                slip_arch_writeb
 .text          0x00000000000126de       0xb7 build/cooja/mtype63.a(vib-sensor.o)
 .text          0x0000000000012795       0x38 build/cooja/mtype63.a(clock.o)
                0x0000000000012795                clock_init
                0x000000000001279b                clock_time
                0x00000000000127a5                clock_seconds
                0x00000000000127bb                clock_delay
 .text          0x00000000000127cd      0x219 build/cooja/mtype63.a(cooja-log.o)
                0x00000000000127cd                simlog_char
                0x0000000000012810                simlog
                0x0000000000012886                log_message
                0x00000000000128b7                log_set_putchar_with_slip
                0x00000000000128c5                log_putchar
                0x0000000000012940                log_puts
                0x0000000000012968                log_printf
 .text          0x00000000000129e6      0x2b9 build/cooja/mtype63.a(cfs-cooja.o)
                0x00000000000129e6                cfs_open
                0x0000000000012a4f                cfs_close
                0x0000000000012a5c                cfs_read
                0x0000000000012af1                cfs_write
                0x0000000000012bcd                cfs_seek
                0x0000000000012c55                cfs_remove
                0x0000000000012c79                cfs_opendir
                0x0000000000012c83                cfs_readdir
                0x0000000000012c8d                cfs_closedir
 .text          0x0000000000012c9f      0x620 build/cooja/mtype63.a(cooja-radio.o)
                0x0000000000012ce1                radio_set_channel
                0x0000000000012cef                radio_set_txpower
                0x0000000000012d07                radio_signal_strength_last
                0x0000000000012d11                radio_signal_strength_current
                0x0000000000012d1b                radio_LQI
 .text          0x00000000000132bf       0xee build/cooja/mtype63.a(eeprom.o)
                0x00000000000132bf                eeprom_init
                0x00000000000132c5                eeprom_read
                0x0000000000013333                eeprom_write
 .text          0x00000000000133ad       0x2d build/cooja/mtype63.a(random.o)
                0x00000000000133ad                random_init
                0x00000000000133cd                random_rand
 .text          0x00000000000133da      0x29c build/cooja/mtype63.a(sensors.o)
                0x0000000000013415                sensors_first
                0x000000000001341f                sensors_next
                0x0000000000013439                sensors_changed
                0x000000000001346d                sensors_find
 .text          0x0000000000013676      0x349 build/cooja/mtype63.a(leds.o)
                0x0000000000013676                leds_init
                0x00000000000136bd                leds_single_on
                0x000000000001371c                leds_single_off
                0x000000000001377b                leds_single_toggle
                0x00000000000137ad                leds_on
                0x000000000001382f                leds_off
                0x00000000000138b1                leds_toggle
                0x0000000000013906                leds_set
                0x0000000000013932                leds_get
 .text          0x00000000000139bf      0x343 build/cooja/mtype63.a(gpio-hal-arch.o)
                0x00000000000139bf                gpio_hal_arch_register_pin_callback
                0x0000000000013a2b                gpio_hal_arch_init
                0x0000000000013a70                gpio_hal_arch_no_port_interrupt_enable
                0x0000000000013aa0                gpio_hal_arch_no_port_interrupt_disable
                0x0000000000013ad0                gpio_hal_arch_no_port_pin_cfg_set
                0x0000000000013af5                gpio_hal_arch_no_port_pin_cfg_get
                0x0000000000013b1b                gpio_hal_arch_no_port_pin_set_input
                0x0000000000013b2d                gpio_hal_arch_no_port_pin_set_output
                0x0000000000013b3f                gpio_hal_arch_no_port_set_pin
                0x0000000000013b60                gpio_hal_arch_no_port_clear_pin
                0x0000000000013b81                gpio_hal_arch_no_port_read_pin
                0x0000000000013ba7                gpio_hal_arch_no_port_write_pin
                0x0000000000013bd1                gpio_hal_arch_no_port_set_pins
                0x0000000000013c18                gpio_hal_arch_no_port_clear_pins
                0x0000000000013c5f                gpio_hal_arch_no_port_read_pins
                0x0000000000013ca2                gpio_hal_arch_no_port_write_pins
 .text          0x0000000000013d02       0x89 build/cooja/mtype63.a(buttons.o)
 .text          0x0000000000013d8b      0x20d build/cooja/mtype63.a(res-temp.o)
 .text          0x0000000000013f98      0x403 build/cooja/mtype63.a(res-sprinkler.o)
 .text          0x000000000001439b      0x20d build/cooja/mtype63.a(res-hum.o)
 .text          0x00000000000145a8      0x27b build/cooja/mtype63.a(coap-blocking-a)
                0x00000000000145a8                coap_blocking_request_callback
                0x00000000000145d2                coap_blocking_request
 .text          0x0000000000014823      0xbea build/cooja/mtype63.a(coap-engine.o)
                0x00000000000148b8                coap_add_handler
                0x00000000000148d5                coap_remove_handler
                0x00000000000148f2                coap_call_handlers
                0x00000000000149fa                coap_receive
                0x0000000000014ff5                coap_engine_init
                0x0000000000015053                coap_activate_resource
                0x00000000000150fe                coap_get_first_resource
                0x0000000000015117                coap_get_next_resource
 .text          0x000000000001540d      0x2d9 build/cooja/mtype63.a(coap-res-well-k)
 .text          0x00000000000156e6      0x96a build/cooja/mtype63.a(coap-observe.o)
                0x00000000000157fb                coap_remove_observer
                0x000000000001582b                coap_remove_observer_by_client
                0x0000000000015893                coap_remove_observer_by_token
                0x0000000000015926                coap_remove_observer_by_uri
                0x00000000000159cd                coap_remove_observer_by_mid
                0x0000000000015a49                coap_notify_observers
                0x0000000000015a62                coap_notify_observers_sub
                0x0000000000015ecc                coap_observe_handler
                0x0000000000015fe7                coap_has_observers
 .text          0x0000000000016050      0x733 build/cooja/mtype63.a(coap-uip.o)
                0x0000000000016050                coap_endpoint_log
                0x00000000000160d6                coap_endpoint_print
                0x000000000001615c                coap_endpoint_snprint
                0x000000000001628f                coap_endpoint_copy
                0x00000000000162cc                coap_endpoint_cmp
                0x00000000000163da                coap_endpoint_parse
                0x00000000000165c5                coap_endpoint_is_secure
                0x00000000000165d4                coap_endpoint_is_connected
                0x0000000000016608                coap_endpoint_connect
                0x0000000000016624                coap_endpoint_disconnect
                0x000000000001662a                coap_databuf
                0x0000000000016634                coap_transport_init
                0x0000000000016684                coap_sendto
 .text          0x0000000000016783      0x324 build/cooja/mtype63.a(coap-timer.o)
                0x0000000000016880                coap_timer_stop
                0x00000000000168ab                coap_timer_set
                0x00000000000168ee                coap_timer_reset
                0x0000000000016931                coap_timer_time_to_next_expiration
                0x000000000001699d                coap_timer_run
                0x0000000000016a69                coap_timer_init
 .text          0x0000000000016aa7      0x2c6 build/cooja/mtype63.a(coap-transactio)
                0x0000000000016b0d                coap_new_transaction
                0x0000000000016b73                coap_send_transaction
                0x0000000000016cd4                coap_clear_transaction
                0x0000000000016d1c                coap_get_transaction_by_mid
 .text          0x0000000000016d6d     0x1c53 build/cooja/mtype63.a(coap.o)
                0x00000000000172da                coap_init_connection
                0x00000000000172ee                coap_get_mid
                0x000000000001730a                coap_init_message
                0x0000000000017353                coap_serialize_message
                0x00000000000179d5                coap_parse_message
                0x000000000001803c                coap_get_query_variable
                0x000000000001807e                coap_get_post_variable
                0x00000000000180c2                coap_set_status_code
                0x00000000000180e7                coap_set_token
                0x000000000001812e                coap_get_header_content_format
                0x000000000001815f                coap_set_header_content_format
                0x0000000000018182                coap_get_header_accept
                0x00000000000181b3                coap_set_header_accept
                0x00000000000181d6                coap_get_header_max_age
                0x0000000000018207                coap_set_header_max_age
                0x0000000000018227                coap_get_header_etag
                0x0000000000018259                coap_set_header_etag
                0x00000000000182b0                coap_get_header_if_match
                0x00000000000182e2                coap_set_header_if_match
                0x0000000000018339                coap_get_header_if_none_match
                0x0000000000018353                coap_set_header_if_none_match
                0x000000000001836a                coap_get_header_proxy_uri
                0x0000000000018398                coap_set_header_proxy_uri
                0x00000000000183d5                coap_get_header_uri_host
                0x0000000000018403                coap_set_header_uri_host
                0x0000000000018440                coap_get_header_uri_path
                0x000000000001846e                coap_set_header_uri_path
                0x00000000000184bb                coap_get_header_uri_query
                0x00000000000184ef                coap_set_header_uri_query
                0x0000000000018545                coap_get_header_location_path
                0x0000000000018573                coap_set_header_location_path
                0x000000000001860c                coap_get_header_location_query
                0x000000000001863a                coap_set_header_location_query
                0x0000000000018687                coap_get_header_observe
                0x00000000000186b6                coap_set_header_observe
                0x00000000000186d6                coap_get_header_block2
                0x0000000000018742                coap_set_header_block2
                0x00000000000187b9                coap_get_header_block1
                0x000000000001882e                coap_set_header_block1
                0x00000000000188a9                coap_get_header_size2
                0x00000000000188d9                coap_set_header_size2
                0x00000000000188fc                coap_get_header_size1
                0x000000000001892c                coap_set_header_size1
                0x000000000001894f                coap_get_payload
                0x0000000000018989                coap_set_payload
 .text          0x00000000000189c0      0x332 build/cooja/mtype63.a(contiki-main.o)
                0x00000000000189c0                main
 .text          0x0000000000018cf2       0x92 build/cooja/mtype63.a(autostart.o)
                0x0000000000018cf2                autostart_start
                0x0000000000018d3c                autostart_exit
 .text          0x0000000000018d84      0x355 build/cooja/mtype63.a(ctimer.o)
                0x0000000000018eac                ctimer_init
                0x0000000000018edf                ctimer_set
                0x0000000000018f05                ctimer_set_with_process
                0x0000000000018f82                ctimer_reset
                0x0000000000018fd6                ctimer_restart
                0x000000000001902a                ctimer_stop
                0x000000000001907a                ctimer_expired
 .text          0x00000000000190d9      0x394 build/cooja/mtype63.a(log.o)
                0x00000000000190d9                log_6addr
                0x000000000001912c                log_6addr_compact_snprint
                0x00000000000191ca                log_6addr_compact
                0x000000000001921d                log_lladdr
                0x000000000001928f                log_lladdr_compact
                0x00000000000192f7                log_set_level
                0x00000000000193b2                log_get_level
                0x000000000001942b                log_level_to_str
 .text          0x000000000001946d       0x1b build/cooja/mtype63.a(energest.o)
                0x000000000001946d                energest_init
                0x0000000000019473                energest_flush
                0x0000000000019479                energest_get_total_time
 .text          0x0000000000019488      0x43f build/cooja/mtype63.a(etimer.o)
                0x00000000000196ac                etimer_request_poll
                0x0000000000019735                etimer_set
                0x000000000001975e                etimer_reset_with_new_interval
                0x000000000001978d                etimer_reset
                0x00000000000197b3                etimer_restart
                0x00000000000197d9                etimer_adjust
                0x00000000000197f6                etimer_expired
                0x0000000000019809                etimer_expiration_time
                0x000000000001981b                etimer_start_time
                0x0000000000019825                etimer_pending
                0x0000000000019837                etimer_next_expiration_time
                0x0000000000019851                etimer_stop
 .text          0x00000000000198c7       0x25 build/cooja/mtype63.a(node-id.o)
                0x00000000000198c7                node_id_init
 .text          0x00000000000198ec       0xeb build/cooja/mtype63.a(rtimer.o)
                0x00000000000198ec                rtimer_init
                0x00000000000198fa                rtimer_set
                0x0000000000019975                rtimer_run_next
 .text          0x00000000000199d7      0x4fb build/cooja/mtype63.a(process.o)
                0x00000000000199d7                process_alloc_event
                0x00000000000199ec                process_start
                0x0000000000019bc6                process_exit
                0x0000000000019be3                process_init
                0x0000000000019d78                process_run
                0x0000000000019dab                process_nevents
                0x0000000000019dc6                process_post
                0x0000000000019e59                process_post_synch
                0x0000000000019e8e                process_poll
                0x0000000000019ebe                process_is_running
 .text          0x0000000000019ed2       0xb1 build/cooja/mtype63.a(timer.o)
                0x0000000000019ed2                timer_set
                0x0000000000019ef0                timer_reset
                0x0000000000019f1d                timer_restart
                0x0000000000019f32                timer_expired
                0x0000000000019f5f                timer_remaining
 .text          0x0000000000019f83      0x28f build/cooja/mtype63.a(list.o)
                0x0000000000019f83                list_init
                0x0000000000019f92                list_head
                0x0000000000019f9c                list_copy
                0x0000000000019fac                list_tail
                0x0000000000019fe2                list_add
                0x000000000001a02e                list_push
                0x000000000001a05a                list_chop
                0x000000000001a0c4                list_pop
                0x000000000001a0ec                list_remove
                0x000000000001a154                list_length
                0x000000000001a182                list_insert
                0x000000000001a1c7                list_item_next
                0x000000000001a1de                list_contains
 .text          0x000000000001a212      0x1b5 build/cooja/mtype63.a(memb.o)
                0x000000000001a212                memb_init
                0x000000000001a267                memb_alloc
                0x000000000001a2ca                memb_free
                0x000000000001a341                memb_inmemb
                0x000000000001a380                memb_numfree
 .text          0x000000000001a3c7      0x41c build/cooja/mtype63.a(button-hal.o)
                0x000000000001a540                button_hal_get_by_id
                0x000000000001a57e                button_hal_get_by_index
                0x000000000001a5aa                button_hal_get_state
                0x000000000001a5fc                button_hal_init
 .text          0x000000000001a7e3      0x1f3 build/cooja/mtype63.a(serial-line.o)
                0x000000000001a7e3                serial_line_input_byte
                0x000000000001a9a1                serial_line_init
 .text          0x000000000001a9d6      0x168 build/cooja/mtype63.a(gpio-hal.o)
                0x000000000001a9d6                gpio_hal_register_handler
                0x000000000001a9f3                gpio_hal_event_handler
                0x000000000001aa4f                gpio_hal_init
                0x000000000001aa6e                gpio_hal_arch_port_toggle_pin
                0x000000000001aaaa                gpio_hal_arch_port_toggle_pins
                0x000000000001aad8                gpio_hal_arch_no_port_toggle_pin
                0x000000000001ab16                gpio_hal_arch_no_port_toggle_pins
 .text          0x000000000001ab3e      0x2e7 build/cooja/mtype63.a(queuebuf.o)
                0x000000000001ab48                queuebuf_init
                0x000000000001ab71                queuebuf_numfree
                0x000000000001ab89                queuebuf_new_from_packetbuf
                0x000000000001ac28                queuebuf_update_attr_from_packetbuf
                0x000000000001ac5d                queuebuf_update_from_packetbuf
                0x000000000001acad                queuebuf_free
                0x000000000001acf6                queuebuf_to_packetbuf
                0x000000000001ad62                queuebuf_dataptr
                0x000000000001ad9c                queuebuf_datalen
                0x000000000001adbf                queuebuf_addr
                0x000000000001adf4                queuebuf_attr
                0x000000000001ae1f                queuebuf_debug_print
 .text          0x000000000001ae25      0x407 build/cooja/mtype63.a(packetbuf.o)
                0x000000000001ae25                packetbuf_clear
                0x000000000001ae50                packetbuf_copyfrom
                0x000000000001ae9f                packetbuf_copyto
                0x000000000001af32                packetbuf_hdralloc
                0x000000000001afae                packetbuf_hdrreduce
                0x000000000001aff4                packetbuf_set_datalen
                0x000000000001b00e                packetbuf_dataptr
                0x000000000001b02b                packetbuf_hdrptr
                0x000000000001b035                packetbuf_datalen
                0x000000000001b041                packetbuf_hdrlen
                0x000000000001b058                packetbuf_totlen
                0x000000000001b06e                packetbuf_remaininglen
                0x000000000001b081                packetbuf_attr_clear
                0x000000000001b0cd                packetbuf_attr_copyto
                0x000000000001b125                packetbuf_attr_copyfrom
                0x000000000001b17d                packetbuf_set_attr
                0x000000000001b1a7                packetbuf_attr
                0x000000000001b1c1                packetbuf_set_addr
                0x000000000001b1f2                packetbuf_addr
                0x000000000001b20f                packetbuf_holds_broadcast
 .text          0x000000000001b22c       0xef build/cooja/mtype63.a(netstack.o)
                0x000000000001b22c                netstack_process_ip_callback
                0x000000000001b2bd                netstack_ip_packet_processor_add
                0x000000000001b2e0                uip_ds6_ip_packet_processor_rm
                0x000000000001b2fd                netstack_init
 .text          0x000000000001b31b       0x4f build/cooja/mtype63.a(linkaddr.o)
                0x000000000001b31b                linkaddr_copy
                0x000000000001b331                linkaddr_cmp
                0x000000000001b354                linkaddr_set_node_addr
 .text          0x000000000001b36a      0x1f6 build/cooja/mtype63.a(csma.o)
 .text          0x000000000001b560      0x95d build/cooja/mtype63.a(csma-output.o)
                0x000000000001bbf7                csma_output_packet
                0x000000000001be84                csma_output_init
 .text          0x000000000001bebd      0xc11 build/cooja/mtype63.a(uip-ds6.o)
                0x000000000001bebd                uip_ds6_default_prefix
                0x000000000001bec7                uip_ds6_set_default_prefix
                0x000000000001bef2                uip_ds6_init
                0x000000000001c154                uip_ds6_periodic
                0x000000000001c1db                uip_ds6_list_loop
                0x000000000001c29b                uip_ds6_prefix_add
                0x000000000001c347                uip_ds6_prefix_rm
                0x000000000001c35a                uip_ds6_prefix_lookup
                0x000000000001c399                uip_ds6_is_addr_onlink
                0x000000000001c40c                uip_ds6_addr_add
                0x000000000001c52c                uip_ds6_addr_rm
                0x000000000001c5d5                uip_ds6_addr_lookup
                0x000000000001c60e                uip_ds6_get_link_local
                0x000000000001c68f                uip_ds6_get_global
                0x000000000001c710                uip_ds6_maddr_add
                0x000000000001c770                uip_ds6_maddr_rm
                0x000000000001c783                uip_ds6_maddr_lookup
                0x000000000001c7bc                uip_ds6_aaddr_add
                0x000000000001c81c                uip_ds6_aaddr_rm
                0x000000000001c82f                uip_ds6_aaddr_lookup
                0x000000000001c868                uip_ds6_select_src
                0x000000000001c9b1                uip_ds6_set_addr_iid
                0x000000000001c9dc                uip_ds6_set_lladdr_from_iid
                0x000000000001ca05                get_match_length
                0x000000000001ca96                uip_ds6_compute_reachable_time
 .text          0x000000000001cace      0x128 build/cooja/mtype63.a(uip-udp-packet.)
                0x000000000001cace                uip_udp_packet_send
                0x000000000001cb29                uip_udp_packet_sendto
 .text          0x000000000001cbf6      0x35b build/cooja/mtype63.a(uip-ds6-route.o)
                0x000000000001cc47                uip_ds6_route_init
                0x000000000001cc71                uip_ds6_route_nexthop
                0x000000000001cc7b                uip_ds6_route_head
                0x000000000001cc85                uip_ds6_route_next
                0x000000000001cc8f                uip_ds6_route_is_nexthop
                0x000000000001cc99                uip_ds6_route_num_routes
                0x000000000001cca3                uip_ds6_route_lookup
                0x000000000001ccad                uip_ds6_route_add
                0x000000000001ccc0                uip_ds6_route_rm
                0x000000000001ccc6                uip_ds6_route_rm_by_nexthop
                0x000000000001cccc                uip_ds6_defrt_head
                0x000000000001cce5                uip_ds6_defrt_add
                0x000000000001cd93                uip_ds6_defrt_rm
                0x000000000001cdf9                uip_ds6_defrt_lookup
                0x000000000001ce60                uip_ds6_defrt_choose
                0x000000000001ced6                uip_ds6_defrt_periodic
 .text          0x000000000001cf51      0x6f7 build/cooja/mtype63.a(tcpip.o)
                0x000000000001cf6b                tcpip_output
                0x000000000001cfea                udp_attach
                0x000000000001d002                udp_new
                0x000000000001d04c                udp_broadcast_new
                0x000000000001d1be                tcpip_input
                0x000000000001d34e                tcpip_ipv6_output
                0x000000000001d542                tcpip_poll_udp
                0x000000000001d560                tcpip_uipcall
 .text          0x000000000001d648     0x1205 build/cooja/mtype63.a(uip6.o)
                0x000000000001d6f7                uip_chksum
                0x000000000001d7ce                uip_icmp6chksum
                0x000000000001d7e3                uip_udpchksum
                0x000000000001d7f8                uip_init
                0x000000000001d841                uip_remove_ext_hdr
                0x000000000001d91b                uip_udp_new
                0x000000000001dc2f                uip_process
                0x000000000001e727                uip_htons
                0x000000000001e749                uip_htonl
                0x000000000001e787                uip_send
 .text          0x000000000001e84d      0x369 build/cooja/mtype63.a(uip-ds6-nbr.o)
                0x000000000001e84d                uip_ds6_neighbors_init
                0x000000000001e871                uip_ds6_nbr_add
                0x000000000001e8f7                uip_ds6_nbr_rm
                0x000000000001e942                uip_ds6_nbr_update_ll
                0x000000000001ea30                uip_ds6_nbr_get_ipaddr
                0x000000000001ea45                uip_ds6_nbr_get_ll
                0x000000000001ea61                uip_ds6_nbr_num
                0x000000000001eaaa                uip_ds6_nbr_head
                0x000000000001eac3                uip_ds6_nbr_next
                0x000000000001eadf                uip_ds6_nbr_lookup
                0x000000000001eb37                uip_ds6_nbr_ll_lookup
                0x000000000001eb53                uip_ds6_nbr_ipaddr_from_lladdr
                0x000000000001eb7c                uip_ds6_nbr_lladdr_from_ipaddr
                0x000000000001ebb0                uip_ds6_link_callback
 .text          0x000000000001ebb6      0x6a7 build/cooja/mtype63.a(uip-nd6.o)
                0x000000000001f244                uip_nd6_init
 .text          0x000000000001f25d     0x2c17 build/cooja/mtype63.a(sicslowpan.o)
                0x000000000001f864                netstack_sniffer_add
                0x000000000001f872                netstack_sniffer_remove
                0x0000000000021e48                sicslowpan_init
                0x0000000000021e6a                sicslowpan_get_last_rssi
 .text          0x0000000000021e74      0x4d1 build/cooja/mtype63.a(uiplib.o)
                0x0000000000021e74                uiplib_ip6addrconv
                0x000000000002202c                uiplib_ip4addrconv
                0x00000000000220ef                uiplib_ipaddr_print
                0x0000000000022142                uiplib_ipaddr_snprint
 .text          0x0000000000022345      0x4c9 build/cooja/mtype63.a(rpl.o)
                0x0000000000022345                rpl_lollipop_greater_than
                0x000000000002239f                rpl_get_global_address
                0x0000000000022497                rpl_link_callback
                0x00000000000224db                rpl_has_joined
                0x0000000000022500                rpl_is_reachable
                0x0000000000022581                rpl_reset_prefix
                0x00000000000225eb                rpl_set_prefix_from_addr
                0x00000000000226d0                rpl_set_prefix
                0x00000000000227ea                rpl_set_leaf_only
                0x0000000000022802                rpl_get_leaf_only
 .text          0x000000000002280e     0x138c build/cooja/mtype63.a(rpl-icmp6.o)
                0x0000000000022933                rpl_icmp6_update_nbr_table
                0x00000000000229bc                rpl_icmp6_dis_output
                0x0000000000023002                rpl_icmp6_dio_output
                0x0000000000023800                rpl_icmp6_dao_output
                0x0000000000023ae1                rpl_icmp6_dao_ack_output
                0x0000000000023b51                rpl_icmp6_init
 .text          0x0000000000023b9a      0x264 build/cooja/mtype63.a(rpl-dag-root.o)
                0x0000000000023b9a                rpl_dag_root_print_links
                0x0000000000023cc6                rpl_dag_root_set_prefix
                0x0000000000023cf2                rpl_dag_root_start
                0x0000000000023dcf                rpl_dag_root_is_root
 .text          0x0000000000023dfe       0x30 build/cooja/mtype63.a(watchdog.o)
                0x0000000000023dfe                watchdog_init
                0x0000000000023e04                watchdog_start
                0x0000000000023e0a                watchdog_periodic
                0x0000000000023e22                watchdog_stop
                0x0000000000023e28                watchdog_reboot
 .text          0x0000000000023e2e       0x4a build/cooja/mtype63.a(int-master.o)
                0x0000000000023e2e                int_master_enable
                0x0000000000023e3e                int_master_read_and_disable
                0x0000000000023e5b                int_master_status_set
                0x0000000000023e69                int_master_is_enabled
 .text          0x0000000000023e78      0x226 build/cooja/mtype63.a(coap-timer-defa)
 .text          0x000000000002409e       0xc7 build/cooja/mtype63.a(stimer.o)
                0x000000000002409e                stimer_set
                0x00000000000240bc                stimer_reset
                0x00000000000240e9                stimer_restart
                0x00000000000240fe                stimer_expired
                0x0000000000024129                stimer_remaining
                0x000000000002414d                stimer_elapsed
 .text          0x0000000000024165      0x156 build/cooja/mtype63.a(ringbuf.o)
                0x0000000000024165                ringbuf_init
                0x0000000000024197                ringbuf_put
                0x0000000000024215                ringbuf_get
                0x0000000000024282                ringbuf_size
                0x0000000000024294                ringbuf_elements
 .text          0x00000000000242bb       0x1f build/cooja/mtype63.a(assert.o)
                0x00000000000242bb                _xassert
 .text          0x00000000000242da      0x79b build/cooja/mtype63.a(nbr-table.o)
                0x0000000000024753                nbr_table_register
                0x00000000000247c0                nbr_table_is_registered
                0x00000000000247fb                nbr_table_head
                0x0000000000024856                nbr_table_next
                0x00000000000248b7                nbr_table_add_lladdr
                0x0000000000024991                nbr_table_get_from_lladdr
                0x00000000000249dd                nbr_table_remove
                0x0000000000024a15                nbr_table_lock
                0x0000000000024a2f                nbr_table_unlock
                0x0000000000024a49                nbr_table_get_lladdr
 .text          0x0000000000024a75      0x3a5 build/cooja/mtype63.a(link-stats.o)
                0x0000000000024a75                link_stats_from_lladdr
                0x0000000000024a91                link_stats_get_lladdr
                0x0000000000024aad                link_stats_is_fresh
                0x0000000000024ae9                guess_etx_from_rssi
                0x0000000000024b65                link_stats_packet_sent
                0x0000000000024c85                link_stats_input_callback
                0x0000000000024d95                link_stats_reset
                0x0000000000024de5                link_stats_init
 .text          0x0000000000024e1a      0x187 build/cooja/mtype63.a(mac-sequence.o)
                0x0000000000024e1a                mac_sequence_is_duplicate
                0x0000000000024eba                mac_sequence_register_seqno
 .text          0x0000000000024fa1       0x23 build/cooja/mtype63.a(mac.o)
                0x0000000000024fa1                mac_call_sent_callback
 .text          0x0000000000024fc4      0x432 build/cooja/mtype63.a(framer-802154.o)
                0x0000000000025153                framer_802154_setup_params
 .text          0x00000000000253f6      0xb6f build/cooja/mtype63.a(frame802154.o)
                0x0000000000025427                frame802154_get_pan_id
                0x0000000000025433                frame802154_set_pan_id
                0x000000000002544d                frame802154_has_panid
                0x00000000000255fc                frame802154_check_dest_panid
                0x0000000000025684                frame802154_is_broadcast_addr
                0x00000000000256d1                frame802154_extract_linkaddr
                0x0000000000025936                frame802154_hdrlen
                0x00000000000259a9                frame802154_create_fcf
                0x0000000000025a61                frame802154_create
                0x0000000000025bd6                frame802154_parse_fcf
                0x0000000000025cb8                frame802154_parse
 .text          0x0000000000025f65       0x2d build/cooja/mtype63.a(csma-security.o)
                0x0000000000025f65                csma_security_create_frame
                0x0000000000025f83                csma_security_parse_frame
 .text          0x0000000000025f92      0x4e4 build/cooja/mtype63.a(uipbuf.o)
                0x0000000000025f92                uipbuf_clear
                0x0000000000025fb9                uipbuf_add_ext_hdr
                0x0000000000026039                uipbuf_set_len
                0x0000000000026066                uipbuf_set_len_field
                0x0000000000026092                uipbuf_get_len_field
                0x00000000000260b2                uipbuf_get_next_header
                0x00000000000261e4                uipbuf_get_last_header
                0x000000000002625d                uipbuf_search_header
                0x0000000000026313                uipbuf_get_attr
                0x000000000002633a                uipbuf_set_attr
                0x0000000000026371                uipbuf_set_default_attr
                0x00000000000263a8                uipbuf_clear_attr
                0x00000000000263cc                uipbuf_set_attr_flag
                0x00000000000263ed                uipbuf_clr_attr_flag
                0x0000000000026414                uipbuf_is_attr_flag
                0x0000000000026438                uipbuf_init
 .text          0x0000000000026476      0x73f build/cooja/mtype63.a(uip-icmp6.o)
                0x00000000000264eb                uip_icmp6_input
                0x0000000000026542                uip_icmp6_register_input_handler
                0x0000000000026695                uip_icmp6_error_output
                0x0000000000026946                uip_icmp6_send
                0x0000000000026b3d                uip_icmp6_echo_reply_callback_add
                0x0000000000026b6f                uip_icmp6_echo_reply_callback_rm
                0x0000000000026b8c                uip_icmp6_init
 .text          0x0000000000026bb5      0x69b build/cooja/mtype63.a(uip-sr.o)
                0x0000000000026bb5                uip_sr_num_nodes
                0x0000000000026c43                uip_sr_get_node
                0x0000000000026c9a                uip_sr_is_addr_reachable
                0x0000000000026d48                uip_sr_expire_parent
                0x0000000000026d91                uip_sr_update_node
                0x0000000000026ec1                uip_sr_init
                0x0000000000026ef5                uip_sr_node_head
                0x0000000000026f0e                uip_sr_node_next
                0x0000000000026f24                uip_sr_periodic
                0x000000000002702a                uip_sr_free_all
                0x000000000002709a                uip_sr_link_snprint
 .text          0x0000000000027250      0x146 build/cooja/mtype63.a(uip-packetqueue)
                0x000000000002727e                uip_packetqueue_new
                0x000000000002728d                uip_packetqueue_alloc
                0x00000000000272e8                uip_packetqueue_free
                0x000000000002732f                uip_packetqueue_buf
                0x000000000002734c                uip_packetqueue_buflen
                0x000000000002736d                uip_packetqueue_set_buflen
 .text          0x0000000000027396      0x1b0 build/cooja/mtype63.a(rpl-nbr-policy.)
                0x0000000000027503                rpl_nbr_policy_find_removable
 .text          0x0000000000027546      0x915 build/cooja/mtype63.a(rpl-neighbor.o)
                0x00000000000275c2                rpl_neighbor_snprint
                0x0000000000027875                rpl_neighbor_print_list
                0x000000000002792a                rpl_neighbor_count
                0x00000000000279d1                rpl_neighbor_get_from_lladdr
                0x00000000000279ed                rpl_neighbor_is_acceptable_parent
                0x0000000000027a21                rpl_neighbor_get_link_metric
                0x0000000000027a55                rpl_neighbor_rank_via_nbr
                0x0000000000027a89                rpl_neighbor_get_lladdr
                0x0000000000027aa5                rpl_neighbor_get_ipaddr
                0x0000000000027acc                rpl_neighbor_get_link_stats
                0x0000000000027af3                rpl_neighbor_is_fresh
                0x0000000000027b1a                rpl_neighbor_is_reachable
                0x0000000000027b65                rpl_neighbor_is_parent
                0x0000000000027b8f                rpl_neighbor_set_preferred_parent
                0x0000000000027c26                rpl_neighbor_remove_all
                0x0000000000027c82                rpl_neighbor_get_from_ipaddr
                0x0000000000027d90                rpl_neighbor_select_best
                0x0000000000027e3c                rpl_neighbor_init
 .text          0x0000000000027e5b      0xe69 build/cooja/mtype63.a(rpl-dag.o)
                0x0000000000027e5b                rpl_dag_state_to_str
                0x0000000000027e9a                rpl_dag_get_root_ipaddr
                0x0000000000027ee2                rpl_dag_leave
                0x0000000000027f6b                rpl_dag_poison_and_leave
                0x0000000000027f83                rpl_dag_periodic
                0x000000000002800b                rpl_is_addr_in_our_dag
                0x000000000002804f                rpl_get_default_instance
                0x000000000002806b                rpl_get_any_dag
                0x00000000000280c4                rpl_refresh_routes
                0x0000000000028104                rpl_global_repair
                0x000000000002819d                rpl_local_repair
                0x00000000000281e7                rpl_dag_ready_to_advertise
                0x000000000002822a                rpl_dag_update_state
                0x0000000000028957                rpl_process_dio
                0x00000000000289d5                rpl_process_dis
                0x0000000000028a1a                rpl_process_dao
                0x0000000000028aa9                rpl_process_dao_ack
                0x0000000000028b40                rpl_process_hbh
                0x0000000000028b90                rpl_dag_init_root
                0x0000000000028ca4                rpl_dag_init
 .text          0x0000000000028cc4      0x9e7 build/cooja/mtype63.a(rpl-timers.o)
                0x0000000000028cc4                rpl_timers_schedule_periodic_dis
                0x0000000000028e12                rpl_timers_dio_reset
                0x0000000000028f20                rpl_timers_schedule_unicast_dio
                0x0000000000029074                rpl_timers_schedule_dao
                0x0000000000029133                rpl_timers_schedule_dao_ack
                0x00000000000291b9                rpl_timers_notify_dao_ack
                0x0000000000029217                get_probing_delay
                0x000000000002924b                get_probing_target
                0x0000000000029435                rpl_schedule_probing
                0x0000000000029463                rpl_schedule_probing_now
                0x00000000000294cd                rpl_timers_unschedule_leaving
                0x0000000000029505                rpl_timers_schedule_leaving
                0x0000000000029546                rpl_timers_init
                0x00000000000295d6                rpl_timers_stop_dag_timers
                0x000000000002964f                rpl_timers_unschedule_state_update
                0x0000000000029673                rpl_timers_schedule_state_update
 .text          0x00000000000296ab      0xb8e build/cooja/mtype63.a(rpl-ext-header.)
                0x00000000000296ab                rpl_ext_header_srh_get_next_hop
                0x0000000000029792                rpl_ext_header_srh_update
                0x0000000000029cfe                rpl_ext_header_hbh_update
                0x0000000000029ffe                rpl_ext_header_update
                0x000000000002a087                rpl_ext_header_remove
 .text          0x000000000002a239      0x31b build/cooja/mtype63.a(rpl-mrhof.o)
 *fill*         0x000000000002a554        0xc 
 .text          0x000000000002a560      0x122 /usr/lib/gcc/i686-linux-gnu/5/libgcc.a(_udivdi3.o)
                0x000000000002a560                __udivdi3
 .text          0x000000000002a682        0x0 /usr/lib/gcc/i686-linux-gnu/5/crtendS.o
 .text          0x000000000002a682        0x0 /usr/lib/gcc/i686-linux-gnu/5/../../../i386-linux-gnu/crtn.o
 *(.gnu.warning)

.fini           0x000000000002a684       0x14
 *(SORT(.fini))
 .fini          0x000000000002a684        0xf /usr/lib/gcc/i686-linux-gnu/5/../../../i386-linux-gnu/crti.o
                0x000000000002a684                _fini
 .fini          0x000000000002a693        0x5 /usr/lib/gcc/i686-linux-gnu/5/../../../i386-linux-gnu/crtn.o
                [!provide]                        PROVIDE (__etext, .)
                [!provide]                        PROVIDE (_etext, .)
                [!provide]                        PROVIDE (etext, .)

.rodata         0x000000000002a6a0      0xd8b
 *(.rodata .rodata.* .gnu.linkonce.r.*)
 .rodata        0x000000000002a6a0       0xed coap_server_sprinkler.o
                0x000000000002a6b8                autostart_processes
 *fill*         0x000000000002a78d        0x3 
 .rodata        0x000000000002a790        0x8 build/cooja/mtype63.a(beep.o)
                0x000000000002a790                beep_interface
 .rodata        0x000000000002a798        0xe build/cooja/mtype63.a(leds-arch.o)
                0x000000000002a798                leds_interface
                0x000000000002a7a0                leds_arch_leds
 *fill*         0x000000000002a7a6        0x2 
 .rodata        0x000000000002a7a8        0x8 build/cooja/mtype63.a(moteid.o)
                0x000000000002a7a8                moteid_interface
 .rodata        0x000000000002a7b0       0x1c build/cooja/mtype63.a(pir-sensor.o)
                0x000000000002a7b0                pir_interface
                0x000000000002a7bc                pir_sensor
 .rodata        0x000000000002a7cc        0xe build/cooja/mtype63.a(rs232.o)
                0x000000000002a7cc                rs232_interface
 *fill*         0x000000000002a7da        0x2 
 .rodata        0x000000000002a7dc       0x24 build/cooja/mtype63.a(vib-sensor.o)
                0x000000000002a7dc                vib_interface
                0x000000000002a7f0                vib_sensor
 .rodata        0x000000000002a800        0x8 build/cooja/mtype63.a(clock.o)
                0x000000000002a800                clock_interface
 .rodata        0x000000000002a808        0x8 build/cooja/mtype63.a(cooja-log.o)
                0x000000000002a808                simlog_interface
 .rodata        0x000000000002a810       0x2f build/cooja/mtype63.a(cfs-cooja.o)
                0x000000000002a810                cfs_interface
 *fill*         0x000000000002a83f        0x1 
 .rodata        0x000000000002a840       0xb8 build/cooja/mtype63.a(cooja-radio.o)
                0x000000000002a840                radio_interface
                0x000000000002a8c0                cooja_radio_driver
 .rodata        0x000000000002a8f8        0x8 build/cooja/mtype63.a(eeprom.o)
                0x000000000002a8f8                eeprom_interface
 .rodata        0x000000000002a900        0x8 build/cooja/mtype63.a(sensors.o)
 .rodata        0x000000000002a908       0x2c build/cooja/mtype63.a(buttons.o)
                0x000000000002a908                button_interface
                0x000000000002a91c                button_hal_button_count
                0x000000000002a924                button_sensor
 .rodata        0x000000000002a934       0xf0 build/cooja/mtype63.a(res-temp.o)
 .rodata        0x000000000002aa24      0x15c build/cooja/mtype63.a(res-sprinkler.o)
 .rodata        0x000000000002ab80       0xe8 build/cooja/mtype63.a(res-hum.o)
 .rodata        0x000000000002ac68       0x41 build/cooja/mtype63.a(coap-engine.o)
 .rodata        0x000000000002aca9       0x19 build/cooja/mtype63.a(coap-res-well-k)
 .rodata        0x000000000002acc2       0x11 build/cooja/mtype63.a(coap-observe.o)
 .rodata        0x000000000002acd3       0x35 build/cooja/mtype63.a(coap-uip.o)
 .rodata        0x000000000002ad08      0x1ac build/cooja/mtype63.a(coap.o)
 .rodata        0x000000000002aeb4       0xf8 build/cooja/mtype63.a(contiki-main.o)
 .rodata        0x000000000002afac        0xf build/cooja/mtype63.a(ctimer.o)
 *fill*         0x000000000002afbb        0x1 
 .rodata        0x000000000002afbc       0xc4 build/cooja/mtype63.a(log.o)
 .rodata        0x000000000002b080        0xc build/cooja/mtype63.a(etimer.o)
 .rodata        0x000000000002b08c       0x13 build/cooja/mtype63.a(button-hal.o)
 .rodata        0x000000000002b09f        0xe build/cooja/mtype63.a(serial-line.o)
 *fill*         0x000000000002b0ad        0x3 
 .rodata        0x000000000002b0b0        0x8 build/cooja/mtype63.a(linkaddr.o)
                0x000000000002b0b0                linkaddr_null
 .rodata        0x000000000002b0b8       0x24 build/cooja/mtype63.a(csma.o)
                0x000000000002b0c0                csma_driver
 .rodata        0x000000000002b0dc       0x32 build/cooja/mtype63.a(csma-output.o)
 *fill*         0x000000000002b10e        0x2 
 .rodata        0x000000000002b110       0x4d build/cooja/mtype63.a(uip-ds6-route.o)
 .rodata        0x000000000002b15d        0xd build/cooja/mtype63.a(tcpip.o)
 *fill*         0x000000000002b16a        0x2 
 .rodata        0x000000000002b16c       0x30 build/cooja/mtype63.a(sicslowpan.o)
                0x000000000002b16c                unc_llconf
                0x000000000002b170                unc_ctxconf
                0x000000000002b174                unc_mxconf
                0x000000000002b178                llprefix
                0x000000000002b18c                sicslowpan_driver
 .rodata        0x000000000002b19c       0x2d build/cooja/mtype63.a(uiplib.o)
 *fill*         0x000000000002b1c9       0x17 
 .rodata        0x000000000002b1e0       0x74 build/cooja/mtype63.a(rpl.o)
                0x000000000002b200                rpl_lite_driver
 .rodata        0x000000000002b254       0x20 build/cooja/mtype63.a(coap-timer-defa)
                0x000000000002b268                coap_timer_default_driver
 .rodata        0x000000000002b274       0x25 build/cooja/mtype63.a(assert.o)
 *fill*         0x000000000002b299        0x3 
 .rodata        0x000000000002b29c        0xc build/cooja/mtype63.a(framer-802154.o)
                0x000000000002b29c                framer_802154
 .rodata        0x000000000002b2a8       0x44 build/cooja/mtype63.a(uip-sr.o)
 .rodata        0x000000000002b2ec       0x58 build/cooja/mtype63.a(rpl-neighbor.o)
 .rodata        0x000000000002b344       0xdb build/cooja/mtype63.a(rpl-dag.o)
 .rodata        0x000000000002b41f        0xc build/cooja/mtype63.a(rpl-timers.o)

.rodata1
 *(.rodata1)

.eh_frame_hdr   0x000000000002b42c     0x19fc
 *(.eh_frame_hdr)
 .eh_frame_hdr  0x000000000002b42c     0x19fc coap_server_sprinkler.o
                0x000000000002b42c                __GNU_EH_FRAME_HDR
 *(.eh_frame_entry .eh_frame_entry.*)

.eh_frame       0x000000000002ce28     0x696c
 *(.eh_frame)
 .eh_frame      0x000000000002ce28       0x3c /usr/lib/gcc/i686-linux-gnu/5/../../../i386-linux-gnu/crti.o
                                         0x40 (size before relaxing)
 .eh_frame      0x000000000002ce64       0x44 coap_server_sprinkler.o
                                         0x5c (size before relaxing)
 .eh_frame      0x000000000002cea8      0x178 build/cooja/mtype63.o
                                        0x190 (size before relaxing)
 .eh_frame      0x000000000002d020       0x40 build/cooja/mtype63.a(simEnvChange.o)
                                         0x58 (size before relaxing)
 .eh_frame      0x000000000002d060       0x60 build/cooja/mtype63.a(cooja_mt.o)
                                         0x78 (size before relaxing)
 .eh_frame      0x000000000002d0c0       0x80 build/cooja/mtype63.a(cooja_mtarch.o)
                                         0x98 (size before relaxing)
 .eh_frame      0x000000000002d140       0xc8 build/cooja/mtype63.a(rtimer-arch.o)
                                         0xe0 (size before relaxing)
 .eh_frame      0x000000000002d208      0x160 build/cooja/mtype63.a(beep.o)
                                        0x178 (size before relaxing)
 .eh_frame      0x000000000002d368       0x80 build/cooja/mtype63.a(leds-arch.o)
                                         0x98 (size before relaxing)
 .eh_frame      0x000000000002d3e8       0x40 build/cooja/mtype63.a(moteid.o)
                                         0x58 (size before relaxing)
 .eh_frame      0x000000000002d428       0xa0 build/cooja/mtype63.a(pir-sensor.o)
                                         0xb8 (size before relaxing)
 .eh_frame      0x000000000002d4c8      0x100 build/cooja/mtype63.a(rs232.o)
                                        0x118 (size before relaxing)
 .eh_frame      0x000000000002d5c8       0xa0 build/cooja/mtype63.a(vib-sensor.o)
                                         0xb8 (size before relaxing)
 .eh_frame      0x000000000002d668       0xc0 build/cooja/mtype63.a(clock.o)
                                         0xd8 (size before relaxing)
 .eh_frame      0x000000000002d728      0x120 build/cooja/mtype63.a(cooja-log.o)
                                        0x138 (size before relaxing)
 .eh_frame      0x000000000002d848      0x160 build/cooja/mtype63.a(cfs-cooja.o)
                                        0x178 (size before relaxing)
 .eh_frame      0x000000000002d9a8      0x340 build/cooja/mtype63.a(cooja-radio.o)
                                        0x358 (size before relaxing)
 .eh_frame      0x000000000002dce8       0xa0 build/cooja/mtype63.a(eeprom.o)
                                         0xb8 (size before relaxing)
 .eh_frame      0x000000000002dd88       0x40 build/cooja/mtype63.a(random.o)
                                         0x58 (size before relaxing)
 .eh_frame      0x000000000002ddc8       0xc0 build/cooja/mtype63.a(sensors.o)
                                         0xd8 (size before relaxing)
 .eh_frame      0x000000000002de88      0x120 build/cooja/mtype63.a(leds.o)
                                        0x138 (size before relaxing)
 .eh_frame      0x000000000002dfa8      0x220 build/cooja/mtype63.a(gpio-hal-arch.o)
                                        0x238 (size before relaxing)
 .eh_frame      0x000000000002e1c8       0xa0 build/cooja/mtype63.a(buttons.o)
                                         0xb8 (size before relaxing)
 .eh_frame      0x000000000002e268       0x40 build/cooja/mtype63.a(res-temp.o)
                                         0x58 (size before relaxing)
 .eh_frame      0x000000000002e2a8       0x60 build/cooja/mtype63.a(res-sprinkler.o)
                                         0x78 (size before relaxing)
 .eh_frame      0x000000000002e308       0x40 build/cooja/mtype63.a(res-hum.o)
                                         0x58 (size before relaxing)
 .eh_frame      0x000000000002e348       0x44 build/cooja/mtype63.a(coap-blocking-a)
                                         0x5c (size before relaxing)
 .eh_frame      0x000000000002e38c      0x220 build/cooja/mtype63.a(coap-engine.o)
                                        0x238 (size before relaxing)
 .eh_frame      0x000000000002e5ac       0x24 build/cooja/mtype63.a(coap-res-well-k)
                                         0x3c (size before relaxing)
 .eh_frame      0x000000000002e5d0      0x188 build/cooja/mtype63.a(coap-observe.o)
                                        0x1a0 (size before relaxing)
 .eh_frame      0x000000000002e758      0x250 build/cooja/mtype63.a(coap-uip.o)
                                        0x268 (size before relaxing)
 .eh_frame      0x000000000002e9a8      0x114 build/cooja/mtype63.a(coap-timer.o)
                                        0x12c (size before relaxing)
 .eh_frame      0x000000000002eabc      0x100 build/cooja/mtype63.a(coap-transactio)
                                        0x118 (size before relaxing)
 .eh_frame      0x000000000002ebbc      0x6ec build/cooja/mtype63.a(coap.o)
                                        0x704 (size before relaxing)
 .eh_frame      0x000000000002f2a8       0x30 build/cooja/mtype63.a(contiki-main.o)
                                         0x48 (size before relaxing)
 .eh_frame      0x000000000002f2d8       0x40 build/cooja/mtype63.a(autostart.o)
                                         0x58 (size before relaxing)
 .eh_frame      0x000000000002f318      0x100 build/cooja/mtype63.a(ctimer.o)
                                        0x118 (size before relaxing)
 .eh_frame      0x000000000002f418      0x100 build/cooja/mtype63.a(log.o)
                                        0x118 (size before relaxing)
 .eh_frame      0x000000000002f518       0x60 build/cooja/mtype63.a(energest.o)
                                         0x78 (size before relaxing)
 .eh_frame      0x000000000002f578      0x1e0 build/cooja/mtype63.a(etimer.o)
                                        0x1f8 (size before relaxing)
 .eh_frame      0x000000000002f758       0x20 build/cooja/mtype63.a(node-id.o)
                                         0x38 (size before relaxing)
 .eh_frame      0x000000000002f778       0x60 build/cooja/mtype63.a(rtimer.o)
                                         0x78 (size before relaxing)
 .eh_frame      0x000000000002f7d8      0x1c4 build/cooja/mtype63.a(process.o)
                                        0x1dc (size before relaxing)
 .eh_frame      0x000000000002f99c       0xa4 build/cooja/mtype63.a(timer.o)
                                         0xbc (size before relaxing)
 .eh_frame      0x000000000002fa40      0x1a0 build/cooja/mtype63.a(list.o)
                                        0x1b8 (size before relaxing)
 .eh_frame      0x000000000002fbe0       0xa0 build/cooja/mtype63.a(memb.o)
                                         0xb8 (size before relaxing)
 .eh_frame      0x000000000002fc80      0x144 build/cooja/mtype63.a(button-hal.o)
                                        0x15c (size before relaxing)
 .eh_frame      0x000000000002fdc4       0x60 build/cooja/mtype63.a(serial-line.o)
                                         0x78 (size before relaxing)
 .eh_frame      0x000000000002fe24       0xe0 build/cooja/mtype63.a(gpio-hal.o)
                                         0xf8 (size before relaxing)
 .eh_frame      0x000000000002ff04      0x1a0 build/cooja/mtype63.a(queuebuf.o)
                                        0x1b8 (size before relaxing)
 .eh_frame      0x00000000000300a4      0x28c build/cooja/mtype63.a(packetbuf.o)
                                        0x2a4 (size before relaxing)
 .eh_frame      0x0000000000030330       0x80 build/cooja/mtype63.a(netstack.o)
                                         0x98 (size before relaxing)
 .eh_frame      0x00000000000303b0       0x60 build/cooja/mtype63.a(linkaddr.o)
                                         0x78 (size before relaxing)
 .eh_frame      0x0000000000030410       0xe0 build/cooja/mtype63.a(csma.o)
                                         0xf8 (size before relaxing)
 .eh_frame      0x00000000000304f0      0x1d0 build/cooja/mtype63.a(csma-output.o)
                                        0x1e8 (size before relaxing)
 .eh_frame      0x00000000000306c0      0x328 build/cooja/mtype63.a(uip-ds6.o)
                                        0x340 (size before relaxing)
 .eh_frame      0x00000000000309e8       0x40 build/cooja/mtype63.a(uip-udp-packet.)
                                         0x58 (size before relaxing)
 .eh_frame      0x0000000000030a28      0x220 build/cooja/mtype63.a(uip-ds6-route.o)
                                        0x238 (size before relaxing)
 .eh_frame      0x0000000000030c48      0x244 build/cooja/mtype63.a(tcpip.o)
                                        0x25c (size before relaxing)
 .eh_frame      0x0000000000030e8c      0x1e8 build/cooja/mtype63.a(uip6.o)
                                        0x200 (size before relaxing)
 .eh_frame      0x0000000000031074      0x1c0 build/cooja/mtype63.a(uip-ds6-nbr.o)
                                        0x1d8 (size before relaxing)
 .eh_frame      0x0000000000031234       0x84 build/cooja/mtype63.a(uip-nd6.o)
                                         0x9c (size before relaxing)
 .eh_frame      0x00000000000312b8      0x2f8 build/cooja/mtype63.a(sicslowpan.o)
                                        0x310 (size before relaxing)
 .eh_frame      0x00000000000315b0       0x88 build/cooja/mtype63.a(uiplib.o)
                                         0xa0 (size before relaxing)
 .eh_frame      0x0000000000031638      0x1e0 build/cooja/mtype63.a(rpl.o)
                                        0x1f8 (size before relaxing)
 .eh_frame      0x0000000000031818      0x1c4 build/cooja/mtype63.a(rpl-icmp6.o)
                                        0x1dc (size before relaxing)
 .eh_frame      0x00000000000319dc       0xa0 build/cooja/mtype63.a(rpl-dag-root.o)
                                         0xb8 (size before relaxing)
 .eh_frame      0x0000000000031a7c       0xa0 build/cooja/mtype63.a(watchdog.o)
                                         0xb8 (size before relaxing)
 .eh_frame      0x0000000000031b1c       0x80 build/cooja/mtype63.a(int-master.o)
                                         0x98 (size before relaxing)
 .eh_frame      0x0000000000031b9c       0xa4 build/cooja/mtype63.a(coap-timer-defa)
                                         0xbc (size before relaxing)
 .eh_frame      0x0000000000031c40       0xc4 build/cooja/mtype63.a(stimer.o)
                                         0xdc (size before relaxing)
 .eh_frame      0x0000000000031d04       0xa0 build/cooja/mtype63.a(ringbuf.o)
                                         0xb8 (size before relaxing)
 .eh_frame      0x0000000000031da4       0x20 build/cooja/mtype63.a(assert.o)
                                         0x38 (size before relaxing)
 .eh_frame      0x0000000000031dc4      0x2ac build/cooja/mtype63.a(nbr-table.o)
                                        0x2c4 (size before relaxing)
 .eh_frame      0x0000000000032070      0x120 build/cooja/mtype63.a(link-stats.o)
                                        0x138 (size before relaxing)
 .eh_frame      0x0000000000032190       0x48 build/cooja/mtype63.a(mac-sequence.o)
                                         0x60 (size before relaxing)
 .eh_frame      0x00000000000321d8       0x20 build/cooja/mtype63.a(mac.o)
                                         0x38 (size before relaxing)
 .eh_frame      0x00000000000321f8       0xa4 build/cooja/mtype63.a(framer-802154.o)
                                         0xbc (size before relaxing)
 .eh_frame      0x000000000003229c      0x1a4 build/cooja/mtype63.a(frame802154.o)
                                        0x1bc (size before relaxing)
 .eh_frame      0x0000000000032440       0x40 build/cooja/mtype63.a(csma-security.o)
                                         0x58 (size before relaxing)
 .eh_frame      0x0000000000032480      0x200 build/cooja/mtype63.a(uipbuf.o)
                                        0x218 (size before relaxing)
 .eh_frame      0x0000000000032680      0x150 build/cooja/mtype63.a(uip-icmp6.o)
                                        0x168 (size before relaxing)
 .eh_frame      0x00000000000327d0      0x184 build/cooja/mtype63.a(uip-sr.o)
                                        0x19c (size before relaxing)
 .eh_frame      0x0000000000032954       0xe0 build/cooja/mtype63.a(uip-packetqueue)
                                         0xf8 (size before relaxing)
 .eh_frame      0x0000000000032a34       0x80 build/cooja/mtype63.a(rpl-nbr-policy.)
                                         0x98 (size before relaxing)
 .eh_frame      0x0000000000032ab4      0x2d4 build/cooja/mtype63.a(rpl-neighbor.o)
                                        0x2ec (size before relaxing)
 .eh_frame      0x0000000000032d88      0x370 build/cooja/mtype63.a(rpl-dag.o)
                                        0x388 (size before relaxing)
 .eh_frame      0x00000000000330f8      0x3a8 build/cooja/mtype63.a(rpl-timers.o)
                                        0x3c0 (size before relaxing)
 .eh_frame      0x00000000000334a0      0x124 build/cooja/mtype63.a(rpl-ext-header.)
                                        0x13c (size before relaxing)
 .eh_frame      0x00000000000335c4      0x148 build/cooja/mtype63.a(rpl-mrhof.o)
                                        0x160 (size before relaxing)
 .eh_frame      0x000000000003370c       0x84 /usr/lib/gcc/i686-linux-gnu/5/libgcc.a(_udivdi3.o)
                                         0x9c (size before relaxing)
 .eh_frame      0x0000000000033790        0x4 /usr/lib/gcc/i686-linux-gnu/5/crtendS.o
 *(.eh_frame.*)

.gcc_except_table
 *(.gcc_except_table .gcc_except_table.*)

.gnu_extab
 *(.gnu_extab*)

.exception_ranges
 *(.exception_ranges .exception_ranges*)
                0x0000000000034f10                . = DATA_SEGMENT_ALIGN (0x1000, 0x1000)

.eh_frame
 *(.eh_frame)
 *(.eh_frame.*)

.gnu_extab
 *(.gnu_extab)

.gcc_except_table
 *(.gcc_except_table .gcc_except_table.*)

.exception_ranges
 *(.exception_ranges .exception_ranges*)

.tdata
 *(.tdata .tdata.* .gnu.linkonce.td.*)

.tbss
 *(.tbss .tbss.* .gnu.linkonce.tb.*)
 *(.tcommon)

.preinit_array
 *(.preinit_array)

.init_array     0x0000000000034f10        0x4
 *(SORT(.init_array.*) SORT(.ctors.*))
 *(.init_array EXCLUDE_FILE(*crtend?.o *crtend.o *crtbegin?.o *crtbegin.o) .ctors)
 .init_array    0x0000000000034f10        0x4 /usr/lib/gcc/i686-linux-gnu/5/crtbeginS.o

.fini_array     0x0000000000034f14        0x4
 *(SORT(.fini_array.*) SORT(.dtors.*))
 *(.fini_array EXCLUDE_FILE(*crtend?.o *crtend.o *crtbegin?.o *crtbegin.o) .dtors)
 .fini_array    0x0000000000034f14        0x4 /usr/lib/gcc/i686-linux-gnu/5/crtbeginS.o

.ctors
 *crtbegin.o(.ctors)
 *crtbegin?.o(.ctors)
 *(EXCLUDE_FILE(*crtend?.o *crtend.o) .ctors)
 *(SORT(.ctors.*))
 *(.ctors)

.dtors
 *crtbegin.o(.dtors)
 *crtbegin?.o(.dtors)
 *(EXCLUDE_FILE(*crtend?.o *crtend.o) .dtors)
 *(SORT(.dtors.*))
 *(.dtors)

.jcr            0x0000000000034f18        0x4
 *(.jcr)
 .jcr           0x0000000000034f18        0x0 /usr/lib/gcc/i686-linux-gnu/5/crtbeginS.o
 .jcr           0x0000000000034f18        0x4 /usr/lib/gcc/i686-linux-gnu/5/crtendS.o

.data.rel.ro
 *(.data.rel.ro.local* .gnu.linkonce.d.rel.ro.local.*)
 *(.data.rel.ro .data.rel.ro.* .gnu.linkonce.d.rel.ro.*)

.dynamic        0x0000000000034f1c       0xd0
 *(.dynamic)
 .dynamic       0x0000000000034f1c       0xd0 /usr/lib/gcc/i686-linux-gnu/5/../../../i386-linux-gnu/crti.o
                0x0000000000034f1c                _DYNAMIC

.got            0x0000000000034fec       0x14
 *(.got)
 .got           0x0000000000034fec       0x14 /usr/lib/gcc/i686-linux-gnu/5/../../../i386-linux-gnu/crti.o
 *(.igot)
                0x0000000000035ff4                . = DATA_SEGMENT_RELRO_END (., (SIZEOF (.got.plt) >= 0xc)?0xc:0x0)

.got.plt        0x0000000000035000        0xc
 *(.got.plt)
 .got.plt       0x0000000000035000        0xc /usr/lib/gcc/i686-linux-gnu/5/../../../i386-linux-gnu/crti.o
                0x0000000000035000                _GLOBAL_OFFSET_TABLE_
 *(.igot.plt)

.data           0x0000000000035020      0x524
 *(.data .data.* .gnu.linkonce.d.*)
 .data          0x0000000000035020        0x0 /usr/lib/gcc/i686-linux-gnu/5/../../../i386-linux-gnu/crti.o
 .data          0x0000000000035020        0x0 /usr/lib/gcc/i686-linux-gnu/5/crtbeginS.o
 .data.rel.local
                0x0000000000035020        0x4 /usr/lib/gcc/i686-linux-gnu/5/crtbeginS.o
                0x0000000000035020                __dso_handle
 .data          0x0000000000035024       0x1c coap_server_sprinkler.o
                0x0000000000035024                service_registration
                0x0000000000035030                sprinkler_node
 .data          0x0000000000035040       0x44 build/cooja/mtype63.o
                0x0000000000035040                simInterfaces
                0x0000000000035074                sensors
 .data          0x0000000000035084        0x0 build/cooja/mtype63.a(simEnvChange.o)
 .data          0x0000000000035084        0x0 build/cooja/mtype63.a(cooja_mt.o)
 .data          0x0000000000035084        0x0 build/cooja/mtype63.a(cooja_mtarch.o)
 .data          0x0000000000035084        0x0 build/cooja/mtype63.a(rtimer-arch.o)
 .data          0x0000000000035084        0x0 build/cooja/mtype63.a(beep.o)
 .data          0x0000000000035084        0x0 build/cooja/mtype63.a(leds-arch.o)
 .data          0x0000000000035084        0x0 build/cooja/mtype63.a(moteid.o)
 .data          0x0000000000035084        0x0 build/cooja/mtype63.a(pir-sensor.o)
 .data          0x0000000000035084        0x0 build/cooja/mtype63.a(rs232.o)
 .data          0x0000000000035084        0x0 build/cooja/mtype63.a(vib-sensor.o)
 .data          0x0000000000035084        0x0 build/cooja/mtype63.a(clock.o)
 .data          0x0000000000035084        0x0 build/cooja/mtype63.a(cooja-log.o)
 .data          0x0000000000035084        0x0 build/cooja/mtype63.a(cfs-cooja.o)
 .data          0x0000000000035084       0x2c build/cooja/mtype63.a(cooja-radio.o)
                0x0000000000035084                simRadioHWOn
                0x0000000000035088                simSignalStrength
                0x000000000003508c                simLastSignalStrength
                0x0000000000035090                simPower
                0x0000000000035094                simRadioChannel
                0x0000000000035098                simLQI
                0x00000000000350a0                cooja_radio_process
 .data          0x00000000000350b0        0x0 build/cooja/mtype63.a(eeprom.o)
 .data          0x00000000000350b0        0x0 build/cooja/mtype63.a(random.o)
 .data          0x00000000000350b0       0x10 build/cooja/mtype63.a(sensors.o)
                0x00000000000350b0                sensors_process
 .data          0x00000000000350c0        0x0 build/cooja/mtype63.a(leds.o)
 .data          0x00000000000350c0        0x0 build/cooja/mtype63.a(gpio-hal-arch.o)
 .data          0x00000000000350c0       0x78 build/cooja/mtype63.a(buttons.o)
                0x00000000000350c0                simButtonIsActive
                0x0000000000035130                button_hal_buttons
 *fill*         0x0000000000035138        0x8 
 .data          0x0000000000035140       0x44 build/cooja/mtype63.a(res-temp.o)
                0x0000000000035140                temp_value
                0x0000000000035160                res_temp
 *fill*         0x0000000000035184       0x1c 
 .data          0x00000000000351a0       0x44 build/cooja/mtype63.a(res-sprinkler.o)
                0x00000000000351a0                is_on
                0x00000000000351c0                res_spri
 *fill*         0x00000000000351e4       0x1c 
 .data          0x0000000000035200       0x44 build/cooja/mtype63.a(res-hum.o)
                0x0000000000035200                hum_value
                0x0000000000035220                res_hum
 .data          0x0000000000035244        0x0 build/cooja/mtype63.a(coap-blocking-a)
 .data          0x0000000000035244        0x8 build/cooja/mtype63.a(coap-engine.o)
 *fill*         0x000000000003524c       0x14 
 .data          0x0000000000035260       0x24 build/cooja/mtype63.a(coap-res-well-k)
                0x0000000000035260                res_well_known_core
 .data          0x0000000000035284       0x10 build/cooja/mtype63.a(coap-observe.o)
 .data          0x0000000000035294       0x10 build/cooja/mtype63.a(coap-uip.o)
                0x0000000000035294                coap_engine
 .data          0x00000000000352a4        0x4 build/cooja/mtype63.a(coap-timer.o)
 .data          0x00000000000352a8       0x10 build/cooja/mtype63.a(coap-transactio)
 .data          0x00000000000352b8        0x4 build/cooja/mtype63.a(coap.o)
                0x00000000000352b8                coap_error_message
 .data          0x00000000000352bc        0x0 build/cooja/mtype63.a(contiki-main.o)
 .data          0x00000000000352bc        0x0 build/cooja/mtype63.a(autostart.o)
 .data          0x00000000000352bc       0x14 build/cooja/mtype63.a(ctimer.o)
                0x00000000000352c0                ctimer_process
 *fill*         0x00000000000352d0       0x10 
 .data          0x00000000000352e0       0xbc build/cooja/mtype63.a(log.o)
                0x00000000000352e0                curr_log_level_main
                0x0000000000035300                all_modules
 .data          0x000000000003539c        0x0 build/cooja/mtype63.a(energest.o)
 .data          0x000000000003539c       0x10 build/cooja/mtype63.a(etimer.o)
                0x000000000003539c                etimer_process
 .data          0x00000000000353ac        0x0 build/cooja/mtype63.a(node-id.o)
 .data          0x00000000000353ac        0x0 build/cooja/mtype63.a(rtimer.o)
 .data          0x00000000000353ac        0x0 build/cooja/mtype63.a(process.o)
 .data          0x00000000000353ac        0x0 build/cooja/mtype63.a(timer.o)
 .data          0x00000000000353ac        0x0 build/cooja/mtype63.a(list.o)
 .data          0x00000000000353ac        0x0 build/cooja/mtype63.a(memb.o)
 .data          0x00000000000353ac       0x10 build/cooja/mtype63.a(button-hal.o)
                0x00000000000353ac                button_hal_process
 .data          0x00000000000353bc       0x10 build/cooja/mtype63.a(serial-line.o)
                0x00000000000353bc                serial_line_process
 .data          0x00000000000353cc        0x4 build/cooja/mtype63.a(gpio-hal.o)
 .data          0x00000000000353d0       0x18 build/cooja/mtype63.a(queuebuf.o)
 .data          0x00000000000353e8        0x4 build/cooja/mtype63.a(packetbuf.o)
 .data          0x00000000000353ec        0x4 build/cooja/mtype63.a(netstack.o)
 .data          0x00000000000353f0        0x0 build/cooja/mtype63.a(linkaddr.o)
 .data          0x00000000000353f0        0x0 build/cooja/mtype63.a(csma.o)
 .data          0x00000000000353f0       0x28 build/cooja/mtype63.a(csma-output.o)
 .data          0x0000000000035418        0x0 build/cooja/mtype63.a(uip-ds6.o)
 .data          0x0000000000035418        0x0 build/cooja/mtype63.a(uip-udp-packet.)
 .data          0x0000000000035418       0x10 build/cooja/mtype63.a(uip-ds6-route.o)
 .data          0x0000000000035428       0x10 build/cooja/mtype63.a(tcpip.o)
                0x0000000000035428                tcpip_process
 .data          0x0000000000035438        0x0 build/cooja/mtype63.a(uip6.o)
 .data          0x0000000000035438       0x14 build/cooja/mtype63.a(uip-ds6-nbr.o)
 .data          0x000000000003544c        0xc build/cooja/mtype63.a(uip-nd6.o)
 .data          0x0000000000035458        0x0 build/cooja/mtype63.a(sicslowpan.o)
 .data          0x0000000000035458        0x0 build/cooja/mtype63.a(uiplib.o)
 .data          0x0000000000035458        0x0 build/cooja/mtype63.a(rpl.o)
 .data          0x0000000000035458       0x30 build/cooja/mtype63.a(rpl-icmp6.o)
 .data          0x0000000000035488        0x0 build/cooja/mtype63.a(rpl-dag-root.o)
 .data          0x0000000000035488        0x0 build/cooja/mtype63.a(watchdog.o)
 .data          0x0000000000035488        0x0 build/cooja/mtype63.a(int-master.o)
 .data          0x0000000000035488       0x10 build/cooja/mtype63.a(coap-timer-defa)
                0x0000000000035488                coap_timer_process
 .data          0x0000000000035498        0x0 build/cooja/mtype63.a(stimer.o)
 .data          0x0000000000035498        0x0 build/cooja/mtype63.a(ringbuf.o)
 .data          0x0000000000035498        0x0 build/cooja/mtype63.a(assert.o)
 .data          0x0000000000035498       0x10 build/cooja/mtype63.a(nbr-table.o)
 .data          0x00000000000354a8       0x14 build/cooja/mtype63.a(link-stats.o)
 .data          0x00000000000354bc        0x0 build/cooja/mtype63.a(mac-sequence.o)
 .data          0x00000000000354bc        0x0 build/cooja/mtype63.a(mac.o)
 .data          0x00000000000354bc        0x0 build/cooja/mtype63.a(framer-802154.o)
 .data          0x00000000000354bc        0x2 build/cooja/mtype63.a(frame802154.o)
 .data          0x00000000000354be        0x0 build/cooja/mtype63.a(csma-security.o)
 .data          0x00000000000354be        0x0 build/cooja/mtype63.a(uipbuf.o)
 *fill*         0x00000000000354be        0x2 
 .data          0x00000000000354c0       0x20 build/cooja/mtype63.a(uip-icmp6.o)
 .data          0x00000000000354e0       0x10 build/cooja/mtype63.a(uip-sr.o)
 .data          0x00000000000354f0        0xc build/cooja/mtype63.a(uip-packetqueue)
 .data          0x00000000000354fc        0x0 build/cooja/mtype63.a(rpl-nbr-policy.)
 .data          0x00000000000354fc       0x14 build/cooja/mtype63.a(rpl-neighbor.o)
                0x000000000003550c                rpl_neighbors
 .data          0x0000000000035510        0x0 build/cooja/mtype63.a(rpl-dag.o)
 .data          0x0000000000035510        0x0 build/cooja/mtype63.a(rpl-timers.o)
 .data          0x0000000000035510        0x0 build/cooja/mtype63.a(rpl-ext-header.)
 *fill*         0x0000000000035510       0x10 
 .data          0x0000000000035520       0x24 build/cooja/mtype63.a(rpl-mrhof.o)
                0x0000000000035520                rpl_mrhof
 .data          0x0000000000035544        0x0 /usr/lib/gcc/i686-linux-gnu/5/libgcc.a(_udivdi3.o)
 .data          0x0000000000035544        0x0 /usr/lib/gcc/i686-linux-gnu/5/crtendS.o
 .data          0x0000000000035544        0x0 /usr/lib/gcc/i686-linux-gnu/5/../../../i386-linux-gnu/crtn.o

.tm_clone_table
                0x0000000000035544        0x0
 .tm_clone_table
                0x0000000000035544        0x0 /usr/lib/gcc/i686-linux-gnu/5/crtbeginS.o
 .tm_clone_table
                0x0000000000035544        0x0 /usr/lib/gcc/i686-linux-gnu/5/crtendS.o

.data1
 *(.data1)
                0x0000000000035544                _edata = .
                [!provide]                        PROVIDE (edata, .)
                0x0000000000035544                . = .
                0x0000000000035544                __bss_start = .

.bss            0x0000000000035560    0x13f84
 *(.dynbss)
 .dynbss        0x0000000000035560        0x0 /usr/lib/gcc/i686-linux-gnu/5/../../../i386-linux-gnu/crti.o
 *(.bss .bss.* .gnu.linkonce.b.*)
 .bss           0x0000000000035560        0x0 /usr/lib/gcc/i686-linux-gnu/5/../../../i386-linux-gnu/crti.o
 .bss           0x0000000000035560        0x1 /usr/lib/gcc/i686-linux-gnu/5/crtbeginS.o
 *fill*         0x0000000000035561       0x1f 
 .bss           0x0000000000035580      0x12c coap_server_sprinkler.o
                0x0000000000035580                registered
 *fill*         0x00000000000356ac       0x14 
 .bss           0x00000000000356c0     0x2030 build/cooja/mtype63.o
 .bss           0x00000000000376f0        0x1 build/cooja/mtype63.a(simEnvChange.o)
                0x00000000000376f0                simDontFallAsleep
 *fill*         0x00000000000376f1        0x3 
 .bss           0x00000000000376f4        0x4 build/cooja/mtype63.a(cooja_mt.o)
 .bss           0x00000000000376f8        0x4 build/cooja/mtype63.a(cooja_mtarch.o)
 .bss           0x00000000000376fc        0x0 build/cooja/mtype63.a(rtimer-arch.o)
 .bss           0x00000000000376fc        0x0 build/cooja/mtype63.a(beep.o)
 .bss           0x00000000000376fc        0x1 build/cooja/mtype63.a(leds-arch.o)
                0x00000000000376fc                simLedsValue
 .bss           0x00000000000376fd        0x0 build/cooja/mtype63.a(moteid.o)
 .bss           0x00000000000376fd        0x1 build/cooja/mtype63.a(pir-sensor.o)
                0x00000000000376fd                simPirValue
 *fill*         0x00000000000376fe        0x2 
 .bss           0x0000000000037700        0x4 build/cooja/mtype63.a(rs232.o)
 .bss           0x0000000000037704        0x1 build/cooja/mtype63.a(vib-sensor.o)
                0x0000000000037704                simVibValue
 .bss           0x0000000000037705        0x0 build/cooja/mtype63.a(clock.o)
 *fill*         0x0000000000037705       0x1b 
 .bss           0x0000000000037720     0x2020 build/cooja/mtype63.a(cooja-log.o)
 .bss           0x0000000000039740      0xfc0 build/cooja/mtype63.a(cfs-cooja.o)
                0x0000000000039740                simCFSData
                0x000000000003a6e0                simCFSSize
                0x000000000003a6e4                simCFSChanged
                0x000000000003a6e8                simCFSRead
                0x000000000003a6ec                simCFSWritten
 .bss           0x000000000003a700       0x24 build/cooja/mtype63.a(cooja-radio.o)
                0x000000000003a700                simReceiving
                0x000000000003a704                simInSize
                0x000000000003a708                simLastPacketTimestamp
                0x000000000003a710                simOutSize
 .bss           0x000000000003a724        0xc build/cooja/mtype63.a(eeprom.o)
                0x000000000003a724                simEEPROMChanged
                0x000000000003a728                simEEPROMRead
                0x000000000003a72c                simEEPROMWritten
 .bss           0x000000000003a730        0x0 build/cooja/mtype63.a(random.o)
 .bss           0x000000000003a730        0xc build/cooja/mtype63.a(sensors.o)
 .bss           0x000000000003a73c        0x0 build/cooja/mtype63.a(leds.o)
 .bss           0x000000000003a73c       0x24 build/cooja/mtype63.a(gpio-hal-arch.o)
 .bss           0x000000000003a760        0x0 build/cooja/mtype63.a(buttons.o)
 .bss           0x000000000003a760        0x1 build/cooja/mtype63.a(res-temp.o)
                0x000000000003a760                ideal_temp
 *fill*         0x000000000003a761        0x3 
 .bss           0x000000000003a764        0x4 build/cooja/mtype63.a(res-sprinkler.o)
                0x000000000003a764                success
 .bss           0x000000000003a768        0x1 build/cooja/mtype63.a(res-hum.o)
                0x000000000003a768                ideal_hum
 .bss           0x000000000003a769        0x0 build/cooja/mtype63.a(coap-blocking-a)
 *fill*         0x000000000003a769       0x17 
 .bss           0x000000000003a780      0x190 build/cooja/mtype63.a(coap-engine.o)
 .bss           0x000000000003a910        0x0 build/cooja/mtype63.a(coap-res-well-k)
 *fill*         0x000000000003a910       0x10 
 .bss           0x000000000003a920      0x120 build/cooja/mtype63.a(coap-observe.o)
 .bss           0x000000000003aa40       0x18 build/cooja/mtype63.a(coap-uip.o)
 .bss           0x000000000003aa58        0x5 build/cooja/mtype63.a(coap-timer.o)
 *fill*         0x000000000003aa5d        0x3 
 .bss           0x000000000003aa60      0x334 build/cooja/mtype63.a(coap-transactio)
 .bss           0x000000000003ad94        0x6 build/cooja/mtype63.a(coap.o)
                0x000000000003ad94                coap_status_code
 .bss           0x000000000003ad9a        0x0 build/cooja/mtype63.a(contiki-main.o)
 .bss           0x000000000003ad9a        0x0 build/cooja/mtype63.a(autostart.o)
 *fill*         0x000000000003ad9a        0x2 
 .bss           0x000000000003ad9c        0x5 build/cooja/mtype63.a(ctimer.o)
 *fill*         0x000000000003ada1        0x3 
 .bss           0x000000000003ada4       0x2c build/cooja/mtype63.a(log.o)
                0x000000000003ada4                curr_log_level_rpl
                0x000000000003ada8                curr_log_level_tcpip
                0x000000000003adac                curr_log_level_ipv6
                0x000000000003adb0                curr_log_level_6lowpan
                0x000000000003adb4                curr_log_level_nullnet
                0x000000000003adb8                curr_log_level_mac
                0x000000000003adbc                curr_log_level_framer
                0x000000000003adc0                curr_log_level_6top
                0x000000000003adc4                curr_log_level_coap
                0x000000000003adc8                curr_log_level_snmp
                0x000000000003adcc                curr_log_level_lwm2m
 .bss           0x000000000003add0        0x0 build/cooja/mtype63.a(energest.o)
 .bss           0x000000000003add0        0x8 build/cooja/mtype63.a(etimer.o)
 .bss           0x000000000003add8        0x2 build/cooja/mtype63.a(node-id.o)
                0x000000000003add8                node_id
 *fill*         0x000000000003adda        0x2 
 .bss           0x000000000003addc        0x4 build/cooja/mtype63.a(rtimer.o)
 .bss           0x000000000003ade0      0x1a1 build/cooja/mtype63.a(process.o)
                0x000000000003ade0                process_list
                0x000000000003ade4                process_current
 .bss           0x000000000003af81        0x0 build/cooja/mtype63.a(timer.o)
 .bss           0x000000000003af81        0x0 build/cooja/mtype63.a(list.o)
 .bss           0x000000000003af81        0x0 build/cooja/mtype63.a(memb.o)
 *fill*         0x000000000003af81        0x3 
 .bss           0x000000000003af84       0x10 build/cooja/mtype63.a(button-hal.o)
 *fill*         0x000000000003af94        0xc 
 .bss           0x000000000003afa0      0x140 build/cooja/mtype63.a(serial-line.o)
 .bss           0x000000000003b0e0        0x4 build/cooja/mtype63.a(gpio-hal.o)
 *fill*         0x000000000003b0e4       0x1c 
 .bss           0x000000000003b100     0x2c80 build/cooja/mtype63.a(queuebuf.o)
 .bss           0x000000000003dd80       0xa0 build/cooja/mtype63.a(packetbuf.o)
 .bss           0x000000000003de20        0x4 build/cooja/mtype63.a(netstack.o)
 .bss           0x000000000003de24        0x0 build/cooja/mtype63.a(linkaddr.o)
 .bss           0x000000000003de24        0x0 build/cooja/mtype63.a(csma.o)
 *fill*         0x000000000003de24       0x1c 
 .bss           0x000000000003de40      0x726 build/cooja/mtype63.a(csma-output.o)
 *fill*         0x000000000003e566        0x2 
 .bss           0x000000000003e568       0x30 build/cooja/mtype63.a(uip-ds6.o)