Archive member included to satisfy reference by file (symbol)

build/cooja/mtype249.a(simEnvChange.o)
                              build/cooja/mtype249.o (simDontFallAsleep)
build/cooja/mtype249.a(cooja_mt.o)
                              build/cooja/mtype249.o (cooja_mt_start)
build/cooja/mtype249.a(cooja_mtarch.o)
                              build/cooja/mtype249.a(cooja_mt.o) (cooja_mtarch_start)
build/cooja/mtype249.a(rtimer-arch.o)
                              build/cooja/mtype249.o (rtimer_arch_check)
build/cooja/mtype249.a(beep.o)
                              build/cooja/mtype249.o (beep_interface)
build/cooja/mtype249.a(leds-arch.o)
                              build/cooja/mtype249.o (leds_interface)
build/cooja/mtype249.a(moteid.o)
                              build/cooja/mtype249.o (moteid_interface)
build/cooja/mtype249.a(pir-sensor.o)
                              build/cooja/mtype249.o (pir_interface)
build/cooja/mtype249.a(rs232.o)
                              build/cooja/mtype249.o (rs232_interface)
build/cooja/mtype249.a(vib-sensor.o)
                              build/cooja/mtype249.o (vib_interface)
build/cooja/mtype249.a(clock.o)
                              build/cooja/mtype249.o (clock_interface)
build/cooja/mtype249.a(cooja-log.o)
                              build/cooja/mtype249.o (simlog_interface)
build/cooja/mtype249.a(cfs-cooja.o)
                              build/cooja/mtype249.o (cfs_interface)
build/cooja/mtype249.a(cooja-radio.o)
                              build/cooja/mtype249.o (radio_interface)
build/cooja/mtype249.a(eeprom.o)
                              build/cooja/mtype249.o (eeprom_interface)
build/cooja/mtype249.a(random.o)
                              build/cooja/mtype249.a(moteid.o) (random_init)
build/cooja/mtype249.a(sensors.o)
                              build/cooja/mtype249.a(pir-sensor.o) (sensors_changed)
build/cooja/mtype249.a(leds.o)
                              coap_server_sprinkler.o (leds_set)
build/cooja/mtype249.a(gpio-hal-arch.o)
                              build/cooja/mtype249.a(leds-arch.o) (gpio_hal_arch_register_pin_callback)
build/cooja/mtype249.a(buttons.o)
                              build/cooja/mtype249.o (button_interface)
build/cooja/mtype249.a(res-temp.o)
                              coap_server_sprinkler.o (temp_value)
build/cooja/mtype249.a(res-sprinkler.o)
                              coap_server_sprinkler.o (is_on)
build/cooja/mtype249.a(res-hum.o)
                              coap_server_sprinkler.o (hum_value)
build/cooja/mtype249.a(coap-engine.o)
                              coap_server_sprinkler.o (coap_activate_resource)
build/cooja/mtype249.a(coap-res-well-k)
                              build/cooja/mtype249.a(coap-engine.o) (res_well_known_core)
build/cooja/mtype249.a(coap-observe.o)
                              build/cooja/mtype249.a(coap-engine.o) (coap_remove_observer_by_mid)
build/cooja/mtype249.a(coap-uip.o)
                              build/cooja/mtype249.a(coap-observe.o) (coap_endpoint_copy)
build/cooja/mtype249.a(coap-timer.o)
                              build/cooja/mtype249.a(coap-engine.o) (coap_timer_set)
build/cooja/mtype249.a(coap-transactio)
                              build/cooja/mtype249.a(coap-engine.o) (coap_send_transaction)
build/cooja/mtype249.a(coap.o)
                              build/cooja/mtype249.a(coap-engine.o) (coap_status_code)
build/cooja/mtype249.a(contiki-main.o)
                              build/cooja/mtype249.o (main)
build/cooja/mtype249.a(autostart.o)
                              build/cooja/mtype249.a(contiki-main.o) (autostart_start)
build/cooja/mtype249.a(ctimer.o)
                              build/cooja/mtype249.a(contiki-main.o) (ctimer_init)
build/cooja/mtype249.a(log.o)
                              build/cooja/mtype249.a(contiki-main.o) (curr_log_level_main)
build/cooja/mtype249.a(energest.o)
                              build/cooja/mtype249.a(contiki-main.o) (energest_init)
build/cooja/mtype249.a(etimer.o)
                              build/cooja/mtype249.a(contiki-main.o) (etimer_process)
build/cooja/mtype249.a(node-id.o)
                              build/cooja/mtype249.a(contiki-main.o) (node_id)
build/cooja/mtype249.a(rtimer.o)
                              build/cooja/mtype249.a(contiki-main.o) (rtimer_init)
build/cooja/mtype249.a(process.o)
                              build/cooja/mtype249.a(ctimer.o) (process_current)
build/cooja/mtype249.a(timer.o)
                              build/cooja/mtype249.a(etimer.o) (timer_set)
build/cooja/mtype249.a(list.o)
                              build/cooja/mtype249.a(coap-engine.o) (list_init)
build/cooja/mtype249.a(memb.o)
                              build/cooja/mtype249.a(coap-observe.o) (memb_alloc)
build/cooja/mtype249.a(button-hal.o)
                              build/cooja/mtype249.o (button_hal_init)
build/cooja/mtype249.a(serial-line.o)
[...]
Memory Configuration

Name             Origin             Length             Attributes
*default*        0x0000000000000000 0xffffffffffffffff

Linker script and memory map

LOAD /usr/lib/gcc/i686-linux-gnu/5/../../../i386-linux-gnu/crti.o
LOAD /usr/lib/gcc/i686-linux-gnu/5/crtbeginS.o
LOAD coap_server_sprinkler.o
LOAD build/cooja/mtype249.o
LOAD build/cooja/mtype249.a
LOAD /usr/lib/gcc/i686-linux-gnu/5/libgcc.a
LOAD /usr/lib/gcc/i686-linux-gnu/5/libgcc_s.so
LOAD /usr/lib/gcc/i686-linux-gnu/5/../../../i386-linux-gnu/libc.so
START GROUP
LOAD /lib/i386-linux-gnu/libc.so.6
LOAD /usr/lib/i386-linux-gnu/libc_nonshared.a
LOAD /lib/i386-linux-gnu/ld-linux.so.2
END GROUP
LOAD /usr/lib/gcc/i686-linux-gnu/5/libgcc.a
LOAD /usr/lib/gcc/i686-linux-gnu/5/libgcc_s.so
LOAD /usr/lib/gcc/i686-linux-gnu/5/crtendS.o
LOAD /usr/lib/gcc/i686-linux-gnu/5/../../../i386-linux-gnu/crtn.o
                0x0000000000000114                . = (0x0 + SIZEOF_HEADERS)

.note.gnu.build-id
                0x0000000000000114       0x24
 *(.note.gnu.build-id)
 .note.gnu.build-id
                0x0000000000000114       0x24 /usr/lib/gcc/i686-linux-gnu/5/../../../i386-linux-gnu/crti.o

.hash
 *(.hash)

.gnu.hash       0x0000000000000138     0x15c0
 *(.gnu.hash)
 .gnu.hash      0x0000000000000138     0x15c0 /usr/lib/gcc/i686-linux-gnu/5/../../../i386-linux-gnu/crti.o

.dynsym         0x00000000000016f8     0x2fa0
 *(.dynsym)
 .dynsym        0x00000000000016f8     0x2fa0 /usr/lib/gcc/i686-linux-gnu/5/../../../i386-linux-gnu/crti.o

.dynstr         0x0000000000004698     0x36f5
 *(.dynstr)
 .dynstr        0x0000000000004698     0x36f5 /usr/lib/gcc/i686-linux-gnu/5/../../../i386-linux-gnu/crti.o

.gnu.version    0x0000000000007d8e      0x5f4
 *(.gnu.version)
 .gnu.version   0x0000000000007d8e      0x5f4 /usr/lib/gcc/i686-linux-gnu/5/../../../i386-linux-gnu/crti.o

.gnu.version_d  0x0000000000008384        0x0
 *(.gnu.version_d)
 .gnu.version_d
                0x0000000000008384        0x0 /usr/lib/gcc/i686-linux-gnu/5/../../../i386-linux-gnu/crti.o

.gnu.version_r  0x0000000000008384       0x40
 *(.gnu.version_r)
 .gnu.version_r
                0x0000000000008384       0x40 /usr/lib/gcc/i686-linux-gnu/5/../../../i386-linux-gnu/crti.o

.rel.dyn        0x00000000000083c4     0x9940
 *(.rel.init)
 .rel.init      0x00000000000083c4        0x0 /usr/lib/gcc/i686-linux-gnu/5/../../../i386-linux-gnu/crti.o
 *(.rel.text .rel.text.* .rel.gnu.linkonce.t.*)
 .rel.text      0x00000000000083c4     0x8f28 /usr/lib/gcc/i686-linux-gnu/5/../../../i386-linux-gnu/crti.o
 *(.rel.fini)
 .rel.fini      0x00000000000112ec        0x0 /usr/lib/gcc/i686-linux-gnu/5/../../../i386-linux-gnu/crti.o
 *(.rel.rodata .rel.rodata.* .rel.gnu.linkonce.r.*)
 .rel.rodata    0x00000000000112ec      0x588 /usr/lib/gcc/i686-linux-gnu/5/../../../i386-linux-gnu/crti.o
 *(.rel.data.rel.ro .rel.data.rel.ro.* .rel.gnu.linkonce.d.rel.ro.*)
 *(.rel.data .rel.data.* .rel.gnu.linkonce.d.*)
 .rel.data.rel.local
                0x0000000000011874        0x8 /usr/lib/gcc/i686-linux-gnu/5/../../../i386-linux-gnu/crti.o
 .rel.data      0x000000000001187c      0x450 /usr/lib/gcc/i686-linux-gnu/5/../../../i386-linux-gnu/crti.o
 *(.rel.tdata .rel.tdata.* .rel.gnu.linkonce.td.*)
 *(.rel.tbss .rel.tbss.* .rel.gnu.linkonce.tb.*)
 *(.rel.ctors)
 *(.rel.dtors)
 *(.rel.got)
 .rel.got       0x0000000000011ccc       0x28 /usr/lib/gcc/i686-linux-gnu/5/../../../i386-linux-gnu/crti.o
 *(.rel.bss .rel.bss.* .rel.gnu.linkonce.b.*)
 *(.rel.ifunc)
 .rel.ifunc     0x0000000000011cf4        0x0 /usr/lib/gcc/i686-linux-gnu/5/../../../i386-linux-gnu/crti.o
 .rel.fini_array
                0x0000000000011cf4        0x8 /usr/lib/gcc/i686-linux-gnu/5/../../../i386-linux-gnu/crti.o
 .rel.init_array
                0x0000000000011cfc        0x8 /usr/lib/gcc/i686-linux-gnu/5/../../../i386-linux-gnu/crti.o

.rel.plt        0x0000000000011d04        0x0
 *(.rel.plt)
 .rel.plt       0x0000000000011d04        0x0 /usr/lib/gcc/i686-linux-gnu/5/../../../i386-linux-gnu/crti.o
 *(.rel.iplt)

.init           0x0000000000011d04       0x23
 *(SORT(.init))
 .init          0x0000000000011d04       0x1e /usr/lib/gcc/i686-linux-gnu/5/../../../i386-linux-gnu/crti.o
                0x0000000000011d04                _init
 .init          0x0000000000011d22        0x5 /usr/lib/gcc/i686-linux-gnu/5/../../../i386-linux-gnu/crtn.o

.plt            0x0000000000011d30       0x10
 *(.plt)
 .plt           0x0000000000011d30       0x10 /usr/lib/gcc/i686-linux-gnu/5/../../../i386-linux-gnu/crti.o
 *(.iplt)

.plt.got        0x0000000000011d40       0x10
 *(.plt.got)
 .plt.got       0x0000000000011d40       0x10 /usr/lib/gcc/i686-linux-gnu/5/../../../i386-linux-gnu/crti.o

.text           0x0000000000011d50    0x19072
 *(.text.unlikely .text.*_unlikely .text.unlikely.*)
 .text.unlikely
                0x0000000000011d50        0x0 /usr/lib/gcc/i686-linux-gnu/5/crtbeginS.o
 .text.unlikely
                0x0000000000011d50        0x0 /usr/lib/gcc/i686-linux-gnu/5/libgcc.a(_udivdi3.o)
 *(.text.exit .text.exit.*)
 *(.text.startup .text.startup.*)
 *(.text.hot .text.hot.*)
 *(.text .stub .text.* .gnu.linkonce.t.*)
 .text          0x0000000000011d50        0x0 /usr/lib/gcc/i686-linux-gnu/5/../../../i386-linux-gnu/crti.o
 .gnu.linkonce.t.__x86.get_pc_thunk.bx
                0x0000000000011d50        0x4 /usr/lib/gcc/i686-linux-gnu/5/../../../i386-linux-gnu/crti.o
                0x0000000000011d50                __x86.get_pc_thunk.bx
 *fill*         0x0000000000011d54        0xc 
 .text          0x0000000000011d60      0x11c /usr/lib/gcc/i686-linux-gnu/5/crtbeginS.o
 .text.__x86.get_pc_thunk.dx
                0x0000000000011e7c        0x4 /usr/lib/gcc/i686-linux-gnu/5/crtbeginS.o
                0x0000000000011e7c                __x86.get_pc_thunk.dx
 .text          0x0000000000011e80      0x5ca coap_server_sprinkler.o
                0x0000000000011e80                client_chunk_handler
                0x0000000000011f03                handle_humidity
 .text          0x000000000001244a      0x283 build/cooja/mtype249.o
                0x00000000000124dc                platform_init_stage_one
                0x00000000000124ef                platform_init_stage_two
                0x0000000000012502                platform_init_stage_three
                0x0000000000012515                platform_main_loop
                0x0000000000012588                Java_org_contikios_cooja_corecomm_Lib8_init
                0x00000000000125bf                Java_org_contikios_cooja_corecomm_Lib8_getMemory
                0x00000000000125f2                Java_org_contikios_cooja_corecomm_Lib8_setMemory
                0x0000000000012652                Java_org_contikios_cooja_corecomm_Lib8_tick
                0x00000000000126ba                Java_org_contikios_cooja_corecomm_Lib8_setReferenceAddress
 .text          0x00000000000126cd       0x65 build/cooja/mtype249.a(simEnvChange.o)
                0x00000000000126cd                doActionsBeforeTick
                0x00000000000126ff                doActionsAfterTick
 .text          0x0000000000012732       0x83 build/cooja/mtype249.a(cooja_mt.o)
                0x0000000000012732                cooja_mt_start
                0x000000000001275c                cooja_mt_exec
                0x0000000000012792                cooja_mt_yield
 .text          0x00000000000127b5       0xbe build/cooja/mtype249.a(cooja_mtarch.o)
                0x00000000000127b5                cooja_mtarch_start
                0x0000000000012828                cooja_sw
                0x000000000001284b                cooja_mtarch_exec
                0x0000000000012868                cooja_mtarch_yield
 .text          0x0000000000012873       0xc5 build/cooja/mtype249.a(rtimer-arch.o)
                0x0000000000012873                rtimer_arch_init
                0x0000000000012897                rtimer_arch_schedule
                0x00000000000128c7                rtimer_arch_next
                0x00000000000128d7                rtimer_arch_pending
                0x00000000000128e1                rtimer_arch_check
                0x0000000000012928                rtimer_arch_now
 .text          0x0000000000012938       0x81 build/cooja/mtype249.a(beep.o)
                0x0000000000012938                beep_alarm
                0x0000000000012945                beep_beep
                0x0000000000012952                beep
                0x000000000001295f                beep_down
                0x000000000001296c                beep_on
                0x0000000000012979                beep_off
                0x0000000000012986                beep_spinup
                0x0000000000012993                beep_quick
                0x00000000000129a0                beep_long
 .text          0x00000000000129b9       0x65 build/cooja/mtype249.a(leds-arch.o)
                0x00000000000129cc                leds_arch_init
 .text          0x0000000000012a1e       0x35 build/cooja/mtype249.a(moteid.o)
 .text          0x0000000000012a53       0xb7 build/cooja/mtype249.a(pir-sensor.o)
 .text          0x0000000000012b0a      0x148 build/cooja/mtype249.a(rs232.o)
                0x0000000000012b0a                rs232_init
                0x0000000000012b10                rs232_set_speed
                0x0000000000012b1f                rs232_set_input
                0x0000000000012b2d                rs232_send
                0x0000000000012b51                rs232_print
                0x0000000000012b6d                slip_arch_writeb
 .text          0x0000000000012c52       0xb7 build/cooja/mtype249.a(vib-sensor.o)
 .text          0x0000000000012d09       0x38 build/cooja/mtype249.a(clock.o)
                0x0000000000012d09                clock_init
                0x0000000000012d0f                clock_time
                0x0000000000012d19                clock_seconds
                0x0000000000012d2f                clock_delay
 .text          0x0000000000012d41      0x219 build/cooja/mtype249.a(cooja-log.o)
                0x0000000000012d41                simlog_char
                0x0000000000012d84                simlog
                0x0000000000012dfa                log_message
                0x0000000000012e2b                log_set_putchar_with_slip
                0x0000000000012e39                log_putchar
                0x0000000000012eb4                log_puts
                0x0000000000012edc                log_printf
 .text          0x0000000000012f5a      0x2b9 build/cooja/mtype249.a(cfs-cooja.o)
                0x0000000000012f5a                cfs_open
                0x0000000000012fc3                cfs_close
                0x0000000000012fd0                cfs_read
                0x0000000000013065                cfs_write
                0x0000000000013141                cfs_seek
                0x00000000000131c9                cfs_remove
                0x00000000000131ed                cfs_opendir
                0x00000000000131f7                cfs_readdir
                0x0000000000013201                cfs_closedir
 .text          0x0000000000013213      0x620 build/cooja/mtype249.a(cooja-radio.o)
                0x0000000000013255                radio_set_channel
                0x0000000000013263                radio_set_txpower
                0x000000000001327b                radio_signal_strength_last
                0x0000000000013285                radio_signal_strength_current
                0x000000000001328f                radio_LQI
 .text          0x0000000000013833       0xee build/cooja/mtype249.a(eeprom.o)
                0x0000000000013833                eeprom_init
                0x0000000000013839                eeprom_read
                0x00000000000138a7                eeprom_write
 .text          0x0000000000013921       0x2d build/cooja/mtype249.a(random.o)
                0x0000000000013921                random_init
                0x0000000000013941                random_rand
 .text          0x000000000001394e      0x29c build/cooja/mtype249.a(sensors.o)
                0x0000000000013989                sensors_first
                0x0000000000013993                sensors_next
                0x00000000000139ad                sensors_changed
                0x00000000000139e1                sensors_find
 .text          0x0000000000013bea      0x349 build/cooja/mtype249.a(leds.o)
                0x0000000000013bea                leds_init
                0x0000000000013c31                leds_single_on
                0x0000000000013c90                leds_single_off
                0x0000000000013cef                leds_single_toggle
                0x0000000000013d21                leds_on
                0x0000000000013da3                leds_off
                0x0000000000013e25                leds_toggle
                0x0000000000013e7a                leds_set
                0x0000000000013ea6                leds_get
 .text          0x0000000000013f33      0x343 build/cooja/mtype249.a(gpio-hal-arch.o)
                0x0000000000013f33                gpio_hal_arch_register_pin_callback
                0x0000000000013f9f                gpio_hal_arch_init
                0x0000000000013fe4                gpio_hal_arch_no_port_interrupt_enable
                0x0000000000014014                gpio_hal_arch_no_port_interrupt_disable
                0x0000000000014044                gpio_hal_arch_no_port_pin_cfg_set
                0x0000000000014069                gpio_hal_arch_no_port_pin_cfg_get
                0x000000000001408f                gpio_hal_arch_no_port_pin_set_input
                0x00000000000140a1                gpio_hal_arch_no_port_pin_set_output
                0x00000000000140b3                gpio_hal_arch_no_port_set_pin
                0x00000000000140d4                gpio_hal_arch_no_port_clear_pin
                0x00000000000140f5                gpio_hal_arch_no_port_read_pin
                0x000000000001411b                gpio_hal_arch_no_port_write_pin
                0x0000000000014145                gpio_hal_arch_no_port_set_pins
                0x000000000001418c                gpio_hal_arch_no_port_clear_pins
                0x00000000000141d3                gpio_hal_arch_no_port_read_pins
                0x0000000000014216                gpio_hal_arch_no_port_write_pins
 .text          0x0000000000014276       0x89 build/cooja/mtype249.a(buttons.o)
 .text          0x00000000000142ff      0x3e7 build/cooja/mtype249.a(res-temp.o)
 .text          0x00000000000146e6      0x457 build/cooja/mtype249.a(res-sprinkler.o)
 .text          0x0000000000014b3d      0x42c build/cooja/mtype249.a(res-hum.o)
 .text          0x0000000000014f69      0xbea build/cooja/mtype249.a(coap-engine.o)
                0x0000000000014ffe                coap_add_handler
                0x000000000001501b                coap_remove_handler
                0x0000000000015038                coap_call_handlers
                0x0000000000015140                coap_receive
                0x000000000001573b                coap_engine_init
                0x0000000000015799                coap_activate_resource
                0x0000000000015844                coap_get_first_resource
                0x000000000001585d                coap_get_next_resource
 .text          0x0000000000015b53      0x2d9 build/cooja/mtype249.a(coap-res-well-k)
 .text          0x0000000000015e2c      0x96a build/cooja/mtype249.a(coap-observe.o)
                0x0000000000015f41                coap_remove_observer
                0x0000000000015f71                coap_remove_observer_by_client
                0x0000000000015fd9                coap_remove_observer_by_token
                0x000000000001606c                coap_remove_observer_by_uri
                0x0000000000016113                coap_remove_observer_by_mid
                0x000000000001618f                coap_notify_observers
                0x00000000000161a8                coap_notify_observers_sub
                0x0000000000016612                coap_observe_handler
                0x000000000001672d                coap_has_observers
 .text          0x0000000000016796      0x733 build/cooja/mtype249.a(coap-uip.o)
                0x0000000000016796                coap_endpoint_log
                0x000000000001681c                coap_endpoint_print
                0x00000000000168a2                coap_endpoint_snprint
                0x00000000000169d5                coap_endpoint_copy
                0x0000000000016a12                coap_endpoint_cmp
                0x0000000000016b20                coap_endpoint_parse
                0x0000000000016d0b                coap_endpoint_is_secure
                0x0000000000016d1a                coap_endpoint_is_connected
                0x0000000000016d4e                coap_endpoint_connect
                0x0000000000016d6a                coap_endpoint_disconnect
                0x0000000000016d70                coap_databuf
                0x0000000000016d7a                coap_transport_init
                0x0000000000016dca                coap_sendto
 .text          0x0000000000016ec9      0x324 build/cooja/mtype249.a(coap-timer.o)
                0x0000000000016fc6                coap_timer_stop
                0x0000000000016ff1                coap_timer_set
                0x0000000000017034                coap_timer_reset
                0x0000000000017077                coap_timer_time_to_next_expiration
                0x00000000000170e3                coap_timer_run
                0x00000000000171af                coap_timer_init
 .text          0x00000000000171ed      0x2c6 build/cooja/mtype249.a(coap-transactio)
                0x0000000000017253                coap_new_transaction
                0x00000000000172b9                coap_send_transaction
                0x000000000001741a                coap_clear_transaction
                0x0000000000017462                coap_get_transaction_by_mid
 .text          0x00000000000174b3     0x1c53 build/cooja/mtype249.a(coap.o)
                0x0000000000017a20                coap_init_connection
                0x0000000000017a34                coap_get_mid
                0x0000000000017a50                coap_init_message
                0x0000000000017a99                coap_serialize_message
                0x000000000001811b                coap_parse_message
                0x0000000000018782                coap_get_query_variable
                0x00000000000187c4                coap_get_post_variable
                0x0000000000018808                coap_set_status_code
                0x000000000001882d                coap_set_token
                0x0000000000018874                coap_get_header_content_format
                0x00000000000188a5                coap_set_header_content_format
                0x00000000000188c8                coap_get_header_accept
                0x00000000000188f9                coap_set_header_accept
                0x000000000001891c                coap_get_header_max_age
                0x000000000001894d                coap_set_header_max_age
                0x000000000001896d                coap_get_header_etag
                0x000000000001899f                coap_set_header_etag
                0x00000000000189f6                coap_get_header_if_match
                0x0000000000018a28                coap_set_header_if_match
                0x0000000000018a7f                coap_get_header_if_none_match
                0x0000000000018a99                coap_set_header_if_none_match
                0x0000000000018ab0                coap_get_header_proxy_uri
                0x0000000000018ade                coap_set_header_proxy_uri
                0x0000000000018b1b                coap_get_header_uri_host
                0x0000000000018b49                coap_set_header_uri_host
                0x0000000000018b86                coap_get_header_uri_path
                0x0000000000018bb4                coap_set_header_uri_path
                0x0000000000018c01                coap_get_header_uri_query
                0x0000000000018c35                coap_set_header_uri_query
                0x0000000000018c8b                coap_get_header_location_path
                0x0000000000018cb9                coap_set_header_location_path
                0x0000000000018d52                coap_get_header_location_query
                0x0000000000018d80                coap_set_header_location_query
                0x0000000000018dcd                coap_get_header_observe
                0x0000000000018dfc                coap_set_header_observe
                0x0000000000018e1c                coap_get_header_block2
                0x0000000000018e88                coap_set_header_block2
                0x0000000000018eff                coap_get_header_block1
                0x0000000000018f74                coap_set_header_block1
                0x0000000000018fef                coap_get_header_size2
                0x000000000001901f                coap_set_header_size2
                0x0000000000019042                coap_get_header_size1
                0x0000000000019072                coap_set_header_size1
                0x0000000000019095                coap_get_payload
                0x00000000000190cf                coap_set_payload
 .text          0x0000000000019106      0x332 build/cooja/mtype249.a(contiki-main.o)
                0x0000000000019106                main
 .text          0x0000000000019438       0x92 build/cooja/mtype249.a(autostart.o)
                0x0000000000019438                autostart_start
                0x0000000000019482                autostart_exit
 .text          0x00000000000194ca      0x355 build/cooja/mtype249.a(ctimer.o)
                0x00000000000195f2                ctimer_init
                0x0000000000019625                ctimer_set
                0x000000000001964b                ctimer_set_with_process
                0x00000000000196c8                ctimer_reset
                0x000000000001971c                ctimer_restart
                0x0000000000019770                ctimer_stop
                0x00000000000197c0                ctimer_expired
 .text          0x000000000001981f      0x394 build/cooja/mtype249.a(log.o)
                0x000000000001981f                log_6addr
                0x0000000000019872                log_6addr_compact_snprint
                0x0000000000019910                log_6addr_compact
                0x0000000000019963                log_lladdr
                0x00000000000199d5                log_lladdr_compact
                0x0000000000019a3d                log_set_level
                0x0000000000019af8                log_get_level
                0x0000000000019b71                log_level_to_str
 .text          0x0000000000019bb3       0x1b build/cooja/mtype249.a(energest.o)
                0x0000000000019bb3                energest_init
                0x0000000000019bb9                energest_flush
                0x0000000000019bbf                energest_get_total_time
 .text          0x0000000000019bce      0x43f build/cooja/mtype249.a(etimer.o)
                0x0000000000019df2                etimer_request_poll
                0x0000000000019e7b                etimer_set
                0x0000000000019ea4                etimer_reset_with_new_interval
                0x0000000000019ed3                etimer_reset
                0x0000000000019ef9                etimer_restart
                0x0000000000019f1f                etimer_adjust
                0x0000000000019f3c                etimer_expired
                0x0000000000019f4f                etimer_expiration_time
                0x0000000000019f61                etimer_start_time
                0x0000000000019f6b                etimer_pending
                0x0000000000019f7d                etimer_next_expiration_time
                0x0000000000019f97                etimer_stop
 .text          0x000000000001a00d       0x25 build/cooja/mtype249.a(node-id.o)
                0x000000000001a00d                node_id_init
 .text          0x000000000001a032       0xeb build/cooja/mtype249.a(rtimer.o)
                0x000000000001a032                rtimer_init
                0x000000000001a040                rtimer_set
                0x000000000001a0bb                rtimer_run_next
 .text          0x000000000001a11d      0x4fb build/cooja/mtype249.a(process.o)
                0x000000000001a11d                process_alloc_event
                0x000000000001a132                process_start
                0x000000000001a30c                process_exit
                0x000000000001a329                process_init
                0x000000000001a4be                process_run
                0x000000000001a4f1                process_nevents
                0x000000000001a50c                process_post
                0x000000000001a59f                process_post_synch
                0x000000000001a5d4                process_poll
                0x000000000001a604                process_is_running
 .text          0x000000000001a618       0xb1 build/cooja/mtype249.a(timer.o)
                0x000000000001a618                timer_set
                0x000000000001a636                timer_reset
                0x000000000001a663                timer_restart
                0x000000000001a678                timer_expired
                0x000000000001a6a5                timer_remaining
 .text          0x000000000001a6c9      0x28f build/cooja/mtype249.a(list.o)
                0x000000000001a6c9                list_init
                0x000000000001a6d8                list_head
                0x000000000001a6e2                list_copy
                0x000000000001a6f2                list_tail
                0x000000000001a728                list_add
                0x000000000001a774                list_push
                0x000000000001a7a0                list_chop
                0x000000000001a80a                list_pop
                0x000000000001a832                list_remove
                0x000000000001a89a                list_length
                0x000000000001a8c8                list_insert
                0x000000000001a90d                list_item_next
                0x000000000001a924                list_contains
 .text          0x000000000001a958      0x1b5 build/cooja/mtype249.a(memb.o)
                0x000000000001a958                memb_init
                0x000000000001a9ad                memb_alloc
                0x000000000001aa10                memb_free
                0x000000000001aa87                memb_inmemb
                0x000000000001aac6                memb_numfree
 .text          0x000000000001ab0d      0x41c build/cooja/mtype249.a(button-hal.o)
                0x000000000001ac86                button_hal_get_by_id
                0x000000000001acc4                button_hal_get_by_index
                0x000000000001acf0                button_hal_get_state
                0x000000000001ad42                button_hal_init
 .text          0x000000000001af29      0x1f3 build/cooja/mtype249.a(serial-line.o)
                0x000000000001af29                serial_line_input_byte
                0x000000000001b0e7                serial_line_init
 .text          0x000000000001b11c      0x168 build/cooja/mtype249.a(gpio-hal.o)
                0x000000000001b11c                gpio_hal_register_handler
                0x000000000001b139                gpio_hal_event_handler
                0x000000000001b195                gpio_hal_init
                0x000000000001b1b4                gpio_hal_arch_port_toggle_pin
                0x000000000001b1f0                gpio_hal_arch_port_toggle_pins
                0x000000000001b21e                gpio_hal_arch_no_port_toggle_pin
                0x000000000001b25c                gpio_hal_arch_no_port_toggle_pins
 .text          0x000000000001b284      0x2e7 build/cooja/mtype249.a(queuebuf.o)
                0x000000000001b28e                queuebuf_init
                0x000000000001b2b7                queuebuf_numfree
                0x000000000001b2cf                queuebuf_new_from_packetbuf
                0x000000000001b36e                queuebuf_update_attr_from_packetbuf
                0x000000000001b3a3                queuebuf_update_from_packetbuf
                0x000000000001b3f3                queuebuf_free
                0x000000000001b43c                queuebuf_to_packetbuf
                0x000000000001b4a8                queuebuf_dataptr
                0x000000000001b4e2                queuebuf_datalen
                0x000000000001b505                queuebuf_addr
                0x000000000001b53a                queuebuf_attr
                0x000000000001b565                queuebuf_debug_print
 .text          0x000000000001b56b      0x407 build/cooja/mtype249.a(packetbuf.o)
                0x000000000001b56b                packetbuf_clear
                0x000000000001b596                packetbuf_copyfrom
                0x000000000001b5e5                packetbuf_copyto
                0x000000000001b678                packetbuf_hdralloc
                0x000000000001b6f4                packetbuf_hdrreduce
                0x000000000001b73a                packetbuf_set_datalen
                0x000000000001b754                packetbuf_dataptr
                0x000000000001b771                packetbuf_hdrptr
                0x000000000001b77b                packetbuf_datalen
                0x000000000001b787                packetbuf_hdrlen
                0x000000000001b79e                packetbuf_totlen
                0x000000000001b7b4                packetbuf_remaininglen
                0x000000000001b7c7                packetbuf_attr_clear
                0x000000000001b813                packetbuf_attr_copyto
                0x000000000001b86b                packetbuf_attr_copyfrom
                0x000000000001b8c3                packetbuf_set_attr
                0x000000000001b8ed                packetbuf_attr
                0x000000000001b907                packetbuf_set_addr
                0x000000000001b938                packetbuf_addr
                0x000000000001b955                packetbuf_holds_broadcast
 .text          0x000000000001b972       0xef build/cooja/mtype249.a(netstack.o)
                0x000000000001b972                netstack_process_ip_callback
                0x000000000001ba03                netstack_ip_packet_processor_add
                0x000000000001ba26                uip_ds6_ip_packet_processor_rm
                0x000000000001ba43                netstack_init
 .text          0x000000000001ba61       0x4f build/cooja/mtype249.a(linkaddr.o)
                0x000000000001ba61                linkaddr_copy
                0x000000000001ba77                linkaddr_cmp
                0x000000000001ba9a                linkaddr_set_node_addr
 .text          0x000000000001bab0      0x1f6 build/cooja/mtype249.a(csma.o)
 .text          0x000000000001bca6      0x95d build/cooja/mtype249.a(csma-output.o)
                0x000000000001c33d                csma_output_packet
                0x000000000001c5ca                csma_output_init
 .text          0x000000000001c603      0xc11 build/cooja/mtype249.a(uip-ds6.o)
                0x000000000001c603                uip_ds6_default_prefix
                0x000000000001c60d                uip_ds6_set_default_prefix
                0x000000000001c638                uip_ds6_init
                0x000000000001c89a                uip_ds6_periodic
                0x000000000001c921                uip_ds6_list_loop
                0x000000000001c9e1                uip_ds6_prefix_add
                0x000000000001ca8d                uip_ds6_prefix_rm
                0x000000000001caa0                uip_ds6_prefix_lookup
                0x000000000001cadf                uip_ds6_is_addr_onlink
                0x000000000001cb52                uip_ds6_addr_add
                0x000000000001cc72                uip_ds6_addr_rm
                0x000000000001cd1b                uip_ds6_addr_lookup
                0x000000000001cd54                uip_ds6_get_link_local
                0x000000000001cdd5                uip_ds6_get_global
                0x000000000001ce56                uip_ds6_maddr_add
                0x000000000001ceb6                uip_ds6_maddr_rm
                0x000000000001cec9                uip_ds6_maddr_lookup
                0x000000000001cf02                uip_ds6_aaddr_add
                0x000000000001cf62                uip_ds6_aaddr_rm
                0x000000000001cf75                uip_ds6_aaddr_lookup
                0x000000000001cfae                uip_ds6_select_src
                0x000000000001d0f7                uip_ds6_set_addr_iid
                0x000000000001d122                uip_ds6_set_lladdr_from_iid
                0x000000000001d14b                get_match_length
                0x000000000001d1dc                uip_ds6_compute_reachable_time
 .text          0x000000000001d214      0x128 build/cooja/mtype249.a(uip-udp-packet.)
                0x000000000001d214                uip_udp_packet_send
                0x000000000001d26f                uip_udp_packet_sendto
 .text          0x000000000001d33c      0x35b build/cooja/mtype249.a(uip-ds6-route.o)
                0x000000000001d38d                uip_ds6_route_init
                0x000000000001d3b7                uip_ds6_route_nexthop
                0x000000000001d3c1                uip_ds6_route_head
                0x000000000001d3cb                uip_ds6_route_next
                0x000000000001d3d5                uip_ds6_route_is_nexthop
                0x000000000001d3df                uip_ds6_route_num_routes
                0x000000000001d3e9                uip_ds6_route_lookup
                0x000000000001d3f3                uip_ds6_route_add
                0x000000000001d406                uip_ds6_route_rm
                0x000000000001d40c                uip_ds6_route_rm_by_nexthop
                0x000000000001d412                uip_ds6_defrt_head
                0x000000000001d42b                uip_ds6_defrt_add
                0x000000000001d4d9                uip_ds6_defrt_rm
                0x000000000001d53f                uip_ds6_defrt_lookup
                0x000000000001d5a6                uip_ds6_defrt_choose
                0x000000000001d61c                uip_ds6_defrt_periodic
 .text          0x000000000001d697      0x6f7 build/cooja/mtype249.a(tcpip.o)
                0x000000000001d6b1                tcpip_output
                0x000000000001d730                udp_attach
                0x000000000001d748                udp_new
                0x000000000001d792                udp_broadcast_new
                0x000000000001d904                tcpip_input
                0x000000000001da94                tcpip_ipv6_output
                0x000000000001dc88                tcpip_poll_udp
                0x000000000001dca6                tcpip_uipcall
 .text          0x000000000001dd8e     0x1205 build/cooja/mtype249.a(uip6.o)
                0x000000000001de3d                uip_chksum
                0x000000000001df14                uip_icmp6chksum
                0x000000000001df29                uip_udpchksum
                0x000000000001df3e                uip_init
                0x000000000001df87                uip_remove_ext_hdr
                0x000000000001e061                uip_udp_new
                0x000000000001e375                uip_process
                0x000000000001ee6d                uip_htons
                0x000000000001ee8f                uip_htonl
                0x000000000001eecd                uip_send
 .text          0x000000000001ef93      0x369 build/cooja/mtype249.a(uip-ds6-nbr.o)
                0x000000000001ef93                uip_ds6_neighbors_init
                0x000000000001efb7                uip_ds6_nbr_add
                0x000000000001f03d                uip_ds6_nbr_rm
                0x000000000001f088                uip_ds6_nbr_update_ll
                0x000000000001f176                uip_ds6_nbr_get_ipaddr
                0x000000000001f18b                uip_ds6_nbr_get_ll
                0x000000000001f1a7                uip_ds6_nbr_num
                0x000000000001f1f0                uip_ds6_nbr_head
                0x000000000001f209                uip_ds6_nbr_next
                0x000000000001f225                uip_ds6_nbr_lookup
                0x000000000001f27d                uip_ds6_nbr_ll_lookup
                0x000000000001f299                uip_ds6_nbr_ipaddr_from_lladdr
                0x000000000001f2c2                uip_ds6_nbr_lladdr_from_ipaddr
                0x000000000001f2f6                uip_ds6_link_callback
 .text          0x000000000001f2fc      0x6a7 build/cooja/mtype249.a(uip-nd6.o)
                0x000000000001f98a                uip_nd6_init
 .text          0x000000000001f9a3     0x2c17 build/cooja/mtype249.a(sicslowpan.o)
                0x000000000001ffaa                netstack_sniffer_add
                0x000000000001ffb8                netstack_sniffer_remove
                0x000000000002258e                sicslowpan_init
                0x00000000000225b0                sicslowpan_get_last_rssi
 .text          0x00000000000225ba      0x4d1 build/cooja/mtype249.a(uiplib.o)
                0x00000000000225ba                uiplib_ip6addrconv
                0x0000000000022772                uiplib_ip4addrconv
                0x0000000000022835                uiplib_ipaddr_print
                0x0000000000022888                uiplib_ipaddr_snprint
 .text          0x0000000000022a8b      0x4c9 build/cooja/mtype249.a(rpl.o)
                0x0000000000022a8b                rpl_lollipop_greater_than
                0x0000000000022ae5                rpl_get_global_address
                0x0000000000022bdd                rpl_link_callback
                0x0000000000022c21                rpl_has_joined
                0x0000000000022c46                rpl_is_reachable
                0x0000000000022cc7                rpl_reset_prefix
                0x0000000000022d31                rpl_set_prefix_from_addr
                0x0000000000022e16                rpl_set_prefix
                0x0000000000022f30                rpl_set_leaf_only
                0x0000000000022f48                rpl_get_leaf_only
 .text          0x0000000000022f54     0x138c build/cooja/mtype249.a(rpl-icmp6.o)
                0x0000000000023079                rpl_icmp6_update_nbr_table
                0x0000000000023102                rpl_icmp6_dis_output
                0x0000000000023748                rpl_icmp6_dio_output
                0x0000000000023f46                rpl_icmp6_dao_output
                0x0000000000024227                rpl_icmp6_dao_ack_output
                0x0000000000024297                rpl_icmp6_init
 .text          0x00000000000242e0      0x264 build/cooja/mtype249.a(rpl-dag-root.o)
                0x00000000000242e0                rpl_dag_root_print_links
                0x000000000002440c                rpl_dag_root_set_prefix
                0x0000000000024438                rpl_dag_root_start
                0x0000000000024515                rpl_dag_root_is_root
 .text          0x0000000000024544       0x30 build/cooja/mtype249.a(watchdog.o)
                0x0000000000024544                watchdog_init
                0x000000000002454a                watchdog_start
                0x0000000000024550                watchdog_periodic
                0x0000000000024568                watchdog_stop
                0x000000000002456e                watchdog_reboot
 .text          0x0000000000024574       0x4a build/cooja/mtype249.a(int-master.o)
                0x0000000000024574                int_master_enable
                0x0000000000024584                int_master_read_and_disable
                0x00000000000245a1                int_master_status_set
                0x00000000000245af                int_master_is_enabled
 .text          0x00000000000245be      0x226 build/cooja/mtype249.a(coap-timer-defa)
 .text          0x00000000000247e4       0xc7 build/cooja/mtype249.a(stimer.o)
                0x00000000000247e4                stimer_set
                0x0000000000024802                stimer_reset
                0x000000000002482f                stimer_restart
                0x0000000000024844                stimer_expired
                0x000000000002486f                stimer_remaining
                0x0000000000024893                stimer_elapsed
 .text          0x00000000000248ab      0x156 build/cooja/mtype249.a(ringbuf.o)
                0x00000000000248ab                ringbuf_init
                0x00000000000248dd                ringbuf_put
                0x000000000002495b                ringbuf_get
                0x00000000000249c8                ringbuf_size
                0x00000000000249da                ringbuf_elements
 .text          0x0000000000024a01       0x1f build/cooja/mtype249.a(assert.o)
                0x0000000000024a01                _xassert
 .text          0x0000000000024a20      0x79b build/cooja/mtype249.a(nbr-table.o)
                0x0000000000024e99                nbr_table_register
                0x0000000000024f06                nbr_table_is_registered
                0x0000000000024f41                nbr_table_head
                0x0000000000024f9c                nbr_table_next
                0x0000000000024ffd                nbr_table_add_lladdr
                0x00000000000250d7                nbr_table_get_from_lladdr
                0x0000000000025123                nbr_table_remove
                0x000000000002515b                nbr_table_lock
                0x0000000000025175                nbr_table_unlock
                0x000000000002518f                nbr_table_get_lladdr
 .text          0x00000000000251bb      0x3a5 build/cooja/mtype249.a(link-stats.o)
                0x00000000000251bb                link_stats_from_lladdr
                0x00000000000251d7                link_stats_get_lladdr
                0x00000000000251f3                link_stats_is_fresh
                0x000000000002522f                guess_etx_from_rssi
                0x00000000000252ab                link_stats_packet_sent
                0x00000000000253cb                link_stats_input_callback
                0x00000000000254db                link_stats_reset
                0x000000000002552b                link_stats_init
 .text          0x0000000000025560      0x187 build/cooja/mtype249.a(mac-sequence.o)
                0x0000000000025560                mac_sequence_is_duplicate
                0x0000000000025600                mac_sequence_register_seqno
 .text          0x00000000000256e7       0x23 build/cooja/mtype249.a(mac.o)
                0x00000000000256e7                mac_call_sent_callback
 .text          0x000000000002570a      0x432 build/cooja/mtype249.a(framer-802154.o)
                0x0000000000025899                framer_802154_setup_params
 .text          0x0000000000025b3c      0xb6f build/cooja/mtype249.a(frame802154.o)
                0x0000000000025b6d                frame802154_get_pan_id
                0x0000000000025b79                frame802154_set_pan_id
                0x0000000000025b93                frame802154_has_panid
                0x0000000000025d42                frame802154_check_dest_panid
                0x0000000000025dca                frame802154_is_broadcast_addr
                0x0000000000025e17                frame802154_extract_linkaddr
                0x000000000002607c                frame802154_hdrlen
                0x00000000000260ef                frame802154_create_fcf
                0x00000000000261a7                frame802154_create
                0x000000000002631c                frame802154_parse_fcf
                0x00000000000263fe                frame802154_parse
 .text          0x00000000000266ab       0x2d build/cooja/mtype249.a(csma-security.o)
                0x00000000000266ab                csma_security_create_frame
                0x00000000000266c9                csma_security_parse_frame
 .text          0x00000000000266d8      0x4e4 build/cooja/mtype249.a(uipbuf.o)
                0x00000000000266d8                uipbuf_clear
                0x00000000000266ff                uipbuf_add_ext_hdr
                0x000000000002677f                uipbuf_set_len
                0x00000000000267ac                uipbuf_set_len_field
                0x00000000000267d8                uipbuf_get_len_field
                0x00000000000267f8                uipbuf_get_next_header
                0x000000000002692a                uipbuf_get_last_header
                0x00000000000269a3                uipbuf_search_header
                0x0000000000026a59                uipbuf_get_attr
                0x0000000000026a80                uipbuf_set_attr
                0x0000000000026ab7                uipbuf_set_default_attr
                0x0000000000026aee                uipbuf_clear_attr
                0x0000000000026b12                uipbuf_set_attr_flag
                0x0000000000026b33                uipbuf_clr_attr_flag
                0x0000000000026b5a                uipbuf_is_attr_flag
                0x0000000000026b7e                uipbuf_init
 .text          0x0000000000026bbc      0x73f build/cooja/mtype249.a(uip-icmp6.o)
                0x0000000000026c31                uip_icmp6_input
                0x0000000000026c88                uip_icmp6_register_input_handler
                0x0000000000026ddb                uip_icmp6_error_output
                0x000000000002708c                uip_icmp6_send
                0x0000000000027283                uip_icmp6_echo_reply_callback_add
                0x00000000000272b5                uip_icmp6_echo_reply_callback_rm
                0x00000000000272d2                uip_icmp6_init
 .text          0x00000000000272fb      0x69b build/cooja/mtype249.a(uip-sr.o)
                0x00000000000272fb                uip_sr_num_nodes
                0x0000000000027389                uip_sr_get_node
                0x00000000000273e0                uip_sr_is_addr_reachable
                0x000000000002748e                uip_sr_expire_parent
                0x00000000000274d7                uip_sr_update_node
                0x0000000000027607                uip_sr_init
                0x000000000002763b                uip_sr_node_head
                0x0000000000027654                uip_sr_node_next
                0x000000000002766a                uip_sr_periodic
                0x0000000000027770                uip_sr_free_all
                0x00000000000277e0                uip_sr_link_snprint
 .text          0x0000000000027996      0x146 build/cooja/mtype249.a(uip-packetqueue)
                0x00000000000279c4                uip_packetqueue_new
                0x00000000000279d3                uip_packetqueue_alloc
                0x0000000000027a2e                uip_packetqueue_free
                0x0000000000027a75                uip_packetqueue_buf
                0x0000000000027a92                uip_packetqueue_buflen
                0x0000000000027ab3                uip_packetqueue_set_buflen
 .text          0x0000000000027adc      0x1b0 build/cooja/mtype249.a(rpl-nbr-policy.)
                0x0000000000027c49                rpl_nbr_policy_find_removable
 .text          0x0000000000027c8c      0x915 build/cooja/mtype249.a(rpl-neighbor.o)
                0x0000000000027d08                rpl_neighbor_snprint
                0x0000000000027fbb                rpl_neighbor_print_list
                0x0000000000028070                rpl_neighbor_count
                0x0000000000028117                rpl_neighbor_get_from_lladdr
                0x0000000000028133                rpl_neighbor_is_acceptable_parent
                0x0000000000028167                rpl_neighbor_get_link_metric
                0x000000000002819b                rpl_neighbor_rank_via_nbr
                0x00000000000281cf                rpl_neighbor_get_lladdr
                0x00000000000281eb                rpl_neighbor_get_ipaddr
                0x0000000000028212                rpl_neighbor_get_link_stats
                0x0000000000028239                rpl_neighbor_is_fresh
                0x0000000000028260                rpl_neighbor_is_reachable
                0x00000000000282ab                rpl_neighbor_is_parent
                0x00000000000282d5                rpl_neighbor_set_preferred_parent
                0x000000000002836c                rpl_neighbor_remove_all
                0x00000000000283c8                rpl_neighbor_get_from_ipaddr
                0x00000000000284d6                rpl_neighbor_select_best
                0x0000000000028582                rpl_neighbor_init
 .text          0x00000000000285a1      0xe69 build/cooja/mtype249.a(rpl-dag.o)
                0x00000000000285a1                rpl_dag_state_to_str
                0x00000000000285e0                rpl_dag_get_root_ipaddr
                0x0000000000028628                rpl_dag_leave
                0x00000000000286b1                rpl_dag_poison_and_leave
                0x00000000000286c9                rpl_dag_periodic
                0x0000000000028751                rpl_is_addr_in_our_dag
                0x0000000000028795                rpl_get_default_instance
                0x00000000000287b1                rpl_get_any_dag
                0x000000000002880a                rpl_refresh_routes
                0x000000000002884a                rpl_global_repair
                0x00000000000288e3                rpl_local_repair
                0x000000000002892d                rpl_dag_ready_to_advertise
                0x0000000000028970                rpl_dag_update_state
                0x000000000002909d                rpl_process_dio
                0x000000000002911b                rpl_process_dis
                0x0000000000029160                rpl_process_dao
                0x00000000000291ef                rpl_process_dao_ack
                0x0000000000029286                rpl_process_hbh
                0x00000000000292d6                rpl_dag_init_root
                0x00000000000293ea                rpl_dag_init
 .text          0x000000000002940a      0x9e7 build/cooja/mtype249.a(rpl-timers.o)
                0x000000000002940a                rpl_timers_schedule_periodic_dis
                0x0000000000029558                rpl_timers_dio_reset
                0x0000000000029666                rpl_timers_schedule_unicast_dio
                0x00000000000297ba                rpl_timers_schedule_dao
                0x0000000000029879                rpl_timers_schedule_dao_ack
                0x00000000000298ff                rpl_timers_notify_dao_ack
                0x000000000002995d                get_probing_delay
                0x0000000000029991                get_probing_target
                0x0000000000029b7b                rpl_schedule_probing
                0x0000000000029ba9                rpl_schedule_probing_now
                0x0000000000029c13                rpl_timers_unschedule_leaving
                0x0000000000029c4b                rpl_timers_schedule_leaving
                0x0000000000029c8c                rpl_timers_init
                0x0000000000029d1c                rpl_timers_stop_dag_timers
                0x0000000000029d95                rpl_timers_unschedule_state_update
                0x0000000000029db9                rpl_timers_schedule_state_update
 .text          0x0000000000029df1      0xb8e build/cooja/mtype249.a(rpl-ext-header.)
                0x0000000000029df1                rpl_ext_header_srh_get_next_hop
                0x0000000000029ed8                rpl_ext_header_srh_update
                0x000000000002a444                rpl_ext_header_hbh_update
                0x000000000002a744                rpl_ext_header_update
                0x000000000002a7cd                rpl_ext_header_remove
 .text          0x000000000002a97f      0x31b build/cooja/mtype249.a(rpl-mrhof.o)
 *fill*         0x000000000002ac9a        0x6 
 .text          0x000000000002aca0      0x122 /usr/lib/gcc/i686-linux-gnu/5/libgcc.a(_udivdi3.o)
                0x000000000002aca0                __udivdi3
 .text          0x000000000002adc2        0x0 /usr/lib/gcc/i686-linux-gnu/5/crtendS.o
 .text          0x000000000002adc2        0x0 /usr/lib/gcc/i686-linux-gnu/5/../../../i386-linux-gnu/crtn.o
 *(.gnu.warning)

.fini           0x000000000002adc4       0x14
 *(SORT(.fini))
 .fini          0x000000000002adc4        0xf /usr/lib/gcc/i686-linux-gnu/5/../../../i386-linux-gnu/crti.o
                0x000000000002adc4                _fini
 .fini          0x000000000002add3        0x5 /usr/lib/gcc/i686-linux-gnu/5/../../../i386-linux-gnu/crtn.o
                [!provide]                        PROVIDE (__etext, .)
                [!provide]                        PROVIDE (_etext, .)
                [!provide]                        PROVIDE (etext, .)

.rodata         0x000000000002ade0      0xfeb
 *(.rodata .rodata.* .gnu.linkonce.r.*)
 .rodata        0x000000000002ade0      0x11a coap_server_sprinkler.o
                0x000000000002adf8                autostart_processes
 *fill*         0x000000000002aefa        0x2 
 .rodata        0x000000000002aefc        0x8 build/cooja/mtype249.a(beep.o)
                0x000000000002aefc                beep_interface
 .rodata        0x000000000002af04        0xe build/cooja/mtype249.a(leds-arch.o)
                0x000000000002af04                leds_interface
                0x000000000002af0c                leds_arch_leds
 *fill*         0x000000000002af12        0x2 
 .rodata        0x000000000002af14        0x8 build/cooja/mtype249.a(moteid.o)
                0x000000000002af14                moteid_interface
 .rodata        0x000000000002af1c       0x1c build/cooja/mtype249.a(pir-sensor.o)
                0x000000000002af1c                pir_interface
                0x000000000002af28                pir_sensor
 .rodata        0x000000000002af38        0xe build/cooja/mtype249.a(rs232.o)
                0x000000000002af38                rs232_interface
 *fill*         0x000000000002af46        0x2 
 .rodata        0x000000000002af48       0x24 build/cooja/mtype249.a(vib-sensor.o)
                0x000000000002af48                vib_interface
                0x000000000002af5c                vib_sensor
 .rodata        0x000000000002af6c        0x8 build/cooja/mtype249.a(clock.o)
                0x000000000002af6c                clock_interface
 .rodata        0x000000000002af74        0x8 build/cooja/mtype249.a(cooja-log.o)
                0x000000000002af74                simlog_interface
 .rodata        0x000000000002af7c       0x2f build/cooja/mtype249.a(cfs-cooja.o)
                0x000000000002af7c                cfs_interface
 *fill*         0x000000000002afab       0x15 
 .rodata        0x000000000002afc0       0xb8 build/cooja/mtype249.a(cooja-radio.o)
                0x000000000002afc0                radio_interface
                0x000000000002b040                cooja_radio_driver
 .rodata        0x000000000002b078        0x8 build/cooja/mtype249.a(eeprom.o)
                0x000000000002b078                eeprom_interface
 .rodata        0x000000000002b080        0x8 build/cooja/mtype249.a(sensors.o)
 .rodata        0x000000000002b088       0x2c build/cooja/mtype249.a(buttons.o)
                0x000000000002b088                button_interface
                0x000000000002b09c                button_hal_button_count
                0x000000000002b0a4                button_sensor
 .rodata        0x000000000002b0b4      0x1cf build/cooja/mtype249.a(res-temp.o)
 *fill*         0x000000000002b283        0x1 
 .rodata        0x000000000002b284      0x1d0 build/cooja/mtype249.a(res-sprinkler.o)
 .rodata        0x000000000002b454      0x1bc build/cooja/mtype249.a(res-hum.o)
 .rodata        0x000000000002b610       0x41 build/cooja/mtype249.a(coap-engine.o)
 .rodata        0x000000000002b651       0x19 build/cooja/mtype249.a(coap-res-well-k)
 .rodata        0x000000000002b66a       0x11 build/cooja/mtype249.a(coap-observe.o)
 .rodata        0x000000000002b67b       0x35 build/cooja/mtype249.a(coap-uip.o)
 .rodata        0x000000000002b6b0      0x1ac build/cooja/mtype249.a(coap.o)
 .rodata        0x000000000002b85c       0xf8 build/cooja/mtype249.a(contiki-main.o)
 .rodata        0x000000000002b954        0xf build/cooja/mtype249.a(ctimer.o)
 *fill*         0x000000000002b963        0x1 
 .rodata        0x000000000002b964       0xc4 build/cooja/mtype249.a(log.o)
 .rodata        0x000000000002ba28        0xc build/cooja/mtype249.a(etimer.o)
 .rodata        0x000000000002ba34       0x13 build/cooja/mtype249.a(button-hal.o)
 .rodata        0x000000000002ba47        0xe build/cooja/mtype249.a(serial-line.o)
 *fill*         0x000000000002ba55        0x3 
 .rodata        0x000000000002ba58        0x8 build/cooja/mtype249.a(linkaddr.o)
                0x000000000002ba58                linkaddr_null
 .rodata        0x000000000002ba60       0x24 build/cooja/mtype249.a(csma.o)
                0x000000000002ba68                csma_driver
 .rodata        0x000000000002ba84       0x32 build/cooja/mtype249.a(csma-output.o)
 *fill*         0x000000000002bab6        0x2 
 .rodata        0x000000000002bab8       0x4d build/cooja/mtype249.a(uip-ds6-route.o)
 .rodata        0x000000000002bb05        0xd build/cooja/mtype249.a(tcpip.o)
 *fill*         0x000000000002bb12        0x2 
 .rodata        0x000000000002bb14       0x30 build/cooja/mtype249.a(sicslowpan.o)
                0x000000000002bb14                unc_llconf
                0x000000000002bb18                unc_ctxconf
                0x000000000002bb1c                unc_mxconf
                0x000000000002bb20                llprefix
                0x000000000002bb34                sicslowpan_driver
 .rodata        0x000000000002bb44       0x2d build/cooja/mtype249.a(uiplib.o)
 *fill*         0x000000000002bb71        0xf 
 .rodata        0x000000000002bb80       0x74 build/cooja/mtype249.a(rpl.o)
                0x000000000002bba0                rpl_lite_driver
 .rodata        0x000000000002bbf4       0x20 build/cooja/mtype249.a(coap-timer-defa)
                0x000000000002bc08                coap_timer_default_driver
 .rodata        0x000000000002bc14       0x25 build/cooja/mtype249.a(assert.o)
 *fill*         0x000000000002bc39        0x3 
 .rodata        0x000000000002bc3c        0xc build/cooja/mtype249.a(framer-802154.o)
                0x000000000002bc3c                framer_802154
 .rodata        0x000000000002bc48       0x44 build/cooja/mtype249.a(uip-sr.o)
 .rodata        0x000000000002bc8c       0x58 build/cooja/mtype249.a(rpl-neighbor.o)
 .rodata        0x000000000002bce4       0xdb build/cooja/mtype249.a(rpl-dag.o)
 .rodata        0x000000000002bdbf        0xc build/cooja/mtype249.a(rpl-timers.o)

.rodata1
 *(.rodata1)

.eh_frame_hdr   0x000000000002bdcc     0x1a04
 *(.eh_frame_hdr)
 .eh_frame_hdr  0x000000000002bdcc     0x1a04 coap_server_sprinkler.o
                0x000000000002bdcc                __GNU_EH_FRAME_HDR
 *(.eh_frame_entry .eh_frame_entry.*)

.eh_frame       0x000000000002d7d0     0x6984
 *(.eh_frame)
 .eh_frame      0x000000000002d7d0       0x3c /usr/lib/gcc/i686-linux-gnu/5/../../../i386-linux-gnu/crti.o
                                         0x40 (size before relaxing)
 .eh_frame      0x000000000002d80c       0x60 coap_server_sprinkler.o
                                         0x78 (size before relaxing)
 .eh_frame      0x000000000002d86c      0x178 build/cooja/mtype249.o
                                        0x190 (size before relaxing)
 .eh_frame      0x000000000002d9e4       0x40 build/cooja/mtype249.a(simEnvChange.o)
                                         0x58 (size before relaxing)
 .eh_frame      0x000000000002da24       0x60 build/cooja/mtype249.a(cooja_mt.o)
                                         0x78 (size before relaxing)
 .eh_frame      0x000000000002da84       0x80 build/cooja/mtype249.a(cooja_mtarch.o)
                                         0x98 (size before relaxing)
 .eh_frame      0x000000000002db04       0xc8 build/cooja/mtype249.a(rtimer-arch.o)
                                         0xe0 (size before relaxing)
 .eh_frame      0x000000000002dbcc      0x160 build/cooja/mtype249.a(beep.o)
                                        0x178 (size before relaxing)
 .eh_frame      0x000000000002dd2c       0x80 build/cooja/mtype249.a(leds-arch.o)
                                         0x98 (size before relaxing)
 .eh_frame      0x000000000002ddac       0x40 build/cooja/mtype249.a(moteid.o)
                                         0x58 (size before relaxing)
 .eh_frame      0x000000000002ddec       0xa0 build/cooja/mtype249.a(pir-sensor.o)
                                         0xb8 (size before relaxing)
 .eh_frame      0x000000000002de8c      0x100 build/cooja/mtype249.a(rs232.o)
                                        0x118 (size before relaxing)
 .eh_frame      0x000000000002df8c       0xa0 build/cooja/mtype249.a(vib-sensor.o)
                                         0xb8 (size before relaxing)
 .eh_frame      0x000000000002e02c       0xc0 build/cooja/mtype249.a(clock.o)
                                         0xd8 (size before relaxing)
 .eh_frame      0x000000000002e0ec      0x120 build/cooja/mtype249.a(cooja-log.o)
                                        0x138 (size before relaxing)
 .eh_frame      0x000000000002e20c      0x160 build/cooja/mtype249.a(cfs-cooja.o)
                                        0x178 (size before relaxing)
 .eh_frame      0x000000000002e36c      0x340 build/cooja/mtype249.a(cooja-radio.o)
                                        0x358 (size before relaxing)
 .eh_frame      0x000000000002e6ac       0xa0 build/cooja/mtype249.a(eeprom.o)
                                         0xb8 (size before relaxing)
 .eh_frame      0x000000000002e74c       0x40 build/cooja/mtype249.a(random.o)
                                         0x58 (size before relaxing)
 .eh_frame      0x000000000002e78c       0xc0 build/cooja/mtype249.a(sensors.o)
                                         0xd8 (size before relaxing)
 .eh_frame      0x000000000002e84c      0x120 build/cooja/mtype249.a(leds.o)
                                        0x138 (size before relaxing)
 .eh_frame      0x000000000002e96c      0x220 build/cooja/mtype249.a(gpio-hal-arch.o)
                                        0x238 (size before relaxing)
 .eh_frame      0x000000000002eb8c       0xa0 build/cooja/mtype249.a(buttons.o)
                                         0xb8 (size before relaxing)
 .eh_frame      0x000000000002ec2c       0x60 build/cooja/mtype249.a(res-temp.o)
                                         0x78 (size before relaxing)
 .eh_frame      0x000000000002ec8c       0x60 build/cooja/mtype249.a(res-sprinkler.o)
                                         0x78 (size before relaxing)
 .eh_frame      0x000000000002ecec       0x60 build/cooja/mtype249.a(res-hum.o)
                                         0x78 (size before relaxing)
 .eh_frame      0x000000000002ed4c      0x220 build/cooja/mtype249.a(coap-engine.o)
                                        0x238 (size before relaxing)
 .eh_frame      0x000000000002ef6c       0x24 build/cooja/mtype249.a(coap-res-well-k)
                                         0x3c (size before relaxing)
 .eh_frame      0x000000000002ef90      0x188 build/cooja/mtype249.a(coap-observe.o)
                                        0x1a0 (size before relaxing)
 .eh_frame      0x000000000002f118      0x250 build/cooja/mtype249.a(coap-uip.o)
                                        0x268 (size before relaxing)
 .eh_frame      0x000000000002f368      0x114 build/cooja/mtype249.a(coap-timer.o)
                                        0x12c (size before relaxing)
 .eh_frame      0x000000000002f47c      0x100 build/cooja/mtype249.a(coap-transactio)
                                        0x118 (size before relaxing)
 .eh_frame      0x000000000002f57c      0x6ec build/cooja/mtype249.a(coap.o)
                                        0x704 (size before relaxing)
 .eh_frame      0x000000000002fc68       0x30 build/cooja/mtype249.a(contiki-main.o)
                                         0x48 (size before relaxing)
 .eh_frame      0x000000000002fc98       0x40 build/cooja/mtype249.a(autostart.o)
                                         0x58 (size before relaxing)
 .eh_frame      0x000000000002fcd8      0x100 build/cooja/mtype249.a(ctimer.o)
                                        0x118 (size before relaxing)
 .eh_frame      0x000000000002fdd8      0x100 build/cooja/mtype249.a(log.o)
                                        0x118 (size before relaxing)
 .eh_frame      0x000000000002fed8       0x60 build/cooja/mtype249.a(energest.o)
                                         0x78 (size before relaxing)
 .eh_frame      0x000000000002ff38      0x1e0 build/cooja/mtype249.a(etimer.o)
                                        0x1f8 (size before relaxing)
 .eh_frame      0x0000000000030118       0x20 build/cooja/mtype249.a(node-id.o)
                                         0x38 (size before relaxing)
 .eh_frame      0x0000000000030138       0x60 build/cooja/mtype249.a(rtimer.o)
                                         0x78 (size before relaxing)
 .eh_frame      0x0000000000030198      0x1c4 build/cooja/mtype249.a(process.o)
                                        0x1dc (size before relaxing)
 .eh_frame      0x000000000003035c       0xa4 build/cooja/mtype249.a(timer.o)
                                         0xbc (size before relaxing)
 .eh_frame      0x0000000000030400      0x1a0 build/cooja/mtype249.a(list.o)
                                        0x1b8 (size before relaxing)
 .eh_frame      0x00000000000305a0       0xa0 build/cooja/mtype249.a(memb.o)
                                         0xb8 (size before relaxing)
 .eh_frame      0x0000000000030640      0x144 build/cooja/mtype249.a(button-hal.o)
                                        0x15c (size before relaxing)
 .eh_frame      0x0000000000030784       0x60 build/cooja/mtype249.a(serial-line.o)
                                         0x78 (size before relaxing)
 .eh_frame      0x00000000000307e4       0xe0 build/cooja/mtype249.a(gpio-hal.o)
                                         0xf8 (size before relaxing)
 .eh_frame      0x00000000000308c4      0x1a0 build/cooja/mtype249.a(queuebuf.o)
                                        0x1b8 (size before relaxing)
 .eh_frame      0x0000000000030a64      0x28c build/cooja/mtype249.a(packetbuf.o)
                                        0x2a4 (size before relaxing)
 .eh_frame      0x0000000000030cf0       0x80 build/cooja/mtype249.a(netstack.o)
                                         0x98 (size before relaxing)
 .eh_frame      0x0000000000030d70       0x60 build/cooja/mtype249.a(linkaddr.o)
                                         0x78 (size before relaxing)
 .eh_frame      0x0000000000030dd0       0xe0 build/cooja/mtype249.a(csma.o)
                                         0xf8 (size before relaxing)
 .eh_frame      0x0000000000030eb0      0x1d0 build/cooja/mtype249.a(csma-output.o)
                                        0x1e8 (size before relaxing)
 .eh_frame      0x0000000000031080      0x328 build/cooja/mtype249.a(uip-ds6.o)
                                        0x340 (size before relaxing)
 .eh_frame      0x00000000000313a8       0x40 build/cooja/mtype249.a(uip-udp-packet.)
                                         0x58 (size before relaxing)
 .eh_frame      0x00000000000313e8      0x220 build/cooja/mtype249.a(uip-ds6-route.o)
                                        0x238 (size before relaxing)
 .eh_frame      0x0000000000031608      0x244 build/cooja/mtype249.a(tcpip.o)
                                        0x25c (size before relaxing)
 .eh_frame      0x000000000003184c      0x1e8 build/cooja/mtype249.a(uip6.o)
                                        0x200 (size before relaxing)
 .eh_frame      0x0000000000031a34      0x1c0 build/cooja/mtype249.a(uip-ds6-nbr.o)
                                        0x1d8 (size before relaxing)
 .eh_frame      0x0000000000031bf4       0x84 build/cooja/mtype249.a(uip-nd6.o)
                                         0x9c (size before relaxing)
 .eh_frame      0x0000000000031c78      0x2f8 build/cooja/mtype249.a(sicslowpan.o)
                                        0x310 (size before relaxing)
 .eh_frame      0x0000000000031f70       0x88 build/cooja/mtype249.a(uiplib.o)
                                         0xa0 (size before relaxing)
 .eh_frame      0x0000000000031ff8      0x1e0 build/cooja/mtype249.a(rpl.o)
                                        0x1f8 (size before relaxing)
 .eh_frame      0x00000000000321d8      0x1c4 build/cooja/mtype249.a(rpl-icmp6.o)
                                        0x1dc (size before relaxing)
 .eh_frame      0x000000000003239c       0xa0 build/cooja/mtype249.a(rpl-dag-root.o)
                                         0xb8 (size before relaxing)
 .eh_frame      0x000000000003243c       0xa0 build/cooja/mtype249.a(watchdog.o)
                                         0xb8 (size before relaxing)
 .eh_frame      0x00000000000324dc       0x80 build/cooja/mtype249.a(int-master.o)
                                         0x98 (size before relaxing)
 .eh_frame      0x000000000003255c       0xa4 build/cooja/mtype249.a(coap-timer-defa)
                                         0xbc (size before relaxing)
 .eh_frame      0x0000000000032600       0xc4 build/cooja/mtype249.a(stimer.o)
                                         0xdc (size before relaxing)
 .eh_frame      0x00000000000326c4       0xa0 build/cooja/mtype249.a(ringbuf.o)
                                         0xb8 (size before relaxing)
 .eh_frame      0x0000000000032764       0x20 build/cooja/mtype249.a(assert.o)
                                         0x38 (size before relaxing)
 .eh_frame      0x0000000000032784      0x2ac build/cooja/mtype249.a(nbr-table.o)
                                        0x2c4 (size before relaxing)
 .eh_frame      0x0000000000032a30      0x120 build/cooja/mtype249.a(link-stats.o)
                                        0x138 (size before relaxing)
 .eh_frame      0x0000000000032b50       0x48 build/cooja/mtype249.a(mac-sequence.o)
                                         0x60 (size before relaxing)
 .eh_frame      0x0000000000032b98       0x20 build/cooja/mtype249.a(mac.o)
                                         0x38 (size before relaxing)
 .eh_frame      0x0000000000032bb8       0xa4 build/cooja/mtype249.a(framer-802154.o)
                                         0xbc (size before relaxing)
 .eh_frame      0x0000000000032c5c      0x1a4 build/cooja/mtype249.a(frame802154.o)
                                        0x1bc (size before relaxing)
 .eh_frame      0x0000000000032e00       0x40 build/cooja/mtype249.a(csma-security.o)
                                         0x58 (size before relaxing)
 .eh_frame      0x0000000000032e40      0x200 build/cooja/mtype249.a(uipbuf.o)
                                        0x218 (size before relaxing)
 .eh_frame      0x0000000000033040      0x150 build/cooja/mtype249.a(uip-icmp6.o)
                                        0x168 (size before relaxing)
 .eh_frame      0x0000000000033190      0x184 build/cooja/mtype249.a(uip-sr.o)
                                        0x19c (size before relaxing)
 .eh_frame      0x0000000000033314       0xe0 build/cooja/mtype249.a(uip-packetqueue)
                                         0xf8 (size before relaxing)
 .eh_frame      0x00000000000333f4       0x80 build/cooja/mtype249.a(rpl-nbr-policy.)
                                         0x98 (size before relaxing)
 .eh_frame      0x0000000000033474      0x2d4 build/cooja/mtype249.a(rpl-neighbor.o)
                                        0x2ec (size before relaxing)
 .eh_frame      0x0000000000033748      0x370 build/cooja/mtype249.a(rpl-dag.o)
                                        0x388 (size before relaxing)
 .eh_frame      0x0000000000033ab8      0x3a8 build/cooja/mtype249.a(rpl-timers.o)
                                        0x3c0 (size before relaxing)
 .eh_frame      0x0000000000033e60      0x124 build/cooja/mtype249.a(rpl-ext-header.)
                                        0x13c (size before relaxing)
 .eh_frame      0x0000000000033f84      0x148 build/cooja/mtype249.a(rpl-mrhof.o)
                                        0x160 (size before relaxing)
 .eh_frame      0x00000000000340cc       0x84 /usr/lib/gcc/i686-linux-gnu/5/libgcc.a(_udivdi3.o)
                                         0x9c (size before relaxing)
 .eh_frame      0x0000000000034150        0x4 /usr/lib/gcc/i686-linux-gnu/5/crtendS.o
 *(.eh_frame.*)

.gcc_except_table
 *(.gcc_except_table .gcc_except_table.*)

.gnu_extab
 *(.gnu_extab*)

.exception_ranges
 *(.exception_ranges .exception_ranges*)
                0x0000000000035f10                . = DATA_SEGMENT_ALIGN (0x1000, 0x1000)

.eh_frame
 *(.eh_frame)
 *(.eh_frame.*)

.gnu_extab
 *(.gnu_extab)

.gcc_except_table
 *(.gcc_except_table .gcc_except_table.*)

.exception_ranges
 *(.exception_ranges .exception_ranges*)

.tdata
 *(.tdata .tdata.* .gnu.linkonce.td.*)

.tbss
 *(.tbss .tbss.* .gnu.linkonce.tb.*)
 *(.tcommon)

.preinit_array
 *(.preinit_array)

.init_array     0x0000000000035f10        0x4
 *(SORT(.init_array.*) SORT(.ctors.*))
 *(.init_array EXCLUDE_FILE(*crtend?.o *crtend.o *crtbegin?.o *crtbegin.o) .ctors)
 .init_array    0x0000000000035f10        0x4 /usr/lib/gcc/i686-linux-gnu/5/crtbeginS.o

.fini_array     0x0000000000035f14        0x4
 *(SORT(.fini_array.*) SORT(.dtors.*))
 *(.fini_array EXCLUDE_FILE(*crtend?.o *crtend.o *crtbegin?.o *crtbegin.o) .dtors)
 .fini_array    0x0000000000035f14        0x4 /usr/lib/gcc/i686-linux-gnu/5/crtbeginS.o

.ctors
 *crtbegin.o(.ctors)
 *crtbegin?.o(.ctors)
 *(EXCLUDE_FILE(*crtend?.o *crtend.o) .ctors)
 *(SORT(.ctors.*))
 *(.ctors)

.dtors
 *crtbegin.o(.dtors)
 *crtbegin?.o(.dtors)
 *(EXCLUDE_FILE(*crtend?.o *crtend.o) .dtors)
 *(SORT(.dtors.*))
 *(.dtors)

.jcr            0x0000000000035f18        0x4
 *(.jcr)
 .jcr           0x0000000000035f18        0x0 /usr/lib/gcc/i686-linux-gnu/5/crtbeginS.o
 .jcr           0x0000000000035f18        0x4 /usr/lib/gcc/i686-linux-gnu/5/crtendS.o

.data.rel.ro
 *(.data.rel.ro.local* .gnu.linkonce.d.rel.ro.local.*)
 *(.data.rel.ro .data.rel.ro.* .gnu.linkonce.d.rel.ro.*)

.dynamic        0x0000000000035f1c       0xd0
 *(.dynamic)
 .dynamic       0x0000000000035f1c       0xd0 /usr/lib/gcc/i686-linux-gnu/5/../../../i386-linux-gnu/crti.o
                0x0000000000035f1c                _DYNAMIC

.got            0x0000000000035fec       0x14
 *(.got)
 .got           0x0000000000035fec       0x14 /usr/lib/gcc/i686-linux-gnu/5/../../../i386-linux-gnu/crti.o
 *(.igot)
                0x0000000000036ff4                . = DATA_SEGMENT_RELRO_END (., (SIZEOF (.got.plt) >= 0xc)?0xc:0x0)

.got.plt        0x0000000000036000        0xc
 *(.got.plt)
 .got.plt       0x0000000000036000        0xc /usr/lib/gcc/i686-linux-gnu/5/../../../i386-linux-gnu/crti.o
                0x0000000000036000                _GLOBAL_OFFSET_TABLE_
 *(.igot.plt)

.data           0x0000000000036020      0x524
 *(.data .data.* .gnu.linkonce.d.*)
 .data          0x0000000000036020        0x0 /usr/lib/gcc/i686-linux-gnu/5/../../../i386-linux-gnu/crti.o
 .data          0x0000000000036020        0x0 /usr/lib/gcc/i686-linux-gnu/5/crtbeginS.o
 .data.rel.local
                0x0000000000036020        0x4 /usr/lib/gcc/i686-linux-gnu/5/crtbeginS.o
                0x0000000000036020                __dso_handle
 .data          0x0000000000036024       0x18 coap_server_sprinkler.o
                0x0000000000036024                service_registration
                0x000000000003602c                sprinkler_node
 *fill*         0x000000000003603c        0x4 
 .data          0x0000000000036040       0x44 build/cooja/mtype249.o
                0x0000000000036040                simInterfaces
                0x0000000000036074                sensors
 .data          0x0000000000036084        0x0 build/cooja/mtype249.a(simEnvChange.o)
 .data          0x0000000000036084        0x0 build/cooja/mtype249.a(cooja_mt.o)
 .data          0x0000000000036084        0x0 build/cooja/mtype249.a(cooja_mtarch.o)
 .data          0x0000000000036084        0x0 build/cooja/mtype249.a(rtimer-arch.o)
 .data          0x0000000000036084        0x0 build/cooja/mtype249.a(beep.o)
 .data          0x0000000000036084        0x0 build/cooja/mtype249.a(leds-arch.o)
 .data          0x0000000000036084        0x0 build/cooja/mtype249.a(moteid.o)
 .data          0x0000000000036084        0x0 build/cooja/mtype249.a(pir-sensor.o)
 .data          0x0000000000036084        0x0 build/cooja/mtype249.a(rs232.o)
 .data          0x0000000000036084        0x0 build/cooja/mtype249.a(vib-sensor.o)
 .data          0x0000000000036084        0x0 build/cooja/mtype249.a(clock.o)
 .data          0x0000000000036084        0x0 build/cooja/mtype249.a(cooja-log.o)
 .data          0x0000000000036084        0x0 build/cooja/mtype249.a(cfs-cooja.o)
 .data          0x0000000000036084       0x2c build/cooja/mtype249.a(cooja-radio.o)
                0x0000000000036084                simRadioHWOn
                0x0000000000036088                simSignalStrength
                0x000000000003608c                simLastSignalStrength
                0x0000000000036090                simPower
                0x0000000000036094                simRadioChannel
                0x0000000000036098                simLQI
                0x00000000000360a0                cooja_radio_process
 .data          0x00000000000360b0        0x0 build/cooja/mtype249.a(eeprom.o)
 .data          0x00000000000360b0        0x0 build/cooja/mtype249.a(random.o)
 .data          0x00000000000360b0       0x10 build/cooja/mtype249.a(sensors.o)
                0x00000000000360b0                sensors_process
 .data          0x00000000000360c0        0x0 build/cooja/mtype249.a(leds.o)
 .data          0x00000000000360c0        0x0 build/cooja/mtype249.a(gpio-hal-arch.o)
 .data          0x00000000000360c0       0x78 build/cooja/mtype249.a(buttons.o)
                0x00000000000360c0                simButtonIsActive
                0x0000000000036130                button_hal_buttons
 *fill*         0x0000000000036138        0x8 
 .data          0x0000000000036140       0x44 build/cooja/mtype249.a(res-temp.o)
                0x0000000000036140                temp_value
                0x0000000000036144                threshold_temp
                0x0000000000036160                res_temp
 *fill*         0x0000000000036184       0x1c 
 .data          0x00000000000361a0       0x44 build/cooja/mtype249.a(res-sprinkler.o)
                0x00000000000361a0                is_on
                0x00000000000361c0                res_spri
 *fill*         0x00000000000361e4       0x1c 
 .data          0x0000000000036200       0x44 build/cooja/mtype249.a(res-hum.o)
                0x0000000000036200                hum_value
                0x0000000000036204                threshold_hum
                0x0000000000036220                res_hum
 .data          0x0000000000036244        0x8 build/cooja/mtype249.a(coap-engine.o)
 *fill*         0x000000000003624c       0x14 
 .data          0x0000000000036260       0x24 build/cooja/mtype249.a(coap-res-well-k)
                0x0000000000036260                res_well_known_core
 .data          0x0000000000036284       0x10 build/cooja/mtype249.a(coap-observe.o)
 .data          0x0000000000036294       0x10 build/cooja/mtype249.a(coap-uip.o)
                0x0000000000036294                coap_engine
 .data          0x00000000000362a4        0x4 build/cooja/mtype249.a(coap-timer.o)
 .data          0x00000000000362a8       0x10 build/cooja/mtype249.a(coap-transactio)
 .data          0x00000000000362b8        0x4 build/cooja/mtype249.a(coap.o)
                0x00000000000362b8                coap_error_message
 .data          0x00000000000362bc        0x0 build/cooja/mtype249.a(contiki-main.o)
 .data          0x00000000000362bc        0x0 build/cooja/mtype249.a(autostart.o)
 .data          0x00000000000362bc       0x14 build/cooja/mtype249.a(ctimer.o)
                0x00000000000362c0                ctimer_process
 *fill*         0x00000000000362d0       0x10 
 .data          0x00000000000362e0       0xbc build/cooja/mtype249.a(log.o)
                0x00000000000362e0                curr_log_level_main
                0x0000000000036300                all_modules
 .data          0x000000000003639c        0x0 build/cooja/mtype249.a(energest.o)
 .data          0x000000000003639c       0x10 build/cooja/mtype249.a(etimer.o)
                0x000000000003639c                etimer_process
 .data          0x00000000000363ac        0x0 build/cooja/mtype249.a(node-id.o)
 .data          0x00000000000363ac        0x0 build/cooja/mtype249.a(rtimer.o)
 .data          0x00000000000363ac        0x0 build/cooja/mtype249.a(process.o)
 .data          0x00000000000363ac        0x0 build/cooja/mtype249.a(timer.o)
 .data          0x00000000000363ac        0x0 build/cooja/mtype249.a(list.o)
 .data          0x00000000000363ac        0x0 build/cooja/mtype249.a(memb.o)
 .data          0x00000000000363ac       0x10 build/cooja/mtype249.a(button-hal.o)
                0x00000000000363ac                button_hal_process
 .data          0x00000000000363bc       0x10 build/cooja/mtype249.a(serial-line.o)
                0x00000000000363bc                serial_line_process
 .data          0x00000000000363cc        0x4 build/cooja/mtype249.a(gpio-hal.o)
 .data          0x00000000000363d0       0x18 build/cooja/mtype249.a(queuebuf.o)
 .data          0x00000000000363e8        0x4 build/cooja/mtype249.a(packetbuf.o)
 .data          0x00000000000363ec        0x4 build/cooja/mtype249.a(netstack.o)
 .data          0x00000000000363f0        0x0 build/cooja/mtype249.a(linkaddr.o)
 .data          0x00000000000363f0        0x0 build/cooja/mtype249.a(csma.o)
 .data          0x00000000000363f0       0x28 build/cooja/mtype249.a(csma-output.o)
 .data          0x0000000000036418        0x0 build/cooja/mtype249.a(uip-ds6.o)
 .data          0x0000000000036418        0x0 build/cooja/mtype249.a(uip-udp-packet.)
 .data          0x0000000000036418       0x10 build/cooja/mtype249.a(uip-ds6-route.o)
 .data          0x0000000000036428       0x10 build/cooja/mtype249.a(tcpip.o)
                0x0000000000036428                tcpip_process
 .data          0x0000000000036438        0x0 build/cooja/mtype249.a(uip6.o)
 .data          0x0000000000036438       0x14 build/cooja/mtype249.a(uip-ds6-nbr.o)
 .data          0x000000000003644c        0xc build/cooja/mtype249.a(uip-nd6.o)
 .data          0x0000000000036458        0x0 build/cooja/mtype249.a(sicslowpan.o)
 .data          0x0000000000036458        0x0 build/cooja/mtype249.a(uiplib.o)
 .data          0x0000000000036458        0x0 build/cooja/mtype249.a(rpl.o)
 .data          0x0000000000036458       0x30 build/cooja/mtype249.a(rpl-icmp6.o)
 .data          0x0000000000036488        0x0 build/cooja/mtype249.a(rpl-dag-root.o)
 .data          0x0000000000036488        0x0 build/cooja/mtype249.a(watchdog.o)
 .data          0x0000000000036488        0x0 build/cooja/mtype249.a(int-master.o)
 .data          0x0000000000036488       0x10 build/cooja/mtype249.a(coap-timer-defa)
                0x0000000000036488                coap_timer_process
 .data          0x0000000000036498        0x0 build/cooja/mtype249.a(stimer.o)
 .data          0x0000000000036498        0x0 build/cooja/mtype249.a(ringbuf.o)
 .data          0x0000000000036498        0x0 build/cooja/mtype249.a(assert.o)
 .data          0x0000000000036498       0x10 build/cooja/mtype249.a(nbr-table.o)
 .data          0x00000000000364a8       0x14 build/cooja/mtype249.a(link-stats.o)
 .data          0x00000000000364bc        0x0 build/cooja/mtype249.a(mac-sequence.o)
 .data          0x00000000000364bc        0x0 build/cooja/mtype249.a(mac.o)
 .data          0x00000000000364bc        0x0 build/cooja/mtype249.a(framer-802154.o)
 .data          0x00000000000364bc        0x2 build/cooja/mtype249.a(frame802154.o)
 .data          0x00000000000364be        0x0 build/cooja/mtype249.a(csma-security.o)
 .data          0x00000000000364be        0x0 build/cooja/mtype249.a(uipbuf.o)
 *fill*         0x00000000000364be        0x2 
 .data          0x00000000000364c0       0x20 build/cooja/mtype249.a(uip-icmp6.o)
 .data          0x00000000000364e0       0x10 build/cooja/mtype249.a(uip-sr.o)
 .data          0x00000000000364f0        0xc build/cooja/mtype249.a(uip-packetqueue)
 .data          0x00000000000364fc        0x0 build/cooja/mtype249.a(rpl-nbr-policy.)
 .data          0x00000000000364fc       0x14 build/cooja/mtype249.a(rpl-neighbor.o)
                0x000000000003650c                rpl_neighbors
 .data          0x0000000000036510        0x0 build/cooja/mtype249.a(rpl-dag.o)
 .data          0x0000000000036510        0x0 build/cooja/mtype249.a(rpl-timers.o)
 .data          0x0000000000036510        0x0 build/cooja/mtype249.a(rpl-ext-header.)
 *fill*         0x0000000000036510       0x10 
 .data          0x0000000000036520       0x24 build/cooja/mtype249.a(rpl-mrhof.o)
                0x0000000000036520                rpl_mrhof
 .data          0x0000000000036544        0x0 /usr/lib/gcc/i686-linux-gnu/5/libgcc.a(_udivdi3.o)
 .data          0x0000000000036544        0x0 /usr/lib/gcc/i686-linux-gnu/5/crtendS.o
 .data          0x0000000000036544        0x0 /usr/lib/gcc/i686-linux-gnu/5/../../../i386-linux-gnu/crtn.o

.tm_clone_table
                0x0000000000036544        0x0
 .tm_clone_table
                0x0000000000036544        0x0 /usr/lib/gcc/i686-linux-gnu/5/crtbeginS.o
 .tm_clone_table
                0x0000000000036544        0x0 /usr/lib/gcc/i686-linux-gnu/5/crtendS.o

.data1
 *(.data1)
                0x0000000000036544                _edata = .
                [!provide]                        PROVIDE (edata, .)
                0x0000000000036544                . = .
                0x0000000000036544                __bss_start = .

.bss            0x0000000000036560    0x13f44
 *(.dynbss)
 .dynbss        0x0000000000036560        0x0 /usr/lib/gcc/i686-linux-gnu/5/../../../i386-linux-gnu/crti.o
 *(.bss .bss.* .gnu.linkonce.b.*)
 .bss           0x0000000000036560        0x0 /usr/lib/gcc/i686-linux-gnu/5/../../../i386-linux-gnu/crti.o
 .bss           0x0000000000036560        0x1 /usr/lib/gcc/i686-linux-gnu/5/crtbeginS.o
 *fill*         0x0000000000036561       0x1f 
 .bss           0x0000000000036580       0xf0 coap_server_sprinkler.o
                0x0000000000036580                registered
 *fill*         0x0000000000036670       0x10 
 .bss           0x0000000000036680     0x2030 build/cooja/mtype249.o
 .bss           0x00000000000386b0        0x1 build/cooja/mtype249.a(simEnvChange.o)
                0x00000000000386b0                simDontFallAsleep
 *fill*         0x00000000000386b1        0x3 
 .bss           0x00000000000386b4        0x4 build/cooja/mtype249.a(cooja_mt.o)
 .bss           0x00000000000386b8        0x4 build/cooja/mtype249.a(cooja_mtarch.o)
 .bss           0x00000000000386bc        0x0 build/cooja/mtype249.a(rtimer-arch.o)
 .bss           0x00000000000386bc        0x0 build/cooja/mtype249.a(beep.o)
 .bss           0x00000000000386bc        0x1 build/cooja/mtype249.a(leds-arch.o)
                0x00000000000386bc                simLedsValue
 .bss           0x00000000000386bd        0x0 build/cooja/mtype249.a(moteid.o)
 .bss           0x00000000000386bd        0x1 build/cooja/mtype249.a(pir-sensor.o)
                0x00000000000386bd                simPirValue
 *fill*         0x00000000000386be        0x2 
 .bss           0x00000000000386c0        0x4 build/cooja/mtype249.a(rs232.o)
 .bss           0x00000000000386c4        0x1 build/cooja/mtype249.a(vib-sensor.o)
                0x00000000000386c4                simVibValue
 .bss           0x00000000000386c5        0x0 build/cooja/mtype249.a(clock.o)
 *fill*         0x00000000000386c5       0x1b 
 .bss           0x00000000000386e0     0x2020 build/cooja/mtype249.a(cooja-log.o)
 .bss           0x000000000003a700      0xfc0 build/cooja/mtype249.a(cfs-cooja.o)
                0x000000000003a700                simCFSData
                0x000000000003b6a0                simCFSSize
                0x000000000003b6a4                simCFSChanged
                0x000000000003b6a8                simCFSRead
                0x000000000003b6ac                simCFSWritten
 .bss           0x000000000003b6c0       0x24 build/cooja/mtype249.a(cooja-radio.o)
                0x000000000003b6c0                simReceiving
                0x000000000003b6c4                simInSize
                0x000000000003b6c8                simLastPacketTimestamp
                0x000000000003b6d0                simOutSize
 .bss           0x000000000003b6e4        0xc build/cooja/mtype249.a(eeprom.o)
                0x000000000003b6e4                simEEPROMChanged
                0x000000000003b6e8                simEEPROMRead
                0x000000000003b6ec                simEEPROMWritten
 .bss           0x000000000003b6f0        0x0 build/cooja/mtype249.a(random.o)
 .bss           0x000000000003b6f0        0xc build/cooja/mtype249.a(sensors.o)
 .bss           0x000000000003b6fc        0x0 build/cooja/mtype249.a(leds.o)
 .bss           0x000000000003b6fc       0x24 build/cooja/mtype249.a(gpio-hal-arch.o)
 .bss           0x000000000003b720        0x0 build/cooja/mtype249.a(buttons.o)
 .bss           0x000000000003b720        0x1 build/cooja/mtype249.a(res-temp.o)
                0x000000000003b720                ideal_temp
 *fill*         0x000000000003b721        0x3 
 .bss           0x000000000003b724        0x8 build/cooja/mtype249.a(res-sprinkler.o)
                0x000000000003b724                is_sprinkling
                0x000000000003b728                success
 .bss           0x000000000003b72c        0x1 build/cooja/mtype249.a(res-hum.o)
                0x000000000003b72c                ideal_hum
 *fill*         0x000000000003b72d       0x13 
 .bss           0x000000000003b740      0x190 build/cooja/mtype249.a(coap-engine.o)
 .bss           0x000000000003b8d0        0x0 build/cooja/mtype249.a(coap-res-well-k)
 *fill*         0x000000000003b8d0       0x10 
 .bss           0x000000000003b8e0      0x120 build/cooja/mtype249.a(coap-observe.o)
 .bss           0x000000000003ba00       0x18 build/cooja/mtype249.a(coap-uip.o)
 .bss           0x000000000003ba18        0x5 build/cooja/mtype249.a(coap-timer.o)
 *fill*         0x000000000003ba1d        0x3 
 .bss           0x000000000003ba20      0x334 build/cooja/mtype249.a(coap-transactio)
 .bss           0x000000000003bd54        0x6 build/cooja/mtype249.a(coap.o)
                0x000000000003bd54                coap_status_code
 .bss           0x000000000003bd5a        0x0 build/cooja/mtype249.a(contiki-main.o)
 .bss           0x000000000003bd5a        0x0 build/cooja/mtype249.a(autostart.o)
 *fill*         0x000000000003bd5a        0x2 
 .bss           0x000000000003bd5c        0x5 build/cooja/mtype249.a(ctimer.o)
 *fill*         0x000000000003bd61        0x3 
 .bss           0x000000000003bd64       0x2c build/cooja/mtype249.a(log.o)
                0x000000000003bd64                curr_log_level_rpl
                0x000000000003bd68                curr_log_level_tcpip
                0x000000000003bd6c                curr_log_level_ipv6
                0x000000000003bd70                curr_log_level_6lowpan
                0x000000000003bd74                curr_log_level_nullnet
                0x000000000003bd78                curr_log_level_mac
                0x000000000003bd7c                curr_log_level_framer
                0x000000000003bd80                curr_log_level_6top
                0x000000000003bd84                curr_log_level_coap
                0x000000000003bd88                curr_log_level_snmp
                0x000000000003bd8c                curr_log_level_lwm2m
 .bss           0x000000000003bd90        0x0 build/cooja/mtype249.a(energest.o)
 .bss           0x000000000003bd90        0x8 build/cooja/mtype249.a(etimer.o)
 .bss           0x000000000003bd98        0x2 build/cooja/mtype249.a(node-id.o)
                0x000000000003bd98                node_id
 *fill*         0x000000000003bd9a        0x2 
 .bss           0x000000000003bd9c        0x4 build/cooja/mtype249.a(rtimer.o)
 .bss           0x000000000003bda0      0x1a1 build/cooja/mtype249.a(process.o)
                0x000000000003bda0                process_list
                0x000000000003bda4                process_current
 .bss           0x000000000003bf41        0x0 build/cooja/mtype249.a(timer.o)
 .bss           0x000000000003bf41        0x0 build/cooja/mtype249.a(list.o)
 .bss           0x000000000003bf41        0x0 build/cooja/mtype249.a(memb.o)
 *fill*         0x000000000003bf41        0x3 
 .bss           0x000000000003bf44       0x10 build/cooja/mtype249.a(button-hal.o)
 *fill*         0x000000000003bf54        0xc 
 .bss           0x000000000003bf60      0x140 build/cooja/mtype249.a(serial-line.o)
 .bss           0x000000000003c0a0        0x4 build/cooja/mtype249.a(gpio-hal.o)
 *fill*         0x000000000003c0a4       0x1c 
 .bss           0x000000000003c0c0     0x2c80 build/cooja/mtype249.a(queuebuf.o)
 .bss           0x000000000003ed40       0xa0 build/cooja/mtype249.a(packetbuf.o)
 .bss           0x000000000003ede0        0x4 build/cooja/mtype249.a(netstack.o)
 .bss           0x000000000003ede4        0x0 build/cooja/mtype249.a(linkaddr.o)
 .bss           0x000000000003ede4        0x0 build/cooja/mtype249.a(csma.o)
 *fill*         0x000000000003ede4       0x1c 
 .bss           0x000000000003ee00      0x726 build/cooja/mtype249.a(csma-output.o)