Archive member included to satisfy reference by file (symbol)

build/cooja/mtype872.a(simEnvChange.o)
                              build/cooja/mtype872.o (simDontFallAsleep)
build/cooja/mtype872.a(cooja_mt.o)
                              build/cooja/mtype872.o (cooja_mt_start)
build/cooja/mtype872.a(cooja_mtarch.o)
                              build/cooja/mtype872.a(cooja_mt.o) (cooja_mtarch_start)
build/cooja/mtype872.a(rtimer-arch.o)
                              build/cooja/mtype872.o (rtimer_arch_check)
build/cooja/mtype872.a(beep.o)
                              build/cooja/mtype872.o (beep_interface)
build/cooja/mtype872.a(leds-arch.o)
                              build/cooja/mtype872.o (leds_interface)
build/cooja/mtype872.a(moteid.o)
                              build/cooja/mtype872.o (moteid_interface)
build/cooja/mtype872.a(pir-sensor.o)
                              build/cooja/mtype872.o (pir_interface)
build/cooja/mtype872.a(rs232.o)
                              build/cooja/mtype872.o (rs232_interface)
build/cooja/mtype872.a(vib-sensor.o)
                              build/cooja/mtype872.o (vib_interface)
build/cooja/mtype872.a(clock.o)
                              build/cooja/mtype872.o (clock_interface)
build/cooja/mtype872.a(cooja-log.o)
                              build/cooja/mtype872.o (simlog_interface)
build/cooja/mtype872.a(cfs-cooja.o)
                              build/cooja/mtype872.o (cfs_interface)
build/cooja/mtype872.a(cooja-radio.o)
                              build/cooja/mtype872.o (radio_interface)
build/cooja/mtype872.a(eeprom.o)
                              build/cooja/mtype872.o (eeprom_interface)
build/cooja/mtype872.a(random.o)
                              build/cooja/mtype872.a(moteid.o) (random_init)
build/cooja/mtype872.a(sensors.o)
                              build/cooja/mtype872.a(pir-sensor.o) (sensors_changed)
build/cooja/mtype872.a(leds.o)
                              coap_server_sprinkler.o (leds_set)
build/cooja/mtype872.a(gpio-hal-arch.o)
                              build/cooja/mtype872.a(leds-arch.o) (gpio_hal_arch_register_pin_callback)
build/cooja/mtype872.a(buttons.o)
                              build/cooja/mtype872.o (button_interface)
build/cooja/mtype872.a(res-temp.o)
                              coap_server_sprinkler.o (temp_value)
build/cooja/mtype872.a(res-sprinkler.o)
                              coap_server_sprinkler.o (is_on)
build/cooja/mtype872.a(res-hum.o)
                              coap_server_sprinkler.o (hum_value)
build/cooja/mtype872.a(coap-blocking-a)
                              coap_server_sprinkler.o (coap_blocking_request)
build/cooja/mtype872.a(coap-engine.o)
                              coap_server_sprinkler.o (coap_activate_resource)
build/cooja/mtype872.a(coap-res-well-k)
                              build/cooja/mtype872.a(coap-engine.o) (res_well_known_core)
build/cooja/mtype872.a(coap-observe.o)
                              build/cooja/mtype872.a(coap-engine.o) (coap_remove_observer_by_mid)
build/cooja/mtype872.a(coap-uip.o)
                              build/cooja/mtype872.a(coap-observe.o) (coap_endpoint_copy)
build/cooja/mtype872.a(coap-timer.o)
                              build/cooja/mtype872.a(coap-engine.o) (coap_timer_set)
build/cooja/mtype872.a(coap-transactio)
                              build/cooja/mtype872.a(coap-blocking-a) (coap_send_transaction)
build/cooja/mtype872.a(coap.o)
                              build/cooja/mtype872.a(coap-engine.o) (coap_status_code)
build/cooja/mtype872.a(contiki-main.o)
                              build/cooja/mtype872.o (main)
build/cooja/mtype872.a(autostart.o)
                              build/cooja/mtype872.a(contiki-main.o) (autostart_start)
build/cooja/mtype872.a(ctimer.o)
                              build/cooja/mtype872.a(contiki-main.o) (ctimer_init)
build/cooja/mtype872.a(log.o)
                              build/cooja/mtype872.a(contiki-main.o) (curr_log_level_main)
build/cooja/mtype872.a(energest.o)
                              build/cooja/mtype872.a(contiki-main.o) (energest_init)
build/cooja/mtype872.a(etimer.o)
                              build/cooja/mtype872.a(contiki-main.o) (etimer_process)
build/cooja/mtype872.a(node-id.o)
                              build/cooja/mtype872.a(contiki-main.o) (node_id)
build/cooja/mtype872.a(rtimer.o)
                              build/cooja/mtype872.a(contiki-main.o) (rtimer_init)
build/cooja/mtype872.a(process.o)
                              build/cooja/mtype872.a(coap-blocking-a) (process_current)
build/cooja/mtype872.a(timer.o)
                              build/cooja/mtype872.a(etimer.o) (timer_set)
build/cooja/mtype872.a(list.o)
                              build/cooja/mtype872.a(coap-engine.o) (list_init)
build/cooja/mtype872.a(memb.o)
                              build/cooja/mtype872.a(coap-observe.o) (memb_alloc)
build/cooja/mtype872.a(button-hal.o)
[...]
Memory Configuration

Name             Origin             Length             Attributes
*default*        0x0000000000000000 0xffffffffffffffff

Linker script and memory map

LOAD /usr/lib/gcc/i686-linux-gnu/5/../../../i386-linux-gnu/crti.o
LOAD /usr/lib/gcc/i686-linux-gnu/5/crtbeginS.o
LOAD coap_server_sprinkler.o
LOAD build/cooja/mtype872.o
LOAD build/cooja/mtype872.a
LOAD /usr/lib/gcc/i686-linux-gnu/5/libgcc.a
LOAD /usr/lib/gcc/i686-linux-gnu/5/libgcc_s.so
LOAD /usr/lib/gcc/i686-linux-gnu/5/../../../i386-linux-gnu/libc.so
START GROUP
LOAD /lib/i386-linux-gnu/libc.so.6
LOAD /usr/lib/i386-linux-gnu/libc_nonshared.a
LOAD /lib/i386-linux-gnu/ld-linux.so.2
END GROUP
LOAD /usr/lib/gcc/i686-linux-gnu/5/libgcc.a
LOAD /usr/lib/gcc/i686-linux-gnu/5/libgcc_s.so
LOAD /usr/lib/gcc/i686-linux-gnu/5/crtendS.o
LOAD /usr/lib/gcc/i686-linux-gnu/5/../../../i386-linux-gnu/crtn.o
                0x0000000000000114                . = (0x0 + SIZEOF_HEADERS)

.note.gnu.build-id
                0x0000000000000114       0x24
 *(.note.gnu.build-id)
 .note.gnu.build-id
                0x0000000000000114       0x24 /usr/lib/gcc/i686-linux-gnu/5/../../../i386-linux-gnu/crti.o

.hash
 *(.hash)

.gnu.hash       0x0000000000000138     0x15c4
 *(.gnu.hash)
 .gnu.hash      0x0000000000000138     0x15c4 /usr/lib/gcc/i686-linux-gnu/5/../../../i386-linux-gnu/crti.o

.dynsym         0x00000000000016fc     0x2fb0
 *(.dynsym)
 .dynsym        0x00000000000016fc     0x2fb0 /usr/lib/gcc/i686-linux-gnu/5/../../../i386-linux-gnu/crti.o

.dynstr         0x00000000000046ac     0x371f
 *(.dynstr)
 .dynstr        0x00000000000046ac     0x371f /usr/lib/gcc/i686-linux-gnu/5/../../../i386-linux-gnu/crti.o

.gnu.version    0x0000000000007dcc      0x5f6
 *(.gnu.version)
 .gnu.version   0x0000000000007dcc      0x5f6 /usr/lib/gcc/i686-linux-gnu/5/../../../i386-linux-gnu/crti.o

.gnu.version_d  0x00000000000083c4        0x0
 *(.gnu.version_d)
 .gnu.version_d
                0x00000000000083c4        0x0 /usr/lib/gcc/i686-linux-gnu/5/../../../i386-linux-gnu/crti.o

.gnu.version_r  0x00000000000083c4       0x40
 *(.gnu.version_r)
 .gnu.version_r
                0x00000000000083c4       0x40 /usr/lib/gcc/i686-linux-gnu/5/../../../i386-linux-gnu/crti.o

.rel.dyn        0x0000000000008404     0x9898
 *(.rel.init)
 .rel.init      0x0000000000008404        0x0 /usr/lib/gcc/i686-linux-gnu/5/../../../i386-linux-gnu/crti.o
 *(.rel.text .rel.text.* .rel.gnu.linkonce.t.*)
 .rel.text      0x0000000000008404     0x8e80 /usr/lib/gcc/i686-linux-gnu/5/../../../i386-linux-gnu/crti.o
 *(.rel.fini)
 .rel.fini      0x0000000000011284        0x0 /usr/lib/gcc/i686-linux-gnu/5/../../../i386-linux-gnu/crti.o
 *(.rel.rodata .rel.rodata.* .rel.gnu.linkonce.r.*)
 .rel.rodata    0x0000000000011284      0x588 /usr/lib/gcc/i686-linux-gnu/5/../../../i386-linux-gnu/crti.o
 *(.rel.data.rel.ro .rel.data.rel.ro.* .rel.gnu.linkonce.d.rel.ro.*)
 *(.rel.data .rel.data.* .rel.gnu.linkonce.d.*)
 .rel.data.rel.local
                0x000000000001180c        0x8 /usr/lib/gcc/i686-linux-gnu/5/../../../i386-linux-gnu/crti.o
 .rel.data      0x0000000000011814      0x450 /usr/lib/gcc/i686-linux-gnu/5/../../../i386-linux-gnu/crti.o
 *(.rel.tdata .rel.tdata.* .rel.gnu.linkonce.td.*)
 *(.rel.tbss .rel.tbss.* .rel.gnu.linkonce.tb.*)
 *(.rel.ctors)
 *(.rel.dtors)
 *(.rel.got)
 .rel.got       0x0000000000011c64       0x28 /usr/lib/gcc/i686-linux-gnu/5/../../../i386-linux-gnu/crti.o
 *(.rel.bss .rel.bss.* .rel.gnu.linkonce.b.*)
 *(.rel.ifunc)
 .rel.ifunc     0x0000000000011c8c        0x0 /usr/lib/gcc/i686-linux-gnu/5/../../../i386-linux-gnu/crti.o
 .rel.fini_array
                0x0000000000011c8c        0x8 /usr/lib/gcc/i686-linux-gnu/5/../../../i386-linux-gnu/crti.o
 .rel.init_array
                0x0000000000011c94        0x8 /usr/lib/gcc/i686-linux-gnu/5/../../../i386-linux-gnu/crti.o

.rel.plt        0x0000000000011c9c        0x0
 *(.rel.plt)
 .rel.plt       0x0000000000011c9c        0x0 /usr/lib/gcc/i686-linux-gnu/5/../../../i386-linux-gnu/crti.o
 *(.rel.iplt)

.init           0x0000000000011c9c       0x23
 *(SORT(.init))
 .init          0x0000000000011c9c       0x1e /usr/lib/gcc/i686-linux-gnu/5/../../../i386-linux-gnu/crti.o
                0x0000000000011c9c                _init
 .init          0x0000000000011cba        0x5 /usr/lib/gcc/i686-linux-gnu/5/../../../i386-linux-gnu/crtn.o

.plt            0x0000000000011cc0       0x10
 *(.plt)
 .plt           0x0000000000011cc0       0x10 /usr/lib/gcc/i686-linux-gnu/5/../../../i386-linux-gnu/crti.o
 *(.iplt)

.plt.got        0x0000000000011cd0       0x10
 *(.plt.got)
 .plt.got       0x0000000000011cd0       0x10 /usr/lib/gcc/i686-linux-gnu/5/../../../i386-linux-gnu/crti.o

.text           0x0000000000011ce0    0x19152
 *(.text.unlikely .text.*_unlikely .text.unlikely.*)
 .text.unlikely
                0x0000000000011ce0        0x0 /usr/lib/gcc/i686-linux-gnu/5/crtbeginS.o
 .text.unlikely
                0x0000000000011ce0        0x0 /usr/lib/gcc/i686-linux-gnu/5/libgcc.a(_udivdi3.o)
 *(.text.exit .text.exit.*)
 *(.text.startup .text.startup.*)
 *(.text.hot .text.hot.*)
 *(.text .stub .text.* .gnu.linkonce.t.*)
 .text          0x0000000000011ce0        0x0 /usr/lib/gcc/i686-linux-gnu/5/../../../i386-linux-gnu/crti.o
 .gnu.linkonce.t.__x86.get_pc_thunk.bx
                0x0000000000011ce0        0x4 /usr/lib/gcc/i686-linux-gnu/5/../../../i386-linux-gnu/crti.o
                0x0000000000011ce0                __x86.get_pc_thunk.bx
 *fill*         0x0000000000011ce4        0xc 
 .text          0x0000000000011cf0      0x11c /usr/lib/gcc/i686-linux-gnu/5/crtbeginS.o
 .text.__x86.get_pc_thunk.dx
                0x0000000000011e0c        0x4 /usr/lib/gcc/i686-linux-gnu/5/crtbeginS.o
                0x0000000000011e0c                __x86.get_pc_thunk.dx
 .text          0x0000000000011e10      0x426 coap_server_sprinkler.o
                0x0000000000011e10                client_chunk_handler
 .text          0x0000000000012236      0x283 build/cooja/mtype872.o
                0x00000000000122c8                platform_init_stage_one
                0x00000000000122db                platform_init_stage_two
                0x00000000000122ee                platform_init_stage_three
                0x0000000000012301                platform_main_loop
                0x0000000000012374                Java_org_contikios_cooja_corecomm_Lib16_init
                0x00000000000123ab                Java_org_contikios_cooja_corecomm_Lib16_getMemory
                0x00000000000123de                Java_org_contikios_cooja_corecomm_Lib16_setMemory
                0x000000000001243e                Java_org_contikios_cooja_corecomm_Lib16_tick
                0x00000000000124a6                Java_org_contikios_cooja_corecomm_Lib16_setReferenceAddress
 .text          0x00000000000124b9       0x65 build/cooja/mtype872.a(simEnvChange.o)
                0x00000000000124b9                doActionsBeforeTick
                0x00000000000124eb                doActionsAfterTick
 .text          0x000000000001251e       0x83 build/cooja/mtype872.a(cooja_mt.o)
                0x000000000001251e                cooja_mt_start
                0x0000000000012548                cooja_mt_exec
                0x000000000001257e                cooja_mt_yield
 .text          0x00000000000125a1       0xbe build/cooja/mtype872.a(cooja_mtarch.o)
                0x00000000000125a1                cooja_mtarch_start
                0x0000000000012614                cooja_sw
                0x0000000000012637                cooja_mtarch_exec
                0x0000000000012654                cooja_mtarch_yield
 .text          0x000000000001265f       0xc5 build/cooja/mtype872.a(rtimer-arch.o)
                0x000000000001265f                rtimer_arch_init
                0x0000000000012683                rtimer_arch_schedule
                0x00000000000126b3                rtimer_arch_next
                0x00000000000126c3                rtimer_arch_pending
                0x00000000000126cd                rtimer_arch_check
                0x0000000000012714                rtimer_arch_now
 .text          0x0000000000012724       0x81 build/cooja/mtype872.a(beep.o)
                0x0000000000012724                beep_alarm
                0x0000000000012731                beep_beep
                0x000000000001273e                beep
                0x000000000001274b                beep_down
                0x0000000000012758                beep_on
                0x0000000000012765                beep_off
                0x0000000000012772                beep_spinup
                0x000000000001277f                beep_quick
                0x000000000001278c                beep_long
 .text          0x00000000000127a5       0x65 build/cooja/mtype872.a(leds-arch.o)
                0x00000000000127b8                leds_arch_init
 .text          0x000000000001280a       0x35 build/cooja/mtype872.a(moteid.o)
 .text          0x000000000001283f       0xb7 build/cooja/mtype872.a(pir-sensor.o)
 .text          0x00000000000128f6      0x148 build/cooja/mtype872.a(rs232.o)
                0x00000000000128f6                rs232_init
                0x00000000000128fc                rs232_set_speed
                0x000000000001290b                rs232_set_input
                0x0000000000012919                rs232_send
                0x000000000001293d                rs232_print
                0x0000000000012959                slip_arch_writeb
 .text          0x0000000000012a3e       0xb7 build/cooja/mtype872.a(vib-sensor.o)
 .text          0x0000000000012af5       0x38 build/cooja/mtype872.a(clock.o)
                0x0000000000012af5                clock_init
                0x0000000000012afb                clock_time
                0x0000000000012b05                clock_seconds
                0x0000000000012b1b                clock_delay
 .text          0x0000000000012b2d      0x219 build/cooja/mtype872.a(cooja-log.o)
                0x0000000000012b2d                simlog_char
                0x0000000000012b70                simlog
                0x0000000000012be6                log_message
                0x0000000000012c17                log_set_putchar_with_slip
                0x0000000000012c25                log_putchar
                0x0000000000012ca0                log_puts
                0x0000000000012cc8                log_printf
 .text          0x0000000000012d46      0x2b9 build/cooja/mtype872.a(cfs-cooja.o)
                0x0000000000012d46                cfs_open
                0x0000000000012daf                cfs_close
                0x0000000000012dbc                cfs_read
                0x0000000000012e51                cfs_write
                0x0000000000012f2d                cfs_seek
                0x0000000000012fb5                cfs_remove
                0x0000000000012fd9                cfs_opendir
                0x0000000000012fe3                cfs_readdir
                0x0000000000012fed                cfs_closedir
 .text          0x0000000000012fff      0x620 build/cooja/mtype872.a(cooja-radio.o)
                0x0000000000013041                radio_set_channel
                0x000000000001304f                radio_set_txpower
                0x0000000000013067                radio_signal_strength_last
                0x0000000000013071                radio_signal_strength_current
                0x000000000001307b                radio_LQI
 .text          0x000000000001361f       0xee build/cooja/mtype872.a(eeprom.o)
                0x000000000001361f                eeprom_init
                0x0000000000013625                eeprom_read
                0x0000000000013693                eeprom_write
 .text          0x000000000001370d       0x2d build/cooja/mtype872.a(random.o)
                0x000000000001370d                random_init
                0x000000000001372d                random_rand
 .text          0x000000000001373a      0x29c build/cooja/mtype872.a(sensors.o)
                0x0000000000013775                sensors_first
                0x000000000001377f                sensors_next
                0x0000000000013799                sensors_changed
                0x00000000000137cd                sensors_find
 .text          0x00000000000139d6      0x349 build/cooja/mtype872.a(leds.o)
                0x00000000000139d6                leds_init
                0x0000000000013a1d                leds_single_on
                0x0000000000013a7c                leds_single_off
                0x0000000000013adb                leds_single_toggle
                0x0000000000013b0d                leds_on
                0x0000000000013b8f                leds_off
                0x0000000000013c11                leds_toggle
                0x0000000000013c66                leds_set
                0x0000000000013c92                leds_get
 .text          0x0000000000013d1f      0x343 build/cooja/mtype872.a(gpio-hal-arch.o)
                0x0000000000013d1f                gpio_hal_arch_register_pin_callback
                0x0000000000013d8b                gpio_hal_arch_init
                0x0000000000013dd0                gpio_hal_arch_no_port_interrupt_enable
                0x0000000000013e00                gpio_hal_arch_no_port_interrupt_disable
                0x0000000000013e30                gpio_hal_arch_no_port_pin_cfg_set
                0x0000000000013e55                gpio_hal_arch_no_port_pin_cfg_get
                0x0000000000013e7b                gpio_hal_arch_no_port_pin_set_input
                0x0000000000013e8d                gpio_hal_arch_no_port_pin_set_output
                0x0000000000013e9f                gpio_hal_arch_no_port_set_pin
                0x0000000000013ec0                gpio_hal_arch_no_port_clear_pin
                0x0000000000013ee1                gpio_hal_arch_no_port_read_pin
                0x0000000000013f07                gpio_hal_arch_no_port_write_pin
                0x0000000000013f31                gpio_hal_arch_no_port_set_pins
                0x0000000000013f78                gpio_hal_arch_no_port_clear_pins
                0x0000000000013fbf                gpio_hal_arch_no_port_read_pins
                0x0000000000014002                gpio_hal_arch_no_port_write_pins
 .text          0x0000000000014062       0x89 build/cooja/mtype872.a(buttons.o)
 .text          0x00000000000140eb      0x3e7 build/cooja/mtype872.a(res-temp.o)
 .text          0x00000000000144d2      0x457 build/cooja/mtype872.a(res-sprinkler.o)
 .text          0x0000000000014929      0x42c build/cooja/mtype872.a(res-hum.o)
 .text          0x0000000000014d55      0x27b build/cooja/mtype872.a(coap-blocking-a)
                0x0000000000014d55                coap_blocking_request_callback
                0x0000000000014d7f                coap_blocking_request
 .text          0x0000000000014fd0      0xbea build/cooja/mtype872.a(coap-engine.o)
                0x0000000000015065                coap_add_handler
                0x0000000000015082                coap_remove_handler
                0x000000000001509f                coap_call_handlers
                0x00000000000151a7                coap_receive
                0x00000000000157a2                coap_engine_init
                0x0000000000015800                coap_activate_resource
                0x00000000000158ab                coap_get_first_resource
                0x00000000000158c4                coap_get_next_resource
 .text          0x0000000000015bba      0x2d9 build/cooja/mtype872.a(coap-res-well-k)
 .text          0x0000000000015e93      0x96a build/cooja/mtype872.a(coap-observe.o)
                0x0000000000015fa8                coap_remove_observer
                0x0000000000015fd8                coap_remove_observer_by_client
                0x0000000000016040                coap_remove_observer_by_token
                0x00000000000160d3                coap_remove_observer_by_uri
                0x000000000001617a                coap_remove_observer_by_mid
                0x00000000000161f6                coap_notify_observers
                0x000000000001620f                coap_notify_observers_sub
                0x0000000000016679                coap_observe_handler
                0x0000000000016794                coap_has_observers
 .text          0x00000000000167fd      0x733 build/cooja/mtype872.a(coap-uip.o)
                0x00000000000167fd                coap_endpoint_log
                0x0000000000016883                coap_endpoint_print
                0x0000000000016909                coap_endpoint_snprint
                0x0000000000016a3c                coap_endpoint_copy
                0x0000000000016a79                coap_endpoint_cmp
                0x0000000000016b87                coap_endpoint_parse
                0x0000000000016d72                coap_endpoint_is_secure
                0x0000000000016d81                coap_endpoint_is_connected
                0x0000000000016db5                coap_endpoint_connect
                0x0000000000016dd1                coap_endpoint_disconnect
                0x0000000000016dd7                coap_databuf
                0x0000000000016de1                coap_transport_init
                0x0000000000016e31                coap_sendto
 .text          0x0000000000016f30      0x324 build/cooja/mtype872.a(coap-timer.o)
                0x000000000001702d                coap_timer_stop
                0x0000000000017058                coap_timer_set
                0x000000000001709b                coap_timer_reset
                0x00000000000170de                coap_timer_time_to_next_expiration
                0x000000000001714a                coap_timer_run
                0x0000000000017216                coap_timer_init
 .text          0x0000000000017254      0x2c6 build/cooja/mtype872.a(coap-transactio)
                0x00000000000172ba                coap_new_transaction
                0x0000000000017320                coap_send_transaction
                0x0000000000017481                coap_clear_transaction
                0x00000000000174c9                coap_get_transaction_by_mid
 .text          0x000000000001751a     0x1c53 build/cooja/mtype872.a(coap.o)
                0x0000000000017a87                coap_init_connection
                0x0000000000017a9b                coap_get_mid
                0x0000000000017ab7                coap_init_message
                0x0000000000017b00                coap_serialize_message
                0x0000000000018182                coap_parse_message
                0x00000000000187e9                coap_get_query_variable
                0x000000000001882b                coap_get_post_variable
                0x000000000001886f                coap_set_status_code
                0x0000000000018894                coap_set_token
                0x00000000000188db                coap_get_header_content_format
                0x000000000001890c                coap_set_header_content_format
                0x000000000001892f                coap_get_header_accept
                0x0000000000018960                coap_set_header_accept
                0x0000000000018983                coap_get_header_max_age
                0x00000000000189b4                coap_set_header_max_age
                0x00000000000189d4                coap_get_header_etag
                0x0000000000018a06                coap_set_header_etag
                0x0000000000018a5d                coap_get_header_if_match
                0x0000000000018a8f                coap_set_header_if_match
                0x0000000000018ae6                coap_get_header_if_none_match
                0x0000000000018b00                coap_set_header_if_none_match
                0x0000000000018b17                coap_get_header_proxy_uri
                0x0000000000018b45                coap_set_header_proxy_uri
                0x0000000000018b82                coap_get_header_uri_host
                0x0000000000018bb0                coap_set_header_uri_host
                0x0000000000018bed                coap_get_header_uri_path
                0x0000000000018c1b                coap_set_header_uri_path
                0x0000000000018c68                coap_get_header_uri_query
                0x0000000000018c9c                coap_set_header_uri_query
                0x0000000000018cf2                coap_get_header_location_path
                0x0000000000018d20                coap_set_header_location_path
                0x0000000000018db9                coap_get_header_location_query
                0x0000000000018de7                coap_set_header_location_query
                0x0000000000018e34                coap_get_header_observe
                0x0000000000018e63                coap_set_header_observe
                0x0000000000018e83                coap_get_header_block2
                0x0000000000018eef                coap_set_header_block2
                0x0000000000018f66                coap_get_header_block1
                0x0000000000018fdb                coap_set_header_block1
                0x0000000000019056                coap_get_header_size2
                0x0000000000019086                coap_set_header_size2
                0x00000000000190a9                coap_get_header_size1
                0x00000000000190d9                coap_set_header_size1
                0x00000000000190fc                coap_get_payload
                0x0000000000019136                coap_set_payload
 .text          0x000000000001916d      0x332 build/cooja/mtype872.a(contiki-main.o)
                0x000000000001916d                main
 .text          0x000000000001949f       0x92 build/cooja/mtype872.a(autostart.o)
                0x000000000001949f                autostart_start
                0x00000000000194e9                autostart_exit
 .text          0x0000000000019531      0x355 build/cooja/mtype872.a(ctimer.o)
                0x0000000000019659                ctimer_init
                0x000000000001968c                ctimer_set
                0x00000000000196b2                ctimer_set_with_process
                0x000000000001972f                ctimer_reset
                0x0000000000019783                ctimer_restart
                0x00000000000197d7                ctimer_stop
                0x0000000000019827                ctimer_expired
 .text          0x0000000000019886      0x394 build/cooja/mtype872.a(log.o)
                0x0000000000019886                log_6addr
                0x00000000000198d9                log_6addr_compact_snprint
                0x0000000000019977                log_6addr_compact
                0x00000000000199ca                log_lladdr
                0x0000000000019a3c                log_lladdr_compact
                0x0000000000019aa4                log_set_level
                0x0000000000019b5f                log_get_level
                0x0000000000019bd8                log_level_to_str
 .text          0x0000000000019c1a       0x1b build/cooja/mtype872.a(energest.o)
                0x0000000000019c1a                energest_init
                0x0000000000019c20                energest_flush
                0x0000000000019c26                energest_get_total_time
 .text          0x0000000000019c35      0x43f build/cooja/mtype872.a(etimer.o)
                0x0000000000019e59                etimer_request_poll
                0x0000000000019ee2                etimer_set
                0x0000000000019f0b                etimer_reset_with_new_interval
                0x0000000000019f3a                etimer_reset
                0x0000000000019f60                etimer_restart
                0x0000000000019f86                etimer_adjust
                0x0000000000019fa3                etimer_expired
                0x0000000000019fb6                etimer_expiration_time
                0x0000000000019fc8                etimer_start_time
                0x0000000000019fd2                etimer_pending
                0x0000000000019fe4                etimer_next_expiration_time
                0x0000000000019ffe                etimer_stop
 .text          0x000000000001a074       0x25 build/cooja/mtype872.a(node-id.o)
                0x000000000001a074                node_id_init
 .text          0x000000000001a099       0xeb build/cooja/mtype872.a(rtimer.o)
                0x000000000001a099                rtimer_init
                0x000000000001a0a7                rtimer_set
                0x000000000001a122                rtimer_run_next
 .text          0x000000000001a184      0x4fb build/cooja/mtype872.a(process.o)
                0x000000000001a184                process_alloc_event
                0x000000000001a199                process_start
                0x000000000001a373                process_exit
                0x000000000001a390                process_init
                0x000000000001a525                process_run
                0x000000000001a558                process_nevents
                0x000000000001a573                process_post
                0x000000000001a606                process_post_synch
                0x000000000001a63b                process_poll
                0x000000000001a66b                process_is_running
 .text          0x000000000001a67f       0xb1 build/cooja/mtype872.a(timer.o)
                0x000000000001a67f                timer_set
                0x000000000001a69d                timer_reset
                0x000000000001a6ca                timer_restart
                0x000000000001a6df                timer_expired
                0x000000000001a70c                timer_remaining
 .text          0x000000000001a730      0x28f build/cooja/mtype872.a(list.o)
                0x000000000001a730                list_init
                0x000000000001a73f                list_head
                0x000000000001a749                list_copy
                0x000000000001a759                list_tail
                0x000000000001a78f                list_add
                0x000000000001a7db                list_push
                0x000000000001a807                list_chop
                0x000000000001a871                list_pop
                0x000000000001a899                list_remove
                0x000000000001a901                list_length
                0x000000000001a92f                list_insert
                0x000000000001a974                list_item_next
                0x000000000001a98b                list_contains
 .text          0x000000000001a9bf      0x1b5 build/cooja/mtype872.a(memb.o)
                0x000000000001a9bf                memb_init
                0x000000000001aa14                memb_alloc
                0x000000000001aa77                memb_free
                0x000000000001aaee                memb_inmemb
                0x000000000001ab2d                memb_numfree
 .text          0x000000000001ab74      0x41c build/cooja/mtype872.a(button-hal.o)
                0x000000000001aced                button_hal_get_by_id
                0x000000000001ad2b                button_hal_get_by_index
                0x000000000001ad57                button_hal_get_state
                0x000000000001ada9                button_hal_init
 .text          0x000000000001af90      0x1f3 build/cooja/mtype872.a(serial-line.o)
                0x000000000001af90                serial_line_input_byte
                0x000000000001b14e                serial_line_init
 .text          0x000000000001b183      0x168 build/cooja/mtype872.a(gpio-hal.o)
                0x000000000001b183                gpio_hal_register_handler
                0x000000000001b1a0                gpio_hal_event_handler
                0x000000000001b1fc                gpio_hal_init
                0x000000000001b21b                gpio_hal_arch_port_toggle_pin
                0x000000000001b257                gpio_hal_arch_port_toggle_pins
                0x000000000001b285                gpio_hal_arch_no_port_toggle_pin
                0x000000000001b2c3                gpio_hal_arch_no_port_toggle_pins
 .text          0x000000000001b2eb      0x2e7 build/cooja/mtype872.a(queuebuf.o)
                0x000000000001b2f5                queuebuf_init
                0x000000000001b31e                queuebuf_numfree
                0x000000000001b336                queuebuf_new_from_packetbuf
                0x000000000001b3d5                queuebuf_update_attr_from_packetbuf
                0x000000000001b40a                queuebuf_update_from_packetbuf
                0x000000000001b45a                queuebuf_free
                0x000000000001b4a3                queuebuf_to_packetbuf
                0x000000000001b50f                queuebuf_dataptr
                0x000000000001b549                queuebuf_datalen
                0x000000000001b56c                queuebuf_addr
                0x000000000001b5a1                queuebuf_attr
                0x000000000001b5cc                queuebuf_debug_print
 .text          0x000000000001b5d2      0x407 build/cooja/mtype872.a(packetbuf.o)
                0x000000000001b5d2                packetbuf_clear
                0x000000000001b5fd                packetbuf_copyfrom
                0x000000000001b64c                packetbuf_copyto
                0x000000000001b6df                packetbuf_hdralloc
                0x000000000001b75b                packetbuf_hdrreduce
                0x000000000001b7a1                packetbuf_set_datalen
                0x000000000001b7bb                packetbuf_dataptr
                0x000000000001b7d8                packetbuf_hdrptr
                0x000000000001b7e2                packetbuf_datalen
                0x000000000001b7ee                packetbuf_hdrlen
                0x000000000001b805                packetbuf_totlen
                0x000000000001b81b                packetbuf_remaininglen
                0x000000000001b82e                packetbuf_attr_clear
                0x000000000001b87a                packetbuf_attr_copyto
                0x000000000001b8d2                packetbuf_attr_copyfrom
                0x000000000001b92a                packetbuf_set_attr
                0x000000000001b954                packetbuf_attr
                0x000000000001b96e                packetbuf_set_addr
                0x000000000001b99f                packetbuf_addr
                0x000000000001b9bc                packetbuf_holds_broadcast
 .text          0x000000000001b9d9       0xef build/cooja/mtype872.a(netstack.o)
                0x000000000001b9d9                netstack_process_ip_callback
                0x000000000001ba6a                netstack_ip_packet_processor_add
                0x000000000001ba8d                uip_ds6_ip_packet_processor_rm
                0x000000000001baaa                netstack_init
 .text          0x000000000001bac8       0x4f build/cooja/mtype872.a(linkaddr.o)
                0x000000000001bac8                linkaddr_copy
                0x000000000001bade                linkaddr_cmp
                0x000000000001bb01                linkaddr_set_node_addr
 .text          0x000000000001bb17      0x1f6 build/cooja/mtype872.a(csma.o)
 .text          0x000000000001bd0d      0x95d build/cooja/mtype872.a(csma-output.o)
                0x000000000001c3a4                csma_output_packet
                0x000000000001c631                csma_output_init
 .text          0x000000000001c66a      0xc11 build/cooja/mtype872.a(uip-ds6.o)
                0x000000000001c66a                uip_ds6_default_prefix
                0x000000000001c674                uip_ds6_set_default_prefix
                0x000000000001c69f                uip_ds6_init
                0x000000000001c901                uip_ds6_periodic
                0x000000000001c988                uip_ds6_list_loop
                0x000000000001ca48                uip_ds6_prefix_add
                0x000000000001caf4                uip_ds6_prefix_rm
                0x000000000001cb07                uip_ds6_prefix_lookup
                0x000000000001cb46                uip_ds6_is_addr_onlink
                0x000000000001cbb9                uip_ds6_addr_add
                0x000000000001ccd9                uip_ds6_addr_rm
                0x000000000001cd82                uip_ds6_addr_lookup
                0x000000000001cdbb                uip_ds6_get_link_local
                0x000000000001ce3c                uip_ds6_get_global
                0x000000000001cebd                uip_ds6_maddr_add
                0x000000000001cf1d                uip_ds6_maddr_rm
                0x000000000001cf30                uip_ds6_maddr_lookup
                0x000000000001cf69                uip_ds6_aaddr_add
                0x000000000001cfc9                uip_ds6_aaddr_rm
                0x000000000001cfdc                uip_ds6_aaddr_lookup
                0x000000000001d015                uip_ds6_select_src
                0x000000000001d15e                uip_ds6_set_addr_iid
                0x000000000001d189                uip_ds6_set_lladdr_from_iid
                0x000000000001d1b2                get_match_length
                0x000000000001d243                uip_ds6_compute_reachable_time
 .text          0x000000000001d27b      0x128 build/cooja/mtype872.a(uip-udp-packet.)
                0x000000000001d27b                uip_udp_packet_send
                0x000000000001d2d6                uip_udp_packet_sendto
 .text          0x000000000001d3a3      0x35b build/cooja/mtype872.a(uip-ds6-route.o)
                0x000000000001d3f4                uip_ds6_route_init
                0x000000000001d41e                uip_ds6_route_nexthop
                0x000000000001d428                uip_ds6_route_head
                0x000000000001d432                uip_ds6_route_next
                0x000000000001d43c                uip_ds6_route_is_nexthop
                0x000000000001d446                uip_ds6_route_num_routes
                0x000000000001d450                uip_ds6_route_lookup
                0x000000000001d45a                uip_ds6_route_add
                0x000000000001d46d                uip_ds6_route_rm
                0x000000000001d473                uip_ds6_route_rm_by_nexthop
                0x000000000001d479                uip_ds6_defrt_head
                0x000000000001d492                uip_ds6_defrt_add
                0x000000000001d540                uip_ds6_defrt_rm
                0x000000000001d5a6                uip_ds6_defrt_lookup
                0x000000000001d60d                uip_ds6_defrt_choose
                0x000000000001d683                uip_ds6_defrt_periodic
 .text          0x000000000001d6fe      0x6f7 build/cooja/mtype872.a(tcpip.o)
                0x000000000001d718                tcpip_output
                0x000000000001d797                udp_attach
                0x000000000001d7af                udp_new
                0x000000000001d7f9                udp_broadcast_new
                0x000000000001d96b                tcpip_input
                0x000000000001dafb                tcpip_ipv6_output
                0x000000000001dcef                tcpip_poll_udp
                0x000000000001dd0d                tcpip_uipcall
 .text          0x000000000001ddf5     0x1205 build/cooja/mtype872.a(uip6.o)
                0x000000000001dea4                uip_chksum
                0x000000000001df7b                uip_icmp6chksum
                0x000000000001df90                uip_udpchksum
                0x000000000001dfa5                uip_init
                0x000000000001dfee                uip_remove_ext_hdr
                0x000000000001e0c8                uip_udp_new
                0x000000000001e3dc                uip_process
                0x000000000001eed4                uip_htons
                0x000000000001eef6                uip_htonl
                0x000000000001ef34                uip_send
 .text          0x000000000001effa      0x369 build/cooja/mtype872.a(uip-ds6-nbr.o)
                0x000000000001effa                uip_ds6_neighbors_init
                0x000000000001f01e                uip_ds6_nbr_add
                0x000000000001f0a4                uip_ds6_nbr_rm
                0x000000000001f0ef                uip_ds6_nbr_update_ll
                0x000000000001f1dd                uip_ds6_nbr_get_ipaddr
                0x000000000001f1f2                uip_ds6_nbr_get_ll
                0x000000000001f20e                uip_ds6_nbr_num
                0x000000000001f257                uip_ds6_nbr_head
                0x000000000001f270                uip_ds6_nbr_next
                0x000000000001f28c                uip_ds6_nbr_lookup
                0x000000000001f2e4                uip_ds6_nbr_ll_lookup
                0x000000000001f300                uip_ds6_nbr_ipaddr_from_lladdr
                0x000000000001f329                uip_ds6_nbr_lladdr_from_ipaddr
                0x000000000001f35d                uip_ds6_link_callback
 .text          0x000000000001f363      0x6a7 build/cooja/mtype872.a(uip-nd6.o)
                0x000000000001f9f1                uip_nd6_init
 .text          0x000000000001fa0a     0x2c17 build/cooja/mtype872.a(sicslowpan.o)
                0x0000000000020011                netstack_sniffer_add
                0x000000000002001f                netstack_sniffer_remove
                0x00000000000225f5                sicslowpan_init
                0x0000000000022617                sicslowpan_get_last_rssi
 .text          0x0000000000022621      0x4d1 build/cooja/mtype872.a(uiplib.o)
                0x0000000000022621                uiplib_ip6addrconv
                0x00000000000227d9                uiplib_ip4addrconv
                0x000000000002289c                uiplib_ipaddr_print
                0x00000000000228ef                uiplib_ipaddr_snprint
 .text          0x0000000000022af2      0x4c9 build/cooja/mtype872.a(rpl.o)
                0x0000000000022af2                rpl_lollipop_greater_than
                0x0000000000022b4c                rpl_get_global_address
                0x0000000000022c44                rpl_link_callback
                0x0000000000022c88                rpl_has_joined
                0x0000000000022cad                rpl_is_reachable
                0x0000000000022d2e                rpl_reset_prefix
                0x0000000000022d98                rpl_set_prefix_from_addr
                0x0000000000022e7d                rpl_set_prefix
                0x0000000000022f97                rpl_set_leaf_only
                0x0000000000022faf                rpl_get_leaf_only
 .text          0x0000000000022fbb     0x138c build/cooja/mtype872.a(rpl-icmp6.o)
                0x00000000000230e0                rpl_icmp6_update_nbr_table
                0x0000000000023169                rpl_icmp6_dis_output
                0x00000000000237af                rpl_icmp6_dio_output
                0x0000000000023fad                rpl_icmp6_dao_output
                0x000000000002428e                rpl_icmp6_dao_ack_output
                0x00000000000242fe                rpl_icmp6_init
 .text          0x0000000000024347      0x264 build/cooja/mtype872.a(rpl-dag-root.o)
                0x0000000000024347                rpl_dag_root_print_links
                0x0000000000024473                rpl_dag_root_set_prefix
                0x000000000002449f                rpl_dag_root_start
                0x000000000002457c                rpl_dag_root_is_root
 .text          0x00000000000245ab       0x30 build/cooja/mtype872.a(watchdog.o)
                0x00000000000245ab                watchdog_init
                0x00000000000245b1                watchdog_start
                0x00000000000245b7                watchdog_periodic
                0x00000000000245cf                watchdog_stop
                0x00000000000245d5                watchdog_reboot
 .text          0x00000000000245db       0x4a build/cooja/mtype872.a(int-master.o)
                0x00000000000245db                int_master_enable
                0x00000000000245eb                int_master_read_and_disable
                0x0000000000024608                int_master_status_set
                0x0000000000024616                int_master_is_enabled
 .text          0x0000000000024625      0x226 build/cooja/mtype872.a(coap-timer-defa)
 .text          0x000000000002484b       0xc7 build/cooja/mtype872.a(stimer.o)
                0x000000000002484b                stimer_set
                0x0000000000024869                stimer_reset
                0x0000000000024896                stimer_restart
                0x00000000000248ab                stimer_expired
                0x00000000000248d6                stimer_remaining
                0x00000000000248fa                stimer_elapsed
 .text          0x0000000000024912      0x156 build/cooja/mtype872.a(ringbuf.o)
                0x0000000000024912                ringbuf_init
                0x0000000000024944                ringbuf_put
                0x00000000000249c2                ringbuf_get
                0x0000000000024a2f                ringbuf_size
                0x0000000000024a41                ringbuf_elements
 .text          0x0000000000024a68       0x1f build/cooja/mtype872.a(assert.o)
                0x0000000000024a68                _xassert
 .text          0x0000000000024a87      0x79b build/cooja/mtype872.a(nbr-table.o)
                0x0000000000024f00                nbr_table_register
                0x0000000000024f6d                nbr_table_is_registered
                0x0000000000024fa8                nbr_table_head
                0x0000000000025003                nbr_table_next
                0x0000000000025064                nbr_table_add_lladdr
                0x000000000002513e                nbr_table_get_from_lladdr
                0x000000000002518a                nbr_table_remove
                0x00000000000251c2                nbr_table_lock
                0x00000000000251dc                nbr_table_unlock
                0x00000000000251f6                nbr_table_get_lladdr
 .text          0x0000000000025222      0x3a5 build/cooja/mtype872.a(link-stats.o)
                0x0000000000025222                link_stats_from_lladdr
                0x000000000002523e                link_stats_get_lladdr
                0x000000000002525a                link_stats_is_fresh
                0x0000000000025296                guess_etx_from_rssi
                0x0000000000025312                link_stats_packet_sent
                0x0000000000025432                link_stats_input_callback
                0x0000000000025542                link_stats_reset
                0x0000000000025592                link_stats_init
 .text          0x00000000000255c7      0x187 build/cooja/mtype872.a(mac-sequence.o)
                0x00000000000255c7                mac_sequence_is_duplicate
                0x0000000000025667                mac_sequence_register_seqno
 .text          0x000000000002574e       0x23 build/cooja/mtype872.a(mac.o)
                0x000000000002574e                mac_call_sent_callback
 .text          0x0000000000025771      0x432 build/cooja/mtype872.a(framer-802154.o)
                0x0000000000025900                framer_802154_setup_params
 .text          0x0000000000025ba3      0xb6f build/cooja/mtype872.a(frame802154.o)
                0x0000000000025bd4                frame802154_get_pan_id
                0x0000000000025be0                frame802154_set_pan_id
                0x0000000000025bfa                frame802154_has_panid
                0x0000000000025da9                frame802154_check_dest_panid
                0x0000000000025e31                frame802154_is_broadcast_addr
                0x0000000000025e7e                frame802154_extract_linkaddr
                0x00000000000260e3                frame802154_hdrlen
                0x0000000000026156                frame802154_create_fcf
                0x000000000002620e                frame802154_create
                0x0000000000026383                frame802154_parse_fcf
                0x0000000000026465                frame802154_parse
 .text          0x0000000000026712       0x2d build/cooja/mtype872.a(csma-security.o)
                0x0000000000026712                csma_security_create_frame
                0x0000000000026730                csma_security_parse_frame
 .text          0x000000000002673f      0x4e4 build/cooja/mtype872.a(uipbuf.o)
                0x000000000002673f                uipbuf_clear
                0x0000000000026766                uipbuf_add_ext_hdr
                0x00000000000267e6                uipbuf_set_len
                0x0000000000026813                uipbuf_set_len_field
                0x000000000002683f                uipbuf_get_len_field
                0x000000000002685f                uipbuf_get_next_header
                0x0000000000026991                uipbuf_get_last_header
                0x0000000000026a0a                uipbuf_search_header
                0x0000000000026ac0                uipbuf_get_attr
                0x0000000000026ae7                uipbuf_set_attr
                0x0000000000026b1e                uipbuf_set_default_attr
                0x0000000000026b55                uipbuf_clear_attr
                0x0000000000026b79                uipbuf_set_attr_flag
                0x0000000000026b9a                uipbuf_clr_attr_flag
                0x0000000000026bc1                uipbuf_is_attr_flag
                0x0000000000026be5                uipbuf_init
 .text          0x0000000000026c23      0x73f build/cooja/mtype872.a(uip-icmp6.o)
                0x0000000000026c98                uip_icmp6_input
                0x0000000000026cef                uip_icmp6_register_input_handler
                0x0000000000026e42                uip_icmp6_error_output
                0x00000000000270f3                uip_icmp6_send
                0x00000000000272ea                uip_icmp6_echo_reply_callback_add
                0x000000000002731c                uip_icmp6_echo_reply_callback_rm
                0x0000000000027339                uip_icmp6_init
 .text          0x0000000000027362      0x69b build/cooja/mtype872.a(uip-sr.o)
                0x0000000000027362                uip_sr_num_nodes
                0x00000000000273f0                uip_sr_get_node
                0x0000000000027447                uip_sr_is_addr_reachable
                0x00000000000274f5                uip_sr_expire_parent
                0x000000000002753e                uip_sr_update_node
                0x000000000002766e                uip_sr_init
                0x00000000000276a2                uip_sr_node_head
                0x00000000000276bb                uip_sr_node_next
                0x00000000000276d1                uip_sr_periodic
                0x00000000000277d7                uip_sr_free_all
                0x0000000000027847                uip_sr_link_snprint
 .text          0x00000000000279fd      0x146 build/cooja/mtype872.a(uip-packetqueue)
                0x0000000000027a2b                uip_packetqueue_new
                0x0000000000027a3a                uip_packetqueue_alloc
                0x0000000000027a95                uip_packetqueue_free
                0x0000000000027adc                uip_packetqueue_buf
                0x0000000000027af9                uip_packetqueue_buflen
                0x0000000000027b1a                uip_packetqueue_set_buflen
 .text          0x0000000000027b43      0x1b0 build/cooja/mtype872.a(rpl-nbr-policy.)
                0x0000000000027cb0                rpl_nbr_policy_find_removable
 .text          0x0000000000027cf3      0x915 build/cooja/mtype872.a(rpl-neighbor.o)
                0x0000000000027d6f                rpl_neighbor_snprint
                0x0000000000028022                rpl_neighbor_print_list
                0x00000000000280d7                rpl_neighbor_count
                0x000000000002817e                rpl_neighbor_get_from_lladdr
                0x000000000002819a                rpl_neighbor_is_acceptable_parent
                0x00000000000281ce                rpl_neighbor_get_link_metric
                0x0000000000028202                rpl_neighbor_rank_via_nbr
                0x0000000000028236                rpl_neighbor_get_lladdr
                0x0000000000028252                rpl_neighbor_get_ipaddr
                0x0000000000028279                rpl_neighbor_get_link_stats
                0x00000000000282a0                rpl_neighbor_is_fresh
                0x00000000000282c7                rpl_neighbor_is_reachable
                0x0000000000028312                rpl_neighbor_is_parent
                0x000000000002833c                rpl_neighbor_set_preferred_parent
                0x00000000000283d3                rpl_neighbor_remove_all
                0x000000000002842f                rpl_neighbor_get_from_ipaddr
                0x000000000002853d                rpl_neighbor_select_best
                0x00000000000285e9                rpl_neighbor_init
 .text          0x0000000000028608      0xe69 build/cooja/mtype872.a(rpl-dag.o)
                0x0000000000028608                rpl_dag_state_to_str
                0x0000000000028647                rpl_dag_get_root_ipaddr
                0x000000000002868f                rpl_dag_leave
                0x0000000000028718                rpl_dag_poison_and_leave
                0x0000000000028730                rpl_dag_periodic
                0x00000000000287b8                rpl_is_addr_in_our_dag
                0x00000000000287fc                rpl_get_default_instance
                0x0000000000028818                rpl_get_any_dag
                0x0000000000028871                rpl_refresh_routes
                0x00000000000288b1                rpl_global_repair
                0x000000000002894a                rpl_local_repair
                0x0000000000028994                rpl_dag_ready_to_advertise
                0x00000000000289d7                rpl_dag_update_state
                0x0000000000029104                rpl_process_dio
                0x0000000000029182                rpl_process_dis
                0x00000000000291c7                rpl_process_dao
                0x0000000000029256                rpl_process_dao_ack
                0x00000000000292ed                rpl_process_hbh
                0x000000000002933d                rpl_dag_init_root
                0x0000000000029451                rpl_dag_init
 .text          0x0000000000029471      0x9e7 build/cooja/mtype872.a(rpl-timers.o)
                0x0000000000029471                rpl_timers_schedule_periodic_dis
                0x00000000000295bf                rpl_timers_dio_reset
                0x00000000000296cd                rpl_timers_schedule_unicast_dio
                0x0000000000029821                rpl_timers_schedule_dao
                0x00000000000298e0                rpl_timers_schedule_dao_ack
                0x0000000000029966                rpl_timers_notify_dao_ack
                0x00000000000299c4                get_probing_delay
                0x00000000000299f8                get_probing_target
                0x0000000000029be2                rpl_schedule_probing
                0x0000000000029c10                rpl_schedule_probing_now
                0x0000000000029c7a                rpl_timers_unschedule_leaving
                0x0000000000029cb2                rpl_timers_schedule_leaving
                0x0000000000029cf3                rpl_timers_init
                0x0000000000029d83                rpl_timers_stop_dag_timers
                0x0000000000029dfc                rpl_timers_unschedule_state_update
                0x0000000000029e20                rpl_timers_schedule_state_update
 .text          0x0000000000029e58      0xb8e build/cooja/mtype872.a(rpl-ext-header.)
                0x0000000000029e58                rpl_ext_header_srh_get_next_hop
                0x0000000000029f3f                rpl_ext_header_srh_update
                0x000000000002a4ab                rpl_ext_header_hbh_update
                0x000000000002a7ab                rpl_ext_header_update
                0x000000000002a834                rpl_ext_header_remove
 .text          0x000000000002a9e6      0x31b build/cooja/mtype872.a(rpl-mrhof.o)
 *fill*         0x000000000002ad01        0xf 
 .text          0x000000000002ad10      0x122 /usr/lib/gcc/i686-linux-gnu/5/libgcc.a(_udivdi3.o)
                0x000000000002ad10                __udivdi3
 .text          0x000000000002ae32        0x0 /usr/lib/gcc/i686-linux-gnu/5/crtendS.o
 .text          0x000000000002ae32        0x0 /usr/lib/gcc/i686-linux-gnu/5/../../../i386-linux-gnu/crtn.o
 *(.gnu.warning)

.fini           0x000000000002ae34       0x14
 *(SORT(.fini))
 .fini          0x000000000002ae34        0xf /usr/lib/gcc/i686-linux-gnu/5/../../../i386-linux-gnu/crti.o
                0x000000000002ae34                _fini
 .fini          0x000000000002ae43        0x5 /usr/lib/gcc/i686-linux-gnu/5/../../../i386-linux-gnu/crtn.o
                [!provide]                        PROVIDE (__etext, .)
                [!provide]                        PROVIDE (_etext, .)
                [!provide]                        PROVIDE (etext, .)

.rodata         0x000000000002ae60      0xfab
 *(.rodata .rodata.* .gnu.linkonce.r.*)
 .rodata        0x000000000002ae60      0x11a coap_server_sprinkler.o
                0x000000000002ae78                autostart_processes
 *fill*         0x000000000002af7a        0x2 
 .rodata        0x000000000002af7c        0x8 build/cooja/mtype872.a(beep.o)
                0x000000000002af7c                beep_interface
 .rodata        0x000000000002af84        0xe build/cooja/mtype872.a(leds-arch.o)
                0x000000000002af84                leds_interface
                0x000000000002af8c                leds_arch_leds
 *fill*         0x000000000002af92        0x2 
 .rodata        0x000000000002af94        0x8 build/cooja/mtype872.a(moteid.o)
                0x000000000002af94                moteid_interface
 .rodata        0x000000000002af9c       0x1c build/cooja/mtype872.a(pir-sensor.o)
                0x000000000002af9c                pir_interface
                0x000000000002afa8                pir_sensor
 .rodata        0x000000000002afb8        0xe build/cooja/mtype872.a(rs232.o)
                0x000000000002afb8                rs232_interface
 *fill*         0x000000000002afc6        0x2 
 .rodata        0x000000000002afc8       0x24 build/cooja/mtype872.a(vib-sensor.o)
                0x000000000002afc8                vib_interface
                0x000000000002afdc                vib_sensor
 .rodata        0x000000000002afec        0x8 build/cooja/mtype872.a(clock.o)
                0x000000000002afec                clock_interface
 .rodata        0x000000000002aff4        0x8 build/cooja/mtype872.a(cooja-log.o)
                0x000000000002aff4                simlog_interface
 .rodata        0x000000000002affc       0x2f build/cooja/mtype872.a(cfs-cooja.o)
                0x000000000002affc                cfs_interface
 *fill*         0x000000000002b02b       0x15 
 .rodata        0x000000000002b040       0xb8 build/cooja/mtype872.a(cooja-radio.o)
                0x000000000002b040                radio_interface
                0x000000000002b0c0                cooja_radio_driver
 .rodata        0x000000000002b0f8        0x8 build/cooja/mtype872.a(eeprom.o)
                0x000000000002b0f8                eeprom_interface
 .rodata        0x000000000002b100        0x8 build/cooja/mtype872.a(sensors.o)
 .rodata        0x000000000002b108       0x2c build/cooja/mtype872.a(buttons.o)
                0x000000000002b108                button_interface
                0x000000000002b11c                button_hal_button_count
                0x000000000002b124                button_sensor
 .rodata        0x000000000002b134      0x1b0 build/cooja/mtype872.a(res-temp.o)
 .rodata        0x000000000002b2e4      0x1bc build/cooja/mtype872.a(res-sprinkler.o)
 .rodata        0x000000000002b4a0      0x19d build/cooja/mtype872.a(res-hum.o)
 .rodata        0x000000000002b63d       0x41 build/cooja/mtype872.a(coap-engine.o)
 .rodata        0x000000000002b67e       0x19 build/cooja/mtype872.a(coap-res-well-k)
 .rodata        0x000000000002b697       0x11 build/cooja/mtype872.a(coap-observe.o)
 .rodata        0x000000000002b6a8       0x35 build/cooja/mtype872.a(coap-uip.o)
 *fill*         0x000000000002b6dd        0x3 
 .rodata        0x000000000002b6e0      0x1ac build/cooja/mtype872.a(coap.o)
 .rodata        0x000000000002b88c       0xf8 build/cooja/mtype872.a(contiki-main.o)
 .rodata        0x000000000002b984        0xf build/cooja/mtype872.a(ctimer.o)
 *fill*         0x000000000002b993        0x1 
 .rodata        0x000000000002b994       0xc4 build/cooja/mtype872.a(log.o)
 .rodata        0x000000000002ba58        0xc build/cooja/mtype872.a(etimer.o)
 .rodata        0x000000000002ba64       0x13 build/cooja/mtype872.a(button-hal.o)
 .rodata        0x000000000002ba77        0xe build/cooja/mtype872.a(serial-line.o)
 *fill*         0x000000000002ba85        0x3 
 .rodata        0x000000000002ba88        0x8 build/cooja/mtype872.a(linkaddr.o)
                0x000000000002ba88                linkaddr_null
 .rodata        0x000000000002ba90       0x24 build/cooja/mtype872.a(csma.o)
                0x000000000002ba98                csma_driver
 .rodata        0x000000000002bab4       0x32 build/cooja/mtype872.a(csma-output.o)
 *fill*         0x000000000002bae6        0x2 
 .rodata        0x000000000002bae8       0x4d build/cooja/mtype872.a(uip-ds6-route.o)
 .rodata        0x000000000002bb35        0xd build/cooja/mtype872.a(tcpip.o)
 *fill*         0x000000000002bb42        0x2 
 .rodata        0x000000000002bb44       0x30 build/cooja/mtype872.a(sicslowpan.o)
                0x000000000002bb44                unc_llconf
                0x000000000002bb48                unc_ctxconf
                0x000000000002bb4c                unc_mxconf
                0x000000000002bb50                llprefix
                0x000000000002bb64                sicslowpan_driver
 .rodata        0x000000000002bb74       0x2d build/cooja/mtype872.a(uiplib.o)
 *fill*         0x000000000002bba1       0x1f 
 .rodata        0x000000000002bbc0       0x74 build/cooja/mtype872.a(rpl.o)
                0x000000000002bbe0                rpl_lite_driver
 .rodata        0x000000000002bc34       0x20 build/cooja/mtype872.a(coap-timer-defa)
                0x000000000002bc48                coap_timer_default_driver
 .rodata        0x000000000002bc54       0x25 build/cooja/mtype872.a(assert.o)
 *fill*         0x000000000002bc79        0x3 
 .rodata        0x000000000002bc7c        0xc build/cooja/mtype872.a(framer-802154.o)
                0x000000000002bc7c                framer_802154
 .rodata        0x000000000002bc88       0x44 build/cooja/mtype872.a(uip-sr.o)
 .rodata        0x000000000002bccc       0x58 build/cooja/mtype872.a(rpl-neighbor.o)
 .rodata        0x000000000002bd24       0xdb build/cooja/mtype872.a(rpl-dag.o)
 .rodata        0x000000000002bdff        0xc build/cooja/mtype872.a(rpl-timers.o)

.rodata1
 *(.rodata1)

.eh_frame_hdr   0x000000000002be0c     0x1a0c
 *(.eh_frame_hdr)
 .eh_frame_hdr  0x000000000002be0c     0x1a0c coap_server_sprinkler.o
                0x000000000002be0c                __GNU_EH_FRAME_HDR
 *(.eh_frame_entry .eh_frame_entry.*)

.eh_frame       0x000000000002d818     0x69ac
 *(.eh_frame)
 .eh_frame      0x000000000002d818       0x3c /usr/lib/gcc/i686-linux-gnu/5/../../../i386-linux-gnu/crti.o
                                         0x40 (size before relaxing)
 .eh_frame      0x000000000002d854       0x44 coap_server_sprinkler.o
                                         0x5c (size before relaxing)
 .eh_frame      0x000000000002d898      0x178 build/cooja/mtype872.o
                                        0x190 (size before relaxing)
 .eh_frame      0x000000000002da10       0x40 build/cooja/mtype872.a(simEnvChange.o)
                                         0x58 (size before relaxing)
 .eh_frame      0x000000000002da50       0x60 build/cooja/mtype872.a(cooja_mt.o)
                                         0x78 (size before relaxing)
 .eh_frame      0x000000000002dab0       0x80 build/cooja/mtype872.a(cooja_mtarch.o)
                                         0x98 (size before relaxing)
 .eh_frame      0x000000000002db30       0xc8 build/cooja/mtype872.a(rtimer-arch.o)
                                         0xe0 (size before relaxing)
 .eh_frame      0x000000000002dbf8      0x160 build/cooja/mtype872.a(beep.o)
                                        0x178 (size before relaxing)
 .eh_frame      0x000000000002dd58       0x80 build/cooja/mtype872.a(leds-arch.o)
                                         0x98 (size before relaxing)
 .eh_frame      0x000000000002ddd8       0x40 build/cooja/mtype872.a(moteid.o)
                                         0x58 (size before relaxing)
 .eh_frame      0x000000000002de18       0xa0 build/cooja/mtype872.a(pir-sensor.o)
                                         0xb8 (size before relaxing)
 .eh_frame      0x000000000002deb8      0x100 build/cooja/mtype872.a(rs232.o)
                                        0x118 (size before relaxing)
 .eh_frame      0x000000000002dfb8       0xa0 build/cooja/mtype872.a(vib-sensor.o)
                                         0xb8 (size before relaxing)
 .eh_frame      0x000000000002e058       0xc0 build/cooja/mtype872.a(clock.o)
                                         0xd8 (size before relaxing)
 .eh_frame      0x000000000002e118      0x120 build/cooja/mtype872.a(cooja-log.o)
                                        0x138 (size before relaxing)
 .eh_frame      0x000000000002e238      0x160 build/cooja/mtype872.a(cfs-cooja.o)
                                        0x178 (size before relaxing)
 .eh_frame      0x000000000002e398      0x340 build/cooja/mtype872.a(cooja-radio.o)
                                        0x358 (size before relaxing)
 .eh_frame      0x000000000002e6d8       0xa0 build/cooja/mtype872.a(eeprom.o)
                                         0xb8 (size before relaxing)
 .eh_frame      0x000000000002e778       0x40 build/cooja/mtype872.a(random.o)
                                         0x58 (size before relaxing)
 .eh_frame      0x000000000002e7b8       0xc0 build/cooja/mtype872.a(sensors.o)
                                         0xd8 (size before relaxing)
 .eh_frame      0x000000000002e878      0x120 build/cooja/mtype872.a(leds.o)
                                        0x138 (size before relaxing)
 .eh_frame      0x000000000002e998      0x220 build/cooja/mtype872.a(gpio-hal-arch.o)
                                        0x238 (size before relaxing)
 .eh_frame      0x000000000002ebb8       0xa0 build/cooja/mtype872.a(buttons.o)
                                         0xb8 (size before relaxing)
 .eh_frame      0x000000000002ec58       0x60 build/cooja/mtype872.a(res-temp.o)
                                         0x78 (size before relaxing)
 .eh_frame      0x000000000002ecb8       0x60 build/cooja/mtype872.a(res-sprinkler.o)
                                         0x78 (size before relaxing)
 .eh_frame      0x000000000002ed18       0x60 build/cooja/mtype872.a(res-hum.o)
                                         0x78 (size before relaxing)
 .eh_frame      0x000000000002ed78       0x44 build/cooja/mtype872.a(coap-blocking-a)
                                         0x5c (size before relaxing)
 .eh_frame      0x000000000002edbc      0x220 build/cooja/mtype872.a(coap-engine.o)
                                        0x238 (size before relaxing)
 .eh_frame      0x000000000002efdc       0x24 build/cooja/mtype872.a(coap-res-well-k)
                                         0x3c (size before relaxing)
 .eh_frame      0x000000000002f000      0x188 build/cooja/mtype872.a(coap-observe.o)
                                        0x1a0 (size before relaxing)
 .eh_frame      0x000000000002f188      0x250 build/cooja/mtype872.a(coap-uip.o)
                                        0x268 (size before relaxing)
 .eh_frame      0x000000000002f3d8      0x114 build/cooja/mtype872.a(coap-timer.o)
                                        0x12c (size before relaxing)
 .eh_frame      0x000000000002f4ec      0x100 build/cooja/mtype872.a(coap-transactio)
                                        0x118 (size before relaxing)
 .eh_frame      0x000000000002f5ec      0x6ec build/cooja/mtype872.a(coap.o)
                                        0x704 (size before relaxing)
 .eh_frame      0x000000000002fcd8       0x30 build/cooja/mtype872.a(contiki-main.o)
                                         0x48 (size before relaxing)
 .eh_frame      0x000000000002fd08       0x40 build/cooja/mtype872.a(autostart.o)
                                         0x58 (size before relaxing)
 .eh_frame      0x000000000002fd48      0x100 build/cooja/mtype872.a(ctimer.o)
                                        0x118 (size before relaxing)
 .eh_frame      0x000000000002fe48      0x100 build/cooja/mtype872.a(log.o)
                                        0x118 (size before relaxing)
 .eh_frame      0x000000000002ff48       0x60 build/cooja/mtype872.a(energest.o)
                                         0x78 (size before relaxing)
 .eh_frame      0x000000000002ffa8      0x1e0 build/cooja/mtype872.a(etimer.o)
                                        0x1f8 (size before relaxing)
 .eh_frame      0x0000000000030188       0x20 build/cooja/mtype872.a(node-id.o)
                                         0x38 (size before relaxing)
 .eh_frame      0x00000000000301a8       0x60 build/cooja/mtype872.a(rtimer.o)
                                         0x78 (size before relaxing)
 .eh_frame      0x0000000000030208      0x1c4 build/cooja/mtype872.a(process.o)
                                        0x1dc (size before relaxing)
 .eh_frame      0x00000000000303cc       0xa4 build/cooja/mtype872.a(timer.o)
                                         0xbc (size before relaxing)
 .eh_frame      0x0000000000030470      0x1a0 build/cooja/mtype872.a(list.o)
                                        0x1b8 (size before relaxing)
 .eh_frame      0x0000000000030610       0xa0 build/cooja/mtype872.a(memb.o)
                                         0xb8 (size before relaxing)
 .eh_frame      0x00000000000306b0      0x144 build/cooja/mtype872.a(button-hal.o)
                                        0x15c (size before relaxing)
 .eh_frame      0x00000000000307f4       0x60 build/cooja/mtype872.a(serial-line.o)
                                         0x78 (size before relaxing)
 .eh_frame      0x0000000000030854       0xe0 build/cooja/mtype872.a(gpio-hal.o)
                                         0xf8 (size before relaxing)
 .eh_frame      0x0000000000030934      0x1a0 build/cooja/mtype872.a(queuebuf.o)
                                        0x1b8 (size before relaxing)
 .eh_frame      0x0000000000030ad4      0x28c build/cooja/mtype872.a(packetbuf.o)
                                        0x2a4 (size before relaxing)
 .eh_frame      0x0000000000030d60       0x80 build/cooja/mtype872.a(netstack.o)
                                         0x98 (size before relaxing)
 .eh_frame      0x0000000000030de0       0x60 build/cooja/mtype872.a(linkaddr.o)
                                         0x78 (size before relaxing)
 .eh_frame      0x0000000000030e40       0xe0 build/cooja/mtype872.a(csma.o)
                                         0xf8 (size before relaxing)
 .eh_frame      0x0000000000030f20      0x1d0 build/cooja/mtype872.a(csma-output.o)
                                        0x1e8 (size before relaxing)
 .eh_frame      0x00000000000310f0      0x328 build/cooja/mtype872.a(uip-ds6.o)
                                        0x340 (size before relaxing)
 .eh_frame      0x0000000000031418       0x40 build/cooja/mtype872.a(uip-udp-packet.)
                                         0x58 (size before relaxing)
 .eh_frame      0x0000000000031458      0x220 build/cooja/mtype872.a(uip-ds6-route.o)
                                        0x238 (size before relaxing)
 .eh_frame      0x0000000000031678      0x244 build/cooja/mtype872.a(tcpip.o)
                                        0x25c (size before relaxing)
 .eh_frame      0x00000000000318bc      0x1e8 build/cooja/mtype872.a(uip6.o)
                                        0x200 (size before relaxing)
 .eh_frame      0x0000000000031aa4      0x1c0 build/cooja/mtype872.a(uip-ds6-nbr.o)
                                        0x1d8 (size before relaxing)
 .eh_frame      0x0000000000031c64       0x84 build/cooja/mtype872.a(uip-nd6.o)
                                         0x9c (size before relaxing)
 .eh_frame      0x0000000000031ce8      0x2f8 build/cooja/mtype872.a(sicslowpan.o)
                                        0x310 (size before relaxing)
 .eh_frame      0x0000000000031fe0       0x88 build/cooja/mtype872.a(uiplib.o)
                                         0xa0 (size before relaxing)
 .eh_frame      0x0000000000032068      0x1e0 build/cooja/mtype872.a(rpl.o)
                                        0x1f8 (size before relaxing)
 .eh_frame      0x0000000000032248      0x1c4 build/cooja/mtype872.a(rpl-icmp6.o)
                                        0x1dc (size before relaxing)
 .eh_frame      0x000000000003240c       0xa0 build/cooja/mtype872.a(rpl-dag-root.o)
                                         0xb8 (size before relaxing)
 .eh_frame      0x00000000000324ac       0xa0 build/cooja/mtype872.a(watchdog.o)
                                         0xb8 (size before relaxing)
 .eh_frame      0x000000000003254c       0x80 build/cooja/mtype872.a(int-master.o)
                                         0x98 (size before relaxing)
 .eh_frame      0x00000000000325cc       0xa4 build/cooja/mtype872.a(coap-timer-defa)
                                         0xbc (size before relaxing)
 .eh_frame      0x0000000000032670       0xc4 build/cooja/mtype872.a(stimer.o)
                                         0xdc (size before relaxing)
 .eh_frame      0x0000000000032734       0xa0 build/cooja/mtype872.a(ringbuf.o)
                                         0xb8 (size before relaxing)
 .eh_frame      0x00000000000327d4       0x20 build/cooja/mtype872.a(assert.o)
                                         0x38 (size before relaxing)
 .eh_frame      0x00000000000327f4      0x2ac build/cooja/mtype872.a(nbr-table.o)
                                        0x2c4 (size before relaxing)
 .eh_frame      0x0000000000032aa0      0x120 build/cooja/mtype872.a(link-stats.o)
                                        0x138 (size before relaxing)
 .eh_frame      0x0000000000032bc0       0x48 build/cooja/mtype872.a(mac-sequence.o)
                                         0x60 (size before relaxing)
 .eh_frame      0x0000000000032c08       0x20 build/cooja/mtype872.a(mac.o)
                                         0x38 (size before relaxing)
 .eh_frame      0x0000000000032c28       0xa4 build/cooja/mtype872.a(framer-802154.o)
                                         0xbc (size before relaxing)
 .eh_frame      0x0000000000032ccc      0x1a4 build/cooja/mtype872.a(frame802154.o)
                                        0x1bc (size before relaxing)
 .eh_frame      0x0000000000032e70       0x40 build/cooja/mtype872.a(csma-security.o)
                                         0x58 (size before relaxing)
 .eh_frame      0x0000000000032eb0      0x200 build/cooja/mtype872.a(uipbuf.o)
                                        0x218 (size before relaxing)
 .eh_frame      0x00000000000330b0      0x150 build/cooja/mtype872.a(uip-icmp6.o)
                                        0x168 (size before relaxing)
 .eh_frame      0x0000000000033200      0x184 build/cooja/mtype872.a(uip-sr.o)
                                        0x19c (size before relaxing)
 .eh_frame      0x0000000000033384       0xe0 build/cooja/mtype872.a(uip-packetqueue)
                                         0xf8 (size before relaxing)
 .eh_frame      0x0000000000033464       0x80 build/cooja/mtype872.a(rpl-nbr-policy.)
                                         0x98 (size before relaxing)
 .eh_frame      0x00000000000334e4      0x2d4 build/cooja/mtype872.a(rpl-neighbor.o)
                                        0x2ec (size before relaxing)
 .eh_frame      0x00000000000337b8      0x370 build/cooja/mtype872.a(rpl-dag.o)
                                        0x388 (size before relaxing)
 .eh_frame      0x0000000000033b28      0x3a8 build/cooja/mtype872.a(rpl-timers.o)
                                        0x3c0 (size before relaxing)
 .eh_frame      0x0000000000033ed0      0x124 build/cooja/mtype872.a(rpl-ext-header.)
                                        0x13c (size before relaxing)
 .eh_frame      0x0000000000033ff4      0x148 build/cooja/mtype872.a(rpl-mrhof.o)
                                        0x160 (size before relaxing)
 .eh_frame      0x000000000003413c       0x84 /usr/lib/gcc/i686-linux-gnu/5/libgcc.a(_udivdi3.o)
                                         0x9c (size before relaxing)
 .eh_frame      0x00000000000341c0        0x4 /usr/lib/gcc/i686-linux-gnu/5/crtendS.o
 *(.eh_frame.*)

.gcc_except_table
 *(.gcc_except_table .gcc_except_table.*)

.gnu_extab
 *(.gnu_extab*)

.exception_ranges
 *(.exception_ranges .exception_ranges*)
                0x0000000000035f10                . = DATA_SEGMENT_ALIGN (0x1000, 0x1000)

.eh_frame
 *(.eh_frame)
 *(.eh_frame.*)

.gnu_extab
 *(.gnu_extab)

.gcc_except_table
 *(.gcc_except_table .gcc_except_table.*)

.exception_ranges
 *(.exception_ranges .exception_ranges*)

.tdata
 *(.tdata .tdata.* .gnu.linkonce.td.*)

.tbss
 *(.tbss .tbss.* .gnu.linkonce.tb.*)
 *(.tcommon)

.preinit_array
 *(.preinit_array)

.init_array     0x0000000000035f10        0x4
 *(SORT(.init_array.*) SORT(.ctors.*))
 *(.init_array EXCLUDE_FILE(*crtend?.o *crtend.o *crtbegin?.o *crtbegin.o) .ctors)
 .init_array    0x0000000000035f10        0x4 /usr/lib/gcc/i686-linux-gnu/5/crtbeginS.o

.fini_array     0x0000000000035f14        0x4
 *(SORT(.fini_array.*) SORT(.dtors.*))
 *(.fini_array EXCLUDE_FILE(*crtend?.o *crtend.o *crtbegin?.o *crtbegin.o) .dtors)
 .fini_array    0x0000000000035f14        0x4 /usr/lib/gcc/i686-linux-gnu/5/crtbeginS.o

.ctors
 *crtbegin.o(.ctors)
 *crtbegin?.o(.ctors)
 *(EXCLUDE_FILE(*crtend?.o *crtend.o) .ctors)
 *(SORT(.ctors.*))
 *(.ctors)

.dtors
 *crtbegin.o(.dtors)
 *crtbegin?.o(.dtors)
 *(EXCLUDE_FILE(*crtend?.o *crtend.o) .dtors)
 *(SORT(.dtors.*))
 *(.dtors)

.jcr            0x0000000000035f18        0x4
 *(.jcr)
 .jcr           0x0000000000035f18        0x0 /usr/lib/gcc/i686-linux-gnu/5/crtbeginS.o
 .jcr           0x0000000000035f18        0x4 /usr/lib/gcc/i686-linux-gnu/5/crtendS.o

.data.rel.ro
 *(.data.rel.ro.local* .gnu.linkonce.d.rel.ro.local.*)
 *(.data.rel.ro .data.rel.ro.* .gnu.linkonce.d.rel.ro.*)

.dynamic        0x0000000000035f1c       0xd0
 *(.dynamic)
 .dynamic       0x0000000000035f1c       0xd0 /usr/lib/gcc/i686-linux-gnu/5/../../../i386-linux-gnu/crti.o
                0x0000000000035f1c                _DYNAMIC

.got            0x0000000000035fec       0x14
 *(.got)
 .got           0x0000000000035fec       0x14 /usr/lib/gcc/i686-linux-gnu/5/../../../i386-linux-gnu/crti.o
 *(.igot)
                0x0000000000036ff4                . = DATA_SEGMENT_RELRO_END (., (SIZEOF (.got.plt) >= 0xc)?0xc:0x0)

.got.plt        0x0000000000036000        0xc
 *(.got.plt)
 .got.plt       0x0000000000036000        0xc /usr/lib/gcc/i686-linux-gnu/5/../../../i386-linux-gnu/crti.o
                0x0000000000036000                _GLOBAL_OFFSET_TABLE_
 *(.igot.plt)

.data           0x0000000000036020      0x524
 *(.data .data.* .gnu.linkonce.d.*)
 .data          0x0000000000036020        0x0 /usr/lib/gcc/i686-linux-gnu/5/../../../i386-linux-gnu/crti.o
 .data          0x0000000000036020        0x0 /usr/lib/gcc/i686-linux-gnu/5/crtbeginS.o
 .data.rel.local
                0x0000000000036020        0x4 /usr/lib/gcc/i686-linux-gnu/5/crtbeginS.o
                0x0000000000036020                __dso_handle
 .data          0x0000000000036024       0x1c coap_server_sprinkler.o
                0x0000000000036024                service_registration
                0x0000000000036030                sprinkler_node
 .data          0x0000000000036040       0x44 build/cooja/mtype872.o
                0x0000000000036040                simInterfaces
                0x0000000000036074                sensors
 .data          0x0000000000036084        0x0 build/cooja/mtype872.a(simEnvChange.o)
 .data          0x0000000000036084        0x0 build/cooja/mtype872.a(cooja_mt.o)
 .data          0x0000000000036084        0x0 build/cooja/mtype872.a(cooja_mtarch.o)
 .data          0x0000000000036084        0x0 build/cooja/mtype872.a(rtimer-arch.o)
 .data          0x0000000000036084        0x0 build/cooja/mtype872.a(beep.o)
 .data          0x0000000000036084        0x0 build/cooja/mtype872.a(leds-arch.o)
 .data          0x0000000000036084        0x0 build/cooja/mtype872.a(moteid.o)
 .data          0x0000000000036084        0x0 build/cooja/mtype872.a(pir-sensor.o)
 .data          0x0000000000036084        0x0 build/cooja/mtype872.a(rs232.o)
 .data          0x0000000000036084        0x0 build/cooja/mtype872.a(vib-sensor.o)
 .data          0x0000000000036084        0x0 build/cooja/mtype872.a(clock.o)
 .data          0x0000000000036084        0x0 build/cooja/mtype872.a(cooja-log.o)
 .data          0x0000000000036084        0x0 build/cooja/mtype872.a(cfs-cooja.o)
 .data          0x0000000000036084       0x2c build/cooja/mtype872.a(cooja-radio.o)
                0x0000000000036084                simRadioHWOn
                0x0000000000036088                simSignalStrength
                0x000000000003608c                simLastSignalStrength
                0x0000000000036090                simPower
                0x0000000000036094                simRadioChannel
                0x0000000000036098                simLQI
                0x00000000000360a0                cooja_radio_process
 .data          0x00000000000360b0        0x0 build/cooja/mtype872.a(eeprom.o)
 .data          0x00000000000360b0        0x0 build/cooja/mtype872.a(random.o)
 .data          0x00000000000360b0       0x10 build/cooja/mtype872.a(sensors.o)
                0x00000000000360b0                sensors_process
 .data          0x00000000000360c0        0x0 build/cooja/mtype872.a(leds.o)
 .data          0x00000000000360c0        0x0 build/cooja/mtype872.a(gpio-hal-arch.o)
 .data          0x00000000000360c0       0x78 build/cooja/mtype872.a(buttons.o)
                0x00000000000360c0                simButtonIsActive
                0x0000000000036130                button_hal_buttons
 *fill*         0x0000000000036138        0x8 
 .data          0x0000000000036140       0x44 build/cooja/mtype872.a(res-temp.o)
                0x0000000000036140                temp_value
                0x0000000000036144                threshold_temp
                0x0000000000036160                res_temp
 *fill*         0x0000000000036184       0x1c 
 .data          0x00000000000361a0       0x44 build/cooja/mtype872.a(res-sprinkler.o)
                0x00000000000361a0                is_on
                0x00000000000361c0                res_spri
 *fill*         0x00000000000361e4       0x1c 
 .data          0x0000000000036200       0x44 build/cooja/mtype872.a(res-hum.o)
                0x0000000000036200                hum_value
                0x0000000000036204                threshold_hum
                0x0000000000036220                res_hum
 .data          0x0000000000036244        0x0 build/cooja/mtype872.a(coap-blocking-a)
 .data          0x0000000000036244        0x8 build/cooja/mtype872.a(coap-engine.o)
 *fill*         0x000000000003624c       0x14 
 .data          0x0000000000036260       0x24 build/cooja/mtype872.a(coap-res-well-k)
                0x0000000000036260                res_well_known_core
 .data          0x0000000000036284       0x10 build/cooja/mtype872.a(coap-observe.o)
 .data          0x0000000000036294       0x10 build/cooja/mtype872.a(coap-uip.o)
                0x0000000000036294                coap_engine
 .data          0x00000000000362a4        0x4 build/cooja/mtype872.a(coap-timer.o)
 .data          0x00000000000362a8       0x10 build/cooja/mtype872.a(coap-transactio)
 .data          0x00000000000362b8        0x4 build/cooja/mtype872.a(coap.o)
                0x00000000000362b8                coap_error_message
 .data          0x00000000000362bc        0x0 build/cooja/mtype872.a(contiki-main.o)
 .data          0x00000000000362bc        0x0 build/cooja/mtype872.a(autostart.o)
 .data          0x00000000000362bc       0x14 build/cooja/mtype872.a(ctimer.o)
                0x00000000000362c0                ctimer_process
 *fill*         0x00000000000362d0       0x10 
 .data          0x00000000000362e0       0xbc build/cooja/mtype872.a(log.o)
                0x00000000000362e0                curr_log_level_main
                0x0000000000036300                all_modules
 .data          0x000000000003639c        0x0 build/cooja/mtype872.a(energest.o)
 .data          0x000000000003639c       0x10 build/cooja/mtype872.a(etimer.o)
                0x000000000003639c                etimer_process
 .data          0x00000000000363ac        0x0 build/cooja/mtype872.a(node-id.o)
 .data          0x00000000000363ac        0x0 build/cooja/mtype872.a(rtimer.o)
 .data          0x00000000000363ac        0x0 build/cooja/mtype872.a(process.o)
 .data          0x00000000000363ac        0x0 build/cooja/mtype872.a(timer.o)
 .data          0x00000000000363ac        0x0 build/cooja/mtype872.a(list.o)
 .data          0x00000000000363ac        0x0 build/cooja/mtype872.a(memb.o)
 .data          0x00000000000363ac       0x10 build/cooja/mtype872.a(button-hal.o)
                0x00000000000363ac                button_hal_process
 .data          0x00000000000363bc       0x10 build/cooja/mtype872.a(serial-line.o)
                0x00000000000363bc                serial_line_process
 .data          0x00000000000363cc        0x4 build/cooja/mtype872.a(gpio-hal.o)
 .data          0x00000000000363d0       0x18 build/cooja/mtype872.a(queuebuf.o)
 .data          0x00000000000363e8        0x4 build/cooja/mtype872.a(packetbuf.o)
 .data          0x00000000000363ec        0x4 build/cooja/mtype872.a(netstack.o)
 .data          0x00000000000363f0        0x0 build/cooja/mtype872.a(linkaddr.o)
 .data          0x00000000000363f0        0x0 build/cooja/mtype872.a(csma.o)
 .data          0x00000000000363f0       0x28 build/cooja/mtype872.a(csma-output.o)
 .data          0x0000000000036418        0x0 build/cooja/mtype872.a(uip-ds6.o)
 .data          0x0000000000036418        0x0 build/cooja/mtype872.a(uip-udp-packet.)
 .data          0x0000000000036418       0x10 build/cooja/mtype872.a(uip-ds6-route.o)
 .data          0x0000000000036428       0x10 build/cooja/mtype872.a(tcpip.o)
                0x0000000000036428                tcpip_process
 .data          0x0000000000036438        0x0 build/cooja/mtype872.a(uip6.o)
 .data          0x0000000000036438       0x14 build/cooja/mtype872.a(uip-ds6-nbr.o)
 .data          0x000000000003644c        0xc build/cooja/mtype872.a(uip-nd6.o)
 .data          0x0000000000036458        0x0 build/cooja/mtype872.a(sicslowpan.o)
 .data          0x0000000000036458        0x0 build/cooja/mtype872.a(uiplib.o)
 .data          0x0000000000036458        0x0 build/cooja/mtype872.a(rpl.o)
 .data          0x0000000000036458       0x30 build/cooja/mtype872.a(rpl-icmp6.o)
 .data          0x0000000000036488        0x0 build/cooja/mtype872.a(rpl-dag-root.o)
 .data          0x0000000000036488        0x0 build/cooja/mtype872.a(watchdog.o)
 .data          0x0000000000036488        0x0 build/cooja/mtype872.a(int-master.o)
 .data          0x0000000000036488       0x10 build/cooja/mtype872.a(coap-timer-defa)
                0x0000000000036488                coap_timer_process
 .data          0x0000000000036498        0x0 build/cooja/mtype872.a(stimer.o)
 .data          0x0000000000036498        0x0 build/cooja/mtype872.a(ringbuf.o)
 .data          0x0000000000036498        0x0 build/cooja/mtype872.a(assert.o)
 .data          0x0000000000036498       0x10 build/cooja/mtype872.a(nbr-table.o)
 .data          0x00000000000364a8       0x14 build/cooja/mtype872.a(link-stats.o)
 .data          0x00000000000364bc        0x0 build/cooja/mtype872.a(mac-sequence.o)
 .data          0x00000000000364bc        0x0 build/cooja/mtype872.a(mac.o)
 .data          0x00000000000364bc        0x0 build/cooja/mtype872.a(framer-802154.o)
 .data          0x00000000000364bc        0x2 build/cooja/mtype872.a(frame802154.o)
 .data          0x00000000000364be        0x0 build/cooja/mtype872.a(csma-security.o)
 .data          0x00000000000364be        0x0 build/cooja/mtype872.a(uipbuf.o)
 *fill*         0x00000000000364be        0x2 
 .data          0x00000000000364c0       0x20 build/cooja/mtype872.a(uip-icmp6.o)
 .data          0x00000000000364e0       0x10 build/cooja/mtype872.a(uip-sr.o)
 .data          0x00000000000364f0        0xc build/cooja/mtype872.a(uip-packetqueue)
 .data          0x00000000000364fc        0x0 build/cooja/mtype872.a(rpl-nbr-policy.)
 .data          0x00000000000364fc       0x14 build/cooja/mtype872.a(rpl-neighbor.o)
                0x000000000003650c                rpl_neighbors
 .data          0x0000000000036510        0x0 build/cooja/mtype872.a(rpl-dag.o)
 .data          0x0000000000036510        0x0 build/cooja/mtype872.a(rpl-timers.o)
 .data          0x0000000000036510        0x0 build/cooja/mtype872.a(rpl-ext-header.)
 *fill*         0x0000000000036510       0x10 
 .data          0x0000000000036520       0x24 build/cooja/mtype872.a(rpl-mrhof.o)
                0x0000000000036520                rpl_mrhof
 .data          0x0000000000036544        0x0 /usr/lib/gcc/i686-linux-gnu/5/libgcc.a(_udivdi3.o)
 .data          0x0000000000036544        0x0 /usr/lib/gcc/i686-linux-gnu/5/crtendS.o
 .data          0x0000000000036544        0x0 /usr/lib/gcc/i686-linux-gnu/5/../../../i386-linux-gnu/crtn.o

.tm_clone_table
                0x0000000000036544        0x0
 .tm_clone_table
                0x0000000000036544        0x0 /usr/lib/gcc/i686-linux-gnu/5/crtbeginS.o
 .tm_clone_table
                0x0000000000036544        0x0 /usr/lib/gcc/i686-linux-gnu/5/crtendS.o

.data1
 *(.data1)
                0x0000000000036544                _edata = .
                [!provide]                        PROVIDE (edata, .)
                0x0000000000036544                . = .
                0x0000000000036544                __bss_start = .

.bss            0x0000000000036560    0x13f84
 *(.dynbss)
 .dynbss        0x0000000000036560        0x0 /usr/lib/gcc/i686-linux-gnu/5/../../../i386-linux-gnu/crti.o
 *(.bss .bss.* .gnu.linkonce.b.*)
 .bss           0x0000000000036560        0x0 /usr/lib/gcc/i686-linux-gnu/5/../../../i386-linux-gnu/crti.o
 .bss           0x0000000000036560        0x1 /usr/lib/gcc/i686-linux-gnu/5/crtbeginS.o
 *fill*         0x0000000000036561       0x1f 
 .bss           0x0000000000036580      0x12c coap_server_sprinkler.o
                0x0000000000036580                registered
 *fill*         0x00000000000366ac       0x14 
 .bss           0x00000000000366c0     0x2030 build/cooja/mtype872.o
 .bss           0x00000000000386f0        0x1 build/cooja/mtype872.a(simEnvChange.o)
                0x00000000000386f0                simDontFallAsleep
 *fill*         0x00000000000386f1        0x3 
 .bss           0x00000000000386f4        0x4 build/cooja/mtype872.a(cooja_mt.o)
 .bss           0x00000000000386f8        0x4 build/cooja/mtype872.a(cooja_mtarch.o)
 .bss           0x00000000000386fc        0x0 build/cooja/mtype872.a(rtimer-arch.o)
 .bss           0x00000000000386fc        0x0 build/cooja/mtype872.a(beep.o)
 .bss           0x00000000000386fc        0x1 build/cooja/mtype872.a(leds-arch.o)
                0x00000000000386fc                simLedsValue
 .bss           0x00000000000386fd        0x0 build/cooja/mtype872.a(moteid.o)
 .bss           0x00000000000386fd        0x1 build/cooja/mtype872.a(pir-sensor.o)
                0x00000000000386fd                simPirValue
 *fill*         0x00000000000386fe        0x2 
 .bss           0x0000000000038700        0x4 build/cooja/mtype872.a(rs232.o)
 .bss           0x0000000000038704        0x1 build/cooja/mtype872.a(vib-sensor.o)
                0x0000000000038704                simVibValue
 .bss           0x0000000000038705        0x0 build/cooja/mtype872.a(clock.o)
 *fill*         0x0000000000038705       0x1b 
 .bss           0x0000000000038720     0x2020 build/cooja/mtype872.a(cooja-log.o)
 .bss           0x000000000003a740      0xfc0 build/cooja/mtype872.a(cfs-cooja.o)
                0x000000000003a740                simCFSData
                0x000000000003b6e0                simCFSSize
                0x000000000003b6e4                simCFSChanged
                0x000000000003b6e8                simCFSRead
                0x000000000003b6ec                simCFSWritten
 .bss           0x000000000003b700       0x24 build/cooja/mtype872.a(cooja-radio.o)
                0x000000000003b700                simReceiving
                0x000000000003b704                simInSize
                0x000000000003b708                simLastPacketTimestamp
                0x000000000003b710                simOutSize
 .bss           0x000000000003b724        0xc build/cooja/mtype872.a(eeprom.o)
                0x000000000003b724                simEEPROMChanged
                0x000000000003b728                simEEPROMRead
                0x000000000003b72c                simEEPROMWritten
 .bss           0x000000000003b730        0x0 build/cooja/mtype872.a(random.o)
 .bss           0x000000000003b730        0xc build/cooja/mtype872.a(sensors.o)
 .bss           0x000000000003b73c        0x0 build/cooja/mtype872.a(leds.o)
 .bss           0x000000000003b73c       0x24 build/cooja/mtype872.a(gpio-hal-arch.o)
 .bss           0x000000000003b760        0x0 build/cooja/mtype872.a(buttons.o)
 .bss           0x000000000003b760        0x1 build/cooja/mtype872.a(res-temp.o)
                0x000000000003b760                ideal_temp
 *fill*         0x000000000003b761        0x3 
 .bss           0x000000000003b764        0x8 build/cooja/mtype872.a(res-sprinkler.o)
                0x000000000003b764                is_sprinkling
                0x000000000003b768                success
 .bss           0x000000000003b76c        0x1 build/cooja/mtype872.a(res-hum.o)
                0x000000000003b76c                ideal_hum
 .bss           0x000000000003b76d        0x0 build/cooja/mtype872.a(coap-blocking-a)
 *fill*         0x000000000003b76d       0x13 
 .bss           0x000000000003b780      0x190 build/cooja/mtype872.a(coap-engine.o)
 .bss           0x000000000003b910        0x0 build/cooja/mtype872.a(coap-res-well-k)
 *fill*         0x000000000003b910       0x10 
 .bss           0x000000000003b920      0x120 build/cooja/mtype872.a(coap-observe.o)
 .bss           0x000000000003ba40       0x18 build/cooja/mtype872.a(coap-uip.o)
 .bss           0x000000000003ba58        0x5 build/cooja/mtype872.a(coap-timer.o)
 *fill*         0x000000000003ba5d        0x3 
 .bss           0x000000000003ba60      0x334 build/cooja/mtype872.a(coap-transactio)
 .bss           0x000000000003bd94        0x6 build/cooja/mtype872.a(coap.o)
                0x000000000003bd94                coap_status_code
 .bss           0x000000000003bd9a        0x0 build/cooja/mtype872.a(contiki-main.o)
 .bss           0x000000000003bd9a        0x0 build/cooja/mtype872.a(autostart.o)
 *fill*         0x000000000003bd9a        0x2 
 .bss           0x000000000003bd9c        0x5 build/cooja/mtype872.a(ctimer.o)
 *fill*         0x000000000003bda1        0x3 
 .bss           0x000000000003bda4       0x2c build/cooja/mtype872.a(log.o)
                0x000000000003bda4                curr_log_level_rpl
                0x000000000003bda8                curr_log_level_tcpip
                0x000000000003bdac                curr_log_level_ipv6
                0x000000000003bdb0                curr_log_level_6lowpan
                0x000000000003bdb4                curr_log_level_nullnet
                0x000000000003bdb8                curr_log_level_mac
                0x000000000003bdbc                curr_log_level_framer
                0x000000000003bdc0                curr_log_level_6top
                0x000000000003bdc4                curr_log_level_coap
                0x000000000003bdc8                curr_log_level_snmp
                0x000000000003bdcc                curr_log_level_lwm2m
 .bss           0x000000000003bdd0        0x0 build/cooja/mtype872.a(energest.o)
 .bss           0x000000000003bdd0        0x8 build/cooja/mtype872.a(etimer.o)
 .bss           0x000000000003bdd8        0x2 build/cooja/mtype872.a(node-id.o)
                0x000000000003bdd8                node_id
 *fill*         0x000000000003bdda        0x2 
 .bss           0x000000000003bddc        0x4 build/cooja/mtype872.a(rtimer.o)
 .bss           0x000000000003bde0      0x1a1 build/cooja/mtype872.a(process.o)
                0x000000000003bde0                process_list
                0x000000000003bde4                process_current
 .bss           0x000000000003bf81        0x0 build/cooja/mtype872.a(timer.o)
 .bss           0x000000000003bf81        0x0 build/cooja/mtype872.a(list.o)
 .bss           0x000000000003bf81        0x0 build/cooja/mtype872.a(memb.o)
 *fill*         0x000000000003bf81        0x3 
 .bss           0x000000000003bf84       0x10 build/cooja/mtype872.a(button-hal.o)
 *fill*         0x000000000003bf94        0xc 
 .bss           0x000000000003bfa0      0x140 build/cooja/mtype872.a(serial-line.o)
 .bss           0x000000000003c0e0        0x4 build/cooja/mtype872.a(gpio-hal.o)
 *fill*         0x000000000003c0e4       0x1c 
 .bss           0x000000000003c100     0x2c80 build/cooja/mtype872.a(queuebuf.o)