Archive member included to satisfy reference by file (symbol)

build/cooja/mtype684.a(simEnvChange.o)
                              build/cooja/mtype684.o (simDontFallAsleep)
build/cooja/mtype684.a(cooja_mt.o)
                              build/cooja/mtype684.o (cooja_mt_start)
build/cooja/mtype684.a(cooja_mtarch.o)
                              build/cooja/mtype684.a(cooja_mt.o) (cooja_mtarch_start)
build/cooja/mtype684.a(rtimer-arch.o)
                              build/cooja/mtype684.o (rtimer_arch_check)
build/cooja/mtype684.a(beep.o)
                              build/cooja/mtype684.o (beep_interface)
build/cooja/mtype684.a(leds-arch.o)
                              build/cooja/mtype684.o (leds_interface)
build/cooja/mtype684.a(moteid.o)
                              build/cooja/mtype684.o (moteid_interface)
build/cooja/mtype684.a(pir-sensor.o)
                              build/cooja/mtype684.o (pir_interface)
build/cooja/mtype684.a(rs232.o)
                              build/cooja/mtype684.o (rs232_interface)
build/cooja/mtype684.a(vib-sensor.o)
                              build/cooja/mtype684.o (vib_interface)
build/cooja/mtype684.a(clock.o)
                              build/cooja/mtype684.o (clock_interface)
build/cooja/mtype684.a(cooja-log.o)
                              build/cooja/mtype684.o (simlog_interface)
build/cooja/mtype684.a(cfs-cooja.o)
                              build/cooja/mtype684.o (cfs_interface)
build/cooja/mtype684.a(cooja-radio.o)
                              build/cooja/mtype684.o (radio_interface)
build/cooja/mtype684.a(eeprom.o)
                              build/cooja/mtype684.o (eeprom_interface)
build/cooja/mtype684.a(random.o)
                              build/cooja/mtype684.a(moteid.o) (random_init)
build/cooja/mtype684.a(sensors.o)
                              build/cooja/mtype684.a(pir-sensor.o) (sensors_changed)
build/cooja/mtype684.a(leds.o)
                              coap_server_sprinkler.o (leds_set)
build/cooja/mtype684.a(gpio-hal-arch.o)
                              build/cooja/mtype684.a(leds-arch.o) (gpio_hal_arch_register_pin_callback)
build/cooja/mtype684.a(buttons.o)
                              build/cooja/mtype684.o (button_interface)
build/cooja/mtype684.a(res-temp.o)
                              coap_server_sprinkler.o (temp_value)
build/cooja/mtype684.a(res-sprinkler.o)
                              coap_server_sprinkler.o (is_on)
build/cooja/mtype684.a(res-hum.o)
                              coap_server_sprinkler.o (hum_value)
build/cooja/mtype684.a(coap-blocking-a)
                              coap_server_sprinkler.o (coap_blocking_request)
build/cooja/mtype684.a(coap-engine.o)
                              coap_server_sprinkler.o (coap_activate_resource)
build/cooja/mtype684.a(coap-res-well-k)
                              build/cooja/mtype684.a(coap-engine.o) (res_well_known_core)
build/cooja/mtype684.a(coap-observe.o)
                              build/cooja/mtype684.a(coap-engine.o) (coap_remove_observer_by_mid)
build/cooja/mtype684.a(coap-uip.o)
                              build/cooja/mtype684.a(coap-observe.o) (coap_endpoint_copy)
build/cooja/mtype684.a(coap-timer.o)
                              build/cooja/mtype684.a(coap-engine.o) (coap_timer_set)
build/cooja/mtype684.a(coap-transactio)
                              build/cooja/mtype684.a(coap-blocking-a) (coap_send_transaction)
build/cooja/mtype684.a(coap.o)
                              build/cooja/mtype684.a(coap-engine.o) (coap_status_code)
build/cooja/mtype684.a(contiki-main.o)
                              build/cooja/mtype684.o (main)
build/cooja/mtype684.a(autostart.o)
                              build/cooja/mtype684.a(contiki-main.o) (autostart_start)
build/cooja/mtype684.a(ctimer.o)
                              build/cooja/mtype684.a(contiki-main.o) (ctimer_init)
build/cooja/mtype684.a(log.o)
                              build/cooja/mtype684.a(contiki-main.o) (curr_log_level_main)
build/cooja/mtype684.a(energest.o)
                              build/cooja/mtype684.a(contiki-main.o) (energest_init)
build/cooja/mtype684.a(etimer.o)
                              build/cooja/mtype684.a(contiki-main.o) (etimer_process)
build/cooja/mtype684.a(node-id.o)
                              build/cooja/mtype684.a(contiki-main.o) (node_id)
build/cooja/mtype684.a(rtimer.o)
                              build/cooja/mtype684.a(contiki-main.o) (rtimer_init)
build/cooja/mtype684.a(process.o)
                              build/cooja/mtype684.a(coap-blocking-a) (process_current)
build/cooja/mtype684.a(timer.o)
                              build/cooja/mtype684.a(etimer.o) (timer_set)
build/cooja/mtype684.a(list.o)
                              build/cooja/mtype684.a(coap-engine.o) (list_init)
build/cooja/mtype684.a(memb.o)
                              build/cooja/mtype684.a(coap-observe.o) (memb_alloc)
build/cooja/mtype684.a(button-hal.o)
[...]
Memory Configuration

Name             Origin             Length             Attributes
*default*        0x0000000000000000 0xffffffffffffffff

Linker script and memory map

LOAD /usr/lib/gcc/i686-linux-gnu/5/../../../i386-linux-gnu/crti.o
LOAD /usr/lib/gcc/i686-linux-gnu/5/crtbeginS.o
LOAD coap_server_sprinkler.o
LOAD build/cooja/mtype684.o
LOAD build/cooja/mtype684.a
LOAD /usr/lib/gcc/i686-linux-gnu/5/libgcc.a
LOAD /usr/lib/gcc/i686-linux-gnu/5/libgcc_s.so
LOAD /usr/lib/gcc/i686-linux-gnu/5/../../../i386-linux-gnu/libc.so
START GROUP
LOAD /lib/i386-linux-gnu/libc.so.6
LOAD /usr/lib/i386-linux-gnu/libc_nonshared.a
LOAD /lib/i386-linux-gnu/ld-linux.so.2
END GROUP
LOAD /usr/lib/gcc/i686-linux-gnu/5/libgcc.a
LOAD /usr/lib/gcc/i686-linux-gnu/5/libgcc_s.so
LOAD /usr/lib/gcc/i686-linux-gnu/5/crtendS.o
LOAD /usr/lib/gcc/i686-linux-gnu/5/../../../i386-linux-gnu/crtn.o
                0x0000000000000114                . = (0x0 + SIZEOF_HEADERS)

.note.gnu.build-id
                0x0000000000000114       0x24
 *(.note.gnu.build-id)
 .note.gnu.build-id
                0x0000000000000114       0x24 /usr/lib/gcc/i686-linux-gnu/5/../../../i386-linux-gnu/crti.o

.hash
 *(.hash)

.gnu.hash       0x0000000000000138     0x15c8
 *(.gnu.hash)
 .gnu.hash      0x0000000000000138     0x15c8 /usr/lib/gcc/i686-linux-gnu/5/../../../i386-linux-gnu/crti.o

.dynsym         0x0000000000001700     0x2fc0
 *(.dynsym)
 .dynsym        0x0000000000001700     0x2fc0 /usr/lib/gcc/i686-linux-gnu/5/../../../i386-linux-gnu/crti.o

.dynstr         0x00000000000046c0     0x372f
 *(.dynstr)
 .dynstr        0x00000000000046c0     0x372f /usr/lib/gcc/i686-linux-gnu/5/../../../i386-linux-gnu/crti.o

.gnu.version    0x0000000000007df0      0x5f8
 *(.gnu.version)
 .gnu.version   0x0000000000007df0      0x5f8 /usr/lib/gcc/i686-linux-gnu/5/../../../i386-linux-gnu/crti.o

.gnu.version_d  0x00000000000083e8        0x0
 *(.gnu.version_d)
 .gnu.version_d
                0x00000000000083e8        0x0 /usr/lib/gcc/i686-linux-gnu/5/../../../i386-linux-gnu/crti.o

.gnu.version_r  0x00000000000083e8       0x40
 *(.gnu.version_r)
 .gnu.version_r
                0x00000000000083e8       0x40 /usr/lib/gcc/i686-linux-gnu/5/../../../i386-linux-gnu/crti.o

.rel.dyn        0x0000000000008428     0x99c0
 *(.rel.init)
 .rel.init      0x0000000000008428        0x0 /usr/lib/gcc/i686-linux-gnu/5/../../../i386-linux-gnu/crti.o
 *(.rel.text .rel.text.* .rel.gnu.linkonce.t.*)
 .rel.text      0x0000000000008428     0x8fa8 /usr/lib/gcc/i686-linux-gnu/5/../../../i386-linux-gnu/crti.o
 *(.rel.fini)
 .rel.fini      0x00000000000113d0        0x0 /usr/lib/gcc/i686-linux-gnu/5/../../../i386-linux-gnu/crti.o
 *(.rel.rodata .rel.rodata.* .rel.gnu.linkonce.r.*)
 .rel.rodata    0x00000000000113d0      0x588 /usr/lib/gcc/i686-linux-gnu/5/../../../i386-linux-gnu/crti.o
 *(.rel.data.rel.ro .rel.data.rel.ro.* .rel.gnu.linkonce.d.rel.ro.*)
 *(.rel.data .rel.data.* .rel.gnu.linkonce.d.*)
 .rel.data.rel.local
                0x0000000000011958        0x8 /usr/lib/gcc/i686-linux-gnu/5/../../../i386-linux-gnu/crti.o
 .rel.data      0x0000000000011960      0x450 /usr/lib/gcc/i686-linux-gnu/5/../../../i386-linux-gnu/crti.o
 *(.rel.tdata .rel.tdata.* .rel.gnu.linkonce.td.*)
 *(.rel.tbss .rel.tbss.* .rel.gnu.linkonce.tb.*)
 *(.rel.ctors)
 *(.rel.dtors)
 *(.rel.got)
 .rel.got       0x0000000000011db0       0x28 /usr/lib/gcc/i686-linux-gnu/5/../../../i386-linux-gnu/crti.o
 *(.rel.bss .rel.bss.* .rel.gnu.linkonce.b.*)
 *(.rel.ifunc)
 .rel.ifunc     0x0000000000011dd8        0x0 /usr/lib/gcc/i686-linux-gnu/5/../../../i386-linux-gnu/crti.o
 .rel.fini_array
                0x0000000000011dd8        0x8 /usr/lib/gcc/i686-linux-gnu/5/../../../i386-linux-gnu/crti.o
 .rel.init_array
                0x0000000000011de0        0x8 /usr/lib/gcc/i686-linux-gnu/5/../../../i386-linux-gnu/crti.o

.rel.plt        0x0000000000011de8        0x0
 *(.rel.plt)
 .rel.plt       0x0000000000011de8        0x0 /usr/lib/gcc/i686-linux-gnu/5/../../../i386-linux-gnu/crti.o
 *(.rel.iplt)

.init           0x0000000000011de8       0x23
 *(SORT(.init))
 .init          0x0000000000011de8       0x1e /usr/lib/gcc/i686-linux-gnu/5/../../../i386-linux-gnu/crti.o
                0x0000000000011de8                _init
 .init          0x0000000000011e06        0x5 /usr/lib/gcc/i686-linux-gnu/5/../../../i386-linux-gnu/crtn.o

.plt            0x0000000000011e10       0x10
 *(.plt)
 .plt           0x0000000000011e10       0x10 /usr/lib/gcc/i686-linux-gnu/5/../../../i386-linux-gnu/crti.o
 *(.iplt)

.plt.got        0x0000000000011e20       0x10
 *(.plt.got)
 .plt.got       0x0000000000011e20       0x10 /usr/lib/gcc/i686-linux-gnu/5/../../../i386-linux-gnu/crti.o

.text           0x0000000000011e30    0x19342
 *(.text.unlikely .text.*_unlikely .text.unlikely.*)
 .text.unlikely
                0x0000000000011e30        0x0 /usr/lib/gcc/i686-linux-gnu/5/crtbeginS.o
 .text.unlikely
                0x0000000000011e30        0x0 /usr/lib/gcc/i686-linux-gnu/5/libgcc.a(_udivdi3.o)
 *(.text.exit .text.exit.*)
 *(.text.startup .text.startup.*)
 *(.text.hot .text.hot.*)
 *(.text .stub .text.* .gnu.linkonce.t.*)
 .text          0x0000000000011e30        0x0 /usr/lib/gcc/i686-linux-gnu/5/../../../i386-linux-gnu/crti.o
 .gnu.linkonce.t.__x86.get_pc_thunk.bx
                0x0000000000011e30        0x4 /usr/lib/gcc/i686-linux-gnu/5/../../../i386-linux-gnu/crti.o
                0x0000000000011e30                __x86.get_pc_thunk.bx
 *fill*         0x0000000000011e34        0xc 
 .text          0x0000000000011e40      0x11c /usr/lib/gcc/i686-linux-gnu/5/crtbeginS.o
 .text.__x86.get_pc_thunk.dx
                0x0000000000011f5c        0x4 /usr/lib/gcc/i686-linux-gnu/5/crtbeginS.o
                0x0000000000011f5c                __x86.get_pc_thunk.dx
 .text          0x0000000000011f60      0x625 coap_server_sprinkler.o
                0x0000000000011f60                client_chunk_handler
                0x0000000000011fe3                handle_humidity
 .text          0x0000000000012585      0x283 build/cooja/mtype684.o
                0x0000000000012617                platform_init_stage_one
                0x000000000001262a                platform_init_stage_two
                0x000000000001263d                platform_init_stage_three
                0x0000000000012650                platform_main_loop
                0x00000000000126c3                Java_org_contikios_cooja_corecomm_Lib31_init
                0x00000000000126fa                Java_org_contikios_cooja_corecomm_Lib31_getMemory
                0x000000000001272d                Java_org_contikios_cooja_corecomm_Lib31_setMemory
                0x000000000001278d                Java_org_contikios_cooja_corecomm_Lib31_tick
                0x00000000000127f5                Java_org_contikios_cooja_corecomm_Lib31_setReferenceAddress
 .text          0x0000000000012808       0x65 build/cooja/mtype684.a(simEnvChange.o)
                0x0000000000012808                doActionsBeforeTick
                0x000000000001283a                doActionsAfterTick
 .text          0x000000000001286d       0x83 build/cooja/mtype684.a(cooja_mt.o)
                0x000000000001286d                cooja_mt_start
                0x0000000000012897                cooja_mt_exec
                0x00000000000128cd                cooja_mt_yield
 .text          0x00000000000128f0       0xbe build/cooja/mtype684.a(cooja_mtarch.o)
                0x00000000000128f0                cooja_mtarch_start
                0x0000000000012963                cooja_sw
                0x0000000000012986                cooja_mtarch_exec
                0x00000000000129a3                cooja_mtarch_yield
 .text          0x00000000000129ae       0xc5 build/cooja/mtype684.a(rtimer-arch.o)
                0x00000000000129ae                rtimer_arch_init
                0x00000000000129d2                rtimer_arch_schedule
                0x0000000000012a02                rtimer_arch_next
                0x0000000000012a12                rtimer_arch_pending
                0x0000000000012a1c                rtimer_arch_check
                0x0000000000012a63                rtimer_arch_now
 .text          0x0000000000012a73       0x81 build/cooja/mtype684.a(beep.o)
                0x0000000000012a73                beep_alarm
                0x0000000000012a80                beep_beep
                0x0000000000012a8d                beep
                0x0000000000012a9a                beep_down
                0x0000000000012aa7                beep_on
                0x0000000000012ab4                beep_off
                0x0000000000012ac1                beep_spinup
                0x0000000000012ace                beep_quick
                0x0000000000012adb                beep_long
 .text          0x0000000000012af4       0x65 build/cooja/mtype684.a(leds-arch.o)
                0x0000000000012b07                leds_arch_init
 .text          0x0000000000012b59       0x35 build/cooja/mtype684.a(moteid.o)
 .text          0x0000000000012b8e       0xb7 build/cooja/mtype684.a(pir-sensor.o)
 .text          0x0000000000012c45      0x148 build/cooja/mtype684.a(rs232.o)
                0x0000000000012c45                rs232_init
                0x0000000000012c4b                rs232_set_speed
                0x0000000000012c5a                rs232_set_input
                0x0000000000012c68                rs232_send
                0x0000000000012c8c                rs232_print
                0x0000000000012ca8                slip_arch_writeb
 .text          0x0000000000012d8d       0xb7 build/cooja/mtype684.a(vib-sensor.o)
 .text          0x0000000000012e44       0x38 build/cooja/mtype684.a(clock.o)
                0x0000000000012e44                clock_init
                0x0000000000012e4a                clock_time
                0x0000000000012e54                clock_seconds
                0x0000000000012e6a                clock_delay
 .text          0x0000000000012e7c      0x219 build/cooja/mtype684.a(cooja-log.o)
                0x0000000000012e7c                simlog_char
                0x0000000000012ebf                simlog
                0x0000000000012f35                log_message
                0x0000000000012f66                log_set_putchar_with_slip
                0x0000000000012f74                log_putchar
                0x0000000000012fef                log_puts
                0x0000000000013017                log_printf
 .text          0x0000000000013095      0x2b9 build/cooja/mtype684.a(cfs-cooja.o)
                0x0000000000013095                cfs_open
                0x00000000000130fe                cfs_close
                0x000000000001310b                cfs_read
                0x00000000000131a0                cfs_write
                0x000000000001327c                cfs_seek
                0x0000000000013304                cfs_remove
                0x0000000000013328                cfs_opendir
                0x0000000000013332                cfs_readdir
                0x000000000001333c                cfs_closedir
 .text          0x000000000001334e      0x620 build/cooja/mtype684.a(cooja-radio.o)
                0x0000000000013390                radio_set_channel
                0x000000000001339e                radio_set_txpower
                0x00000000000133b6                radio_signal_strength_last
                0x00000000000133c0                radio_signal_strength_current
                0x00000000000133ca                radio_LQI
 .text          0x000000000001396e       0xee build/cooja/mtype684.a(eeprom.o)
                0x000000000001396e                eeprom_init
                0x0000000000013974                eeprom_read
                0x00000000000139e2                eeprom_write
 .text          0x0000000000013a5c       0x2d build/cooja/mtype684.a(random.o)
                0x0000000000013a5c                random_init
                0x0000000000013a7c                random_rand
 .text          0x0000000000013a89      0x29c build/cooja/mtype684.a(sensors.o)
                0x0000000000013ac4                sensors_first
                0x0000000000013ace                sensors_next
                0x0000000000013ae8                sensors_changed
                0x0000000000013b1c                sensors_find
 .text          0x0000000000013d25      0x349 build/cooja/mtype684.a(leds.o)
                0x0000000000013d25                leds_init
                0x0000000000013d6c                leds_single_on
                0x0000000000013dcb                leds_single_off
                0x0000000000013e2a                leds_single_toggle
                0x0000000000013e5c                leds_on
                0x0000000000013ede                leds_off
                0x0000000000013f60                leds_toggle
                0x0000000000013fb5                leds_set
                0x0000000000013fe1                leds_get
 .text          0x000000000001406e      0x343 build/cooja/mtype684.a(gpio-hal-arch.o)
                0x000000000001406e                gpio_hal_arch_register_pin_callback
                0x00000000000140da                gpio_hal_arch_init
                0x000000000001411f                gpio_hal_arch_no_port_interrupt_enable
                0x000000000001414f                gpio_hal_arch_no_port_interrupt_disable
                0x000000000001417f                gpio_hal_arch_no_port_pin_cfg_set
                0x00000000000141a4                gpio_hal_arch_no_port_pin_cfg_get
                0x00000000000141ca                gpio_hal_arch_no_port_pin_set_input
                0x00000000000141dc                gpio_hal_arch_no_port_pin_set_output
                0x00000000000141ee                gpio_hal_arch_no_port_set_pin
                0x000000000001420f                gpio_hal_arch_no_port_clear_pin
                0x0000000000014230                gpio_hal_arch_no_port_read_pin
                0x0000000000014256                gpio_hal_arch_no_port_write_pin
                0x0000000000014280                gpio_hal_arch_no_port_set_pins
                0x00000000000142c7                gpio_hal_arch_no_port_clear_pins
                0x000000000001430e                gpio_hal_arch_no_port_read_pins
                0x0000000000014351                gpio_hal_arch_no_port_write_pins
 .text          0x00000000000143b1       0x89 build/cooja/mtype684.a(buttons.o)
 .text          0x000000000001443a      0x3e7 build/cooja/mtype684.a(res-temp.o)
 .text          0x0000000000014821      0x457 build/cooja/mtype684.a(res-sprinkler.o)
 .text          0x0000000000014c78      0x42c build/cooja/mtype684.a(res-hum.o)
 .text          0x00000000000150a4      0x27b build/cooja/mtype684.a(coap-blocking-a)
                0x00000000000150a4                coap_blocking_request_callback
                0x00000000000150ce                coap_blocking_request
 .text          0x000000000001531f      0xbea build/cooja/mtype684.a(coap-engine.o)
                0x00000000000153b4                coap_add_handler
                0x00000000000153d1                coap_remove_handler
                0x00000000000153ee                coap_call_handlers
                0x00000000000154f6                coap_receive
                0x0000000000015af1                coap_engine_init
                0x0000000000015b4f                coap_activate_resource
                0x0000000000015bfa                coap_get_first_resource
                0x0000000000015c13                coap_get_next_resource
 .text          0x0000000000015f09      0x2d9 build/cooja/mtype684.a(coap-res-well-k)
 .text          0x00000000000161e2      0x96a build/cooja/mtype684.a(coap-observe.o)
                0x00000000000162f7                coap_remove_observer
                0x0000000000016327                coap_remove_observer_by_client
                0x000000000001638f                coap_remove_observer_by_token
                0x0000000000016422                coap_remove_observer_by_uri
                0x00000000000164c9                coap_remove_observer_by_mid
                0x0000000000016545                coap_notify_observers
                0x000000000001655e                coap_notify_observers_sub
                0x00000000000169c8                coap_observe_handler
                0x0000000000016ae3                coap_has_observers
 .text          0x0000000000016b4c      0x733 build/cooja/mtype684.a(coap-uip.o)
                0x0000000000016b4c                coap_endpoint_log
                0x0000000000016bd2                coap_endpoint_print
                0x0000000000016c58                coap_endpoint_snprint
                0x0000000000016d8b                coap_endpoint_copy
                0x0000000000016dc8                coap_endpoint_cmp
                0x0000000000016ed6                coap_endpoint_parse
                0x00000000000170c1                coap_endpoint_is_secure
                0x00000000000170d0                coap_endpoint_is_connected
                0x0000000000017104                coap_endpoint_connect
                0x0000000000017120                coap_endpoint_disconnect
                0x0000000000017126                coap_databuf
                0x0000000000017130                coap_transport_init
                0x0000000000017180                coap_sendto
 .text          0x000000000001727f      0x324 build/cooja/mtype684.a(coap-timer.o)
                0x000000000001737c                coap_timer_stop
                0x00000000000173a7                coap_timer_set
                0x00000000000173ea                coap_timer_reset
                0x000000000001742d                coap_timer_time_to_next_expiration
                0x0000000000017499                coap_timer_run
                0x0000000000017565                coap_timer_init
 .text          0x00000000000175a3      0x2c6 build/cooja/mtype684.a(coap-transactio)
                0x0000000000017609                coap_new_transaction
                0x000000000001766f                coap_send_transaction
                0x00000000000177d0                coap_clear_transaction
                0x0000000000017818                coap_get_transaction_by_mid
 .text          0x0000000000017869     0x1c53 build/cooja/mtype684.a(coap.o)
                0x0000000000017dd6                coap_init_connection
                0x0000000000017dea                coap_get_mid
                0x0000000000017e06                coap_init_message
                0x0000000000017e4f                coap_serialize_message
                0x00000000000184d1                coap_parse_message
                0x0000000000018b38                coap_get_query_variable
                0x0000000000018b7a                coap_get_post_variable
                0x0000000000018bbe                coap_set_status_code
                0x0000000000018be3                coap_set_token
                0x0000000000018c2a                coap_get_header_content_format
                0x0000000000018c5b                coap_set_header_content_format
                0x0000000000018c7e                coap_get_header_accept
                0x0000000000018caf                coap_set_header_accept
                0x0000000000018cd2                coap_get_header_max_age
                0x0000000000018d03                coap_set_header_max_age
                0x0000000000018d23                coap_get_header_etag
                0x0000000000018d55                coap_set_header_etag
                0x0000000000018dac                coap_get_header_if_match
                0x0000000000018dde                coap_set_header_if_match
                0x0000000000018e35                coap_get_header_if_none_match
                0x0000000000018e4f                coap_set_header_if_none_match
                0x0000000000018e66                coap_get_header_proxy_uri
                0x0000000000018e94                coap_set_header_proxy_uri
                0x0000000000018ed1                coap_get_header_uri_host
                0x0000000000018eff                coap_set_header_uri_host
                0x0000000000018f3c                coap_get_header_uri_path
                0x0000000000018f6a                coap_set_header_uri_path
                0x0000000000018fb7                coap_get_header_uri_query
                0x0000000000018feb                coap_set_header_uri_query
                0x0000000000019041                coap_get_header_location_path
                0x000000000001906f                coap_set_header_location_path
                0x0000000000019108                coap_get_header_location_query
                0x0000000000019136                coap_set_header_location_query
                0x0000000000019183                coap_get_header_observe
                0x00000000000191b2                coap_set_header_observe
                0x00000000000191d2                coap_get_header_block2
                0x000000000001923e                coap_set_header_block2
                0x00000000000192b5                coap_get_header_block1
                0x000000000001932a                coap_set_header_block1
                0x00000000000193a5                coap_get_header_size2
                0x00000000000193d5                coap_set_header_size2
                0x00000000000193f8                coap_get_header_size1
                0x0000000000019428                coap_set_header_size1
                0x000000000001944b                coap_get_payload
                0x0000000000019485                coap_set_payload
 .text          0x00000000000194bc      0x332 build/cooja/mtype684.a(contiki-main.o)
                0x00000000000194bc                main
 .text          0x00000000000197ee       0x92 build/cooja/mtype684.a(autostart.o)
                0x00000000000197ee                autostart_start
                0x0000000000019838                autostart_exit
 .text          0x0000000000019880      0x355 build/cooja/mtype684.a(ctimer.o)
                0x00000000000199a8                ctimer_init
                0x00000000000199db                ctimer_set
                0x0000000000019a01                ctimer_set_with_process
                0x0000000000019a7e                ctimer_reset
                0x0000000000019ad2                ctimer_restart
                0x0000000000019b26                ctimer_stop
                0x0000000000019b76                ctimer_expired
 .text          0x0000000000019bd5      0x394 build/cooja/mtype684.a(log.o)
                0x0000000000019bd5                log_6addr
                0x0000000000019c28                log_6addr_compact_snprint
                0x0000000000019cc6                log_6addr_compact
                0x0000000000019d19                log_lladdr
                0x0000000000019d8b                log_lladdr_compact
                0x0000000000019df3                log_set_level
                0x0000000000019eae                log_get_level
                0x0000000000019f27                log_level_to_str
 .text          0x0000000000019f69       0x1b build/cooja/mtype684.a(energest.o)
                0x0000000000019f69                energest_init
                0x0000000000019f6f                energest_flush
                0x0000000000019f75                energest_get_total_time
 .text          0x0000000000019f84      0x43f build/cooja/mtype684.a(etimer.o)
                0x000000000001a1a8                etimer_request_poll
                0x000000000001a231                etimer_set
                0x000000000001a25a                etimer_reset_with_new_interval
                0x000000000001a289                etimer_reset
                0x000000000001a2af                etimer_restart
                0x000000000001a2d5                etimer_adjust
                0x000000000001a2f2                etimer_expired
                0x000000000001a305                etimer_expiration_time
                0x000000000001a317                etimer_start_time
                0x000000000001a321                etimer_pending
                0x000000000001a333                etimer_next_expiration_time
                0x000000000001a34d                etimer_stop
 .text          0x000000000001a3c3       0x25 build/cooja/mtype684.a(node-id.o)
                0x000000000001a3c3                node_id_init
 .text          0x000000000001a3e8       0xeb build/cooja/mtype684.a(rtimer.o)
                0x000000000001a3e8                rtimer_init
                0x000000000001a3f6                rtimer_set
                0x000000000001a471                rtimer_run_next
 .text          0x000000000001a4d3      0x4fb build/cooja/mtype684.a(process.o)
                0x000000000001a4d3                process_alloc_event
                0x000000000001a4e8                process_start
                0x000000000001a6c2                process_exit
                0x000000000001a6df                process_init
                0x000000000001a874                process_run
                0x000000000001a8a7                process_nevents
                0x000000000001a8c2                process_post
                0x000000000001a955                process_post_synch
                0x000000000001a98a                process_poll
                0x000000000001a9ba                process_is_running
 .text          0x000000000001a9ce       0xb1 build/cooja/mtype684.a(timer.o)
                0x000000000001a9ce                timer_set
                0x000000000001a9ec                timer_reset
                0x000000000001aa19                timer_restart
                0x000000000001aa2e                timer_expired
                0x000000000001aa5b                timer_remaining
 .text          0x000000000001aa7f      0x28f build/cooja/mtype684.a(list.o)
                0x000000000001aa7f                list_init
                0x000000000001aa8e                list_head
                0x000000000001aa98                list_copy
                0x000000000001aaa8                list_tail
                0x000000000001aade                list_add
                0x000000000001ab2a                list_push
                0x000000000001ab56                list_chop
                0x000000000001abc0                list_pop
                0x000000000001abe8                list_remove
                0x000000000001ac50                list_length
                0x000000000001ac7e                list_insert
                0x000000000001acc3                list_item_next
                0x000000000001acda                list_contains
 .text          0x000000000001ad0e      0x1b5 build/cooja/mtype684.a(memb.o)
                0x000000000001ad0e                memb_init
                0x000000000001ad63                memb_alloc
                0x000000000001adc6                memb_free
                0x000000000001ae3d                memb_inmemb
                0x000000000001ae7c                memb_numfree
 .text          0x000000000001aec3      0x41c build/cooja/mtype684.a(button-hal.o)
                0x000000000001b03c                button_hal_get_by_id
                0x000000000001b07a                button_hal_get_by_index
                0x000000000001b0a6                button_hal_get_state
                0x000000000001b0f8                button_hal_init
 .text          0x000000000001b2df      0x1f3 build/cooja/mtype684.a(serial-line.o)
                0x000000000001b2df                serial_line_input_byte
                0x000000000001b49d                serial_line_init
 .text          0x000000000001b4d2      0x168 build/cooja/mtype684.a(gpio-hal.o)
                0x000000000001b4d2                gpio_hal_register_handler
                0x000000000001b4ef                gpio_hal_event_handler
                0x000000000001b54b                gpio_hal_init
                0x000000000001b56a                gpio_hal_arch_port_toggle_pin
                0x000000000001b5a6                gpio_hal_arch_port_toggle_pins
                0x000000000001b5d4                gpio_hal_arch_no_port_toggle_pin
                0x000000000001b612                gpio_hal_arch_no_port_toggle_pins
 .text          0x000000000001b63a      0x2e7 build/cooja/mtype684.a(queuebuf.o)
                0x000000000001b644                queuebuf_init
                0x000000000001b66d                queuebuf_numfree
                0x000000000001b685                queuebuf_new_from_packetbuf
                0x000000000001b724                queuebuf_update_attr_from_packetbuf
                0x000000000001b759                queuebuf_update_from_packetbuf
                0x000000000001b7a9                queuebuf_free
                0x000000000001b7f2                queuebuf_to_packetbuf
                0x000000000001b85e                queuebuf_dataptr
                0x000000000001b898                queuebuf_datalen
                0x000000000001b8bb                queuebuf_addr
                0x000000000001b8f0                queuebuf_attr
                0x000000000001b91b                queuebuf_debug_print
 .text          0x000000000001b921      0x407 build/cooja/mtype684.a(packetbuf.o)
                0x000000000001b921                packetbuf_clear
                0x000000000001b94c                packetbuf_copyfrom
                0x000000000001b99b                packetbuf_copyto
                0x000000000001ba2e                packetbuf_hdralloc
                0x000000000001baaa                packetbuf_hdrreduce
                0x000000000001baf0                packetbuf_set_datalen
                0x000000000001bb0a                packetbuf_dataptr
                0x000000000001bb27                packetbuf_hdrptr
                0x000000000001bb31                packetbuf_datalen
                0x000000000001bb3d                packetbuf_hdrlen
                0x000000000001bb54                packetbuf_totlen
                0x000000000001bb6a                packetbuf_remaininglen
                0x000000000001bb7d                packetbuf_attr_clear
                0x000000000001bbc9                packetbuf_attr_copyto
                0x000000000001bc21                packetbuf_attr_copyfrom
                0x000000000001bc79                packetbuf_set_attr
                0x000000000001bca3                packetbuf_attr
                0x000000000001bcbd                packetbuf_set_addr
                0x000000000001bcee                packetbuf_addr
                0x000000000001bd0b                packetbuf_holds_broadcast
 .text          0x000000000001bd28       0xef build/cooja/mtype684.a(netstack.o)
                0x000000000001bd28                netstack_process_ip_callback
                0x000000000001bdb9                netstack_ip_packet_processor_add
                0x000000000001bddc                uip_ds6_ip_packet_processor_rm
                0x000000000001bdf9                netstack_init
 .text          0x000000000001be17       0x4f build/cooja/mtype684.a(linkaddr.o)
                0x000000000001be17                linkaddr_copy
                0x000000000001be2d                linkaddr_cmp
                0x000000000001be50                linkaddr_set_node_addr
 .text          0x000000000001be66      0x1f6 build/cooja/mtype684.a(csma.o)
 .text          0x000000000001c05c      0x95d build/cooja/mtype684.a(csma-output.o)
                0x000000000001c6f3                csma_output_packet
                0x000000000001c980                csma_output_init
 .text          0x000000000001c9b9      0xc11 build/cooja/mtype684.a(uip-ds6.o)
                0x000000000001c9b9                uip_ds6_default_prefix
                0x000000000001c9c3                uip_ds6_set_default_prefix
                0x000000000001c9ee                uip_ds6_init
                0x000000000001cc50                uip_ds6_periodic
                0x000000000001ccd7                uip_ds6_list_loop
                0x000000000001cd97                uip_ds6_prefix_add
                0x000000000001ce43                uip_ds6_prefix_rm
                0x000000000001ce56                uip_ds6_prefix_lookup
                0x000000000001ce95                uip_ds6_is_addr_onlink
                0x000000000001cf08                uip_ds6_addr_add
                0x000000000001d028                uip_ds6_addr_rm
                0x000000000001d0d1                uip_ds6_addr_lookup
                0x000000000001d10a                uip_ds6_get_link_local
                0x000000000001d18b                uip_ds6_get_global
                0x000000000001d20c                uip_ds6_maddr_add
                0x000000000001d26c                uip_ds6_maddr_rm
                0x000000000001d27f                uip_ds6_maddr_lookup
                0x000000000001d2b8                uip_ds6_aaddr_add
                0x000000000001d318                uip_ds6_aaddr_rm
                0x000000000001d32b                uip_ds6_aaddr_lookup
                0x000000000001d364                uip_ds6_select_src
                0x000000000001d4ad                uip_ds6_set_addr_iid
                0x000000000001d4d8                uip_ds6_set_lladdr_from_iid
                0x000000000001d501                get_match_length
                0x000000000001d592                uip_ds6_compute_reachable_time
 .text          0x000000000001d5ca      0x128 build/cooja/mtype684.a(uip-udp-packet.)
                0x000000000001d5ca                uip_udp_packet_send
                0x000000000001d625                uip_udp_packet_sendto
 .text          0x000000000001d6f2      0x35b build/cooja/mtype684.a(uip-ds6-route.o)
                0x000000000001d743                uip_ds6_route_init
                0x000000000001d76d                uip_ds6_route_nexthop
                0x000000000001d777                uip_ds6_route_head
                0x000000000001d781                uip_ds6_route_next
                0x000000000001d78b                uip_ds6_route_is_nexthop
                0x000000000001d795                uip_ds6_route_num_routes
                0x000000000001d79f                uip_ds6_route_lookup
                0x000000000001d7a9                uip_ds6_route_add
                0x000000000001d7bc                uip_ds6_route_rm
                0x000000000001d7c2                uip_ds6_route_rm_by_nexthop
                0x000000000001d7c8                uip_ds6_defrt_head
                0x000000000001d7e1                uip_ds6_defrt_add
                0x000000000001d88f                uip_ds6_defrt_rm
                0x000000000001d8f5                uip_ds6_defrt_lookup
                0x000000000001d95c                uip_ds6_defrt_choose
                0x000000000001d9d2                uip_ds6_defrt_periodic
 .text          0x000000000001da4d      0x6f7 build/cooja/mtype684.a(tcpip.o)
                0x000000000001da67                tcpip_output
                0x000000000001dae6                udp_attach
                0x000000000001dafe                udp_new
                0x000000000001db48                udp_broadcast_new
                0x000000000001dcba                tcpip_input
                0x000000000001de4a                tcpip_ipv6_output
                0x000000000001e03e                tcpip_poll_udp
                0x000000000001e05c                tcpip_uipcall
 .text          0x000000000001e144     0x1205 build/cooja/mtype684.a(uip6.o)
                0x000000000001e1f3                uip_chksum
                0x000000000001e2ca                uip_icmp6chksum
                0x000000000001e2df                uip_udpchksum
                0x000000000001e2f4                uip_init
                0x000000000001e33d                uip_remove_ext_hdr
                0x000000000001e417                uip_udp_new
                0x000000000001e72b                uip_process
                0x000000000001f223                uip_htons
                0x000000000001f245                uip_htonl
                0x000000000001f283                uip_send
 .text          0x000000000001f349      0x369 build/cooja/mtype684.a(uip-ds6-nbr.o)
                0x000000000001f349                uip_ds6_neighbors_init
                0x000000000001f36d                uip_ds6_nbr_add
                0x000000000001f3f3                uip_ds6_nbr_rm
                0x000000000001f43e                uip_ds6_nbr_update_ll
                0x000000000001f52c                uip_ds6_nbr_get_ipaddr
                0x000000000001f541                uip_ds6_nbr_get_ll
                0x000000000001f55d                uip_ds6_nbr_num
                0x000000000001f5a6                uip_ds6_nbr_head
                0x000000000001f5bf                uip_ds6_nbr_next
                0x000000000001f5db                uip_ds6_nbr_lookup
                0x000000000001f633                uip_ds6_nbr_ll_lookup
                0x000000000001f64f                uip_ds6_nbr_ipaddr_from_lladdr
                0x000000000001f678                uip_ds6_nbr_lladdr_from_ipaddr
                0x000000000001f6ac                uip_ds6_link_callback
 .text          0x000000000001f6b2      0x6a7 build/cooja/mtype684.a(uip-nd6.o)
                0x000000000001fd40                uip_nd6_init
 .text          0x000000000001fd59     0x2c17 build/cooja/mtype684.a(sicslowpan.o)
                0x0000000000020360                netstack_sniffer_add
                0x000000000002036e                netstack_sniffer_remove
                0x0000000000022944                sicslowpan_init
                0x0000000000022966                sicslowpan_get_last_rssi
 .text          0x0000000000022970      0x4d1 build/cooja/mtype684.a(uiplib.o)
                0x0000000000022970                uiplib_ip6addrconv
                0x0000000000022b28                uiplib_ip4addrconv
                0x0000000000022beb                uiplib_ipaddr_print
                0x0000000000022c3e                uiplib_ipaddr_snprint
 .text          0x0000000000022e41      0x4c9 build/cooja/mtype684.a(rpl.o)
                0x0000000000022e41                rpl_lollipop_greater_than
                0x0000000000022e9b                rpl_get_global_address
                0x0000000000022f93                rpl_link_callback
                0x0000000000022fd7                rpl_has_joined
                0x0000000000022ffc                rpl_is_reachable
                0x000000000002307d                rpl_reset_prefix
                0x00000000000230e7                rpl_set_prefix_from_addr
                0x00000000000231cc                rpl_set_prefix
                0x00000000000232e6                rpl_set_leaf_only
                0x00000000000232fe                rpl_get_leaf_only
 .text          0x000000000002330a     0x138c build/cooja/mtype684.a(rpl-icmp6.o)
                0x000000000002342f                rpl_icmp6_update_nbr_table
                0x00000000000234b8                rpl_icmp6_dis_output
                0x0000000000023afe                rpl_icmp6_dio_output
                0x00000000000242fc                rpl_icmp6_dao_output
                0x00000000000245dd                rpl_icmp6_dao_ack_output
                0x000000000002464d                rpl_icmp6_init
 .text          0x0000000000024696      0x264 build/cooja/mtype684.a(rpl-dag-root.o)
                0x0000000000024696                rpl_dag_root_print_links
                0x00000000000247c2                rpl_dag_root_set_prefix
                0x00000000000247ee                rpl_dag_root_start
                0x00000000000248cb                rpl_dag_root_is_root
 .text          0x00000000000248fa       0x30 build/cooja/mtype684.a(watchdog.o)
                0x00000000000248fa                watchdog_init
                0x0000000000024900                watchdog_start
                0x0000000000024906                watchdog_periodic
                0x000000000002491e                watchdog_stop
                0x0000000000024924                watchdog_reboot
 .text          0x000000000002492a       0x4a build/cooja/mtype684.a(int-master.o)
                0x000000000002492a                int_master_enable
                0x000000000002493a                int_master_read_and_disable
                0x0000000000024957                int_master_status_set
                0x0000000000024965                int_master_is_enabled
 .text          0x0000000000024974      0x226 build/cooja/mtype684.a(coap-timer-defa)
 .text          0x0000000000024b9a       0xc7 build/cooja/mtype684.a(stimer.o)
                0x0000000000024b9a                stimer_set
                0x0000000000024bb8                stimer_reset
                0x0000000000024be5                stimer_restart
                0x0000000000024bfa                stimer_expired
                0x0000000000024c25                stimer_remaining
                0x0000000000024c49                stimer_elapsed
 .text          0x0000000000024c61      0x156 build/cooja/mtype684.a(ringbuf.o)
                0x0000000000024c61                ringbuf_init
                0x0000000000024c93                ringbuf_put
                0x0000000000024d11                ringbuf_get
                0x0000000000024d7e                ringbuf_size
                0x0000000000024d90                ringbuf_elements
 .text          0x0000000000024db7       0x1f build/cooja/mtype684.a(assert.o)
                0x0000000000024db7                _xassert
 .text          0x0000000000024dd6      0x79b build/cooja/mtype684.a(nbr-table.o)
                0x000000000002524f                nbr_table_register
                0x00000000000252bc                nbr_table_is_registered
                0x00000000000252f7                nbr_table_head
                0x0000000000025352                nbr_table_next
                0x00000000000253b3                nbr_table_add_lladdr
                0x000000000002548d                nbr_table_get_from_lladdr
                0x00000000000254d9                nbr_table_remove
                0x0000000000025511                nbr_table_lock
                0x000000000002552b                nbr_table_unlock
                0x0000000000025545                nbr_table_get_lladdr
 .text          0x0000000000025571      0x3a5 build/cooja/mtype684.a(link-stats.o)
                0x0000000000025571                link_stats_from_lladdr
                0x000000000002558d                link_stats_get_lladdr
                0x00000000000255a9                link_stats_is_fresh
                0x00000000000255e5                guess_etx_from_rssi
                0x0000000000025661                link_stats_packet_sent
                0x0000000000025781                link_stats_input_callback
                0x0000000000025891                link_stats_reset
                0x00000000000258e1                link_stats_init
 .text          0x0000000000025916      0x187 build/cooja/mtype684.a(mac-sequence.o)
                0x0000000000025916                mac_sequence_is_duplicate
                0x00000000000259b6                mac_sequence_register_seqno
 .text          0x0000000000025a9d       0x23 build/cooja/mtype684.a(mac.o)
                0x0000000000025a9d                mac_call_sent_callback
 .text          0x0000000000025ac0      0x432 build/cooja/mtype684.a(framer-802154.o)
                0x0000000000025c4f                framer_802154_setup_params
 .text          0x0000000000025ef2      0xb6f build/cooja/mtype684.a(frame802154.o)
                0x0000000000025f23                frame802154_get_pan_id
                0x0000000000025f2f                frame802154_set_pan_id
                0x0000000000025f49                frame802154_has_panid
                0x00000000000260f8                frame802154_check_dest_panid
                0x0000000000026180                frame802154_is_broadcast_addr
                0x00000000000261cd                frame802154_extract_linkaddr
                0x0000000000026432                frame802154_hdrlen
                0x00000000000264a5                frame802154_create_fcf
                0x000000000002655d                frame802154_create
                0x00000000000266d2                frame802154_parse_fcf
                0x00000000000267b4                frame802154_parse
 .text          0x0000000000026a61       0x2d build/cooja/mtype684.a(csma-security.o)
                0x0000000000026a61                csma_security_create_frame
                0x0000000000026a7f                csma_security_parse_frame
 .text          0x0000000000026a8e      0x4e4 build/cooja/mtype684.a(uipbuf.o)
                0x0000000000026a8e                uipbuf_clear
                0x0000000000026ab5                uipbuf_add_ext_hdr
                0x0000000000026b35                uipbuf_set_len
                0x0000000000026b62                uipbuf_set_len_field
                0x0000000000026b8e                uipbuf_get_len_field
                0x0000000000026bae                uipbuf_get_next_header
                0x0000000000026ce0                uipbuf_get_last_header
                0x0000000000026d59                uipbuf_search_header
                0x0000000000026e0f                uipbuf_get_attr
                0x0000000000026e36                uipbuf_set_attr
                0x0000000000026e6d                uipbuf_set_default_attr
                0x0000000000026ea4                uipbuf_clear_attr
                0x0000000000026ec8                uipbuf_set_attr_flag
                0x0000000000026ee9                uipbuf_clr_attr_flag
                0x0000000000026f10                uipbuf_is_attr_flag
                0x0000000000026f34                uipbuf_init
 .text          0x0000000000026f72      0x73f build/cooja/mtype684.a(uip-icmp6.o)
                0x0000000000026fe7                uip_icmp6_input
                0x000000000002703e                uip_icmp6_register_input_handler
                0x0000000000027191                uip_icmp6_error_output
                0x0000000000027442                uip_icmp6_send
                0x0000000000027639                uip_icmp6_echo_reply_callback_add
                0x000000000002766b                uip_icmp6_echo_reply_callback_rm
                0x0000000000027688                uip_icmp6_init
 .text          0x00000000000276b1      0x69b build/cooja/mtype684.a(uip-sr.o)
                0x00000000000276b1                uip_sr_num_nodes
                0x000000000002773f                uip_sr_get_node
                0x0000000000027796                uip_sr_is_addr_reachable
                0x0000000000027844                uip_sr_expire_parent
                0x000000000002788d                uip_sr_update_node
                0x00000000000279bd                uip_sr_init
                0x00000000000279f1                uip_sr_node_head
                0x0000000000027a0a                uip_sr_node_next
                0x0000000000027a20                uip_sr_periodic
                0x0000000000027b26                uip_sr_free_all
                0x0000000000027b96                uip_sr_link_snprint
 .text          0x0000000000027d4c      0x146 build/cooja/mtype684.a(uip-packetqueue)
                0x0000000000027d7a                uip_packetqueue_new
                0x0000000000027d89                uip_packetqueue_alloc
                0x0000000000027de4                uip_packetqueue_free
                0x0000000000027e2b                uip_packetqueue_buf
                0x0000000000027e48                uip_packetqueue_buflen
                0x0000000000027e69                uip_packetqueue_set_buflen
 .text          0x0000000000027e92      0x1b0 build/cooja/mtype684.a(rpl-nbr-policy.)
                0x0000000000027fff                rpl_nbr_policy_find_removable
 .text          0x0000000000028042      0x915 build/cooja/mtype684.a(rpl-neighbor.o)
                0x00000000000280be                rpl_neighbor_snprint
                0x0000000000028371                rpl_neighbor_print_list
                0x0000000000028426                rpl_neighbor_count
                0x00000000000284cd                rpl_neighbor_get_from_lladdr
                0x00000000000284e9                rpl_neighbor_is_acceptable_parent
                0x000000000002851d                rpl_neighbor_get_link_metric
                0x0000000000028551                rpl_neighbor_rank_via_nbr
                0x0000000000028585                rpl_neighbor_get_lladdr
                0x00000000000285a1                rpl_neighbor_get_ipaddr
                0x00000000000285c8                rpl_neighbor_get_link_stats
                0x00000000000285ef                rpl_neighbor_is_fresh
                0x0000000000028616                rpl_neighbor_is_reachable
                0x0000000000028661                rpl_neighbor_is_parent
                0x000000000002868b                rpl_neighbor_set_preferred_parent
                0x0000000000028722                rpl_neighbor_remove_all
                0x000000000002877e                rpl_neighbor_get_from_ipaddr
                0x000000000002888c                rpl_neighbor_select_best
                0x0000000000028938                rpl_neighbor_init
 .text          0x0000000000028957      0xe69 build/cooja/mtype684.a(rpl-dag.o)
                0x0000000000028957                rpl_dag_state_to_str
                0x0000000000028996                rpl_dag_get_root_ipaddr
                0x00000000000289de                rpl_dag_leave
                0x0000000000028a67                rpl_dag_poison_and_leave
                0x0000000000028a7f                rpl_dag_periodic
                0x0000000000028b07                rpl_is_addr_in_our_dag
                0x0000000000028b4b                rpl_get_default_instance
                0x0000000000028b67                rpl_get_any_dag
                0x0000000000028bc0                rpl_refresh_routes
                0x0000000000028c00                rpl_global_repair
                0x0000000000028c99                rpl_local_repair
                0x0000000000028ce3                rpl_dag_ready_to_advertise
                0x0000000000028d26                rpl_dag_update_state
                0x0000000000029453                rpl_process_dio
                0x00000000000294d1                rpl_process_dis
                0x0000000000029516                rpl_process_dao
                0x00000000000295a5                rpl_process_dao_ack
                0x000000000002963c                rpl_process_hbh
                0x000000000002968c                rpl_dag_init_root
                0x00000000000297a0                rpl_dag_init
 .text          0x00000000000297c0      0x9e7 build/cooja/mtype684.a(rpl-timers.o)
                0x00000000000297c0                rpl_timers_schedule_periodic_dis
                0x000000000002990e                rpl_timers_dio_reset
                0x0000000000029a1c                rpl_timers_schedule_unicast_dio
                0x0000000000029b70                rpl_timers_schedule_dao
                0x0000000000029c2f                rpl_timers_schedule_dao_ack
                0x0000000000029cb5                rpl_timers_notify_dao_ack
                0x0000000000029d13                get_probing_delay
                0x0000000000029d47                get_probing_target
                0x0000000000029f31                rpl_schedule_probing
                0x0000000000029f5f                rpl_schedule_probing_now
                0x0000000000029fc9                rpl_timers_unschedule_leaving
                0x000000000002a001                rpl_timers_schedule_leaving
                0x000000000002a042                rpl_timers_init
                0x000000000002a0d2                rpl_timers_stop_dag_timers
                0x000000000002a14b                rpl_timers_unschedule_state_update
                0x000000000002a16f                rpl_timers_schedule_state_update
 .text          0x000000000002a1a7      0xb8e build/cooja/mtype684.a(rpl-ext-header.)
                0x000000000002a1a7                rpl_ext_header_srh_get_next_hop
                0x000000000002a28e                rpl_ext_header_srh_update
                0x000000000002a7fa                rpl_ext_header_hbh_update
                0x000000000002aafa                rpl_ext_header_update
                0x000000000002ab83                rpl_ext_header_remove
 .text          0x000000000002ad35      0x31b build/cooja/mtype684.a(rpl-mrhof.o)
 .text          0x000000000002b050      0x122 /usr/lib/gcc/i686-linux-gnu/5/libgcc.a(_udivdi3.o)
                0x000000000002b050                __udivdi3
 .text          0x000000000002b172        0x0 /usr/lib/gcc/i686-linux-gnu/5/crtendS.o
 .text          0x000000000002b172        0x0 /usr/lib/gcc/i686-linux-gnu/5/../../../i386-linux-gnu/crtn.o
 *(.gnu.warning)

.fini           0x000000000002b174       0x14
 *(SORT(.fini))
 .fini          0x000000000002b174        0xf /usr/lib/gcc/i686-linux-gnu/5/../../../i386-linux-gnu/crti.o
                0x000000000002b174                _fini
 .fini          0x000000000002b183        0x5 /usr/lib/gcc/i686-linux-gnu/5/../../../i386-linux-gnu/crtn.o
                [!provide]                        PROVIDE (__etext, .)
                [!provide]                        PROVIDE (_etext, .)
                [!provide]                        PROVIDE (etext, .)

.rodata         0x000000000002b1a0      0xfeb
 *(.rodata .rodata.* .gnu.linkonce.r.*)
 .rodata        0x000000000002b1a0      0x11a coap_server_sprinkler.o
                0x000000000002b1b8                autostart_processes
 *fill*         0x000000000002b2ba        0x2 
 .rodata        0x000000000002b2bc        0x8 build/cooja/mtype684.a(beep.o)
                0x000000000002b2bc                beep_interface
 .rodata        0x000000000002b2c4        0xe build/cooja/mtype684.a(leds-arch.o)
                0x000000000002b2c4                leds_interface
                0x000000000002b2cc                leds_arch_leds
 *fill*         0x000000000002b2d2        0x2 
 .rodata        0x000000000002b2d4        0x8 build/cooja/mtype684.a(moteid.o)
                0x000000000002b2d4                moteid_interface
 .rodata        0x000000000002b2dc       0x1c build/cooja/mtype684.a(pir-sensor.o)
                0x000000000002b2dc                pir_interface
                0x000000000002b2e8                pir_sensor
 .rodata        0x000000000002b2f8        0xe build/cooja/mtype684.a(rs232.o)
                0x000000000002b2f8                rs232_interface
 *fill*         0x000000000002b306        0x2 
 .rodata        0x000000000002b308       0x24 build/cooja/mtype684.a(vib-sensor.o)
                0x000000000002b308                vib_interface
                0x000000000002b31c                vib_sensor
 .rodata        0x000000000002b32c        0x8 build/cooja/mtype684.a(clock.o)
                0x000000000002b32c                clock_interface
 .rodata        0x000000000002b334        0x8 build/cooja/mtype684.a(cooja-log.o)
                0x000000000002b334                simlog_interface
 .rodata        0x000000000002b33c       0x2f build/cooja/mtype684.a(cfs-cooja.o)
                0x000000000002b33c                cfs_interface
 *fill*         0x000000000002b36b       0x15 
 .rodata        0x000000000002b380       0xb8 build/cooja/mtype684.a(cooja-radio.o)
                0x000000000002b380                radio_interface
                0x000000000002b400                cooja_radio_driver
 .rodata        0x000000000002b438        0x8 build/cooja/mtype684.a(eeprom.o)
                0x000000000002b438                eeprom_interface
 .rodata        0x000000000002b440        0x8 build/cooja/mtype684.a(sensors.o)
 .rodata        0x000000000002b448       0x2c build/cooja/mtype684.a(buttons.o)
                0x000000000002b448                button_interface
                0x000000000002b45c                button_hal_button_count
                0x000000000002b464                button_sensor
 .rodata        0x000000000002b474      0x1cf build/cooja/mtype684.a(res-temp.o)
 *fill*         0x000000000002b643        0x1 
 .rodata        0x000000000002b644      0x1d0 build/cooja/mtype684.a(res-sprinkler.o)
 .rodata        0x000000000002b814      0x1bc build/cooja/mtype684.a(res-hum.o)
 .rodata        0x000000000002b9d0       0x41 build/cooja/mtype684.a(coap-engine.o)
 .rodata        0x000000000002ba11       0x19 build/cooja/mtype684.a(coap-res-well-k)
 .rodata        0x000000000002ba2a       0x11 build/cooja/mtype684.a(coap-observe.o)
 .rodata        0x000000000002ba3b       0x35 build/cooja/mtype684.a(coap-uip.o)
 .rodata        0x000000000002ba70      0x1ac build/cooja/mtype684.a(coap.o)
 .rodata        0x000000000002bc1c       0xf8 build/cooja/mtype684.a(contiki-main.o)
 .rodata        0x000000000002bd14        0xf build/cooja/mtype684.a(ctimer.o)
 *fill*         0x000000000002bd23        0x1 
 .rodata        0x000000000002bd24       0xc4 build/cooja/mtype684.a(log.o)
 .rodata        0x000000000002bde8        0xc build/cooja/mtype684.a(etimer.o)
 .rodata        0x000000000002bdf4       0x13 build/cooja/mtype684.a(button-hal.o)
 .rodata        0x000000000002be07        0xe build/cooja/mtype684.a(serial-line.o)
 *fill*         0x000000000002be15        0x3 
 .rodata        0x000000000002be18        0x8 build/cooja/mtype684.a(linkaddr.o)
                0x000000000002be18                linkaddr_null
 .rodata        0x000000000002be20       0x24 build/cooja/mtype684.a(csma.o)
                0x000000000002be28                csma_driver
 .rodata        0x000000000002be44       0x32 build/cooja/mtype684.a(csma-output.o)
 *fill*         0x000000000002be76        0x2 
 .rodata        0x000000000002be78       0x4d build/cooja/mtype684.a(uip-ds6-route.o)
 .rodata        0x000000000002bec5        0xd build/cooja/mtype684.a(tcpip.o)
 *fill*         0x000000000002bed2        0x2 
 .rodata        0x000000000002bed4       0x30 build/cooja/mtype684.a(sicslowpan.o)
                0x000000000002bed4                unc_llconf
                0x000000000002bed8                unc_ctxconf
                0x000000000002bedc                unc_mxconf
                0x000000000002bee0                llprefix
                0x000000000002bef4                sicslowpan_driver
 .rodata        0x000000000002bf04       0x2d build/cooja/mtype684.a(uiplib.o)
 *fill*         0x000000000002bf31        0xf 
 .rodata        0x000000000002bf40       0x74 build/cooja/mtype684.a(rpl.o)
                0x000000000002bf60                rpl_lite_driver
 .rodata        0x000000000002bfb4       0x20 build/cooja/mtype684.a(coap-timer-defa)
                0x000000000002bfc8                coap_timer_default_driver
 .rodata        0x000000000002bfd4       0x25 build/cooja/mtype684.a(assert.o)
 *fill*         0x000000000002bff9        0x3 
 .rodata        0x000000000002bffc        0xc build/cooja/mtype684.a(framer-802154.o)
                0x000000000002bffc                framer_802154
 .rodata        0x000000000002c008       0x44 build/cooja/mtype684.a(uip-sr.o)
 .rodata        0x000000000002c04c       0x58 build/cooja/mtype684.a(rpl-neighbor.o)
 .rodata        0x000000000002c0a4       0xdb build/cooja/mtype684.a(rpl-dag.o)
 .rodata        0x000000000002c17f        0xc build/cooja/mtype684.a(rpl-timers.o)

.rodata1
 *(.rodata1)

.eh_frame_hdr   0x000000000002c18c     0x1a14
 *(.eh_frame_hdr)
 .eh_frame_hdr  0x000000000002c18c     0x1a14 coap_server_sprinkler.o
                0x000000000002c18c                __GNU_EH_FRAME_HDR
 *(.eh_frame_entry .eh_frame_entry.*)

.eh_frame       0x000000000002dba0     0x69c8
 *(.eh_frame)
 .eh_frame      0x000000000002dba0       0x3c /usr/lib/gcc/i686-linux-gnu/5/../../../i386-linux-gnu/crti.o
                                         0x40 (size before relaxing)
 .eh_frame      0x000000000002dbdc       0x60 coap_server_sprinkler.o
                                         0x78 (size before relaxing)
 .eh_frame      0x000000000002dc3c      0x178 build/cooja/mtype684.o
                                        0x190 (size before relaxing)
 .eh_frame      0x000000000002ddb4       0x40 build/cooja/mtype684.a(simEnvChange.o)
                                         0x58 (size before relaxing)
 .eh_frame      0x000000000002ddf4       0x60 build/cooja/mtype684.a(cooja_mt.o)
                                         0x78 (size before relaxing)
 .eh_frame      0x000000000002de54       0x80 build/cooja/mtype684.a(cooja_mtarch.o)
                                         0x98 (size before relaxing)
 .eh_frame      0x000000000002ded4       0xc8 build/cooja/mtype684.a(rtimer-arch.o)
                                         0xe0 (size before relaxing)
 .eh_frame      0x000000000002df9c      0x160 build/cooja/mtype684.a(beep.o)
                                        0x178 (size before relaxing)
 .eh_frame      0x000000000002e0fc       0x80 build/cooja/mtype684.a(leds-arch.o)
                                         0x98 (size before relaxing)
 .eh_frame      0x000000000002e17c       0x40 build/cooja/mtype684.a(moteid.o)
                                         0x58 (size before relaxing)
 .eh_frame      0x000000000002e1bc       0xa0 build/cooja/mtype684.a(pir-sensor.o)
                                         0xb8 (size before relaxing)
 .eh_frame      0x000000000002e25c      0x100 build/cooja/mtype684.a(rs232.o)
                                        0x118 (size before relaxing)
 .eh_frame      0x000000000002e35c       0xa0 build/cooja/mtype684.a(vib-sensor.o)
                                         0xb8 (size before relaxing)
 .eh_frame      0x000000000002e3fc       0xc0 build/cooja/mtype684.a(clock.o)
                                         0xd8 (size before relaxing)
 .eh_frame      0x000000000002e4bc      0x120 build/cooja/mtype684.a(cooja-log.o)
                                        0x138 (size before relaxing)
 .eh_frame      0x000000000002e5dc      0x160 build/cooja/mtype684.a(cfs-cooja.o)
                                        0x178 (size before relaxing)
 .eh_frame      0x000000000002e73c      0x340 build/cooja/mtype684.a(cooja-radio.o)
                                        0x358 (size before relaxing)
 .eh_frame      0x000000000002ea7c       0xa0 build/cooja/mtype684.a(eeprom.o)
                                         0xb8 (size before relaxing)
 .eh_frame      0x000000000002eb1c       0x40 build/cooja/mtype684.a(random.o)
                                         0x58 (size before relaxing)
 .eh_frame      0x000000000002eb5c       0xc0 build/cooja/mtype684.a(sensors.o)
                                         0xd8 (size before relaxing)
 .eh_frame      0x000000000002ec1c      0x120 build/cooja/mtype684.a(leds.o)
                                        0x138 (size before relaxing)
 .eh_frame      0x000000000002ed3c      0x220 build/cooja/mtype684.a(gpio-hal-arch.o)
                                        0x238 (size before relaxing)
 .eh_frame      0x000000000002ef5c       0xa0 build/cooja/mtype684.a(buttons.o)
                                         0xb8 (size before relaxing)
 .eh_frame      0x000000000002effc       0x60 build/cooja/mtype684.a(res-temp.o)
                                         0x78 (size before relaxing)
 .eh_frame      0x000000000002f05c       0x60 build/cooja/mtype684.a(res-sprinkler.o)
                                         0x78 (size before relaxing)
 .eh_frame      0x000000000002f0bc       0x60 build/cooja/mtype684.a(res-hum.o)
                                         0x78 (size before relaxing)
 .eh_frame      0x000000000002f11c       0x44 build/cooja/mtype684.a(coap-blocking-a)
                                         0x5c (size before relaxing)
 .eh_frame      0x000000000002f160      0x220 build/cooja/mtype684.a(coap-engine.o)
                                        0x238 (size before relaxing)
 .eh_frame      0x000000000002f380       0x24 build/cooja/mtype684.a(coap-res-well-k)
                                         0x3c (size before relaxing)
 .eh_frame      0x000000000002f3a4      0x188 build/cooja/mtype684.a(coap-observe.o)
                                        0x1a0 (size before relaxing)
 .eh_frame      0x000000000002f52c      0x250 build/cooja/mtype684.a(coap-uip.o)
                                        0x268 (size before relaxing)
 .eh_frame      0x000000000002f77c      0x114 build/cooja/mtype684.a(coap-timer.o)
                                        0x12c (size before relaxing)
 .eh_frame      0x000000000002f890      0x100 build/cooja/mtype684.a(coap-transactio)
                                        0x118 (size before relaxing)
 .eh_frame      0x000000000002f990      0x6ec build/cooja/mtype684.a(coap.o)
                                        0x704 (size before relaxing)
 .eh_frame      0x000000000003007c       0x30 build/cooja/mtype684.a(contiki-main.o)
                                         0x48 (size before relaxing)
 .eh_frame      0x00000000000300ac       0x40 build/cooja/mtype684.a(autostart.o)
                                         0x58 (size before relaxing)
 .eh_frame      0x00000000000300ec      0x100 build/cooja/mtype684.a(ctimer.o)
                                        0x118 (size before relaxing)
 .eh_frame      0x00000000000301ec      0x100 build/cooja/mtype684.a(log.o)
                                        0x118 (size before relaxing)
 .eh_frame      0x00000000000302ec       0x60 build/cooja/mtype684.a(energest.o)
                                         0x78 (size before relaxing)
 .eh_frame      0x000000000003034c      0x1e0 build/cooja/mtype684.a(etimer.o)
                                        0x1f8 (size before relaxing)
 .eh_frame      0x000000000003052c       0x20 build/cooja/mtype684.a(node-id.o)
                                         0x38 (size before relaxing)
 .eh_frame      0x000000000003054c       0x60 build/cooja/mtype684.a(rtimer.o)
                                         0x78 (size before relaxing)
 .eh_frame      0x00000000000305ac      0x1c4 build/cooja/mtype684.a(process.o)
                                        0x1dc (size before relaxing)
 .eh_frame      0x0000000000030770       0xa4 build/cooja/mtype684.a(timer.o)
                                         0xbc (size before relaxing)
 .eh_frame      0x0000000000030814      0x1a0 build/cooja/mtype684.a(list.o)
                                        0x1b8 (size before relaxing)
 .eh_frame      0x00000000000309b4       0xa0 build/cooja/mtype684.a(memb.o)
                                         0xb8 (size before relaxing)
 .eh_frame      0x0000000000030a54      0x144 build/cooja/mtype684.a(button-hal.o)
                                        0x15c (size before relaxing)
 .eh_frame      0x0000000000030b98       0x60 build/cooja/mtype684.a(serial-line.o)
                                         0x78 (size before relaxing)
 .eh_frame      0x0000000000030bf8       0xe0 build/cooja/mtype684.a(gpio-hal.o)
                                         0xf8 (size before relaxing)
 .eh_frame      0x0000000000030cd8      0x1a0 build/cooja/mtype684.a(queuebuf.o)
                                        0x1b8 (size before relaxing)
 .eh_frame      0x0000000000030e78      0x28c build/cooja/mtype684.a(packetbuf.o)
                                        0x2a4 (size before relaxing)
 .eh_frame      0x0000000000031104       0x80 build/cooja/mtype684.a(netstack.o)
                                         0x98 (size before relaxing)
 .eh_frame      0x0000000000031184       0x60 build/cooja/mtype684.a(linkaddr.o)
                                         0x78 (size before relaxing)
 .eh_frame      0x00000000000311e4       0xe0 build/cooja/mtype684.a(csma.o)
                                         0xf8 (size before relaxing)
 .eh_frame      0x00000000000312c4      0x1d0 build/cooja/mtype684.a(csma-output.o)
                                        0x1e8 (size before relaxing)
 .eh_frame      0x0000000000031494      0x328 build/cooja/mtype684.a(uip-ds6.o)
                                        0x340 (size before relaxing)
 .eh_frame      0x00000000000317bc       0x40 build/cooja/mtype684.a(uip-udp-packet.)
                                         0x58 (size before relaxing)
 .eh_frame      0x00000000000317fc      0x220 build/cooja/mtype684.a(uip-ds6-route.o)
                                        0x238 (size before relaxing)
 .eh_frame      0x0000000000031a1c      0x244 build/cooja/mtype684.a(tcpip.o)
                                        0x25c (size before relaxing)
 .eh_frame      0x0000000000031c60      0x1e8 build/cooja/mtype684.a(uip6.o)
                                        0x200 (size before relaxing)
 .eh_frame      0x0000000000031e48      0x1c0 build/cooja/mtype684.a(uip-ds6-nbr.o)
                                        0x1d8 (size before relaxing)
 .eh_frame      0x0000000000032008       0x84 build/cooja/mtype684.a(uip-nd6.o)
                                         0x9c (size before relaxing)
 .eh_frame      0x000000000003208c      0x2f8 build/cooja/mtype684.a(sicslowpan.o)
                                        0x310 (size before relaxing)
 .eh_frame      0x0000000000032384       0x88 build/cooja/mtype684.a(uiplib.o)
                                         0xa0 (size before relaxing)
 .eh_frame      0x000000000003240c      0x1e0 build/cooja/mtype684.a(rpl.o)
                                        0x1f8 (size before relaxing)
 .eh_frame      0x00000000000325ec      0x1c4 build/cooja/mtype684.a(rpl-icmp6.o)
                                        0x1dc (size before relaxing)
 .eh_frame      0x00000000000327b0       0xa0 build/cooja/mtype684.a(rpl-dag-root.o)
                                         0xb8 (size before relaxing)
 .eh_frame      0x0000000000032850       0xa0 build/cooja/mtype684.a(watchdog.o)
                                         0xb8 (size before relaxing)
 .eh_frame      0x00000000000328f0       0x80 build/cooja/mtype684.a(int-master.o)
                                         0x98 (size before relaxing)
 .eh_frame      0x0000000000032970       0xa4 build/cooja/mtype684.a(coap-timer-defa)
                                         0xbc (size before relaxing)
 .eh_frame      0x0000000000032a14       0xc4 build/cooja/mtype684.a(stimer.o)
                                         0xdc (size before relaxing)
 .eh_frame      0x0000000000032ad8       0xa0 build/cooja/mtype684.a(ringbuf.o)
                                         0xb8 (size before relaxing)
 .eh_frame      0x0000000000032b78       0x20 build/cooja/mtype684.a(assert.o)
                                         0x38 (size before relaxing)
 .eh_frame      0x0000000000032b98      0x2ac build/cooja/mtype684.a(nbr-table.o)
                                        0x2c4 (size before relaxing)
 .eh_frame      0x0000000000032e44      0x120 build/cooja/mtype684.a(link-stats.o)
                                        0x138 (size before relaxing)
 .eh_frame      0x0000000000032f64       0x48 build/cooja/mtype684.a(mac-sequence.o)
                                         0x60 (size before relaxing)
 .eh_frame      0x0000000000032fac       0x20 build/cooja/mtype684.a(mac.o)
                                         0x38 (size before relaxing)
 .eh_frame      0x0000000000032fcc       0xa4 build/cooja/mtype684.a(framer-802154.o)
                                         0xbc (size before relaxing)
 .eh_frame      0x0000000000033070      0x1a4 build/cooja/mtype684.a(frame802154.o)
                                        0x1bc (size before relaxing)
 .eh_frame      0x0000000000033214       0x40 build/cooja/mtype684.a(csma-security.o)
                                         0x58 (size before relaxing)
 .eh_frame      0x0000000000033254      0x200 build/cooja/mtype684.a(uipbuf.o)
                                        0x218 (size before relaxing)
 .eh_frame      0x0000000000033454      0x150 build/cooja/mtype684.a(uip-icmp6.o)
                                        0x168 (size before relaxing)
 .eh_frame      0x00000000000335a4      0x184 build/cooja/mtype684.a(uip-sr.o)
                                        0x19c (size before relaxing)
 .eh_frame      0x0000000000033728       0xe0 build/cooja/mtype684.a(uip-packetqueue)
                                         0xf8 (size before relaxing)
 .eh_frame      0x0000000000033808       0x80 build/cooja/mtype684.a(rpl-nbr-policy.)
                                         0x98 (size before relaxing)
 .eh_frame      0x0000000000033888      0x2d4 build/cooja/mtype684.a(rpl-neighbor.o)
                                        0x2ec (size before relaxing)
 .eh_frame      0x0000000000033b5c      0x370 build/cooja/mtype684.a(rpl-dag.o)
                                        0x388 (size before relaxing)
 .eh_frame      0x0000000000033ecc      0x3a8 build/cooja/mtype684.a(rpl-timers.o)
                                        0x3c0 (size before relaxing)
 .eh_frame      0x0000000000034274      0x124 build/cooja/mtype684.a(rpl-ext-header.)
                                        0x13c (size before relaxing)
 .eh_frame      0x0000000000034398      0x148 build/cooja/mtype684.a(rpl-mrhof.o)
                                        0x160 (size before relaxing)
 .eh_frame      0x00000000000344e0       0x84 /usr/lib/gcc/i686-linux-gnu/5/libgcc.a(_udivdi3.o)
                                         0x9c (size before relaxing)
 .eh_frame      0x0000000000034564        0x4 /usr/lib/gcc/i686-linux-gnu/5/crtendS.o
 *(.eh_frame.*)

.gcc_except_table
 *(.gcc_except_table .gcc_except_table.*)

.gnu_extab
 *(.gnu_extab*)

.exception_ranges
 *(.exception_ranges .exception_ranges*)
                0x0000000000035f10                . = DATA_SEGMENT_ALIGN (0x1000, 0x1000)

.eh_frame
 *(.eh_frame)
 *(.eh_frame.*)

.gnu_extab
 *(.gnu_extab)

.gcc_except_table
 *(.gcc_except_table .gcc_except_table.*)

.exception_ranges
 *(.exception_ranges .exception_ranges*)

.tdata
 *(.tdata .tdata.* .gnu.linkonce.td.*)

.tbss
 *(.tbss .tbss.* .gnu.linkonce.tb.*)
 *(.tcommon)

.preinit_array
 *(.preinit_array)

.init_array     0x0000000000035f10        0x4
 *(SORT(.init_array.*) SORT(.ctors.*))
 *(.init_array EXCLUDE_FILE(*crtend?.o *crtend.o *crtbegin?.o *crtbegin.o) .ctors)
 .init_array    0x0000000000035f10        0x4 /usr/lib/gcc/i686-linux-gnu/5/crtbeginS.o

.fini_array     0x0000000000035f14        0x4
 *(SORT(.fini_array.*) SORT(.dtors.*))
 *(.fini_array EXCLUDE_FILE(*crtend?.o *crtend.o *crtbegin?.o *crtbegin.o) .dtors)
 .fini_array    0x0000000000035f14        0x4 /usr/lib/gcc/i686-linux-gnu/5/crtbeginS.o

.ctors
 *crtbegin.o(.ctors)
 *crtbegin?.o(.ctors)
 *(EXCLUDE_FILE(*crtend?.o *crtend.o) .ctors)
 *(SORT(.ctors.*))
 *(.ctors)

.dtors
 *crtbegin.o(.dtors)
 *crtbegin?.o(.dtors)
 *(EXCLUDE_FILE(*crtend?.o *crtend.o) .dtors)
 *(SORT(.dtors.*))
 *(.dtors)

.jcr            0x0000000000035f18        0x4
 *(.jcr)
 .jcr           0x0000000000035f18        0x0 /usr/lib/gcc/i686-linux-gnu/5/crtbeginS.o
 .jcr           0x0000000000035f18        0x4 /usr/lib/gcc/i686-linux-gnu/5/crtendS.o

.data.rel.ro
 *(.data.rel.ro.local* .gnu.linkonce.d.rel.ro.local.*)
 *(.data.rel.ro .data.rel.ro.* .gnu.linkonce.d.rel.ro.*)

.dynamic        0x0000000000035f1c       0xd0
 *(.dynamic)
 .dynamic       0x0000000000035f1c       0xd0 /usr/lib/gcc/i686-linux-gnu/5/../../../i386-linux-gnu/crti.o
                0x0000000000035f1c                _DYNAMIC

.got            0x0000000000035fec       0x14
 *(.got)
 .got           0x0000000000035fec       0x14 /usr/lib/gcc/i686-linux-gnu/5/../../../i386-linux-gnu/crti.o
 *(.igot)
                0x0000000000036ff4                . = DATA_SEGMENT_RELRO_END (., (SIZEOF (.got.plt) >= 0xc)?0xc:0x0)

.got.plt        0x0000000000036000        0xc
 *(.got.plt)
 .got.plt       0x0000000000036000        0xc /usr/lib/gcc/i686-linux-gnu/5/../../../i386-linux-gnu/crti.o
                0x0000000000036000                _GLOBAL_OFFSET_TABLE_
 *(.igot.plt)

.data           0x0000000000036020      0x524
 *(.data .data.* .gnu.linkonce.d.*)
 .data          0x0000000000036020        0x0 /usr/lib/gcc/i686-linux-gnu/5/../../../i386-linux-gnu/crti.o
 .data          0x0000000000036020        0x0 /usr/lib/gcc/i686-linux-gnu/5/crtbeginS.o
 .data.rel.local
                0x0000000000036020        0x4 /usr/lib/gcc/i686-linux-gnu/5/crtbeginS.o
                0x0000000000036020                __dso_handle
 .data          0x0000000000036024       0x18 coap_server_sprinkler.o
                0x0000000000036024                service_registration
                0x000000000003602c                sprinkler_node
 *fill*         0x000000000003603c        0x4 
 .data          0x0000000000036040       0x44 build/cooja/mtype684.o
                0x0000000000036040                simInterfaces
                0x0000000000036074                sensors
 .data          0x0000000000036084        0x0 build/cooja/mtype684.a(simEnvChange.o)
 .data          0x0000000000036084        0x0 build/cooja/mtype684.a(cooja_mt.o)
 .data          0x0000000000036084        0x0 build/cooja/mtype684.a(cooja_mtarch.o)
 .data          0x0000000000036084        0x0 build/cooja/mtype684.a(rtimer-arch.o)
 .data          0x0000000000036084        0x0 build/cooja/mtype684.a(beep.o)
 .data          0x0000000000036084        0x0 build/cooja/mtype684.a(leds-arch.o)
 .data          0x0000000000036084        0x0 build/cooja/mtype684.a(moteid.o)
 .data          0x0000000000036084        0x0 build/cooja/mtype684.a(pir-sensor.o)
 .data          0x0000000000036084        0x0 build/cooja/mtype684.a(rs232.o)
 .data          0x0000000000036084        0x0 build/cooja/mtype684.a(vib-sensor.o)
 .data          0x0000000000036084        0x0 build/cooja/mtype684.a(clock.o)
 .data          0x0000000000036084        0x0 build/cooja/mtype684.a(cooja-log.o)
 .data          0x0000000000036084        0x0 build/cooja/mtype684.a(cfs-cooja.o)
 .data          0x0000000000036084       0x2c build/cooja/mtype684.a(cooja-radio.o)
                0x0000000000036084                simRadioHWOn
                0x0000000000036088                simSignalStrength
                0x000000000003608c                simLastSignalStrength
                0x0000000000036090                simPower
                0x0000000000036094                simRadioChannel
                0x0000000000036098                simLQI
                0x00000000000360a0                cooja_radio_process
 .data          0x00000000000360b0        0x0 build/cooja/mtype684.a(eeprom.o)
 .data          0x00000000000360b0        0x0 build/cooja/mtype684.a(random.o)
 .data          0x00000000000360b0       0x10 build/cooja/mtype684.a(sensors.o)
                0x00000000000360b0                sensors_process
 .data          0x00000000000360c0        0x0 build/cooja/mtype684.a(leds.o)
 .data          0x00000000000360c0        0x0 build/cooja/mtype684.a(gpio-hal-arch.o)
 .data          0x00000000000360c0       0x78 build/cooja/mtype684.a(buttons.o)
                0x00000000000360c0                simButtonIsActive
                0x0000000000036130                button_hal_buttons
 *fill*         0x0000000000036138        0x8 
 .data          0x0000000000036140       0x44 build/cooja/mtype684.a(res-temp.o)
                0x0000000000036140                temp_value
                0x0000000000036144                threshold_temp
                0x0000000000036160                res_temp
 *fill*         0x0000000000036184       0x1c 
 .data          0x00000000000361a0       0x44 build/cooja/mtype684.a(res-sprinkler.o)
                0x00000000000361a0                is_on
                0x00000000000361c0                res_spri
 *fill*         0x00000000000361e4       0x1c 
 .data          0x0000000000036200       0x44 build/cooja/mtype684.a(res-hum.o)
                0x0000000000036200                hum_value
                0x0000000000036204                threshold_hum
                0x0000000000036220                res_hum
 .data          0x0000000000036244        0x0 build/cooja/mtype684.a(coap-blocking-a)
 .data          0x0000000000036244        0x8 build/cooja/mtype684.a(coap-engine.o)
 *fill*         0x000000000003624c       0x14 
 .data          0x0000000000036260       0x24 build/cooja/mtype684.a(coap-res-well-k)
                0x0000000000036260                res_well_known_core
 .data          0x0000000000036284       0x10 build/cooja/mtype684.a(coap-observe.o)
 .data          0x0000000000036294       0x10 build/cooja/mtype684.a(coap-uip.o)
                0x0000000000036294                coap_engine
 .data          0x00000000000362a4        0x4 build/cooja/mtype684.a(coap-timer.o)
 .data          0x00000000000362a8       0x10 build/cooja/mtype684.a(coap-transactio)
 .data          0x00000000000362b8        0x4 build/cooja/mtype684.a(coap.o)
                0x00000000000362b8                coap_error_message
 .data          0x00000000000362bc        0x0 build/cooja/mtype684.a(contiki-main.o)
 .data          0x00000000000362bc        0x0 build/cooja/mtype684.a(autostart.o)
 .data          0x00000000000362bc       0x14 build/cooja/mtype684.a(ctimer.o)
                0x00000000000362c0                ctimer_process
 *fill*         0x00000000000362d0       0x10 
 .data          0x00000000000362e0       0xbc build/cooja/mtype684.a(log.o)
                0x00000000000362e0                curr_log_level_main
                0x0000000000036300                all_modules
 .data          0x000000000003639c        0x0 build/cooja/mtype684.a(energest.o)
 .data          0x000000000003639c       0x10 build/cooja/mtype684.a(etimer.o)
                0x000000000003639c                etimer_process
 .data          0x00000000000363ac        0x0 build/cooja/mtype684.a(node-id.o)
 .data          0x00000000000363ac        0x0 build/cooja/mtype684.a(rtimer.o)
 .data          0x00000000000363ac        0x0 build/cooja/mtype684.a(process.o)
 .data          0x00000000000363ac        0x0 build/cooja/mtype684.a(timer.o)
 .data          0x00000000000363ac        0x0 build/cooja/mtype684.a(list.o)
 .data          0x00000000000363ac        0x0 build/cooja/mtype684.a(memb.o)
 .data          0x00000000000363ac       0x10 build/cooja/mtype684.a(button-hal.o)
                0x00000000000363ac                button_hal_process
 .data          0x00000000000363bc       0x10 build/cooja/mtype684.a(serial-line.o)
                0x00000000000363bc                serial_line_process
 .data          0x00000000000363cc        0x4 build/cooja/mtype684.a(gpio-hal.o)
 .data          0x00000000000363d0       0x18 build/cooja/mtype684.a(queuebuf.o)
 .data          0x00000000000363e8        0x4 build/cooja/mtype684.a(packetbuf.o)
 .data          0x00000000000363ec        0x4 build/cooja/mtype684.a(netstack.o)
 .data          0x00000000000363f0        0x0 build/cooja/mtype684.a(linkaddr.o)
 .data          0x00000000000363f0        0x0 build/cooja/mtype684.a(csma.o)
 .data          0x00000000000363f0       0x28 build/cooja/mtype684.a(csma-output.o)
 .data          0x0000000000036418        0x0 build/cooja/mtype684.a(uip-ds6.o)
 .data          0x0000000000036418        0x0 build/cooja/mtype684.a(uip-udp-packet.)
 .data          0x0000000000036418       0x10 build/cooja/mtype684.a(uip-ds6-route.o)
 .data          0x0000000000036428       0x10 build/cooja/mtype684.a(tcpip.o)
                0x0000000000036428                tcpip_process
 .data          0x0000000000036438        0x0 build/cooja/mtype684.a(uip6.o)
 .data          0x0000000000036438       0x14 build/cooja/mtype684.a(uip-ds6-nbr.o)
 .data          0x000000000003644c        0xc build/cooja/mtype684.a(uip-nd6.o)
 .data          0x0000000000036458        0x0 build/cooja/mtype684.a(sicslowpan.o)
 .data          0x0000000000036458        0x0 build/cooja/mtype684.a(uiplib.o)
 .data          0x0000000000036458        0x0 build/cooja/mtype684.a(rpl.o)
 .data          0x0000000000036458       0x30 build/cooja/mtype684.a(rpl-icmp6.o)
 .data          0x0000000000036488        0x0 build/cooja/mtype684.a(rpl-dag-root.o)
 .data          0x0000000000036488        0x0 build/cooja/mtype684.a(watchdog.o)
 .data          0x0000000000036488        0x0 build/cooja/mtype684.a(int-master.o)
 .data          0x0000000000036488       0x10 build/cooja/mtype684.a(coap-timer-defa)
                0x0000000000036488                coap_timer_process
 .data          0x0000000000036498        0x0 build/cooja/mtype684.a(stimer.o)
 .data          0x0000000000036498        0x0 build/cooja/mtype684.a(ringbuf.o)
 .data          0x0000000000036498        0x0 build/cooja/mtype684.a(assert.o)
 .data          0x0000000000036498       0x10 build/cooja/mtype684.a(nbr-table.o)
 .data          0x00000000000364a8       0x14 build/cooja/mtype684.a(link-stats.o)
 .data          0x00000000000364bc        0x0 build/cooja/mtype684.a(mac-sequence.o)
 .data          0x00000000000364bc        0x0 build/cooja/mtype684.a(mac.o)
 .data          0x00000000000364bc        0x0 build/cooja/mtype684.a(framer-802154.o)
 .data          0x00000000000364bc        0x2 build/cooja/mtype684.a(frame802154.o)
 .data          0x00000000000364be        0x0 build/cooja/mtype684.a(csma-security.o)
 .data          0x00000000000364be        0x0 build/cooja/mtype684.a(uipbuf.o)
 *fill*         0x00000000000364be        0x2 
 .data          0x00000000000364c0       0x20 build/cooja/mtype684.a(uip-icmp6.o)
 .data          0x00000000000364e0       0x10 build/cooja/mtype684.a(uip-sr.o)
 .data          0x00000000000364f0        0xc build/cooja/mtype684.a(uip-packetqueue)
 .data          0x00000000000364fc        0x0 build/cooja/mtype684.a(rpl-nbr-policy.)
 .data          0x00000000000364fc       0x14 build/cooja/mtype684.a(rpl-neighbor.o)
                0x000000000003650c                rpl_neighbors
 .data          0x0000000000036510        0x0 build/cooja/mtype684.a(rpl-dag.o)
 .data          0x0000000000036510        0x0 build/cooja/mtype684.a(rpl-timers.o)
 .data          0x0000000000036510        0x0 build/cooja/mtype684.a(rpl-ext-header.)
 *fill*         0x0000000000036510       0x10 
 .data          0x0000000000036520       0x24 build/cooja/mtype684.a(rpl-mrhof.o)
                0x0000000000036520                rpl_mrhof
 .data          0x0000000000036544        0x0 /usr/lib/gcc/i686-linux-gnu/5/libgcc.a(_udivdi3.o)
 .data          0x0000000000036544        0x0 /usr/lib/gcc/i686-linux-gnu/5/crtendS.o
 .data          0x0000000000036544        0x0 /usr/lib/gcc/i686-linux-gnu/5/../../../i386-linux-gnu/crtn.o

.tm_clone_table
                0x0000000000036544        0x0
 .tm_clone_table
                0x0000000000036544        0x0 /usr/lib/gcc/i686-linux-gnu/5/crtbeginS.o
 .tm_clone_table
                0x0000000000036544        0x0 /usr/lib/gcc/i686-linux-gnu/5/crtendS.o

.data1
 *(.data1)
                0x0000000000036544                _edata = .
                [!provide]                        PROVIDE (edata, .)
                0x0000000000036544                . = .
                0x0000000000036544                __bss_start = .

.bss            0x0000000000036560    0x13f84
 *(.dynbss)
 .dynbss        0x0000000000036560        0x0 /usr/lib/gcc/i686-linux-gnu/5/../../../i386-linux-gnu/crti.o
 *(.bss .bss.* .gnu.linkonce.b.*)
 .bss           0x0000000000036560        0x0 /usr/lib/gcc/i686-linux-gnu/5/../../../i386-linux-gnu/crti.o
 .bss           0x0000000000036560        0x1 /usr/lib/gcc/i686-linux-gnu/5/crtbeginS.o
 *fill*         0x0000000000036561       0x1f 
 .bss           0x0000000000036580      0x12c coap_server_sprinkler.o
                0x0000000000036580                registered
 *fill*         0x00000000000366ac       0x14 
 .bss           0x00000000000366c0     0x2030 build/cooja/mtype684.o
 .bss           0x00000000000386f0        0x1 build/cooja/mtype684.a(simEnvChange.o)
                0x00000000000386f0                simDontFallAsleep
 *fill*         0x00000000000386f1        0x3 
 .bss           0x00000000000386f4        0x4 build/cooja/mtype684.a(cooja_mt.o)
 .bss           0x00000000000386f8        0x4 build/cooja/mtype684.a(cooja_mtarch.o)
 .bss           0x00000000000386fc        0x0 build/cooja/mtype684.a(rtimer-arch.o)
 .bss           0x00000000000386fc        0x0 build/cooja/mtype684.a(beep.o)
 .bss           0x00000000000386fc        0x1 build/cooja/mtype684.a(leds-arch.o)
                0x00000000000386fc                simLedsValue
 .bss           0x00000000000386fd        0x0 build/cooja/mtype684.a(moteid.o)
 .bss           0x00000000000386fd        0x1 build/cooja/mtype684.a(pir-sensor.o)
                0x00000000000386fd                simPirValue
 *fill*         0x00000000000386fe        0x2 
 .bss           0x0000000000038700        0x4 build/cooja/mtype684.a(rs232.o)
 .bss           0x0000000000038704        0x1 build/cooja/mtype684.a(vib-sensor.o)
                0x0000000000038704                simVibValue
 .bss           0x0000000000038705        0x0 build/cooja/mtype684.a(clock.o)
 *fill*         0x0000000000038705       0x1b 
 .bss           0x0000000000038720     0x2020 build/cooja/mtype684.a(cooja-log.o)
 .bss           0x000000000003a740      0xfc0 build/cooja/mtype684.a(cfs-cooja.o)
                0x000000000003a740                simCFSData
                0x000000000003b6e0                simCFSSize
                0x000000000003b6e4                simCFSChanged
                0x000000000003b6e8                simCFSRead
                0x000000000003b6ec                simCFSWritten
 .bss           0x000000000003b700       0x24 build/cooja/mtype684.a(cooja-radio.o)
                0x000000000003b700                simReceiving
                0x000000000003b704                simInSize
                0x000000000003b708                simLastPacketTimestamp
                0x000000000003b710                simOutSize
 .bss           0x000000000003b724        0xc build/cooja/mtype684.a(eeprom.o)
                0x000000000003b724                simEEPROMChanged
                0x000000000003b728                simEEPROMRead
                0x000000000003b72c                simEEPROMWritten
 .bss           0x000000000003b730        0x0 build/cooja/mtype684.a(random.o)
 .bss           0x000000000003b730        0xc build/cooja/mtype684.a(sensors.o)
 .bss           0x000000000003b73c        0x0 build/cooja/mtype684.a(leds.o)
 .bss           0x000000000003b73c       0x24 build/cooja/mtype684.a(gpio-hal-arch.o)
 .bss           0x000000000003b760        0x0 build/cooja/mtype684.a(buttons.o)
 .bss           0x000000000003b760        0x1 build/cooja/mtype684.a(res-temp.o)
                0x000000000003b760                ideal_temp
 *fill*         0x000000000003b761        0x3 
 .bss           0x000000000003b764        0x8 build/cooja/mtype684.a(res-sprinkler.o)
                0x000000000003b764                is_sprinkling
                0x000000000003b768                success
 .bss           0x000000000003b76c        0x1 build/cooja/mtype684.a(res-hum.o)
                0x000000000003b76c                ideal_hum
 .bss           0x000000000003b76d        0x0 build/cooja/mtype684.a(coap-blocking-a)
 *fill*         0x000000000003b76d       0x13 
 .bss           0x000000000003b780      0x190 build/cooja/mtype684.a(coap-engine.o)
 .bss           0x000000000003b910        0x0 build/cooja/mtype684.a(coap-res-well-k)
 *fill*         0x000000000003b910       0x10 
 .bss           0x000000000003b920      0x120 build/cooja/mtype684.a(coap-observe.o)
 .bss           0x000000000003ba40       0x18 build/cooja/mtype684.a(coap-uip.o)
 .bss           0x000000000003ba58        0x5 build/cooja/mtype684.a(coap-timer.o)
 *fill*         0x000000000003ba5d        0x3 
 .bss           0x000000000003ba60      0x334 build/cooja/mtype684.a(coap-transactio)
 .bss           0x000000000003bd94        0x6 build/cooja/mtype684.a(coap.o)
                0x000000000003bd94                coap_status_code
 .bss           0x000000000003bd9a        0x0 build/cooja/mtype684.a(contiki-main.o)
 .bss           0x000000000003bd9a        0x0 build/cooja/mtype684.a(autostart.o)
 *fill*         0x000000000003bd9a        0x2 
 .bss           0x000000000003bd9c        0x5 build/cooja/mtype684.a(ctimer.o)
 *fill*         0x000000000003bda1        0x3 
 .bss           0x000000000003bda4       0x2c build/cooja/mtype684.a(log.o)
                0x000000000003bda4                curr_log_level_rpl
                0x000000000003bda8                curr_log_level_tcpip
                0x000000000003bdac                curr_log_level_ipv6
                0x000000000003bdb0                curr_log_level_6lowpan
                0x000000000003bdb4                curr_log_level_nullnet
                0x000000000003bdb8                curr_log_level_mac
                0x000000000003bdbc                curr_log_level_framer
                0x000000000003bdc0                curr_log_level_6top
                0x000000000003bdc4                curr_log_level_coap
                0x000000000003bdc8                curr_log_level_snmp
                0x000000000003bdcc                curr_log_level_lwm2m
 .bss           0x000000000003bdd0        0x0 build/cooja/mtype684.a(energest.o)
 .bss           0x000000000003bdd0        0x8 build/cooja/mtype684.a(etimer.o)
 .bss           0x000000000003bdd8        0x2 build/cooja/mtype684.a(node-id.o)
                0x000000000003bdd8                node_id
 *fill*         0x000000000003bdda        0x2 
 .bss           0x000000000003bddc        0x4 build/cooja/mtype684.a(rtimer.o)
 .bss           0x000000000003bde0      0x1a1 build/cooja/mtype684.a(process.o)
                0x000000000003bde0                process_list
                0x000000000003bde4                process_current
 .bss           0x000000000003bf81        0x0 build/cooja/mtype684.a(timer.o)
 .bss           0x000000000003bf81        0x0 build/cooja/mtype684.a(list.o)
 .bss           0x000000000003bf81        0x0 build/cooja/mtype684.a(memb.o)
 *fill*         0x000000000003bf81        0x3 
 .bss           0x000000000003bf84       0x10 build/cooja/mtype684.a(button-hal.o)
 *fill*         0x000000000003bf94        0xc 
 .bss           0x000000000003bfa0      0x140 build/cooja/mtype684.a(serial-line.o)
 .bss           0x000000000003c0e0        0x4 build/cooja/mtype684.a(gpio-hal.o)
 *fill*         0x000000000003c0e4       0x1c 